<!doctype html public "-//w3c//dtd html 4.0 transitional//en">
<html><head>
<title>Static Call Graph - [.\Objects\Lab6.axf]</title></head>
<body><HR>
<H1>Static Call Graph for image .\Objects\Lab6.axf</H1><HR>
<BR><P>#&#060CALLGRAPH&#062# ARM Linker, 5060300: Last Updated: Mon Nov 07 20:14:46 2016
<BR><P>
<H3>Maximum Stack Usage =        208 bytes + Unknown(Functions without stacksize, Cycles, Untraceable Function Pointers)</H3><H3>
Call chain for Maximum Stack Depth:</H3>
__rt_entry_main &rArr; main &rArr; Bluetooth_Init &rArr; Lab6_AddCharacteristic &rArr; AP_SendMessageResponse &rArr; AP_RecvMessage &rArr; UART1_InChar
<P>
<H3>
Functions with no stack information
</H3><UL>
 <LI><a href="#[c]">SysTick_Handler</a>
 <LI><a href="#[e1]">StartOS</a>
</UL>
</UL>
<P>
<H3>
Mutually Recursive functions
</H3> <LI><a href="#[4]">NMI_Handler</a>&nbsp;&nbsp;&nbsp;&rArr;&nbsp;&nbsp;&nbsp;<a href="#[4]">NMI_Handler</a><BR>
 <LI><a href="#[5]">HardFault_Handler</a>&nbsp;&nbsp;&nbsp;&rArr;&nbsp;&nbsp;&nbsp;<a href="#[5]">HardFault_Handler</a><BR>
 <LI><a href="#[6]">MemManage_Handler</a>&nbsp;&nbsp;&nbsp;&rArr;&nbsp;&nbsp;&nbsp;<a href="#[6]">MemManage_Handler</a><BR>
 <LI><a href="#[7]">BusFault_Handler</a>&nbsp;&nbsp;&nbsp;&rArr;&nbsp;&nbsp;&nbsp;<a href="#[7]">BusFault_Handler</a><BR>
 <LI><a href="#[8]">UsageFault_Handler</a>&nbsp;&nbsp;&nbsp;&rArr;&nbsp;&nbsp;&nbsp;<a href="#[8]">UsageFault_Handler</a><BR>
 <LI><a href="#[9]">SVC_Handler</a>&nbsp;&nbsp;&nbsp;&rArr;&nbsp;&nbsp;&nbsp;<a href="#[9]">SVC_Handler</a><BR>
 <LI><a href="#[a]">DebugMon_Handler</a>&nbsp;&nbsp;&nbsp;&rArr;&nbsp;&nbsp;&nbsp;<a href="#[a]">DebugMon_Handler</a><BR>
 <LI><a href="#[b]">PendSV_Handler</a>&nbsp;&nbsp;&nbsp;&rArr;&nbsp;&nbsp;&nbsp;<a href="#[b]">PendSV_Handler</a><BR>
 <LI><a href="#[25]">ADC14_IRQHandler</a>&nbsp;&nbsp;&nbsp;&rArr;&nbsp;&nbsp;&nbsp;<a href="#[25]">ADC14_IRQHandler</a><BR>
 <LI><a href="#[75]">UART0_OutUHex</a>&nbsp;&nbsp;&nbsp;&rArr;&nbsp;&nbsp;&nbsp;<a href="#[75]">UART0_OutUHex</a><BR>
 <LI><a href="#[eb]">UART0_OutUDec</a>&nbsp;&nbsp;&nbsp;&rArr;&nbsp;&nbsp;&nbsp;<a href="#[eb]">UART0_OutUDec</a><BR>
 <LI><a href="#[104]">fillmessage</a>&nbsp;&nbsp;&nbsp;&rArr;&nbsp;&nbsp;&nbsp;<a href="#[104]">fillmessage</a><BR>
 <LI><a href="#[5c]">delay</a>&nbsp;&nbsp;&nbsp;&rArr;&nbsp;&nbsp;&nbsp;<a href="#[5c]">delay</a><BR>
 <LI><a href="#[5b]">parrotdelay</a>&nbsp;&nbsp;&nbsp;&rArr;&nbsp;&nbsp;&nbsp;<a href="#[5b]">parrotdelay</a><BR>
</UL>
<P>
<H3>
Function Pointers
</H3><UL>
 <LI><a href="#[25]">ADC14_IRQHandler</a> from startup_msp432p401r_uvision.o(.text) referenced from startup_msp432p401r_uvision.o(RESET)
 <LI><a href="#[29]">AES256_IRQHandler</a> from startup_msp432p401r_uvision.o(.text) referenced from startup_msp432p401r_uvision.o(RESET)
 <LI><a href="#[3d]">Bluetooth_ReadLight</a> from lab6.o(i.Bluetooth_ReadLight) referenced from lab6.o(i.Bluetooth_Init)
 <LI><a href="#[39]">Bluetooth_ReadPlotState</a> from lab6.o(i.Bluetooth_ReadPlotState) referenced from lab6.o(i.Bluetooth_Init)
 <LI><a href="#[3b]">Bluetooth_ReadSound</a> from lab6.o(i.Bluetooth_ReadSound) referenced from lab6.o(i.Bluetooth_Init)
 <LI><a href="#[3c]">Bluetooth_ReadTemperature</a> from lab6.o(i.Bluetooth_ReadTemperature) referenced from lab6.o(i.Bluetooth_Init)
 <LI><a href="#[3a]">Bluetooth_ReadTime</a> from lab6.o(i.Bluetooth_ReadTime) referenced from lab6.o(i.Bluetooth_Init)
 <LI><a href="#[3f]">Bluetooth_Steps</a> from lab6.o(i.Bluetooth_Steps) referenced from lab6.o(i.Bluetooth_Init)
 <LI><a href="#[38]">Bluetooth_WritePlotState</a> from lab6.o(i.Bluetooth_WritePlotState) referenced from lab6.o(i.Bluetooth_Init)
 <LI><a href="#[7]">BusFault_Handler</a> from startup_msp432p401r_uvision.o(.text) referenced from startup_msp432p401r_uvision.o(RESET)
 <LI><a href="#[13]">COMP_E0_IRQHandler</a> from startup_msp432p401r_uvision.o(.text) referenced from startup_msp432p401r_uvision.o(RESET)
 <LI><a href="#[14]">COMP_E1_IRQHandler</a> from startup_msp432p401r_uvision.o(.text) referenced from startup_msp432p401r_uvision.o(RESET)
 <LI><a href="#[e]">CS_IRQHandler</a> from startup_msp432p401r_uvision.o(.text) referenced from startup_msp432p401r_uvision.o(RESET)
 <LI><a href="#[2b]">DMA_ERR_IRQHandler</a> from startup_msp432p401r_uvision.o(.text) referenced from startup_msp432p401r_uvision.o(RESET)
 <LI><a href="#[2f]">DMA_INT0_IRQHandler</a> from startup_msp432p401r_uvision.o(.text) referenced from startup_msp432p401r_uvision.o(RESET)
 <LI><a href="#[2e]">DMA_INT1_IRQHandler</a> from startup_msp432p401r_uvision.o(.text) referenced from startup_msp432p401r_uvision.o(RESET)
 <LI><a href="#[2d]">DMA_INT2_IRQHandler</a> from startup_msp432p401r_uvision.o(.text) referenced from startup_msp432p401r_uvision.o(RESET)
 <LI><a href="#[2c]">DMA_INT3_IRQHandler</a> from startup_msp432p401r_uvision.o(.text) referenced from startup_msp432p401r_uvision.o(RESET)
 <LI><a href="#[a]">DebugMon_Handler</a> from startup_msp432p401r_uvision.o(.text) referenced from startup_msp432p401r_uvision.o(RESET)
 <LI><a href="#[1d]">EUSCIA0_IRQHandler</a> from startup_msp432p401r_uvision.o(.text) referenced from startup_msp432p401r_uvision.o(RESET)
 <LI><a href="#[1e]">EUSCIA1_IRQHandler</a> from startup_msp432p401r_uvision.o(.text) referenced from startup_msp432p401r_uvision.o(RESET)
 <LI><a href="#[1f]">EUSCIA2_IRQHandler</a> from uart1.o(i.EUSCIA2_IRQHandler) referenced from startup_msp432p401r_uvision.o(RESET)
 <LI><a href="#[20]">EUSCIA3_IRQHandler</a> from startup_msp432p401r_uvision.o(.text) referenced from startup_msp432p401r_uvision.o(RESET)
 <LI><a href="#[21]">EUSCIB0_IRQHandler</a> from startup_msp432p401r_uvision.o(.text) referenced from startup_msp432p401r_uvision.o(RESET)
 <LI><a href="#[22]">EUSCIB1_IRQHandler</a> from startup_msp432p401r_uvision.o(.text) referenced from startup_msp432p401r_uvision.o(RESET)
 <LI><a href="#[23]">EUSCIB2_IRQHandler</a> from startup_msp432p401r_uvision.o(.text) referenced from startup_msp432p401r_uvision.o(RESET)
 <LI><a href="#[24]">EUSCIB3_IRQHandler</a> from startup_msp432p401r_uvision.o(.text) referenced from startup_msp432p401r_uvision.o(RESET)
 <LI><a href="#[12]">FLCTL_IRQHandler</a> from startup_msp432p401r_uvision.o(.text) referenced from startup_msp432p401r_uvision.o(RESET)
 <LI><a href="#[11]">FPU_IRQHandler</a> from startup_msp432p401r_uvision.o(.text) referenced from startup_msp432p401r_uvision.o(RESET)
 <LI><a href="#[5]">HardFault_Handler</a> from startup_msp432p401r_uvision.o(.text) referenced from startup_msp432p401r_uvision.o(RESET)
 <LI><a href="#[41]">LogicAnalyzer</a> from texas.o(i.LogicAnalyzer) referenced from texas.o(i.TExaS_Init)
 <LI><a href="#[6]">MemManage_Handler</a> from startup_msp432p401r_uvision.o(.text) referenced from startup_msp432p401r_uvision.o(RESET)
 <LI><a href="#[4]">NMI_Handler</a> from startup_msp432p401r_uvision.o(.text) referenced from startup_msp432p401r_uvision.o(RESET)
 <LI><a href="#[f]">PCM_IRQHandler</a> from startup_msp432p401r_uvision.o(.text) referenced from startup_msp432p401r_uvision.o(RESET)
 <LI><a href="#[30]">PORT1_IRQHandler</a> from startup_msp432p401r_uvision.o(.text) referenced from startup_msp432p401r_uvision.o(RESET)
 <LI><a href="#[31]">PORT2_IRQHandler</a> from startup_msp432p401r_uvision.o(.text) referenced from startup_msp432p401r_uvision.o(RESET)
 <LI><a href="#[32]">PORT3_IRQHandler</a> from startup_msp432p401r_uvision.o(.text) referenced from startup_msp432p401r_uvision.o(RESET)
 <LI><a href="#[33]">PORT4_IRQHandler</a> from startup_msp432p401r_uvision.o(.text) referenced from startup_msp432p401r_uvision.o(RESET)
 <LI><a href="#[34]">PORT5_IRQHandler</a> from startup_msp432p401r_uvision.o(.text) referenced from startup_msp432p401r_uvision.o(RESET)
 <LI><a href="#[35]">PORT6_IRQHandler</a> from startup_msp432p401r_uvision.o(.text) referenced from startup_msp432p401r_uvision.o(RESET)
 <LI><a href="#[d]">PSS_IRQHandler</a> from startup_msp432p401r_uvision.o(.text) referenced from startup_msp432p401r_uvision.o(RESET)
 <LI><a href="#[b]">PendSV_Handler</a> from startup_msp432p401r_uvision.o(.text) referenced from startup_msp432p401r_uvision.o(RESET)
 <LI><a href="#[2a]">RTC_C_IRQHandler</a> from startup_msp432p401r_uvision.o(.text) referenced from startup_msp432p401r_uvision.o(RESET)
 <LI><a href="#[4a]">Reset_Handler</a> from startup_msp432p401r_uvision.o(.text) referenced from startup_msp432p401r_uvision.o(RESET)
 <LI><a href="#[9]">SVC_Handler</a> from startup_msp432p401r_uvision.o(.text) referenced from startup_msp432p401r_uvision.o(RESET)
 <LI><a href="#[c]">SysTick_Handler</a> from osasm.o(.text) referenced from startup_msp432p401r_uvision.o(RESET)
 <LI><a href="#[36]">SystemInit</a> from system_msp432p401r.o(i.SystemInit) referenced from startup_msp432p401r_uvision.o(.text)
 <LI><a href="#[26]">T32_INT1_IRQHandler</a> from bsp.o(i.T32_INT1_IRQHandler) referenced from startup_msp432p401r_uvision.o(RESET)
 <LI><a href="#[27]">T32_INT2_IRQHandler</a> from startup_msp432p401r_uvision.o(.text) referenced from startup_msp432p401r_uvision.o(RESET)
 <LI><a href="#[28]">T32_INTC_IRQHandler</a> from startup_msp432p401r_uvision.o(.text) referenced from startup_msp432p401r_uvision.o(RESET)
 <LI><a href="#[15]">TA0_0_IRQHandler</a> from startup_msp432p401r_uvision.o(.text) referenced from startup_msp432p401r_uvision.o(RESET)
 <LI><a href="#[16]">TA0_N_IRQHandler</a> from startup_msp432p401r_uvision.o(.text) referenced from startup_msp432p401r_uvision.o(RESET)
 <LI><a href="#[17]">TA1_0_IRQHandler</a> from bsp.o(i.TA1_0_IRQHandler) referenced from startup_msp432p401r_uvision.o(RESET)
 <LI><a href="#[18]">TA1_N_IRQHandler</a> from startup_msp432p401r_uvision.o(.text) referenced from startup_msp432p401r_uvision.o(RESET)
 <LI><a href="#[19]">TA2_0_IRQHandler</a> from bsp.o(i.TA2_0_IRQHandler) referenced from startup_msp432p401r_uvision.o(RESET)
 <LI><a href="#[1a]">TA2_N_IRQHandler</a> from startup_msp432p401r_uvision.o(.text) referenced from startup_msp432p401r_uvision.o(RESET)
 <LI><a href="#[1b]">TA3_0_IRQHandler</a> from texas.o(i.TA3_0_IRQHandler) referenced from startup_msp432p401r_uvision.o(RESET)
 <LI><a href="#[1c]">TA3_N_IRQHandler</a> from startup_msp432p401r_uvision.o(.text) referenced from startup_msp432p401r_uvision.o(RESET)
 <LI><a href="#[3e]">TExaS_Grade</a> from texas.o(i.TExaS_Grade) referenced from lab6.o(i.Bluetooth_Init)
 <LI><a href="#[42]">Task0</a> from lab6.o(i.Task0) referenced from lab6.o(i.main)
 <LI><a href="#[43]">Task1</a> from lab6.o(i.Task1) referenced from lab6.o(i.main)
 <LI><a href="#[49]">Task2</a> from lab6.o(i.Task2) referenced from lab6.o(i.main)
 <LI><a href="#[48]">Task3</a> from lab6.o(i.Task3) referenced from lab6.o(i.main)
 <LI><a href="#[47]">Task4</a> from lab6.o(i.Task4) referenced from lab6.o(i.main)
 <LI><a href="#[46]">Task5</a> from lab6.o(i.Task5) referenced from lab6.o(i.main)
 <LI><a href="#[45]">Task6</a> from lab6.o(i.Task6) referenced from lab6.o(i.main)
 <LI><a href="#[44]">Task7</a> from lab6.o(i.Task7) referenced from lab6.o(i.main)
 <LI><a href="#[8]">UsageFault_Handler</a> from startup_msp432p401r_uvision.o(.text) referenced from startup_msp432p401r_uvision.o(RESET)
 <LI><a href="#[10]">WDT_A_IRQHandler</a> from startup_msp432p401r_uvision.o(.text) referenced from startup_msp432p401r_uvision.o(RESET)
 <LI><a href="#[4b]">__main</a> from __main.o(!!!main) referenced from startup_msp432p401r_uvision.o(.text)
 <LI><a href="#[40]">runperiodicevents</a> from os.o(i.runperiodicevents) referenced from os.o(i.OS_Init)
</UL>
<P>
<H3>
Global Symbols
</H3>
<P><STRONG><a name="[4b]"></a>__main</STRONG> (Thumb, 8 bytes, Stack size 0 bytes, __main.o(!!!main))
<BR><BR>[Calls]<UL><LI><a href="#[4d]">&gt;&gt;</a>&nbsp;&nbsp;&nbsp;__scatterload
<LI><a href="#[4e]">&gt;&gt;</a>&nbsp;&nbsp;&nbsp;__rt_entry
</UL>

<P><STRONG><a name="[4d]"></a>__scatterload</STRONG> (Thumb, 0 bytes, Stack size unknown bytes, __scatter.o(!!!scatter))
<BR><BR>[Called By]<UL><LI><a href="#[4b]">&gt;&gt;</a>&nbsp;&nbsp;&nbsp;__main
</UL>

<P><STRONG><a name="[4f]"></a>__scatterload_rt2</STRONG> (Thumb, 44 bytes, Stack size unknown bytes, __scatter.o(!!!scatter), UNUSED)
<BR><BR>[Calls]<UL><LI><a href="#[4e]">&gt;&gt;</a>&nbsp;&nbsp;&nbsp;__rt_entry
</UL>

<P><STRONG><a name="[10a]"></a>__scatterload_rt2_thumb_only</STRONG> (Thumb, 0 bytes, Stack size unknown bytes, __scatter.o(!!!scatter), UNUSED)

<P><STRONG><a name="[10b]"></a>__scatterload_null</STRONG> (Thumb, 0 bytes, Stack size unknown bytes, __scatter.o(!!!scatter), UNUSED)

<P><STRONG><a name="[10c]"></a>__decompress</STRONG> (Thumb, 90 bytes, Stack size unknown bytes, __dczerorl2.o(!!dczerorl2), UNUSED)

<P><STRONG><a name="[10d]"></a>__decompress1</STRONG> (Thumb, 0 bytes, Stack size unknown bytes, __dczerorl2.o(!!dczerorl2), UNUSED)

<P><STRONG><a name="[10e]"></a>__scatterload_zeroinit</STRONG> (Thumb, 28 bytes, Stack size unknown bytes, __scatter_zi.o(!!handler_zi), UNUSED)

<P><STRONG><a name="[53]"></a>__rt_lib_init</STRONG> (Thumb, 0 bytes, Stack size unknown bytes, libinit.o(.ARM.Collect$$libinit$$00000000))
<BR><BR>[Called By]<UL><LI><a href="#[52]">&gt;&gt;</a>&nbsp;&nbsp;&nbsp;__rt_entry_li
</UL>

<P><STRONG><a name="[10f]"></a>__rt_lib_init_alloca_1</STRONG> (Thumb, 0 bytes, Stack size unknown bytes, libinit2.o(.ARM.Collect$$libinit$$0000002E))

<P><STRONG><a name="[110]"></a>__rt_lib_init_argv_1</STRONG> (Thumb, 0 bytes, Stack size unknown bytes, libinit2.o(.ARM.Collect$$libinit$$0000002C))

<P><STRONG><a name="[111]"></a>__rt_lib_init_atexit_1</STRONG> (Thumb, 0 bytes, Stack size unknown bytes, libinit2.o(.ARM.Collect$$libinit$$0000001B))

<P><STRONG><a name="[112]"></a>__rt_lib_init_clock_1</STRONG> (Thumb, 0 bytes, Stack size unknown bytes, libinit2.o(.ARM.Collect$$libinit$$00000021))

<P><STRONG><a name="[113]"></a>__rt_lib_init_cpp_1</STRONG> (Thumb, 0 bytes, Stack size unknown bytes, libinit2.o(.ARM.Collect$$libinit$$00000032))

<P><STRONG><a name="[114]"></a>__rt_lib_init_exceptions_1</STRONG> (Thumb, 0 bytes, Stack size unknown bytes, libinit2.o(.ARM.Collect$$libinit$$00000030))

<P><STRONG><a name="[115]"></a>__rt_lib_init_fp_1</STRONG> (Thumb, 0 bytes, Stack size unknown bytes, libinit2.o(.ARM.Collect$$libinit$$00000002))

<P><STRONG><a name="[116]"></a>__rt_lib_init_fp_trap_1</STRONG> (Thumb, 0 bytes, Stack size unknown bytes, libinit2.o(.ARM.Collect$$libinit$$0000001F))

<P><STRONG><a name="[117]"></a>__rt_lib_init_getenv_1</STRONG> (Thumb, 0 bytes, Stack size unknown bytes, libinit2.o(.ARM.Collect$$libinit$$00000023))

<P><STRONG><a name="[118]"></a>__rt_lib_init_heap_1</STRONG> (Thumb, 0 bytes, Stack size unknown bytes, libinit2.o(.ARM.Collect$$libinit$$0000000A))

<P><STRONG><a name="[119]"></a>__rt_lib_init_lc_collate_1</STRONG> (Thumb, 0 bytes, Stack size unknown bytes, libinit2.o(.ARM.Collect$$libinit$$00000011))

<P><STRONG><a name="[11a]"></a>__rt_lib_init_lc_ctype_1</STRONG> (Thumb, 0 bytes, Stack size unknown bytes, libinit2.o(.ARM.Collect$$libinit$$00000013))

<P><STRONG><a name="[11b]"></a>__rt_lib_init_lc_monetary_1</STRONG> (Thumb, 0 bytes, Stack size unknown bytes, libinit2.o(.ARM.Collect$$libinit$$00000015))

<P><STRONG><a name="[11c]"></a>__rt_lib_init_lc_numeric_1</STRONG> (Thumb, 0 bytes, Stack size unknown bytes, libinit2.o(.ARM.Collect$$libinit$$00000017))

<P><STRONG><a name="[11d]"></a>__rt_lib_init_lc_time_1</STRONG> (Thumb, 0 bytes, Stack size unknown bytes, libinit2.o(.ARM.Collect$$libinit$$00000019))

<P><STRONG><a name="[11e]"></a>__rt_lib_init_preinit_1</STRONG> (Thumb, 0 bytes, Stack size unknown bytes, libinit2.o(.ARM.Collect$$libinit$$00000004))

<P><STRONG><a name="[11f]"></a>__rt_lib_init_rand_1</STRONG> (Thumb, 0 bytes, Stack size unknown bytes, libinit2.o(.ARM.Collect$$libinit$$0000000E))

<P><STRONG><a name="[120]"></a>__rt_lib_init_return</STRONG> (Thumb, 0 bytes, Stack size unknown bytes, libinit2.o(.ARM.Collect$$libinit$$00000033))

<P><STRONG><a name="[121]"></a>__rt_lib_init_signal_1</STRONG> (Thumb, 0 bytes, Stack size unknown bytes, libinit2.o(.ARM.Collect$$libinit$$0000001D))

<P><STRONG><a name="[122]"></a>__rt_lib_init_stdio_1</STRONG> (Thumb, 0 bytes, Stack size unknown bytes, libinit2.o(.ARM.Collect$$libinit$$00000025))

<P><STRONG><a name="[123]"></a>__rt_lib_init_user_alloc_1</STRONG> (Thumb, 0 bytes, Stack size unknown bytes, libinit2.o(.ARM.Collect$$libinit$$0000000C))

<P><STRONG><a name="[58]"></a>__rt_lib_shutdown</STRONG> (Thumb, 0 bytes, Stack size unknown bytes, libshutdown.o(.ARM.Collect$$libshutdown$$00000000))
<BR><BR>[Called By]<UL><LI><a href="#[57]">&gt;&gt;</a>&nbsp;&nbsp;&nbsp;__rt_exit_ls
</UL>

<P><STRONG><a name="[124]"></a>__rt_lib_shutdown_cpp_1</STRONG> (Thumb, 0 bytes, Stack size unknown bytes, libshutdown2.o(.ARM.Collect$$libshutdown$$00000002))

<P><STRONG><a name="[125]"></a>__rt_lib_shutdown_fp_trap_1</STRONG> (Thumb, 0 bytes, Stack size unknown bytes, libshutdown2.o(.ARM.Collect$$libshutdown$$00000007))

<P><STRONG><a name="[126]"></a>__rt_lib_shutdown_heap_1</STRONG> (Thumb, 0 bytes, Stack size unknown bytes, libshutdown2.o(.ARM.Collect$$libshutdown$$0000000F))

<P><STRONG><a name="[127]"></a>__rt_lib_shutdown_return</STRONG> (Thumb, 0 bytes, Stack size unknown bytes, libshutdown2.o(.ARM.Collect$$libshutdown$$00000010))

<P><STRONG><a name="[128]"></a>__rt_lib_shutdown_signal_1</STRONG> (Thumb, 0 bytes, Stack size unknown bytes, libshutdown2.o(.ARM.Collect$$libshutdown$$0000000A))

<P><STRONG><a name="[129]"></a>__rt_lib_shutdown_stdio_1</STRONG> (Thumb, 0 bytes, Stack size unknown bytes, libshutdown2.o(.ARM.Collect$$libshutdown$$00000004))

<P><STRONG><a name="[12a]"></a>__rt_lib_shutdown_user_alloc_1</STRONG> (Thumb, 0 bytes, Stack size unknown bytes, libshutdown2.o(.ARM.Collect$$libshutdown$$0000000C))

<P><STRONG><a name="[4e]"></a>__rt_entry</STRONG> (Thumb, 0 bytes, Stack size unknown bytes, __rtentry.o(.ARM.Collect$$rtentry$$00000000))
<BR><BR>[Called By]<UL><LI><a href="#[4f]">&gt;&gt;</a>&nbsp;&nbsp;&nbsp;__scatterload_rt2
<LI><a href="#[4b]">&gt;&gt;</a>&nbsp;&nbsp;&nbsp;__main
</UL>

<P><STRONG><a name="[12b]"></a>__rt_entry_presh_1</STRONG> (Thumb, 0 bytes, Stack size unknown bytes, __rtentry2.o(.ARM.Collect$$rtentry$$00000002))

<P><STRONG><a name="[50]"></a>__rt_entry_sh</STRONG> (Thumb, 0 bytes, Stack size unknown bytes, __rtentry4.o(.ARM.Collect$$rtentry$$00000004))
<BR><BR>[Stack]<UL><LI>Max Depth = 8 + Unknown Stack Size
<LI>Call Chain = __rt_entry_sh &rArr; __user_setup_stackheap
</UL>
<BR>[Calls]<UL><LI><a href="#[51]">&gt;&gt;</a>&nbsp;&nbsp;&nbsp;__user_setup_stackheap
</UL>

<P><STRONG><a name="[52]"></a>__rt_entry_li</STRONG> (Thumb, 0 bytes, Stack size unknown bytes, __rtentry2.o(.ARM.Collect$$rtentry$$0000000A))
<BR><BR>[Calls]<UL><LI><a href="#[53]">&gt;&gt;</a>&nbsp;&nbsp;&nbsp;__rt_lib_init
</UL>

<P><STRONG><a name="[12c]"></a>__rt_entry_postsh_1</STRONG> (Thumb, 0 bytes, Stack size unknown bytes, __rtentry2.o(.ARM.Collect$$rtentry$$00000009))

<P><STRONG><a name="[54]"></a>__rt_entry_main</STRONG> (Thumb, 0 bytes, Stack size unknown bytes, __rtentry2.o(.ARM.Collect$$rtentry$$0000000D))
<BR><BR>[Stack]<UL><LI>Max Depth = 208 + Unknown Stack Size
<LI>Call Chain = __rt_entry_main &rArr; main &rArr; Bluetooth_Init &rArr; Lab6_AddCharacteristic &rArr; AP_SendMessageResponse &rArr; AP_RecvMessage &rArr; UART1_InChar
</UL>
<BR>[Calls]<UL><LI><a href="#[55]">&gt;&gt;</a>&nbsp;&nbsp;&nbsp;main
<LI><a href="#[56]">&gt;&gt;</a>&nbsp;&nbsp;&nbsp;exit
</UL>

<P><STRONG><a name="[12d]"></a>__rt_entry_postli_1</STRONG> (Thumb, 0 bytes, Stack size unknown bytes, __rtentry2.o(.ARM.Collect$$rtentry$$0000000C))

<P><STRONG><a name="[5f]"></a>__rt_exit</STRONG> (Thumb, 0 bytes, Stack size unknown bytes, rtexit.o(.ARM.Collect$$rtexit$$00000000))
<BR><BR>[Called By]<UL><LI><a href="#[56]">&gt;&gt;</a>&nbsp;&nbsp;&nbsp;exit
</UL>

<P><STRONG><a name="[57]"></a>__rt_exit_ls</STRONG> (Thumb, 0 bytes, Stack size unknown bytes, rtexit2.o(.ARM.Collect$$rtexit$$00000003))
<BR><BR>[Calls]<UL><LI><a href="#[58]">&gt;&gt;</a>&nbsp;&nbsp;&nbsp;__rt_lib_shutdown
</UL>

<P><STRONG><a name="[12e]"></a>__rt_exit_prels_1</STRONG> (Thumb, 0 bytes, Stack size unknown bytes, rtexit2.o(.ARM.Collect$$rtexit$$00000002))

<P><STRONG><a name="[59]"></a>__rt_exit_exit</STRONG> (Thumb, 0 bytes, Stack size unknown bytes, rtexit2.o(.ARM.Collect$$rtexit$$00000004))
<BR><BR>[Calls]<UL><LI><a href="#[5a]">&gt;&gt;</a>&nbsp;&nbsp;&nbsp;_sys_exit
</UL>

<P><STRONG><a name="[5b]"></a>parrotdelay</STRONG> (Thumb, 6 bytes, Stack size 0 bytes, bsp.o(.emb_text))
<BR><BR>[Calls]<UL><LI><a href="#[5b]">&gt;&gt;</a>&nbsp;&nbsp;&nbsp;parrotdelay
</UL>
<BR>[Called By]<UL><LI><a href="#[78]">&gt;&gt;</a>&nbsp;&nbsp;&nbsp;BSP_Delay1ms
<LI><a href="#[5b]">&gt;&gt;</a>&nbsp;&nbsp;&nbsp;parrotdelay
</UL>

<P><STRONG><a name="[a7]"></a>DisableInterrupts</STRONG> (Thumb, 4 bytes, Stack size 0 bytes, cortexm.o(.emb_text))
<BR><BR>[Called By]<UL><LI><a href="#[9e]">&gt;&gt;</a>&nbsp;&nbsp;&nbsp;Bluetooth_Init
<LI><a href="#[d9]">&gt;&gt;</a>&nbsp;&nbsp;&nbsp;OS_Wait
<LI><a href="#[da]">&gt;&gt;</a>&nbsp;&nbsp;&nbsp;OS_Signal
<LI><a href="#[de]">&gt;&gt;</a>&nbsp;&nbsp;&nbsp;OS_Init
</UL>

<P><STRONG><a name="[9f]"></a>EnableInterrupts</STRONG> (Thumb, 4 bytes, Stack size 0 bytes, cortexm.o(.emb_text))
<BR><BR>[Called By]<UL><LI><a href="#[9e]">&gt;&gt;</a>&nbsp;&nbsp;&nbsp;Bluetooth_Init
<LI><a href="#[d9]">&gt;&gt;</a>&nbsp;&nbsp;&nbsp;OS_Wait
<LI><a href="#[da]">&gt;&gt;</a>&nbsp;&nbsp;&nbsp;OS_Signal
</UL>

<P><STRONG><a name="[95]"></a>StartCritical</STRONG> (Thumb, 8 bytes, Stack size 0 bytes, cortexm.o(.emb_text))
<BR><BR>[Called By]<UL><LI><a href="#[d6]">&gt;&gt;</a>&nbsp;&nbsp;&nbsp;OS_AddThreads
<LI><a href="#[d5]">&gt;&gt;</a>&nbsp;&nbsp;&nbsp;OS_AddPeriodicEventThread
<LI><a href="#[9d]">&gt;&gt;</a>&nbsp;&nbsp;&nbsp;BSP_Time_Init
<LI><a href="#[94]">&gt;&gt;</a>&nbsp;&nbsp;&nbsp;BSP_PeriodicTask_InitB
<LI><a href="#[e4]">&gt;&gt;</a>&nbsp;&nbsp;&nbsp;PeriodicTask2_Init
</UL>

<P><STRONG><a name="[97]"></a>EndCritical</STRONG> (Thumb, 6 bytes, Stack size 0 bytes, cortexm.o(.emb_text))
<BR><BR>[Called By]<UL><LI><a href="#[d6]">&gt;&gt;</a>&nbsp;&nbsp;&nbsp;OS_AddThreads
<LI><a href="#[d5]">&gt;&gt;</a>&nbsp;&nbsp;&nbsp;OS_AddPeriodicEventThread
<LI><a href="#[9d]">&gt;&gt;</a>&nbsp;&nbsp;&nbsp;BSP_Time_Init
<LI><a href="#[94]">&gt;&gt;</a>&nbsp;&nbsp;&nbsp;BSP_PeriodicTask_InitB
<LI><a href="#[e4]">&gt;&gt;</a>&nbsp;&nbsp;&nbsp;PeriodicTask2_Init
</UL>

<P><STRONG><a name="[100]"></a>WaitForInterrupt</STRONG> (Thumb, 4 bytes, Stack size 0 bytes, cortexm.o(.emb_text))
<BR><BR>[Called By]<UL><LI><a href="#[44]">&gt;&gt;</a>&nbsp;&nbsp;&nbsp;Task7
</UL>

<P><STRONG><a name="[5c]"></a>delay</STRONG> (Thumb, 6 bytes, Stack size 0 bytes, cortexm.o(.emb_text))
<BR><BR>[Calls]<UL><LI><a href="#[5c]">&gt;&gt;</a>&nbsp;&nbsp;&nbsp;delay
</UL>
<BR>[Called By]<UL><LI><a href="#[71]">&gt;&gt;</a>&nbsp;&nbsp;&nbsp;Clock_Delay1ms
<LI><a href="#[5c]">&gt;&gt;</a>&nbsp;&nbsp;&nbsp;delay
</UL>

<P><STRONG><a name="[c]"></a>SysTick_Handler</STRONG> (Thumb, 0 bytes, Stack size unknown bytes, osasm.o(.text))
<BR><BR>[Calls]<UL><LI><a href="#[5d]">&gt;&gt;</a>&nbsp;&nbsp;&nbsp;Scheduler
</UL>
<BR>[Address Reference Count : 1]<UL><LI> startup_msp432p401r_uvision.o(RESET)
</UL>
<P><STRONG><a name="[e1]"></a>StartOS</STRONG> (Thumb, 0 bytes, Stack size unknown bytes, osasm.o(.text))
<BR><BR>[Called By]<UL><LI><a href="#[e0]">&gt;&gt;</a>&nbsp;&nbsp;&nbsp;OS_Launch
</UL>

<P><STRONG><a name="[4a]"></a>Reset_Handler</STRONG> (Thumb, 8 bytes, Stack size 0 bytes, startup_msp432p401r_uvision.o(.text))

<P><STRONG><a name="[4]"></a>NMI_Handler</STRONG> (Thumb, 2 bytes, Stack size 0 bytes, startup_msp432p401r_uvision.o(.text))
<BR><BR>[Calls]<UL><LI><a href="#[4]">&gt;&gt;</a>&nbsp;&nbsp;&nbsp;NMI_Handler
</UL>
<BR>[Called By]<UL><LI><a href="#[4]">&gt;&gt;</a>&nbsp;&nbsp;&nbsp;NMI_Handler
</UL>
<BR>[Address Reference Count : 1]<UL><LI> startup_msp432p401r_uvision.o(RESET)
</UL>
<P><STRONG><a name="[5]"></a>HardFault_Handler</STRONG> (Thumb, 2 bytes, Stack size 0 bytes, startup_msp432p401r_uvision.o(.text))
<BR><BR>[Calls]<UL><LI><a href="#[5]">&gt;&gt;</a>&nbsp;&nbsp;&nbsp;HardFault_Handler
</UL>
<BR>[Called By]<UL><LI><a href="#[5]">&gt;&gt;</a>&nbsp;&nbsp;&nbsp;HardFault_Handler
</UL>
<BR>[Address Reference Count : 1]<UL><LI> startup_msp432p401r_uvision.o(RESET)
</UL>
<P><STRONG><a name="[6]"></a>MemManage_Handler</STRONG> (Thumb, 2 bytes, Stack size 0 bytes, startup_msp432p401r_uvision.o(.text))
<BR><BR>[Calls]<UL><LI><a href="#[6]">&gt;&gt;</a>&nbsp;&nbsp;&nbsp;MemManage_Handler
</UL>
<BR>[Called By]<UL><LI><a href="#[6]">&gt;&gt;</a>&nbsp;&nbsp;&nbsp;MemManage_Handler
</UL>
<BR>[Address Reference Count : 1]<UL><LI> startup_msp432p401r_uvision.o(RESET)
</UL>
<P><STRONG><a name="[7]"></a>BusFault_Handler</STRONG> (Thumb, 2 bytes, Stack size 0 bytes, startup_msp432p401r_uvision.o(.text))
<BR><BR>[Calls]<UL><LI><a href="#[7]">&gt;&gt;</a>&nbsp;&nbsp;&nbsp;BusFault_Handler
</UL>
<BR>[Called By]<UL><LI><a href="#[7]">&gt;&gt;</a>&nbsp;&nbsp;&nbsp;BusFault_Handler
</UL>
<BR>[Address Reference Count : 1]<UL><LI> startup_msp432p401r_uvision.o(RESET)
</UL>
<P><STRONG><a name="[8]"></a>UsageFault_Handler</STRONG> (Thumb, 2 bytes, Stack size 0 bytes, startup_msp432p401r_uvision.o(.text))
<BR><BR>[Calls]<UL><LI><a href="#[8]">&gt;&gt;</a>&nbsp;&nbsp;&nbsp;UsageFault_Handler
</UL>
<BR>[Called By]<UL><LI><a href="#[8]">&gt;&gt;</a>&nbsp;&nbsp;&nbsp;UsageFault_Handler
</UL>
<BR>[Address Reference Count : 1]<UL><LI> startup_msp432p401r_uvision.o(RESET)
</UL>
<P><STRONG><a name="[9]"></a>SVC_Handler</STRONG> (Thumb, 2 bytes, Stack size 0 bytes, startup_msp432p401r_uvision.o(.text))
<BR><BR>[Calls]<UL><LI><a href="#[9]">&gt;&gt;</a>&nbsp;&nbsp;&nbsp;SVC_Handler
</UL>
<BR>[Called By]<UL><LI><a href="#[9]">&gt;&gt;</a>&nbsp;&nbsp;&nbsp;SVC_Handler
</UL>
<BR>[Address Reference Count : 1]<UL><LI> startup_msp432p401r_uvision.o(RESET)
</UL>
<P><STRONG><a name="[a]"></a>DebugMon_Handler</STRONG> (Thumb, 2 bytes, Stack size 0 bytes, startup_msp432p401r_uvision.o(.text))
<BR><BR>[Calls]<UL><LI><a href="#[a]">&gt;&gt;</a>&nbsp;&nbsp;&nbsp;DebugMon_Handler
</UL>
<BR>[Called By]<UL><LI><a href="#[a]">&gt;&gt;</a>&nbsp;&nbsp;&nbsp;DebugMon_Handler
</UL>
<BR>[Address Reference Count : 1]<UL><LI> startup_msp432p401r_uvision.o(RESET)
</UL>
<P><STRONG><a name="[b]"></a>PendSV_Handler</STRONG> (Thumb, 2 bytes, Stack size 0 bytes, startup_msp432p401r_uvision.o(.text))
<BR><BR>[Calls]<UL><LI><a href="#[b]">&gt;&gt;</a>&nbsp;&nbsp;&nbsp;PendSV_Handler
</UL>
<BR>[Called By]<UL><LI><a href="#[b]">&gt;&gt;</a>&nbsp;&nbsp;&nbsp;PendSV_Handler
</UL>
<BR>[Address Reference Count : 1]<UL><LI> startup_msp432p401r_uvision.o(RESET)
</UL>
<P><STRONG><a name="[25]"></a>ADC14_IRQHandler</STRONG> (Thumb, 0 bytes, Stack size 0 bytes, startup_msp432p401r_uvision.o(.text))
<BR><BR>[Calls]<UL><LI><a href="#[25]">&gt;&gt;</a>&nbsp;&nbsp;&nbsp;ADC14_IRQHandler
</UL>
<BR>[Called By]<UL><LI><a href="#[25]">&gt;&gt;</a>&nbsp;&nbsp;&nbsp;ADC14_IRQHandler
</UL>
<BR>[Address Reference Count : 1]<UL><LI> startup_msp432p401r_uvision.o(RESET)
</UL>
<P><STRONG><a name="[29]"></a>AES256_IRQHandler</STRONG> (Thumb, 0 bytes, Stack size 0 bytes, startup_msp432p401r_uvision.o(.text))
<BR>[Address Reference Count : 1]<UL><LI> startup_msp432p401r_uvision.o(RESET)
</UL>
<P><STRONG><a name="[13]"></a>COMP_E0_IRQHandler</STRONG> (Thumb, 0 bytes, Stack size 0 bytes, startup_msp432p401r_uvision.o(.text))
<BR>[Address Reference Count : 1]<UL><LI> startup_msp432p401r_uvision.o(RESET)
</UL>
<P><STRONG><a name="[14]"></a>COMP_E1_IRQHandler</STRONG> (Thumb, 0 bytes, Stack size 0 bytes, startup_msp432p401r_uvision.o(.text))
<BR>[Address Reference Count : 1]<UL><LI> startup_msp432p401r_uvision.o(RESET)
</UL>
<P><STRONG><a name="[e]"></a>CS_IRQHandler</STRONG> (Thumb, 0 bytes, Stack size 0 bytes, startup_msp432p401r_uvision.o(.text))
<BR>[Address Reference Count : 1]<UL><LI> startup_msp432p401r_uvision.o(RESET)
</UL>
<P><STRONG><a name="[2b]"></a>DMA_ERR_IRQHandler</STRONG> (Thumb, 0 bytes, Stack size 0 bytes, startup_msp432p401r_uvision.o(.text))
<BR>[Address Reference Count : 1]<UL><LI> startup_msp432p401r_uvision.o(RESET)
</UL>
<P><STRONG><a name="[2f]"></a>DMA_INT0_IRQHandler</STRONG> (Thumb, 0 bytes, Stack size 0 bytes, startup_msp432p401r_uvision.o(.text))
<BR>[Address Reference Count : 1]<UL><LI> startup_msp432p401r_uvision.o(RESET)
</UL>
<P><STRONG><a name="[2e]"></a>DMA_INT1_IRQHandler</STRONG> (Thumb, 0 bytes, Stack size 0 bytes, startup_msp432p401r_uvision.o(.text))
<BR>[Address Reference Count : 1]<UL><LI> startup_msp432p401r_uvision.o(RESET)
</UL>
<P><STRONG><a name="[2d]"></a>DMA_INT2_IRQHandler</STRONG> (Thumb, 0 bytes, Stack size 0 bytes, startup_msp432p401r_uvision.o(.text))
<BR>[Address Reference Count : 1]<UL><LI> startup_msp432p401r_uvision.o(RESET)
</UL>
<P><STRONG><a name="[2c]"></a>DMA_INT3_IRQHandler</STRONG> (Thumb, 0 bytes, Stack size 0 bytes, startup_msp432p401r_uvision.o(.text))
<BR>[Address Reference Count : 1]<UL><LI> startup_msp432p401r_uvision.o(RESET)
</UL>
<P><STRONG><a name="[1d]"></a>EUSCIA0_IRQHandler</STRONG> (Thumb, 0 bytes, Stack size 0 bytes, startup_msp432p401r_uvision.o(.text))
<BR>[Address Reference Count : 1]<UL><LI> startup_msp432p401r_uvision.o(RESET)
</UL>
<P><STRONG><a name="[1e]"></a>EUSCIA1_IRQHandler</STRONG> (Thumb, 0 bytes, Stack size 0 bytes, startup_msp432p401r_uvision.o(.text))
<BR>[Address Reference Count : 1]<UL><LI> startup_msp432p401r_uvision.o(RESET)
</UL>
<P><STRONG><a name="[20]"></a>EUSCIA3_IRQHandler</STRONG> (Thumb, 0 bytes, Stack size 0 bytes, startup_msp432p401r_uvision.o(.text))
<BR>[Address Reference Count : 1]<UL><LI> startup_msp432p401r_uvision.o(RESET)
</UL>
<P><STRONG><a name="[21]"></a>EUSCIB0_IRQHandler</STRONG> (Thumb, 0 bytes, Stack size 0 bytes, startup_msp432p401r_uvision.o(.text))
<BR>[Address Reference Count : 1]<UL><LI> startup_msp432p401r_uvision.o(RESET)
</UL>
<P><STRONG><a name="[22]"></a>EUSCIB1_IRQHandler</STRONG> (Thumb, 0 bytes, Stack size 0 bytes, startup_msp432p401r_uvision.o(.text))
<BR>[Address Reference Count : 1]<UL><LI> startup_msp432p401r_uvision.o(RESET)
</UL>
<P><STRONG><a name="[23]"></a>EUSCIB2_IRQHandler</STRONG> (Thumb, 0 bytes, Stack size 0 bytes, startup_msp432p401r_uvision.o(.text))
<BR>[Address Reference Count : 1]<UL><LI> startup_msp432p401r_uvision.o(RESET)
</UL>
<P><STRONG><a name="[24]"></a>EUSCIB3_IRQHandler</STRONG> (Thumb, 0 bytes, Stack size 0 bytes, startup_msp432p401r_uvision.o(.text))
<BR>[Address Reference Count : 1]<UL><LI> startup_msp432p401r_uvision.o(RESET)
</UL>
<P><STRONG><a name="[12]"></a>FLCTL_IRQHandler</STRONG> (Thumb, 0 bytes, Stack size 0 bytes, startup_msp432p401r_uvision.o(.text))
<BR>[Address Reference Count : 1]<UL><LI> startup_msp432p401r_uvision.o(RESET)
</UL>
<P><STRONG><a name="[11]"></a>FPU_IRQHandler</STRONG> (Thumb, 0 bytes, Stack size 0 bytes, startup_msp432p401r_uvision.o(.text))
<BR>[Address Reference Count : 1]<UL><LI> startup_msp432p401r_uvision.o(RESET)
</UL>
<P><STRONG><a name="[f]"></a>PCM_IRQHandler</STRONG> (Thumb, 0 bytes, Stack size 0 bytes, startup_msp432p401r_uvision.o(.text))
<BR>[Address Reference Count : 1]<UL><LI> startup_msp432p401r_uvision.o(RESET)
</UL>
<P><STRONG><a name="[30]"></a>PORT1_IRQHandler</STRONG> (Thumb, 0 bytes, Stack size 0 bytes, startup_msp432p401r_uvision.o(.text))
<BR>[Address Reference Count : 1]<UL><LI> startup_msp432p401r_uvision.o(RESET)
</UL>
<P><STRONG><a name="[31]"></a>PORT2_IRQHandler</STRONG> (Thumb, 0 bytes, Stack size 0 bytes, startup_msp432p401r_uvision.o(.text))
<BR>[Address Reference Count : 1]<UL><LI> startup_msp432p401r_uvision.o(RESET)
</UL>
<P><STRONG><a name="[32]"></a>PORT3_IRQHandler</STRONG> (Thumb, 0 bytes, Stack size 0 bytes, startup_msp432p401r_uvision.o(.text))
<BR>[Address Reference Count : 1]<UL><LI> startup_msp432p401r_uvision.o(RESET)
</UL>
<P><STRONG><a name="[33]"></a>PORT4_IRQHandler</STRONG> (Thumb, 0 bytes, Stack size 0 bytes, startup_msp432p401r_uvision.o(.text))
<BR>[Address Reference Count : 1]<UL><LI> startup_msp432p401r_uvision.o(RESET)
</UL>
<P><STRONG><a name="[34]"></a>PORT5_IRQHandler</STRONG> (Thumb, 0 bytes, Stack size 0 bytes, startup_msp432p401r_uvision.o(.text))
<BR>[Address Reference Count : 1]<UL><LI> startup_msp432p401r_uvision.o(RESET)
</UL>
<P><STRONG><a name="[35]"></a>PORT6_IRQHandler</STRONG> (Thumb, 0 bytes, Stack size 0 bytes, startup_msp432p401r_uvision.o(.text))
<BR>[Address Reference Count : 1]<UL><LI> startup_msp432p401r_uvision.o(RESET)
</UL>
<P><STRONG><a name="[d]"></a>PSS_IRQHandler</STRONG> (Thumb, 0 bytes, Stack size 0 bytes, startup_msp432p401r_uvision.o(.text))
<BR>[Address Reference Count : 1]<UL><LI> startup_msp432p401r_uvision.o(RESET)
</UL>
<P><STRONG><a name="[2a]"></a>RTC_C_IRQHandler</STRONG> (Thumb, 0 bytes, Stack size 0 bytes, startup_msp432p401r_uvision.o(.text))
<BR>[Address Reference Count : 1]<UL><LI> startup_msp432p401r_uvision.o(RESET)
</UL>
<P><STRONG><a name="[27]"></a>T32_INT2_IRQHandler</STRONG> (Thumb, 0 bytes, Stack size 0 bytes, startup_msp432p401r_uvision.o(.text))
<BR>[Address Reference Count : 1]<UL><LI> startup_msp432p401r_uvision.o(RESET)
</UL>
<P><STRONG><a name="[28]"></a>T32_INTC_IRQHandler</STRONG> (Thumb, 0 bytes, Stack size 0 bytes, startup_msp432p401r_uvision.o(.text))
<BR>[Address Reference Count : 1]<UL><LI> startup_msp432p401r_uvision.o(RESET)
</UL>
<P><STRONG><a name="[15]"></a>TA0_0_IRQHandler</STRONG> (Thumb, 0 bytes, Stack size 0 bytes, startup_msp432p401r_uvision.o(.text))
<BR>[Address Reference Count : 1]<UL><LI> startup_msp432p401r_uvision.o(RESET)
</UL>
<P><STRONG><a name="[16]"></a>TA0_N_IRQHandler</STRONG> (Thumb, 0 bytes, Stack size 0 bytes, startup_msp432p401r_uvision.o(.text))
<BR>[Address Reference Count : 1]<UL><LI> startup_msp432p401r_uvision.o(RESET)
</UL>
<P><STRONG><a name="[18]"></a>TA1_N_IRQHandler</STRONG> (Thumb, 0 bytes, Stack size 0 bytes, startup_msp432p401r_uvision.o(.text))
<BR>[Address Reference Count : 1]<UL><LI> startup_msp432p401r_uvision.o(RESET)
</UL>
<P><STRONG><a name="[1a]"></a>TA2_N_IRQHandler</STRONG> (Thumb, 0 bytes, Stack size 0 bytes, startup_msp432p401r_uvision.o(.text))
<BR>[Address Reference Count : 1]<UL><LI> startup_msp432p401r_uvision.o(RESET)
</UL>
<P><STRONG><a name="[1c]"></a>TA3_N_IRQHandler</STRONG> (Thumb, 0 bytes, Stack size 0 bytes, startup_msp432p401r_uvision.o(.text))
<BR>[Address Reference Count : 1]<UL><LI> startup_msp432p401r_uvision.o(RESET)
</UL>
<P><STRONG><a name="[10]"></a>WDT_A_IRQHandler</STRONG> (Thumb, 0 bytes, Stack size 0 bytes, startup_msp432p401r_uvision.o(.text))
<BR>[Address Reference Count : 1]<UL><LI> startup_msp432p401r_uvision.o(RESET)
</UL>
<P><STRONG><a name="[4c]"></a>__user_initial_stackheap</STRONG> (Thumb, 10 bytes, Stack size 0 bytes, startup_msp432p401r_uvision.o(.text))
<BR><BR>[Called By]<UL><LI><a href="#[51]">&gt;&gt;</a>&nbsp;&nbsp;&nbsp;__user_setup_stackheap
</UL>

<P><STRONG><a name="[ac]"></a>strlen</STRONG> (Thumb, 62 bytes, Stack size 8 bytes, strlen.o(.text))
<BR><BR>[Stack]<UL><LI>Max Depth = 8<LI>Call Chain = strlen
</UL>
<BR>[Called By]<UL><LI><a href="#[b6]">&gt;&gt;</a>&nbsp;&nbsp;&nbsp;BuildSetDeviceNameMsg
<LI><a href="#[b5]">&gt;&gt;</a>&nbsp;&nbsp;&nbsp;BuildSetAdvertisementDataMsg
<LI><a href="#[af]">&gt;&gt;</a>&nbsp;&nbsp;&nbsp;BuildAddNotifyCharDescriptorMsg
<LI><a href="#[ab]">&gt;&gt;</a>&nbsp;&nbsp;&nbsp;BuildAddCharDescriptorMsg
</UL>

<P><STRONG><a name="[12f]"></a>__use_two_region_memory</STRONG> (Thumb, 2 bytes, Stack size 0 bytes, heapauxi.o(.text), UNUSED)

<P><STRONG><a name="[130]"></a>__rt_heap_escrow$2region</STRONG> (Thumb, 2 bytes, Stack size 0 bytes, heapauxi.o(.text), UNUSED)

<P><STRONG><a name="[131]"></a>__rt_heap_expand$2region</STRONG> (Thumb, 2 bytes, Stack size 0 bytes, heapauxi.o(.text), UNUSED)

<P><STRONG><a name="[51]"></a>__user_setup_stackheap</STRONG> (Thumb, 74 bytes, Stack size 8 bytes, sys_stackheap_outer.o(.text))
<BR><BR>[Stack]<UL><LI>Max Depth = 8<LI>Call Chain = __user_setup_stackheap
</UL>
<BR>[Calls]<UL><LI><a href="#[5e]">&gt;&gt;</a>&nbsp;&nbsp;&nbsp;__user_perproc_libspace
<LI><a href="#[4c]">&gt;&gt;</a>&nbsp;&nbsp;&nbsp;__user_initial_stackheap
</UL>
<BR>[Called By]<UL><LI><a href="#[50]">&gt;&gt;</a>&nbsp;&nbsp;&nbsp;__rt_entry_sh
</UL>

<P><STRONG><a name="[56]"></a>exit</STRONG> (Thumb, 18 bytes, Stack size 8 bytes, exit.o(.text))
<BR><BR>[Stack]<UL><LI>Max Depth = 8 + Unknown Stack Size
<LI>Call Chain = exit
</UL>
<BR>[Calls]<UL><LI><a href="#[5f]">&gt;&gt;</a>&nbsp;&nbsp;&nbsp;__rt_exit
</UL>
<BR>[Called By]<UL><LI><a href="#[54]">&gt;&gt;</a>&nbsp;&nbsp;&nbsp;__rt_entry_main
</UL>

<P><STRONG><a name="[132]"></a>__user_libspace</STRONG> (Thumb, 8 bytes, Stack size 0 bytes, libspace.o(.text), UNUSED)

<P><STRONG><a name="[5e]"></a>__user_perproc_libspace</STRONG> (Thumb, 0 bytes, Stack size 0 bytes, libspace.o(.text))
<BR><BR>[Called By]<UL><LI><a href="#[51]">&gt;&gt;</a>&nbsp;&nbsp;&nbsp;__user_setup_stackheap
</UL>

<P><STRONG><a name="[133]"></a>__user_perthread_libspace</STRONG> (Thumb, 0 bytes, Stack size 0 bytes, libspace.o(.text), UNUSED)

<P><STRONG><a name="[5a]"></a>_sys_exit</STRONG> (Thumb, 8 bytes, Stack size 0 bytes, sys_exit.o(.text))
<BR><BR>[Called By]<UL><LI><a href="#[59]">&gt;&gt;</a>&nbsp;&nbsp;&nbsp;__rt_exit_exit
</UL>

<P><STRONG><a name="[134]"></a>__I$use$semihosting</STRONG> (Thumb, 0 bytes, Stack size 0 bytes, use_no_semi.o(.text), UNUSED)

<P><STRONG><a name="[135]"></a>__use_no_semihosting_swi</STRONG> (Thumb, 2 bytes, Stack size 0 bytes, use_no_semi.o(.text), UNUSED)

<P><STRONG><a name="[136]"></a>__semihosting_library_function</STRONG> (Thumb, 0 bytes, Stack size unknown bytes, indicate_semi.o(.text), UNUSED)

<P><STRONG><a name="[60]"></a>AP_BackgroundProcess</STRONG> (Thumb, 478 bytes, Stack size 32 bytes, ap.o(i.AP_BackgroundProcess))
<BR><BR>[Stack]<UL><LI>Max Depth = 104<LI>Call Chain = AP_BackgroundProcess &rArr; AP_RecvMessage &rArr; UART1_InChar
</UL>
<BR>[Calls]<UL><LI><a href="#[65]">&gt;&gt;</a>&nbsp;&nbsp;&nbsp;AP_SendMessage
<LI><a href="#[61]">&gt;&gt;</a>&nbsp;&nbsp;&nbsp;AP_RecvStatus
<LI><a href="#[62]">&gt;&gt;</a>&nbsp;&nbsp;&nbsp;AP_RecvMessage
<LI><a href="#[66]">&gt;&gt;</a>&nbsp;&nbsp;&nbsp;AP_EchoSendMessage
<LI><a href="#[64]">&gt;&gt;</a>&nbsp;&nbsp;&nbsp;AP_EchoReceived
<LI><a href="#[63]">&gt;&gt;</a>&nbsp;&nbsp;&nbsp;UART0_OutString
</UL>
<BR>[Called By]<UL><LI><a href="#[44]">&gt;&gt;</a>&nbsp;&nbsp;&nbsp;Task7
</UL>

<P><STRONG><a name="[64]"></a>AP_EchoReceived</STRONG> (Thumb, 66 bytes, Stack size 16 bytes, ap.o(i.AP_EchoReceived))
<BR><BR>[Stack]<UL><LI>Max Depth = 28<LI>Call Chain = AP_EchoReceived &rArr; UART0_OutUHex2 &rArr; outnibble
</UL>
<BR>[Calls]<UL><LI><a href="#[68]">&gt;&gt;</a>&nbsp;&nbsp;&nbsp;UART0_OutUHex2
<LI><a href="#[69]">&gt;&gt;</a>&nbsp;&nbsp;&nbsp;UART0_OutChar
<LI><a href="#[67]">&gt;&gt;</a>&nbsp;&nbsp;&nbsp;AP_GetSize
<LI><a href="#[63]">&gt;&gt;</a>&nbsp;&nbsp;&nbsp;UART0_OutString
</UL>
<BR>[Called By]<UL><LI><a href="#[6f]">&gt;&gt;</a>&nbsp;&nbsp;&nbsp;AP_SendMessageResponse
<LI><a href="#[60]">&gt;&gt;</a>&nbsp;&nbsp;&nbsp;AP_BackgroundProcess
</UL>

<P><STRONG><a name="[66]"></a>AP_EchoSendMessage</STRONG> (Thumb, 72 bytes, Stack size 24 bytes, ap.o(i.AP_EchoSendMessage))
<BR><BR>[Stack]<UL><LI>Max Depth = 36<LI>Call Chain = AP_EchoSendMessage &rArr; UART0_OutUHex2 &rArr; outnibble
</UL>
<BR>[Calls]<UL><LI><a href="#[68]">&gt;&gt;</a>&nbsp;&nbsp;&nbsp;UART0_OutUHex2
<LI><a href="#[69]">&gt;&gt;</a>&nbsp;&nbsp;&nbsp;UART0_OutChar
<LI><a href="#[67]">&gt;&gt;</a>&nbsp;&nbsp;&nbsp;AP_GetSize
<LI><a href="#[63]">&gt;&gt;</a>&nbsp;&nbsp;&nbsp;UART0_OutString
</UL>
<BR>[Called By]<UL><LI><a href="#[6f]">&gt;&gt;</a>&nbsp;&nbsp;&nbsp;AP_SendMessageResponse
<LI><a href="#[60]">&gt;&gt;</a>&nbsp;&nbsp;&nbsp;AP_BackgroundProcess
</UL>

<P><STRONG><a name="[a9]"></a>AP_GetNotifyCCCD</STRONG> (Thumb, 16 bytes, Stack size 0 bytes, ap.o(i.AP_GetNotifyCCCD))
<BR><BR>[Called By]<UL><LI><a href="#[3f]">&gt;&gt;</a>&nbsp;&nbsp;&nbsp;Bluetooth_Steps
</UL>

<P><STRONG><a name="[67]"></a>AP_GetSize</STRONG> (Thumb, 14 bytes, Stack size 8 bytes, ap.o(i.AP_GetSize))
<BR><BR>[Stack]<UL><LI>Max Depth = 8<LI>Call Chain = AP_GetSize
</UL>
<BR>[Called By]<UL><LI><a href="#[bd]">&gt;&gt;</a>&nbsp;&nbsp;&nbsp;SetFCSSolution
<LI><a href="#[65]">&gt;&gt;</a>&nbsp;&nbsp;&nbsp;AP_SendMessage
<LI><a href="#[66]">&gt;&gt;</a>&nbsp;&nbsp;&nbsp;AP_EchoSendMessage
<LI><a href="#[64]">&gt;&gt;</a>&nbsp;&nbsp;&nbsp;AP_EchoReceived
<LI><a href="#[c9]">&gt;&gt;</a>&nbsp;&nbsp;&nbsp;Lab6OutCheck
</UL>

<P><STRONG><a name="[6a]"></a>AP_Init</STRONG> (Thumb, 180 bytes, Stack size 16 bytes, ap.o(i.AP_Init))
<BR><BR>[Stack]<UL><LI>Max Depth = 112<LI>Call Chain = AP_Init &rArr; AP_SendMessageResponse &rArr; AP_RecvMessage &rArr; UART1_InChar
</UL>
<BR>[Calls]<UL><LI><a href="#[6d]">&gt;&gt;</a>&nbsp;&nbsp;&nbsp;UART1_Init
<LI><a href="#[6e]">&gt;&gt;</a>&nbsp;&nbsp;&nbsp;AP_Reset
<LI><a href="#[61]">&gt;&gt;</a>&nbsp;&nbsp;&nbsp;AP_RecvStatus
<LI><a href="#[62]">&gt;&gt;</a>&nbsp;&nbsp;&nbsp;AP_RecvMessage
<LI><a href="#[6b]">&gt;&gt;</a>&nbsp;&nbsp;&nbsp;GPIO_Init
<LI><a href="#[6f]">&gt;&gt;</a>&nbsp;&nbsp;&nbsp;AP_SendMessageResponse
<LI><a href="#[63]">&gt;&gt;</a>&nbsp;&nbsp;&nbsp;UART0_OutString
<LI><a href="#[6c]">&gt;&gt;</a>&nbsp;&nbsp;&nbsp;UART0_Init
</UL>
<BR>[Called By]<UL><LI><a href="#[9e]">&gt;&gt;</a>&nbsp;&nbsp;&nbsp;Bluetooth_Init
</UL>

<P><STRONG><a name="[62]"></a>AP_RecvMessage</STRONG> (Thumb, 338 bytes, Stack size 64 bytes, ap.o(i.AP_RecvMessage))
<BR><BR>[Stack]<UL><LI>Max Depth = 72<LI>Call Chain = AP_RecvMessage &rArr; UART1_InChar
</UL>
<BR>[Calls]<UL><LI><a href="#[70]">&gt;&gt;</a>&nbsp;&nbsp;&nbsp;UART1_InChar
</UL>
<BR>[Called By]<UL><LI><a href="#[6f]">&gt;&gt;</a>&nbsp;&nbsp;&nbsp;AP_SendMessageResponse
<LI><a href="#[6a]">&gt;&gt;</a>&nbsp;&nbsp;&nbsp;AP_Init
<LI><a href="#[60]">&gt;&gt;</a>&nbsp;&nbsp;&nbsp;AP_BackgroundProcess
</UL>

<P><STRONG><a name="[61]"></a>AP_RecvStatus</STRONG> (Thumb, 12 bytes, Stack size 0 bytes, ap.o(i.AP_RecvStatus))
<BR><BR>[Called By]<UL><LI><a href="#[6a]">&gt;&gt;</a>&nbsp;&nbsp;&nbsp;AP_Init
<LI><a href="#[60]">&gt;&gt;</a>&nbsp;&nbsp;&nbsp;AP_BackgroundProcess
</UL>

<P><STRONG><a name="[6e]"></a>AP_Reset</STRONG> (Thumb, 50 bytes, Stack size 8 bytes, ap.o(i.AP_Reset))
<BR><BR>[Stack]<UL><LI>Max Depth = 16<LI>Call Chain = AP_Reset &rArr; Clock_Delay1ms
</UL>
<BR>[Calls]<UL><LI><a href="#[71]">&gt;&gt;</a>&nbsp;&nbsp;&nbsp;Clock_Delay1ms
</UL>
<BR>[Called By]<UL><LI><a href="#[6a]">&gt;&gt;</a>&nbsp;&nbsp;&nbsp;AP_Init
</UL>

<P><STRONG><a name="[65]"></a>AP_SendMessage</STRONG> (Thumb, 222 bytes, Stack size 32 bytes, ap.o(i.AP_SendMessage))
<BR><BR>[Stack]<UL><LI>Max Depth = 40<LI>Call Chain = AP_SendMessage &rArr; AP_GetSize
</UL>
<BR>[Calls]<UL><LI><a href="#[72]">&gt;&gt;</a>&nbsp;&nbsp;&nbsp;UART1_OutChar
<LI><a href="#[73]">&gt;&gt;</a>&nbsp;&nbsp;&nbsp;UART1_FinishOutput
<LI><a href="#[67]">&gt;&gt;</a>&nbsp;&nbsp;&nbsp;AP_GetSize
</UL>
<BR>[Called By]<UL><LI><a href="#[6f]">&gt;&gt;</a>&nbsp;&nbsp;&nbsp;AP_SendMessageResponse
<LI><a href="#[60]">&gt;&gt;</a>&nbsp;&nbsp;&nbsp;AP_BackgroundProcess
</UL>

<P><STRONG><a name="[6f]"></a>AP_SendMessageResponse</STRONG> (Thumb, 58 bytes, Stack size 24 bytes, ap.o(i.AP_SendMessageResponse))
<BR><BR>[Stack]<UL><LI>Max Depth = 96<LI>Call Chain = AP_SendMessageResponse &rArr; AP_RecvMessage &rArr; UART1_InChar
</UL>
<BR>[Calls]<UL><LI><a href="#[65]">&gt;&gt;</a>&nbsp;&nbsp;&nbsp;AP_SendMessage
<LI><a href="#[62]">&gt;&gt;</a>&nbsp;&nbsp;&nbsp;AP_RecvMessage
<LI><a href="#[66]">&gt;&gt;</a>&nbsp;&nbsp;&nbsp;AP_EchoSendMessage
<LI><a href="#[64]">&gt;&gt;</a>&nbsp;&nbsp;&nbsp;AP_EchoReceived
</UL>
<BR>[Called By]<UL><LI><a href="#[a6]">&gt;&gt;</a>&nbsp;&nbsp;&nbsp;Lab6_StartAdvertisement
<LI><a href="#[a5]">&gt;&gt;</a>&nbsp;&nbsp;&nbsp;Lab6_RegisterService
<LI><a href="#[a1]">&gt;&gt;</a>&nbsp;&nbsp;&nbsp;Lab6_GetVersion
<LI><a href="#[a0]">&gt;&gt;</a>&nbsp;&nbsp;&nbsp;Lab6_GetStatus
<LI><a href="#[a2]">&gt;&gt;</a>&nbsp;&nbsp;&nbsp;Lab6_AddService
<LI><a href="#[a4]">&gt;&gt;</a>&nbsp;&nbsp;&nbsp;Lab6_AddNotifyCharacteristic
<LI><a href="#[a3]">&gt;&gt;</a>&nbsp;&nbsp;&nbsp;Lab6_AddCharacteristic
<LI><a href="#[74]">&gt;&gt;</a>&nbsp;&nbsp;&nbsp;AP_SendNotification
<LI><a href="#[6a]">&gt;&gt;</a>&nbsp;&nbsp;&nbsp;AP_Init
</UL>

<P><STRONG><a name="[74]"></a>AP_SendNotification</STRONG> (Thumb, 172 bytes, Stack size 32 bytes, ap.o(i.AP_SendNotification))
<BR><BR>[Stack]<UL><LI>Max Depth = 128<LI>Call Chain = AP_SendNotification &rArr; AP_SendMessageResponse &rArr; AP_RecvMessage &rArr; UART1_InChar
</UL>
<BR>[Calls]<UL><LI><a href="#[6f]">&gt;&gt;</a>&nbsp;&nbsp;&nbsp;AP_SendMessageResponse
<LI><a href="#[75]">&gt;&gt;</a>&nbsp;&nbsp;&nbsp;UART0_OutUHex
<LI><a href="#[63]">&gt;&gt;</a>&nbsp;&nbsp;&nbsp;UART0_OutString
</UL>
<BR>[Called By]<UL><LI><a href="#[44]">&gt;&gt;</a>&nbsp;&nbsp;&nbsp;Task7
</UL>

<P><STRONG><a name="[76]"></a>BSP_Accelerometer_Init</STRONG> (Thumb, 86 bytes, Stack size 8 bytes, bsp.o(i.BSP_Accelerometer_Init))
<BR><BR>[Stack]<UL><LI>Max Depth = 8<LI>Call Chain = BSP_Accelerometer_Init
</UL>
<BR>[Calls]<UL><LI><a href="#[77]">&gt;&gt;</a>&nbsp;&nbsp;&nbsp;adcinit
</UL>
<BR>[Called By]<UL><LI><a href="#[f9]">&gt;&gt;</a>&nbsp;&nbsp;&nbsp;Task1_Init
</UL>

<P><STRONG><a name="[f8]"></a>BSP_Accelerometer_Input</STRONG> (Thumb, 132 bytes, Stack size 8 bytes, bsp.o(i.BSP_Accelerometer_Input))
<BR><BR>[Stack]<UL><LI>Max Depth = 8<LI>Call Chain = BSP_Accelerometer_Input
</UL>
<BR>[Called By]<UL><LI><a href="#[f9]">&gt;&gt;</a>&nbsp;&nbsp;&nbsp;Task1_Init
<LI><a href="#[43]">&gt;&gt;</a>&nbsp;&nbsp;&nbsp;Task1
</UL>

<P><STRONG><a name="[106]"></a>BSP_Button1_Init</STRONG> (Thumb, 54 bytes, Stack size 0 bytes, bsp.o(i.BSP_Button1_Init))
<BR><BR>[Called By]<UL><LI><a href="#[55]">&gt;&gt;</a>&nbsp;&nbsp;&nbsp;main
</UL>

<P><STRONG><a name="[fc]"></a>BSP_Button1_Input</STRONG> (Thumb, 6 bytes, Stack size 0 bytes, bsp.o(i.BSP_Button1_Input))
<BR><BR>[Called By]<UL><LI><a href="#[55]">&gt;&gt;</a>&nbsp;&nbsp;&nbsp;main
<LI><a href="#[48]">&gt;&gt;</a>&nbsp;&nbsp;&nbsp;Task3
</UL>

<P><STRONG><a name="[107]"></a>BSP_Button2_Init</STRONG> (Thumb, 54 bytes, Stack size 0 bytes, bsp.o(i.BSP_Button2_Init))
<BR><BR>[Called By]<UL><LI><a href="#[55]">&gt;&gt;</a>&nbsp;&nbsp;&nbsp;main
</UL>

<P><STRONG><a name="[fd]"></a>BSP_Button2_Input</STRONG> (Thumb, 6 bytes, Stack size 0 bytes, bsp.o(i.BSP_Button2_Input))
<BR><BR>[Called By]<UL><LI><a href="#[55]">&gt;&gt;</a>&nbsp;&nbsp;&nbsp;main
<LI><a href="#[48]">&gt;&gt;</a>&nbsp;&nbsp;&nbsp;Task3
</UL>

<P><STRONG><a name="[109]"></a>BSP_Buzzer_Init</STRONG> (Thumb, 132 bytes, Stack size 0 bytes, bsp.o(i.BSP_Buzzer_Init))
<BR><BR>[Called By]<UL><LI><a href="#[55]">&gt;&gt;</a>&nbsp;&nbsp;&nbsp;main
</UL>

<P><STRONG><a name="[aa]"></a>BSP_Buzzer_Set</STRONG> (Thumb, 28 bytes, Stack size 0 bytes, bsp.o(i.BSP_Buzzer_Set))
<BR><BR>[Called By]<UL><LI><a href="#[48]">&gt;&gt;</a>&nbsp;&nbsp;&nbsp;Task3
<LI><a href="#[38]">&gt;&gt;</a>&nbsp;&nbsp;&nbsp;Bluetooth_WritePlotState
</UL>

<P><STRONG><a name="[96]"></a>BSP_Clock_GetFreq</STRONG> (Thumb, 6 bytes, Stack size 0 bytes, bsp.o(i.BSP_Clock_GetFreq))
<BR><BR>[Called By]<UL><LI><a href="#[55]">&gt;&gt;</a>&nbsp;&nbsp;&nbsp;main
<LI><a href="#[94]">&gt;&gt;</a>&nbsp;&nbsp;&nbsp;BSP_PeriodicTask_InitB
</UL>

<P><STRONG><a name="[df]"></a>BSP_Clock_InitFastest</STRONG> (Thumb, 328 bytes, Stack size 0 bytes, bsp.o(i.BSP_Clock_InitFastest))
<BR><BR>[Called By]<UL><LI><a href="#[de]">&gt;&gt;</a>&nbsp;&nbsp;&nbsp;OS_Init
</UL>

<P><STRONG><a name="[78]"></a>BSP_Delay1ms</STRONG> (Thumb, 22 bytes, Stack size 8 bytes, bsp.o(i.BSP_Delay1ms))
<BR><BR>[Stack]<UL><LI>Max Depth = 8<LI>Call Chain = BSP_Delay1ms
</UL>
<BR>[Calls]<UL><LI><a href="#[5b]">&gt;&gt;</a>&nbsp;&nbsp;&nbsp;parrotdelay
</UL>
<BR>[Called By]<UL><LI><a href="#[e5]">&gt;&gt;</a>&nbsp;&nbsp;&nbsp;commonInit
<LI><a href="#[e6]">&gt;&gt;</a>&nbsp;&nbsp;&nbsp;commandList
</UL>

<P><STRONG><a name="[79]"></a>BSP_Joystick_Init</STRONG> (Thumb, 138 bytes, Stack size 8 bytes, bsp.o(i.BSP_Joystick_Init))
<BR><BR>[Stack]<UL><LI>Max Depth = 8<LI>Call Chain = BSP_Joystick_Init
</UL>
<BR>[Calls]<UL><LI><a href="#[77]">&gt;&gt;</a>&nbsp;&nbsp;&nbsp;adcinit
</UL>
<BR>[Called By]<UL><LI><a href="#[ec]">&gt;&gt;</a>&nbsp;&nbsp;&nbsp;TExaS_Init
</UL>

<P><STRONG><a name="[ed]"></a>BSP_Joystick_Input</STRONG> (Thumb, 122 bytes, Stack size 8 bytes, bsp.o(i.BSP_Joystick_Input))
<BR><BR>[Stack]<UL><LI>Max Depth = 8<LI>Call Chain = BSP_Joystick_Input
</UL>
<BR>[Called By]<UL><LI><a href="#[ec]">&gt;&gt;</a>&nbsp;&nbsp;&nbsp;TExaS_Init
</UL>

<P><STRONG><a name="[ff]"></a>BSP_LCD_Color565</STRONG> (Thumb, 24 bytes, Stack size 8 bytes, bsp.o(i.BSP_LCD_Color565))
<BR><BR>[Stack]<UL><LI>Max Depth = 8<LI>Call Chain = BSP_LCD_Color565
</UL>
<BR>[Called By]<UL><LI><a href="#[55]">&gt;&gt;</a>&nbsp;&nbsp;&nbsp;main
<LI><a href="#[46]">&gt;&gt;</a>&nbsp;&nbsp;&nbsp;Task5
</UL>

<P><STRONG><a name="[7a]"></a>BSP_LCD_DrawChar</STRONG> (Thumb, 260 bytes, Stack size 56 bytes, bsp.o(i.BSP_LCD_DrawChar))
<BR><BR>[Stack]<UL><LI>Max Depth = 80<LI>Call Chain = BSP_LCD_DrawChar &rArr; setAddrWindow
</UL>
<BR>[Calls]<UL><LI><a href="#[7b]">&gt;&gt;</a>&nbsp;&nbsp;&nbsp;setAddrWindow
<LI><a href="#[7c]">&gt;&gt;</a>&nbsp;&nbsp;&nbsp;pushColor
</UL>
<BR>[Called By]<UL><LI><a href="#[89]">&gt;&gt;</a>&nbsp;&nbsp;&nbsp;BSP_LCD_OutUFix2_1
<LI><a href="#[87]">&gt;&gt;</a>&nbsp;&nbsp;&nbsp;BSP_LCD_OutUDec4
<LI><a href="#[82]">&gt;&gt;</a>&nbsp;&nbsp;&nbsp;BSP_LCD_Drawaxes
<LI><a href="#[81]">&gt;&gt;</a>&nbsp;&nbsp;&nbsp;BSP_LCD_DrawString
</UL>

<P><STRONG><a name="[7d]"></a>BSP_LCD_DrawFastHLine</STRONG> (Thumb, 116 bytes, Stack size 32 bytes, bsp.o(i.BSP_LCD_DrawFastHLine))
<BR><BR>[Stack]<UL><LI>Max Depth = 56<LI>Call Chain = BSP_LCD_DrawFastHLine &rArr; setAddrWindow
</UL>
<BR>[Calls]<UL><LI><a href="#[7e]">&gt;&gt;</a>&nbsp;&nbsp;&nbsp;writedata
<LI><a href="#[7b]">&gt;&gt;</a>&nbsp;&nbsp;&nbsp;setAddrWindow
</UL>
<BR>[Called By]<UL><LI><a href="#[82]">&gt;&gt;</a>&nbsp;&nbsp;&nbsp;BSP_LCD_Drawaxes
</UL>

<P><STRONG><a name="[7f]"></a>BSP_LCD_DrawFastVLine</STRONG> (Thumb, 116 bytes, Stack size 32 bytes, bsp.o(i.BSP_LCD_DrawFastVLine))
<BR><BR>[Stack]<UL><LI>Max Depth = 56<LI>Call Chain = BSP_LCD_DrawFastVLine &rArr; setAddrWindow
</UL>
<BR>[Calls]<UL><LI><a href="#[7e]">&gt;&gt;</a>&nbsp;&nbsp;&nbsp;writedata
<LI><a href="#[7b]">&gt;&gt;</a>&nbsp;&nbsp;&nbsp;setAddrWindow
</UL>
<BR>[Called By]<UL><LI><a href="#[8b]">&gt;&gt;</a>&nbsp;&nbsp;&nbsp;BSP_LCD_PlotIncrement
<LI><a href="#[82]">&gt;&gt;</a>&nbsp;&nbsp;&nbsp;BSP_LCD_Drawaxes
</UL>

<P><STRONG><a name="[80]"></a>BSP_LCD_DrawPixel</STRONG> (Thumb, 64 bytes, Stack size 24 bytes, bsp.o(i.BSP_LCD_DrawPixel))
<BR><BR>[Stack]<UL><LI>Max Depth = 48<LI>Call Chain = BSP_LCD_DrawPixel &rArr; setAddrWindow
</UL>
<BR>[Calls]<UL><LI><a href="#[7b]">&gt;&gt;</a>&nbsp;&nbsp;&nbsp;setAddrWindow
<LI><a href="#[7c]">&gt;&gt;</a>&nbsp;&nbsp;&nbsp;pushColor
</UL>
<BR>[Called By]<UL><LI><a href="#[8c]">&gt;&gt;</a>&nbsp;&nbsp;&nbsp;BSP_LCD_PlotPoint
<LI><a href="#[82]">&gt;&gt;</a>&nbsp;&nbsp;&nbsp;BSP_LCD_Drawaxes
</UL>

<P><STRONG><a name="[81]"></a>BSP_LCD_DrawString</STRONG> (Thumb, 86 bytes, Stack size 32 bytes, bsp.o(i.BSP_LCD_DrawString))
<BR><BR>[Stack]<UL><LI>Max Depth = 112<LI>Call Chain = BSP_LCD_DrawString &rArr; BSP_LCD_DrawChar &rArr; setAddrWindow
</UL>
<BR>[Calls]<UL><LI><a href="#[7a]">&gt;&gt;</a>&nbsp;&nbsp;&nbsp;BSP_LCD_DrawChar
</UL>
<BR>[Called By]<UL><LI><a href="#[46]">&gt;&gt;</a>&nbsp;&nbsp;&nbsp;Task5
<LI><a href="#[89]">&gt;&gt;</a>&nbsp;&nbsp;&nbsp;BSP_LCD_OutUFix2_1
<LI><a href="#[87]">&gt;&gt;</a>&nbsp;&nbsp;&nbsp;BSP_LCD_OutUDec4
</UL>

<P><STRONG><a name="[82]"></a>BSP_LCD_Drawaxes</STRONG> (Thumb, 272 bytes, Stack size 48 bytes, bsp.o(i.BSP_LCD_Drawaxes))
<BR><BR>[Stack]<UL><LI>Max Depth = 128<LI>Call Chain = BSP_LCD_Drawaxes &rArr; BSP_LCD_DrawChar &rArr; setAddrWindow
</UL>
<BR>[Calls]<UL><LI><a href="#[83]">&gt;&gt;</a>&nbsp;&nbsp;&nbsp;BSP_LCD_FillRect
<LI><a href="#[80]">&gt;&gt;</a>&nbsp;&nbsp;&nbsp;BSP_LCD_DrawPixel
<LI><a href="#[7f]">&gt;&gt;</a>&nbsp;&nbsp;&nbsp;BSP_LCD_DrawFastVLine
<LI><a href="#[7d]">&gt;&gt;</a>&nbsp;&nbsp;&nbsp;BSP_LCD_DrawFastHLine
<LI><a href="#[7a]">&gt;&gt;</a>&nbsp;&nbsp;&nbsp;BSP_LCD_DrawChar
</UL>
<BR>[Called By]<UL><LI><a href="#[fb]">&gt;&gt;</a>&nbsp;&nbsp;&nbsp;drawaxes
</UL>

<P><STRONG><a name="[83]"></a>BSP_LCD_FillRect</STRONG> (Thumb, 164 bytes, Stack size 32 bytes, bsp.o(i.BSP_LCD_FillRect))
<BR><BR>[Stack]<UL><LI>Max Depth = 56<LI>Call Chain = BSP_LCD_FillRect &rArr; setAddrWindow
</UL>
<BR>[Calls]<UL><LI><a href="#[7e]">&gt;&gt;</a>&nbsp;&nbsp;&nbsp;writedata
<LI><a href="#[7b]">&gt;&gt;</a>&nbsp;&nbsp;&nbsp;setAddrWindow
</UL>
<BR>[Called By]<UL><LI><a href="#[84]">&gt;&gt;</a>&nbsp;&nbsp;&nbsp;BSP_LCD_FillScreen
<LI><a href="#[82]">&gt;&gt;</a>&nbsp;&nbsp;&nbsp;BSP_LCD_Drawaxes
</UL>

<P><STRONG><a name="[84]"></a>BSP_LCD_FillScreen</STRONG> (Thumb, 28 bytes, Stack size 16 bytes, bsp.o(i.BSP_LCD_FillScreen))
<BR><BR>[Stack]<UL><LI>Max Depth = 72<LI>Call Chain = BSP_LCD_FillScreen &rArr; BSP_LCD_FillRect &rArr; setAddrWindow
</UL>
<BR>[Calls]<UL><LI><a href="#[83]">&gt;&gt;</a>&nbsp;&nbsp;&nbsp;BSP_LCD_FillRect
</UL>
<BR>[Called By]<UL><LI><a href="#[55]">&gt;&gt;</a>&nbsp;&nbsp;&nbsp;main
<LI><a href="#[86]">&gt;&gt;</a>&nbsp;&nbsp;&nbsp;ST7735_InitR
</UL>

<P><STRONG><a name="[85]"></a>BSP_LCD_Init</STRONG> (Thumb, 10 bytes, Stack size 8 bytes, bsp.o(i.BSP_LCD_Init))
<BR><BR>[Stack]<UL><LI>Max Depth = 88<LI>Call Chain = BSP_LCD_Init &rArr; ST7735_InitR &rArr; BSP_LCD_FillScreen &rArr; BSP_LCD_FillRect &rArr; setAddrWindow
</UL>
<BR>[Calls]<UL><LI><a href="#[86]">&gt;&gt;</a>&nbsp;&nbsp;&nbsp;ST7735_InitR
</UL>
<BR>[Called By]<UL><LI><a href="#[55]">&gt;&gt;</a>&nbsp;&nbsp;&nbsp;main
</UL>

<P><STRONG><a name="[87]"></a>BSP_LCD_OutUDec4</STRONG> (Thumb, 116 bytes, Stack size 24 bytes, bsp.o(i.BSP_LCD_OutUDec4))
<BR><BR>[Stack]<UL><LI>Max Depth = 136<LI>Call Chain = BSP_LCD_OutUDec4 &rArr; BSP_LCD_DrawString &rArr; BSP_LCD_DrawChar &rArr; setAddrWindow
</UL>
<BR>[Calls]<UL><LI><a href="#[81]">&gt;&gt;</a>&nbsp;&nbsp;&nbsp;BSP_LCD_DrawString
<LI><a href="#[7a]">&gt;&gt;</a>&nbsp;&nbsp;&nbsp;BSP_LCD_DrawChar
<LI><a href="#[88]">&gt;&gt;</a>&nbsp;&nbsp;&nbsp;fillmessage4
</UL>
<BR>[Called By]<UL><LI><a href="#[46]">&gt;&gt;</a>&nbsp;&nbsp;&nbsp;Task5
</UL>

<P><STRONG><a name="[89]"></a>BSP_LCD_OutUFix2_1</STRONG> (Thumb, 96 bytes, Stack size 24 bytes, bsp.o(i.BSP_LCD_OutUFix2_1))
<BR><BR>[Stack]<UL><LI>Max Depth = 136<LI>Call Chain = BSP_LCD_OutUFix2_1 &rArr; BSP_LCD_DrawString &rArr; BSP_LCD_DrawChar &rArr; setAddrWindow
</UL>
<BR>[Calls]<UL><LI><a href="#[81]">&gt;&gt;</a>&nbsp;&nbsp;&nbsp;BSP_LCD_DrawString
<LI><a href="#[7a]">&gt;&gt;</a>&nbsp;&nbsp;&nbsp;BSP_LCD_DrawChar
<LI><a href="#[8a]">&gt;&gt;</a>&nbsp;&nbsp;&nbsp;fillmessage2_1
</UL>
<BR>[Called By]<UL><LI><a href="#[46]">&gt;&gt;</a>&nbsp;&nbsp;&nbsp;Task5
</UL>

<P><STRONG><a name="[8b]"></a>BSP_LCD_PlotIncrement</STRONG> (Thumb, 46 bytes, Stack size 8 bytes, bsp.o(i.BSP_LCD_PlotIncrement))
<BR><BR>[Stack]<UL><LI>Max Depth = 64<LI>Call Chain = BSP_LCD_PlotIncrement &rArr; BSP_LCD_DrawFastVLine &rArr; setAddrWindow
</UL>
<BR>[Calls]<UL><LI><a href="#[7f]">&gt;&gt;</a>&nbsp;&nbsp;&nbsp;BSP_LCD_DrawFastVLine
</UL>
<BR>[Called By]<UL><LI><a href="#[49]">&gt;&gt;</a>&nbsp;&nbsp;&nbsp;Task2
</UL>

<P><STRONG><a name="[8c]"></a>BSP_LCD_PlotPoint</STRONG> (Thumb, 86 bytes, Stack size 16 bytes, bsp.o(i.BSP_LCD_PlotPoint))
<BR><BR>[Stack]<UL><LI>Max Depth = 64<LI>Call Chain = BSP_LCD_PlotPoint &rArr; BSP_LCD_DrawPixel &rArr; setAddrWindow
</UL>
<BR>[Calls]<UL><LI><a href="#[80]">&gt;&gt;</a>&nbsp;&nbsp;&nbsp;BSP_LCD_DrawPixel
</UL>
<BR>[Called By]<UL><LI><a href="#[49]">&gt;&gt;</a>&nbsp;&nbsp;&nbsp;Task2
</UL>

<P><STRONG><a name="[e8]"></a>BSP_LCD_SetCursor</STRONG> (Thumb, 22 bytes, Stack size 0 bytes, bsp.o(i.BSP_LCD_SetCursor))
<BR><BR>[Called By]<UL><LI><a href="#[46]">&gt;&gt;</a>&nbsp;&nbsp;&nbsp;Task5
<LI><a href="#[86]">&gt;&gt;</a>&nbsp;&nbsp;&nbsp;ST7735_InitR
</UL>

<P><STRONG><a name="[8d]"></a>BSP_LightSensor_End</STRONG> (Thumb, 58 bytes, Stack size 16 bytes, bsp.o(i.BSP_LightSensor_End))
<BR><BR>[Stack]<UL><LI>Max Depth = 56<LI>Call Chain = BSP_LightSensor_End &rArr; lightsensorend &rArr; I2C_Send3
</UL>
<BR>[Calls]<UL><LI><a href="#[8e]">&gt;&gt;</a>&nbsp;&nbsp;&nbsp;lightsensorstart
<LI><a href="#[8f]">&gt;&gt;</a>&nbsp;&nbsp;&nbsp;lightsensorend
</UL>
<BR>[Called By]<UL><LI><a href="#[45]">&gt;&gt;</a>&nbsp;&nbsp;&nbsp;Task6
</UL>

<P><STRONG><a name="[90]"></a>BSP_LightSensor_Init</STRONG> (Thumb, 60 bytes, Stack size 8 bytes, bsp.o(i.BSP_LightSensor_Init))
<BR><BR>[Stack]<UL><LI>Max Depth = 8<LI>Call Chain = BSP_LightSensor_Init
</UL>
<BR>[Calls]<UL><LI><a href="#[91]">&gt;&gt;</a>&nbsp;&nbsp;&nbsp;i2cinit
</UL>
<BR>[Called By]<UL><LI><a href="#[55]">&gt;&gt;</a>&nbsp;&nbsp;&nbsp;main
</UL>

<P><STRONG><a name="[92]"></a>BSP_LightSensor_Start</STRONG> (Thumb, 22 bytes, Stack size 8 bytes, bsp.o(i.BSP_LightSensor_Start))
<BR><BR>[Stack]<UL><LI>Max Depth = 40<LI>Call Chain = BSP_LightSensor_Start &rArr; lightsensorstart &rArr; I2C_Send3
</UL>
<BR>[Calls]<UL><LI><a href="#[8e]">&gt;&gt;</a>&nbsp;&nbsp;&nbsp;lightsensorstart
</UL>
<BR>[Called By]<UL><LI><a href="#[45]">&gt;&gt;</a>&nbsp;&nbsp;&nbsp;Task6
</UL>

<P><STRONG><a name="[93]"></a>BSP_Microphone_Init</STRONG> (Thumb, 50 bytes, Stack size 8 bytes, bsp.o(i.BSP_Microphone_Init))
<BR><BR>[Stack]<UL><LI>Max Depth = 8<LI>Call Chain = BSP_Microphone_Init
</UL>
<BR>[Calls]<UL><LI><a href="#[77]">&gt;&gt;</a>&nbsp;&nbsp;&nbsp;adcinit
</UL>
<BR>[Called By]<UL><LI><a href="#[f7]">&gt;&gt;</a>&nbsp;&nbsp;&nbsp;Task0_Init
</UL>

<P><STRONG><a name="[f6]"></a>BSP_Microphone_Input</STRONG> (Thumb, 106 bytes, Stack size 0 bytes, bsp.o(i.BSP_Microphone_Input))
<BR><BR>[Called By]<UL><LI><a href="#[42]">&gt;&gt;</a>&nbsp;&nbsp;&nbsp;Task0
</UL>

<P><STRONG><a name="[94]"></a>BSP_PeriodicTask_InitB</STRONG> (Thumb, 144 bytes, Stack size 24 bytes, bsp.o(i.BSP_PeriodicTask_InitB))
<BR><BR>[Stack]<UL><LI>Max Depth = 24<LI>Call Chain = BSP_PeriodicTask_InitB
</UL>
<BR>[Calls]<UL><LI><a href="#[95]">&gt;&gt;</a>&nbsp;&nbsp;&nbsp;StartCritical
<LI><a href="#[97]">&gt;&gt;</a>&nbsp;&nbsp;&nbsp;EndCritical
<LI><a href="#[96]">&gt;&gt;</a>&nbsp;&nbsp;&nbsp;BSP_Clock_GetFreq
</UL>
<BR>[Called By]<UL><LI><a href="#[de]">&gt;&gt;</a>&nbsp;&nbsp;&nbsp;OS_Init
</UL>

<P><STRONG><a name="[108]"></a>BSP_RGB_Init</STRONG> (Thumb, 274 bytes, Stack size 8 bytes, bsp.o(i.BSP_RGB_Init))
<BR><BR>[Stack]<UL><LI>Max Depth = 8<LI>Call Chain = BSP_RGB_Init
</UL>
<BR>[Called By]<UL><LI><a href="#[55]">&gt;&gt;</a>&nbsp;&nbsp;&nbsp;main
</UL>

<P><STRONG><a name="[fe]"></a>BSP_RGB_Set</STRONG> (Thumb, 68 bytes, Stack size 8 bytes, bsp.o(i.BSP_RGB_Set))
<BR><BR>[Stack]<UL><LI>Max Depth = 8<LI>Call Chain = BSP_RGB_Set
</UL>
<BR>[Called By]<UL><LI><a href="#[48]">&gt;&gt;</a>&nbsp;&nbsp;&nbsp;Task3
</UL>

<P><STRONG><a name="[98]"></a>BSP_TempSensor_End</STRONG> (Thumb, 68 bytes, Stack size 24 bytes, bsp.o(i.BSP_TempSensor_End))
<BR><BR>[Stack]<UL><LI>Max Depth = 64<LI>Call Chain = BSP_TempSensor_End &rArr; tempsensorend &rArr; I2C_Send1
</UL>
<BR>[Calls]<UL><LI><a href="#[99]">&gt;&gt;</a>&nbsp;&nbsp;&nbsp;tempsensorstart
<LI><a href="#[9a]">&gt;&gt;</a>&nbsp;&nbsp;&nbsp;tempsensorend
</UL>
<BR>[Called By]<UL><LI><a href="#[47]">&gt;&gt;</a>&nbsp;&nbsp;&nbsp;Task4
</UL>

<P><STRONG><a name="[9b]"></a>BSP_TempSensor_Init</STRONG> (Thumb, 60 bytes, Stack size 8 bytes, bsp.o(i.BSP_TempSensor_Init))
<BR><BR>[Stack]<UL><LI>Max Depth = 8<LI>Call Chain = BSP_TempSensor_Init
</UL>
<BR>[Calls]<UL><LI><a href="#[91]">&gt;&gt;</a>&nbsp;&nbsp;&nbsp;i2cinit
</UL>
<BR>[Called By]<UL><LI><a href="#[55]">&gt;&gt;</a>&nbsp;&nbsp;&nbsp;main
</UL>

<P><STRONG><a name="[9c]"></a>BSP_TempSensor_Start</STRONG> (Thumb, 22 bytes, Stack size 8 bytes, bsp.o(i.BSP_TempSensor_Start))
<BR><BR>[Stack]<UL><LI>Max Depth = 40<LI>Call Chain = BSP_TempSensor_Start &rArr; tempsensorstart &rArr; I2C_Send3
</UL>
<BR>[Calls]<UL><LI><a href="#[99]">&gt;&gt;</a>&nbsp;&nbsp;&nbsp;tempsensorstart
</UL>
<BR>[Called By]<UL><LI><a href="#[47]">&gt;&gt;</a>&nbsp;&nbsp;&nbsp;Task4
</UL>

<P><STRONG><a name="[ef]"></a>BSP_Time_Get</STRONG> (Thumb, 16 bytes, Stack size 0 bytes, bsp.o(i.BSP_Time_Get))
<BR><BR>[Called By]<UL><LI><a href="#[f5]">&gt;&gt;</a>&nbsp;&nbsp;&nbsp;TExaS_Task6
<LI><a href="#[f4]">&gt;&gt;</a>&nbsp;&nbsp;&nbsp;TExaS_Task5
<LI><a href="#[f3]">&gt;&gt;</a>&nbsp;&nbsp;&nbsp;TExaS_Task4
<LI><a href="#[f2]">&gt;&gt;</a>&nbsp;&nbsp;&nbsp;TExaS_Task3
<LI><a href="#[f1]">&gt;&gt;</a>&nbsp;&nbsp;&nbsp;TExaS_Task2
<LI><a href="#[f0]">&gt;&gt;</a>&nbsp;&nbsp;&nbsp;TExaS_Task1
<LI><a href="#[ee]">&gt;&gt;</a>&nbsp;&nbsp;&nbsp;TExaS_Task0
</UL>

<P><STRONG><a name="[9d]"></a>BSP_Time_Init</STRONG> (Thumb, 32 bytes, Stack size 8 bytes, bsp.o(i.BSP_Time_Init))
<BR><BR>[Stack]<UL><LI>Max Depth = 8<LI>Call Chain = BSP_Time_Init
</UL>
<BR>[Calls]<UL><LI><a href="#[95]">&gt;&gt;</a>&nbsp;&nbsp;&nbsp;StartCritical
<LI><a href="#[97]">&gt;&gt;</a>&nbsp;&nbsp;&nbsp;EndCritical
</UL>
<BR>[Called By]<UL><LI><a href="#[ec]">&gt;&gt;</a>&nbsp;&nbsp;&nbsp;TExaS_Init
</UL>

<P><STRONG><a name="[9e]"></a>Bluetooth_Init</STRONG> (Thumb, 254 bytes, Stack size 24 bytes, lab6.o(i.Bluetooth_Init))
<BR><BR>[Stack]<UL><LI>Max Depth = 192<LI>Call Chain = Bluetooth_Init &rArr; Lab6_AddCharacteristic &rArr; AP_SendMessageResponse &rArr; AP_RecvMessage &rArr; UART1_InChar
</UL>
<BR>[Calls]<UL><LI><a href="#[63]">&gt;&gt;</a>&nbsp;&nbsp;&nbsp;UART0_OutString
<LI><a href="#[a6]">&gt;&gt;</a>&nbsp;&nbsp;&nbsp;Lab6_StartAdvertisement
<LI><a href="#[a5]">&gt;&gt;</a>&nbsp;&nbsp;&nbsp;Lab6_RegisterService
<LI><a href="#[a1]">&gt;&gt;</a>&nbsp;&nbsp;&nbsp;Lab6_GetVersion
<LI><a href="#[a0]">&gt;&gt;</a>&nbsp;&nbsp;&nbsp;Lab6_GetStatus
<LI><a href="#[a2]">&gt;&gt;</a>&nbsp;&nbsp;&nbsp;Lab6_AddService
<LI><a href="#[a4]">&gt;&gt;</a>&nbsp;&nbsp;&nbsp;Lab6_AddNotifyCharacteristic
<LI><a href="#[a3]">&gt;&gt;</a>&nbsp;&nbsp;&nbsp;Lab6_AddCharacteristic
<LI><a href="#[6a]">&gt;&gt;</a>&nbsp;&nbsp;&nbsp;AP_Init
<LI><a href="#[9f]">&gt;&gt;</a>&nbsp;&nbsp;&nbsp;EnableInterrupts
<LI><a href="#[a7]">&gt;&gt;</a>&nbsp;&nbsp;&nbsp;DisableInterrupts
</UL>
<BR>[Called By]<UL><LI><a href="#[55]">&gt;&gt;</a>&nbsp;&nbsp;&nbsp;main
</UL>

<P><STRONG><a name="[3d]"></a>Bluetooth_ReadLight</STRONG> (Thumb, 14 bytes, Stack size 8 bytes, lab6.o(i.Bluetooth_ReadLight))
<BR><BR>[Stack]<UL><LI>Max Depth = 32<LI>Call Chain = Bluetooth_ReadLight &rArr; OutValue &rArr; UART0_OutUHex &rArr;  UART0_OutUHex (Cycle)
</UL>
<BR>[Calls]<UL><LI><a href="#[a8]">&gt;&gt;</a>&nbsp;&nbsp;&nbsp;OutValue
</UL>
<BR>[Address Reference Count : 1]<UL><LI> lab6.o(i.Bluetooth_Init)
</UL>
<P><STRONG><a name="[39]"></a>Bluetooth_ReadPlotState</STRONG> (Thumb, 14 bytes, Stack size 8 bytes, lab6.o(i.Bluetooth_ReadPlotState))
<BR><BR>[Stack]<UL><LI>Max Depth = 32<LI>Call Chain = Bluetooth_ReadPlotState &rArr; OutValue &rArr; UART0_OutUHex &rArr;  UART0_OutUHex (Cycle)
</UL>
<BR>[Calls]<UL><LI><a href="#[a8]">&gt;&gt;</a>&nbsp;&nbsp;&nbsp;OutValue
</UL>
<BR>[Address Reference Count : 1]<UL><LI> lab6.o(i.Bluetooth_Init)
</UL>
<P><STRONG><a name="[3b]"></a>Bluetooth_ReadSound</STRONG> (Thumb, 14 bytes, Stack size 8 bytes, lab6.o(i.Bluetooth_ReadSound))
<BR><BR>[Stack]<UL><LI>Max Depth = 32<LI>Call Chain = Bluetooth_ReadSound &rArr; OutValue &rArr; UART0_OutUHex &rArr;  UART0_OutUHex (Cycle)
</UL>
<BR>[Calls]<UL><LI><a href="#[a8]">&gt;&gt;</a>&nbsp;&nbsp;&nbsp;OutValue
</UL>
<BR>[Address Reference Count : 1]<UL><LI> lab6.o(i.Bluetooth_Init)
</UL>
<P><STRONG><a name="[3c]"></a>Bluetooth_ReadTemperature</STRONG> (Thumb, 30 bytes, Stack size 8 bytes, lab6.o(i.Bluetooth_ReadTemperature))
<BR><BR>[Stack]<UL><LI>Max Depth = 32<LI>Call Chain = Bluetooth_ReadTemperature &rArr; OutValue &rArr; UART0_OutUHex &rArr;  UART0_OutUHex (Cycle)
</UL>
<BR>[Calls]<UL><LI><a href="#[a8]">&gt;&gt;</a>&nbsp;&nbsp;&nbsp;OutValue
</UL>
<BR>[Address Reference Count : 1]<UL><LI> lab6.o(i.Bluetooth_Init)
</UL>
<P><STRONG><a name="[3a]"></a>Bluetooth_ReadTime</STRONG> (Thumb, 14 bytes, Stack size 8 bytes, lab6.o(i.Bluetooth_ReadTime))
<BR><BR>[Stack]<UL><LI>Max Depth = 32<LI>Call Chain = Bluetooth_ReadTime &rArr; OutValue &rArr; UART0_OutUHex &rArr;  UART0_OutUHex (Cycle)
</UL>
<BR>[Calls]<UL><LI><a href="#[a8]">&gt;&gt;</a>&nbsp;&nbsp;&nbsp;OutValue
</UL>
<BR>[Address Reference Count : 1]<UL><LI> lab6.o(i.Bluetooth_Init)
</UL>
<P><STRONG><a name="[3f]"></a>Bluetooth_Steps</STRONG> (Thumb, 20 bytes, Stack size 8 bytes, lab6.o(i.Bluetooth_Steps))
<BR><BR>[Stack]<UL><LI>Max Depth = 32<LI>Call Chain = Bluetooth_Steps &rArr; OutValue &rArr; UART0_OutUHex &rArr;  UART0_OutUHex (Cycle)
</UL>
<BR>[Calls]<UL><LI><a href="#[a9]">&gt;&gt;</a>&nbsp;&nbsp;&nbsp;AP_GetNotifyCCCD
<LI><a href="#[a8]">&gt;&gt;</a>&nbsp;&nbsp;&nbsp;OutValue
</UL>
<BR>[Address Reference Count : 1]<UL><LI> lab6.o(i.Bluetooth_Init)
</UL>
<P><STRONG><a name="[38]"></a>Bluetooth_WritePlotState</STRONG> (Thumb, 42 bytes, Stack size 8 bytes, lab6.o(i.Bluetooth_WritePlotState))
<BR><BR>[Stack]<UL><LI>Max Depth = 32<LI>Call Chain = Bluetooth_WritePlotState &rArr; OutValue &rArr; UART0_OutUHex &rArr;  UART0_OutUHex (Cycle)
</UL>
<BR>[Calls]<UL><LI><a href="#[a8]">&gt;&gt;</a>&nbsp;&nbsp;&nbsp;OutValue
<LI><a href="#[aa]">&gt;&gt;</a>&nbsp;&nbsp;&nbsp;BSP_Buzzer_Set
</UL>
<BR>[Address Reference Count : 1]<UL><LI> lab6.o(i.Bluetooth_Init)
</UL>
<P><STRONG><a name="[ab]"></a>BuildAddCharDescriptorMsg</STRONG> (Thumb, 126 bytes, Stack size 24 bytes, ap_lab6.o(i.BuildAddCharDescriptorMsg))
<BR><BR>[Stack]<UL><LI>Max Depth = 36<LI>Call Chain = BuildAddCharDescriptorMsg &rArr; SetFCS
</UL>
<BR>[Calls]<UL><LI><a href="#[ad]">&gt;&gt;</a>&nbsp;&nbsp;&nbsp;SetFCS
<LI><a href="#[ac]">&gt;&gt;</a>&nbsp;&nbsp;&nbsp;strlen
</UL>
<BR>[Called By]<UL><LI><a href="#[c8]">&gt;&gt;</a>&nbsp;&nbsp;&nbsp;Lab6GradeAddCharDescriptorMsg
<LI><a href="#[a3]">&gt;&gt;</a>&nbsp;&nbsp;&nbsp;Lab6_AddCharacteristic
</UL>

<P><STRONG><a name="[ae]"></a>BuildAddCharValueMsg</STRONG> (Thumb, 94 bytes, Stack size 24 bytes, ap_lab6.o(i.BuildAddCharValueMsg))
<BR><BR>[Stack]<UL><LI>Max Depth = 36<LI>Call Chain = BuildAddCharValueMsg &rArr; SetFCS
</UL>
<BR>[Calls]<UL><LI><a href="#[ad]">&gt;&gt;</a>&nbsp;&nbsp;&nbsp;SetFCS
</UL>
<BR>[Called By]<UL><LI><a href="#[ca]">&gt;&gt;</a>&nbsp;&nbsp;&nbsp;Lab6GradeAddCharValueMsg
<LI><a href="#[a4]">&gt;&gt;</a>&nbsp;&nbsp;&nbsp;Lab6_AddNotifyCharacteristic
<LI><a href="#[a3]">&gt;&gt;</a>&nbsp;&nbsp;&nbsp;Lab6_AddCharacteristic
</UL>

<P><STRONG><a name="[af]"></a>BuildAddNotifyCharDescriptorMsg</STRONG> (Thumb, 132 bytes, Stack size 24 bytes, ap_lab6.o(i.BuildAddNotifyCharDescriptorMsg))
<BR><BR>[Stack]<UL><LI>Max Depth = 36<LI>Call Chain = BuildAddNotifyCharDescriptorMsg &rArr; SetFCS
</UL>
<BR>[Calls]<UL><LI><a href="#[ad]">&gt;&gt;</a>&nbsp;&nbsp;&nbsp;SetFCS
<LI><a href="#[ac]">&gt;&gt;</a>&nbsp;&nbsp;&nbsp;strlen
</UL>
<BR>[Called By]<UL><LI><a href="#[cc]">&gt;&gt;</a>&nbsp;&nbsp;&nbsp;Lab6GradeAddNotifyCharDescriptorMsg
<LI><a href="#[a4]">&gt;&gt;</a>&nbsp;&nbsp;&nbsp;Lab6_AddNotifyCharacteristic
</UL>

<P><STRONG><a name="[b0]"></a>BuildAddServiceMsg</STRONG> (Thumb, 62 bytes, Stack size 16 bytes, ap_lab6.o(i.BuildAddServiceMsg))
<BR><BR>[Stack]<UL><LI>Max Depth = 28<LI>Call Chain = BuildAddServiceMsg &rArr; SetFCS
</UL>
<BR>[Calls]<UL><LI><a href="#[ad]">&gt;&gt;</a>&nbsp;&nbsp;&nbsp;SetFCS
</UL>
<BR>[Called By]<UL><LI><a href="#[cd]">&gt;&gt;</a>&nbsp;&nbsp;&nbsp;Lab6GradeAddServiceMsg
<LI><a href="#[a2]">&gt;&gt;</a>&nbsp;&nbsp;&nbsp;Lab6_AddService
</UL>

<P><STRONG><a name="[b1]"></a>BuildGetStatusMsg</STRONG> (Thumb, 42 bytes, Stack size 12 bytes, ap_lab6.o(i.BuildGetStatusMsg))
<BR><BR>[Stack]<UL><LI>Max Depth = 24<LI>Call Chain = BuildGetStatusMsg &rArr; SetFCS
</UL>
<BR>[Calls]<UL><LI><a href="#[ad]">&gt;&gt;</a>&nbsp;&nbsp;&nbsp;SetFCS
</UL>
<BR>[Called By]<UL><LI><a href="#[ce]">&gt;&gt;</a>&nbsp;&nbsp;&nbsp;Lab6GradeGetStatusMsg
<LI><a href="#[a0]">&gt;&gt;</a>&nbsp;&nbsp;&nbsp;Lab6_GetStatus
</UL>

<P><STRONG><a name="[b2]"></a>BuildGetVersionMsg</STRONG> (Thumb, 42 bytes, Stack size 12 bytes, ap_lab6.o(i.BuildGetVersionMsg))
<BR><BR>[Stack]<UL><LI>Max Depth = 24<LI>Call Chain = BuildGetVersionMsg &rArr; SetFCS
</UL>
<BR>[Calls]<UL><LI><a href="#[ad]">&gt;&gt;</a>&nbsp;&nbsp;&nbsp;SetFCS
</UL>
<BR>[Called By]<UL><LI><a href="#[cf]">&gt;&gt;</a>&nbsp;&nbsp;&nbsp;Lab6GradeGetVersionMsg
<LI><a href="#[a1]">&gt;&gt;</a>&nbsp;&nbsp;&nbsp;Lab6_GetVersion
</UL>

<P><STRONG><a name="[b3]"></a>BuildRegisterServiceMsg</STRONG> (Thumb, 42 bytes, Stack size 12 bytes, ap_lab6.o(i.BuildRegisterServiceMsg))
<BR><BR>[Stack]<UL><LI>Max Depth = 24<LI>Call Chain = BuildRegisterServiceMsg &rArr; SetFCS
</UL>
<BR>[Calls]<UL><LI><a href="#[ad]">&gt;&gt;</a>&nbsp;&nbsp;&nbsp;SetFCS
</UL>
<BR>[Called By]<UL><LI><a href="#[d0]">&gt;&gt;</a>&nbsp;&nbsp;&nbsp;Lab6GradeRegisterServiceMsg
<LI><a href="#[a5]">&gt;&gt;</a>&nbsp;&nbsp;&nbsp;Lab6_RegisterService
</UL>

<P><STRONG><a name="[b4]"></a>BuildSetAdvertisementData1Msg</STRONG> (Thumb, 106 bytes, Stack size 12 bytes, ap_lab6.o(i.BuildSetAdvertisementData1Msg))
<BR><BR>[Stack]<UL><LI>Max Depth = 24<LI>Call Chain = BuildSetAdvertisementData1Msg &rArr; SetFCS
</UL>
<BR>[Calls]<UL><LI><a href="#[ad]">&gt;&gt;</a>&nbsp;&nbsp;&nbsp;SetFCS
</UL>
<BR>[Called By]<UL><LI><a href="#[d1]">&gt;&gt;</a>&nbsp;&nbsp;&nbsp;Lab6GradeSetAdvertisementData1Msg
<LI><a href="#[a6]">&gt;&gt;</a>&nbsp;&nbsp;&nbsp;Lab6_StartAdvertisement
</UL>

<P><STRONG><a name="[b5]"></a>BuildSetAdvertisementDataMsg</STRONG> (Thumb, 154 bytes, Stack size 24 bytes, ap_lab6.o(i.BuildSetAdvertisementDataMsg))
<BR><BR>[Stack]<UL><LI>Max Depth = 36<LI>Call Chain = BuildSetAdvertisementDataMsg &rArr; SetFCS
</UL>
<BR>[Calls]<UL><LI><a href="#[ad]">&gt;&gt;</a>&nbsp;&nbsp;&nbsp;SetFCS
<LI><a href="#[ac]">&gt;&gt;</a>&nbsp;&nbsp;&nbsp;strlen
</UL>
<BR>[Called By]<UL><LI><a href="#[d2]">&gt;&gt;</a>&nbsp;&nbsp;&nbsp;Lab6GradeSetAdvertisementDataMsg
<LI><a href="#[a6]">&gt;&gt;</a>&nbsp;&nbsp;&nbsp;Lab6_StartAdvertisement
</UL>

<P><STRONG><a name="[b6]"></a>BuildSetDeviceNameMsg</STRONG> (Thumb, 94 bytes, Stack size 24 bytes, ap_lab6.o(i.BuildSetDeviceNameMsg))
<BR><BR>[Stack]<UL><LI>Max Depth = 36<LI>Call Chain = BuildSetDeviceNameMsg &rArr; SetFCS
</UL>
<BR>[Calls]<UL><LI><a href="#[ad]">&gt;&gt;</a>&nbsp;&nbsp;&nbsp;SetFCS
<LI><a href="#[ac]">&gt;&gt;</a>&nbsp;&nbsp;&nbsp;strlen
</UL>
<BR>[Called By]<UL><LI><a href="#[d3]">&gt;&gt;</a>&nbsp;&nbsp;&nbsp;Lab6GradeSetDeviceNameMsg
<LI><a href="#[a6]">&gt;&gt;</a>&nbsp;&nbsp;&nbsp;Lab6_StartAdvertisement
</UL>

<P><STRONG><a name="[b7]"></a>BuildStartAdvertisementMsg</STRONG> (Thumb, 112 bytes, Stack size 16 bytes, ap_lab6.o(i.BuildStartAdvertisementMsg))
<BR><BR>[Stack]<UL><LI>Max Depth = 28<LI>Call Chain = BuildStartAdvertisementMsg &rArr; SetFCS
</UL>
<BR>[Calls]<UL><LI><a href="#[ad]">&gt;&gt;</a>&nbsp;&nbsp;&nbsp;SetFCS
</UL>
<BR>[Called By]<UL><LI><a href="#[d4]">&gt;&gt;</a>&nbsp;&nbsp;&nbsp;Lab6GradeStartAdvertisementMsg
<LI><a href="#[a6]">&gt;&gt;</a>&nbsp;&nbsp;&nbsp;Lab6_StartAdvertisement
</UL>

<P><STRONG><a name="[71]"></a>Clock_Delay1ms</STRONG> (Thumb, 22 bytes, Stack size 8 bytes, cortexm.o(i.Clock_Delay1ms))
<BR><BR>[Stack]<UL><LI>Max Depth = 8<LI>Call Chain = Clock_Delay1ms
</UL>
<BR>[Calls]<UL><LI><a href="#[5c]">&gt;&gt;</a>&nbsp;&nbsp;&nbsp;delay
</UL>
<BR>[Called By]<UL><LI><a href="#[6e]">&gt;&gt;</a>&nbsp;&nbsp;&nbsp;AP_Reset
</UL>

<P><STRONG><a name="[1f]"></a>EUSCIA2_IRQHandler</STRONG> (Thumb, 26 bytes, Stack size 4 bytes, uart1.o(i.EUSCIA2_IRQHandler))
<BR><BR>[Stack]<UL><LI>Max Depth = 4<LI>Call Chain = EUSCIA2_IRQHandler
</UL>
<BR>[Calls]<UL><LI><a href="#[b8]">&gt;&gt;</a>&nbsp;&nbsp;&nbsp;RxFifo_Put
</UL>
<BR>[Address Reference Count : 1]<UL><LI> startup_msp432p401r_uvision.o(RESET)
</UL>
<P><STRONG><a name="[6b]"></a>GPIO_Init</STRONG> (Thumb, 202 bytes, Stack size 0 bytes, gpio.o(i.GPIO_Init))
<BR><BR>[Called By]<UL><LI><a href="#[6a]">&gt;&gt;</a>&nbsp;&nbsp;&nbsp;AP_Init
</UL>

<P><STRONG><a name="[c9]"></a>Lab6OutCheck</STRONG> (Thumb, 122 bytes, Stack size 24 bytes, texas.o(i.Lab6OutCheck))
<BR><BR>[Stack]<UL><LI>Max Depth = 36<LI>Call Chain = Lab6OutCheck &rArr; UART0_OutUHex2 &rArr; outnibble
</UL>
<BR>[Calls]<UL><LI><a href="#[68]">&gt;&gt;</a>&nbsp;&nbsp;&nbsp;UART0_OutUHex2
<LI><a href="#[69]">&gt;&gt;</a>&nbsp;&nbsp;&nbsp;UART0_OutChar
<LI><a href="#[67]">&gt;&gt;</a>&nbsp;&nbsp;&nbsp;AP_GetSize
<LI><a href="#[63]">&gt;&gt;</a>&nbsp;&nbsp;&nbsp;UART0_OutString
</UL>
<BR>[Called By]<UL><LI><a href="#[d4]">&gt;&gt;</a>&nbsp;&nbsp;&nbsp;Lab6GradeStartAdvertisementMsg
<LI><a href="#[d3]">&gt;&gt;</a>&nbsp;&nbsp;&nbsp;Lab6GradeSetDeviceNameMsg
<LI><a href="#[d2]">&gt;&gt;</a>&nbsp;&nbsp;&nbsp;Lab6GradeSetAdvertisementDataMsg
<LI><a href="#[d1]">&gt;&gt;</a>&nbsp;&nbsp;&nbsp;Lab6GradeSetAdvertisementData1Msg
<LI><a href="#[d0]">&gt;&gt;</a>&nbsp;&nbsp;&nbsp;Lab6GradeRegisterServiceMsg
<LI><a href="#[cf]">&gt;&gt;</a>&nbsp;&nbsp;&nbsp;Lab6GradeGetVersionMsg
<LI><a href="#[ce]">&gt;&gt;</a>&nbsp;&nbsp;&nbsp;Lab6GradeGetStatusMsg
<LI><a href="#[cd]">&gt;&gt;</a>&nbsp;&nbsp;&nbsp;Lab6GradeAddServiceMsg
<LI><a href="#[cc]">&gt;&gt;</a>&nbsp;&nbsp;&nbsp;Lab6GradeAddNotifyCharDescriptorMsg
<LI><a href="#[ca]">&gt;&gt;</a>&nbsp;&nbsp;&nbsp;Lab6GradeAddCharValueMsg
<LI><a href="#[c8]">&gt;&gt;</a>&nbsp;&nbsp;&nbsp;Lab6GradeAddCharDescriptorMsg
</UL>

<P><STRONG><a name="[a3]"></a>Lab6_AddCharacteristic</STRONG> (Thumb, 228 bytes, Stack size 72 bytes, ap_lab6.o(i.Lab6_AddCharacteristic))
<BR><BR>[Stack]<UL><LI>Max Depth = 168<LI>Call Chain = Lab6_AddCharacteristic &rArr; AP_SendMessageResponse &rArr; AP_RecvMessage &rArr; UART1_InChar
</UL>
<BR>[Calls]<UL><LI><a href="#[6f]">&gt;&gt;</a>&nbsp;&nbsp;&nbsp;AP_SendMessageResponse
<LI><a href="#[ae]">&gt;&gt;</a>&nbsp;&nbsp;&nbsp;BuildAddCharValueMsg
<LI><a href="#[ab]">&gt;&gt;</a>&nbsp;&nbsp;&nbsp;BuildAddCharDescriptorMsg
<LI><a href="#[63]">&gt;&gt;</a>&nbsp;&nbsp;&nbsp;UART0_OutString
</UL>
<BR>[Called By]<UL><LI><a href="#[9e]">&gt;&gt;</a>&nbsp;&nbsp;&nbsp;Bluetooth_Init
</UL>

<P><STRONG><a name="[a4]"></a>Lab6_AddNotifyCharacteristic</STRONG> (Thumb, 268 bytes, Stack size 64 bytes, ap_lab6.o(i.Lab6_AddNotifyCharacteristic))
<BR><BR>[Stack]<UL><LI>Max Depth = 160<LI>Call Chain = Lab6_AddNotifyCharacteristic &rArr; AP_SendMessageResponse &rArr; AP_RecvMessage &rArr; UART1_InChar
</UL>
<BR>[Calls]<UL><LI><a href="#[6f]">&gt;&gt;</a>&nbsp;&nbsp;&nbsp;AP_SendMessageResponse
<LI><a href="#[af]">&gt;&gt;</a>&nbsp;&nbsp;&nbsp;BuildAddNotifyCharDescriptorMsg
<LI><a href="#[ae]">&gt;&gt;</a>&nbsp;&nbsp;&nbsp;BuildAddCharValueMsg
<LI><a href="#[63]">&gt;&gt;</a>&nbsp;&nbsp;&nbsp;UART0_OutString
</UL>
<BR>[Called By]<UL><LI><a href="#[9e]">&gt;&gt;</a>&nbsp;&nbsp;&nbsp;Bluetooth_Init
</UL>

<P><STRONG><a name="[a2]"></a>Lab6_AddService</STRONG> (Thumb, 36 bytes, Stack size 24 bytes, ap_lab6.o(i.Lab6_AddService))
<BR><BR>[Stack]<UL><LI>Max Depth = 120<LI>Call Chain = Lab6_AddService &rArr; AP_SendMessageResponse &rArr; AP_RecvMessage &rArr; UART1_InChar
</UL>
<BR>[Calls]<UL><LI><a href="#[6f]">&gt;&gt;</a>&nbsp;&nbsp;&nbsp;AP_SendMessageResponse
<LI><a href="#[b0]">&gt;&gt;</a>&nbsp;&nbsp;&nbsp;BuildAddServiceMsg
<LI><a href="#[63]">&gt;&gt;</a>&nbsp;&nbsp;&nbsp;UART0_OutString
</UL>
<BR>[Called By]<UL><LI><a href="#[9e]">&gt;&gt;</a>&nbsp;&nbsp;&nbsp;Bluetooth_Init
</UL>

<P><STRONG><a name="[a0]"></a>Lab6_GetStatus</STRONG> (Thumb, 58 bytes, Stack size 16 bytes, ap_lab6.o(i.Lab6_GetStatus))
<BR><BR>[Stack]<UL><LI>Max Depth = 112<LI>Call Chain = Lab6_GetStatus &rArr; AP_SendMessageResponse &rArr; AP_RecvMessage &rArr; UART1_InChar
</UL>
<BR>[Calls]<UL><LI><a href="#[6f]">&gt;&gt;</a>&nbsp;&nbsp;&nbsp;AP_SendMessageResponse
<LI><a href="#[b1]">&gt;&gt;</a>&nbsp;&nbsp;&nbsp;BuildGetStatusMsg
<LI><a href="#[63]">&gt;&gt;</a>&nbsp;&nbsp;&nbsp;UART0_OutString
</UL>
<BR>[Called By]<UL><LI><a href="#[9e]">&gt;&gt;</a>&nbsp;&nbsp;&nbsp;Bluetooth_Init
</UL>

<P><STRONG><a name="[a1]"></a>Lab6_GetVersion</STRONG> (Thumb, 42 bytes, Stack size 16 bytes, ap_lab6.o(i.Lab6_GetVersion))
<BR><BR>[Stack]<UL><LI>Max Depth = 112<LI>Call Chain = Lab6_GetVersion &rArr; AP_SendMessageResponse &rArr; AP_RecvMessage &rArr; UART1_InChar
</UL>
<BR>[Calls]<UL><LI><a href="#[6f]">&gt;&gt;</a>&nbsp;&nbsp;&nbsp;AP_SendMessageResponse
<LI><a href="#[b2]">&gt;&gt;</a>&nbsp;&nbsp;&nbsp;BuildGetVersionMsg
<LI><a href="#[63]">&gt;&gt;</a>&nbsp;&nbsp;&nbsp;UART0_OutString
</UL>
<BR>[Called By]<UL><LI><a href="#[9e]">&gt;&gt;</a>&nbsp;&nbsp;&nbsp;Bluetooth_Init
</UL>

<P><STRONG><a name="[a5]"></a>Lab6_RegisterService</STRONG> (Thumb, 32 bytes, Stack size 16 bytes, ap_lab6.o(i.Lab6_RegisterService))
<BR><BR>[Stack]<UL><LI>Max Depth = 112<LI>Call Chain = Lab6_RegisterService &rArr; AP_SendMessageResponse &rArr; AP_RecvMessage &rArr; UART1_InChar
</UL>
<BR>[Calls]<UL><LI><a href="#[6f]">&gt;&gt;</a>&nbsp;&nbsp;&nbsp;AP_SendMessageResponse
<LI><a href="#[b3]">&gt;&gt;</a>&nbsp;&nbsp;&nbsp;BuildRegisterServiceMsg
<LI><a href="#[63]">&gt;&gt;</a>&nbsp;&nbsp;&nbsp;UART0_OutString
</UL>
<BR>[Called By]<UL><LI><a href="#[9e]">&gt;&gt;</a>&nbsp;&nbsp;&nbsp;Bluetooth_Init
</UL>

<P><STRONG><a name="[a6]"></a>Lab6_StartAdvertisement</STRONG> (Thumb, 120 bytes, Stack size 40 bytes, ap_lab6.o(i.Lab6_StartAdvertisement))
<BR><BR>[Stack]<UL><LI>Max Depth = 136<LI>Call Chain = Lab6_StartAdvertisement &rArr; AP_SendMessageResponse &rArr; AP_RecvMessage &rArr; UART1_InChar
</UL>
<BR>[Calls]<UL><LI><a href="#[6f]">&gt;&gt;</a>&nbsp;&nbsp;&nbsp;AP_SendMessageResponse
<LI><a href="#[b7]">&gt;&gt;</a>&nbsp;&nbsp;&nbsp;BuildStartAdvertisementMsg
<LI><a href="#[b6]">&gt;&gt;</a>&nbsp;&nbsp;&nbsp;BuildSetDeviceNameMsg
<LI><a href="#[b5]">&gt;&gt;</a>&nbsp;&nbsp;&nbsp;BuildSetAdvertisementDataMsg
<LI><a href="#[b4]">&gt;&gt;</a>&nbsp;&nbsp;&nbsp;BuildSetAdvertisementData1Msg
<LI><a href="#[63]">&gt;&gt;</a>&nbsp;&nbsp;&nbsp;UART0_OutString
</UL>
<BR>[Called By]<UL><LI><a href="#[9e]">&gt;&gt;</a>&nbsp;&nbsp;&nbsp;Bluetooth_Init
</UL>

<P><STRONG><a name="[41]"></a>LogicAnalyzer</STRONG> (Thumb, 12 bytes, Stack size 0 bytes, texas.o(i.LogicAnalyzer))
<BR>[Address Reference Count : 1]<UL><LI> texas.o(i.TExaS_Init)
</UL>
<P><STRONG><a name="[d5]"></a>OS_AddPeriodicEventThread</STRONG> (Thumb, 64 bytes, Stack size 16 bytes, os.o(i.OS_AddPeriodicEventThread))
<BR><BR>[Stack]<UL><LI>Max Depth = 16<LI>Call Chain = OS_AddPeriodicEventThread
</UL>
<BR>[Calls]<UL><LI><a href="#[95]">&gt;&gt;</a>&nbsp;&nbsp;&nbsp;StartCritical
<LI><a href="#[97]">&gt;&gt;</a>&nbsp;&nbsp;&nbsp;EndCritical
</UL>
<BR>[Called By]<UL><LI><a href="#[55]">&gt;&gt;</a>&nbsp;&nbsp;&nbsp;main
</UL>

<P><STRONG><a name="[d6]"></a>OS_AddThreads</STRONG> (Thumb, 236 bytes, Stack size 32 bytes, os.o(i.OS_AddThreads))
<BR><BR>[Stack]<UL><LI>Max Depth = 32<LI>Call Chain = OS_AddThreads
</UL>
<BR>[Calls]<UL><LI><a href="#[d7]">&gt;&gt;</a>&nbsp;&nbsp;&nbsp;SetInitialStack
<LI><a href="#[95]">&gt;&gt;</a>&nbsp;&nbsp;&nbsp;StartCritical
<LI><a href="#[97]">&gt;&gt;</a>&nbsp;&nbsp;&nbsp;EndCritical
</UL>
<BR>[Called By]<UL><LI><a href="#[55]">&gt;&gt;</a>&nbsp;&nbsp;&nbsp;main
</UL>

<P><STRONG><a name="[d8]"></a>OS_FIFO_Get</STRONG> (Thumb, 56 bytes, Stack size 8 bytes, os.o(i.OS_FIFO_Get))
<BR><BR>[Stack]<UL><LI>Max Depth = 24<LI>Call Chain = OS_FIFO_Get &rArr; OS_Signal
</UL>
<BR>[Calls]<UL><LI><a href="#[d9]">&gt;&gt;</a>&nbsp;&nbsp;&nbsp;OS_Wait
<LI><a href="#[da]">&gt;&gt;</a>&nbsp;&nbsp;&nbsp;OS_Signal
[...]
</UL>

<P><STRONG><a name="[8f]"></a>lightsensorend</STRONG> (Thumb, 80 bytes, Stack size 16 bytes, bsp.o(i.lightsensorend))
<BR><BR>[Stack]<UL><LI>Max Depth = 40<LI>Call Chain = lightsensorend &rArr; I2C_Send3
</UL>
<BR>[Calls]<UL><LI><a href="#[bb]">&gt;&gt;</a>&nbsp;&nbsp;&nbsp;I2C_Send3
<LI><a href="#[ba]">&gt;&gt;</a>&nbsp;&nbsp;&nbsp;I2C_Send1
<LI><a href="#[b9]">&gt;&gt;</a>&nbsp;&nbsp;&nbsp;I2C_Recv2
</UL>
<BR>[Called By]<UL><LI><a href="#[8d]">&gt;&gt;</a>&nbsp;&nbsp;&nbsp;BSP_LightSensor_End
</UL>

<P><STRONG><a name="[8e]"></a>lightsensorstart</STRONG> (Thumb, 36 bytes, Stack size 8 bytes, bsp.o(i.lightsensorstart))
<BR><BR>[Stack]<UL><LI>Max Depth = 32<LI>Call Chain = lightsensorstart &rArr; I2C_Send3
</UL>
<BR>[Calls]<UL><LI><a href="#[bb]">&gt;&gt;</a>&nbsp;&nbsp;&nbsp;I2C_Send3
<LI><a href="#[b9]">&gt;&gt;</a>&nbsp;&nbsp;&nbsp;I2C_Recv2
</UL>
<BR>[Called By]<UL><LI><a href="#[92]">&gt;&gt;</a>&nbsp;&nbsp;&nbsp;BSP_LightSensor_Start
<LI><a href="#[8d]">&gt;&gt;</a>&nbsp;&nbsp;&nbsp;BSP_LightSensor_End
</UL>

<P><STRONG><a name="[7c]"></a>pushColor</STRONG> (Thumb, 18 bytes, Stack size 8 bytes, bsp.o(i.pushColor))
<BR><BR>[Stack]<UL><LI>Max Depth = 8<LI>Call Chain = pushColor
</UL>
<BR>[Calls]<UL><LI><a href="#[7e]">&gt;&gt;</a>&nbsp;&nbsp;&nbsp;writedata
</UL>
<BR>[Called By]<UL><LI><a href="#[80]">&gt;&gt;</a>&nbsp;&nbsp;&nbsp;BSP_LCD_DrawPixel
<LI><a href="#[7a]">&gt;&gt;</a>&nbsp;&nbsp;&nbsp;BSP_LCD_DrawChar
</UL>

<P><STRONG><a name="[7b]"></a>setAddrWindow</STRONG> (Thumb, 106 bytes, Stack size 24 bytes, bsp.o(i.setAddrWindow))
<BR><BR>[Stack]<UL><LI>Max Depth = 24<LI>Call Chain = setAddrWindow
</UL>
<BR>[Calls]<UL><LI><a href="#[7e]">&gt;&gt;</a>&nbsp;&nbsp;&nbsp;writedata
<LI><a href="#[e7]">&gt;&gt;</a>&nbsp;&nbsp;&nbsp;writecommand
</UL>
<BR>[Called By]<UL><LI><a href="#[83]">&gt;&gt;</a>&nbsp;&nbsp;&nbsp;BSP_LCD_FillRect
<LI><a href="#[80]">&gt;&gt;</a>&nbsp;&nbsp;&nbsp;BSP_LCD_DrawPixel
<LI><a href="#[7f]">&gt;&gt;</a>&nbsp;&nbsp;&nbsp;BSP_LCD_DrawFastVLine
<LI><a href="#[7d]">&gt;&gt;</a>&nbsp;&nbsp;&nbsp;BSP_LCD_DrawFastHLine
<LI><a href="#[7a]">&gt;&gt;</a>&nbsp;&nbsp;&nbsp;BSP_LCD_DrawChar
</UL>

<P><STRONG><a name="[9a]"></a>tempsensorend</STRONG> (Thumb, 68 bytes, Stack size 24 bytes, bsp.o(i.tempsensorend))
<BR><BR>[Stack]<UL><LI>Max Depth = 40<LI>Call Chain = tempsensorend &rArr; I2C_Send1
</UL>
<BR>[Calls]<UL><LI><a href="#[ba]">&gt;&gt;</a>&nbsp;&nbsp;&nbsp;I2C_Send1
<LI><a href="#[b9]">&gt;&gt;</a>&nbsp;&nbsp;&nbsp;I2C_Recv2
</UL>
<BR>[Called By]<UL><LI><a href="#[98]">&gt;&gt;</a>&nbsp;&nbsp;&nbsp;BSP_TempSensor_End
</UL>

<P><STRONG><a name="[99]"></a>tempsensorstart</STRONG> (Thumb, 18 bytes, Stack size 8 bytes, bsp.o(i.tempsensorstart))
<BR><BR>[Stack]<UL><LI>Max Depth = 32<LI>Call Chain = tempsensorstart &rArr; I2C_Send3
</UL>
<BR>[Calls]<UL><LI><a href="#[bb]">&gt;&gt;</a>&nbsp;&nbsp;&nbsp;I2C_Send3
</UL>
<BR>[Called By]<UL><LI><a href="#[9c]">&gt;&gt;</a>&nbsp;&nbsp;&nbsp;BSP_TempSensor_Start
<LI><a href="#[98]">&gt;&gt;</a>&nbsp;&nbsp;&nbsp;BSP_TempSensor_End
</UL>

<P><STRONG><a name="[e7]"></a>writecommand</STRONG> (Thumb, 58 bytes, Stack size 0 bytes, bsp.o(i.writecommand))
<BR><BR>[Called By]<UL><LI><a href="#[7b]">&gt;&gt;</a>&nbsp;&nbsp;&nbsp;setAddrWindow
<LI><a href="#[e6]">&gt;&gt;</a>&nbsp;&nbsp;&nbsp;commandList
<LI><a href="#[86]">&gt;&gt;</a>&nbsp;&nbsp;&nbsp;ST7735_InitR
</UL>

<P><STRONG><a name="[7e]"></a>writedata</STRONG> (Thumb, 60 bytes, Stack size 0 bytes, bsp.o(i.writedata))
<BR><BR>[Called By]<UL><LI><a href="#[83]">&gt;&gt;</a>&nbsp;&nbsp;&nbsp;BSP_LCD_FillRect
<LI><a href="#[7f]">&gt;&gt;</a>&nbsp;&nbsp;&nbsp;BSP_LCD_DrawFastVLine
<LI><a href="#[7d]">&gt;&gt;</a>&nbsp;&nbsp;&nbsp;BSP_LCD_DrawFastHLine
<LI><a href="#[7b]">&gt;&gt;</a>&nbsp;&nbsp;&nbsp;setAddrWindow
<LI><a href="#[7c]">&gt;&gt;</a>&nbsp;&nbsp;&nbsp;pushColor
<LI><a href="#[e6]">&gt;&gt;</a>&nbsp;&nbsp;&nbsp;commandList
<LI><a href="#[86]">&gt;&gt;</a>&nbsp;&nbsp;&nbsp;ST7735_InitR
</UL>

<P><STRONG><a name="[40]"></a>runperiodicevents</STRONG> (Thumb, 98 bytes, Stack size 8 bytes, os.o(i.runperiodicevents))
<BR><BR>[Stack]<UL><LI>Max Depth = 8<LI>Call Chain = runperiodicevents
</UL>
<BR>[Address Reference Count : 1]<UL><LI> os.o(i.OS_Init)
</UL>
<P><STRONG><a name="[ea]"></a>Encrypt</STRONG> (Thumb, 86 bytes, Stack size 16 bytes, texas.o(i.Encrypt))
<BR><BR>[Stack]<UL><LI>Max Depth = 16<LI>Call Chain = Encrypt
</UL>
<BR>[Called By]<UL><LI><a href="#[e9]">&gt;&gt;</a>&nbsp;&nbsp;&nbsp;SetGrade
</UL>

<P><STRONG><a name="[bc]"></a>Lab6BuildAddCharDescriptorMsgSolution</STRONG> (Thumb, 88 bytes, Stack size 16 bytes, texas.o(i.Lab6BuildAddCharDescriptorMsgSolution))
<BR><BR>[Stack]<UL><LI>Max Depth = 48<LI>Call Chain = Lab6BuildAddCharDescriptorMsgSolution &rArr; SetFCSSolution &rArr; AP_GetSize
</UL>
<BR>[Calls]<UL><LI><a href="#[bd]">&gt;&gt;</a>&nbsp;&nbsp;&nbsp;SetFCSSolution
</UL>
<BR>[Called By]<UL><LI><a href="#[c8]">&gt;&gt;</a>&nbsp;&nbsp;&nbsp;Lab6GradeAddCharDescriptorMsg
</UL>

<P><STRONG><a name="[be]"></a>Lab6BuildAddCharValueMsgSolution</STRONG> (Thumb, 64 bytes, Stack size 24 bytes, texas.o(i.Lab6BuildAddCharValueMsgSolution))
<BR><BR>[Stack]<UL><LI>Max Depth = 56<LI>Call Chain = Lab6BuildAddCharValueMsgSolution &rArr; SetFCSSolution &rArr; AP_GetSize
</UL>
<BR>[Calls]<UL><LI><a href="#[bd]">&gt;&gt;</a>&nbsp;&nbsp;&nbsp;SetFCSSolution
</UL>
<BR>[Called By]<UL><LI><a href="#[ca]">&gt;&gt;</a>&nbsp;&nbsp;&nbsp;Lab6GradeAddCharValueMsg
</UL>

<P><STRONG><a name="[bf]"></a>Lab6BuildAddNotifyCharDescriptorMsgSolution</STRONG> (Thumb, 92 bytes, Stack size 16 bytes, texas.o(i.Lab6BuildAddNotifyCharDescriptorMsgSolution))
<BR><BR>[Stack]<UL><LI>Max Depth = 48<LI>Call Chain = Lab6BuildAddNotifyCharDescriptorMsgSolution &rArr; SetFCSSolution &rArr; AP_GetSize
</UL>
<BR>[Calls]<UL><LI><a href="#[bd]">&gt;&gt;</a>&nbsp;&nbsp;&nbsp;SetFCSSolution
</UL>
<BR>[Called By]<UL><LI><a href="#[cc]">&gt;&gt;</a>&nbsp;&nbsp;&nbsp;Lab6GradeAddNotifyCharDescriptorMsg
</UL>

<P><STRONG><a name="[c0]"></a>Lab6BuildAddServiceMsgSolution</STRONG> (Thumb, 44 bytes, Stack size 16 bytes, texas.o(i.Lab6BuildAddServiceMsgSolution))
<BR><BR>[Stack]<UL><LI>Max Depth = 48<LI>Call Chain = Lab6BuildAddServiceMsgSolution &rArr; SetFCSSolution &rArr; AP_GetSize
</UL>
<BR>[Calls]<UL><LI><a href="#[bd]">&gt;&gt;</a>&nbsp;&nbsp;&nbsp;SetFCSSolution
</UL>
<BR>[Called By]<UL><LI><a href="#[cd]">&gt;&gt;</a>&nbsp;&nbsp;&nbsp;Lab6GradeAddServiceMsg
</UL>

<P><STRONG><a name="[c1]"></a>Lab6BuildGetStatusMsgSolution</STRONG> (Thumb, 30 bytes, Stack size 8 bytes, texas.o(i.Lab6BuildGetStatusMsgSolution))
<BR><BR>[Stack]<UL><LI>Max Depth = 40<LI>Call Chain = Lab6BuildGetStatusMsgSolution &rArr; SetFCSSolution &rArr; AP_GetSize
</UL>
<BR>[Calls]<UL><LI><a href="#[bd]">&gt;&gt;</a>&nbsp;&nbsp;&nbsp;SetFCSSolution
</UL>
<BR>[Called By]<UL><LI><a href="#[ce]">&gt;&gt;</a>&nbsp;&nbsp;&nbsp;Lab6GradeGetStatusMsg
</UL>

<P><STRONG><a name="[c2]"></a>Lab6BuildGetVersionMsgSolution</STRONG> (Thumb, 30 bytes, Stack size 8 bytes, texas.o(i.Lab6BuildGetVersionMsgSolution))
<BR><BR>[Stack]<UL><LI>Max Depth = 40<LI>Call Chain = Lab6BuildGetVersionMsgSolution &rArr; SetFCSSolution &rArr; AP_GetSize
</UL>
<BR>[Calls]<UL><LI><a href="#[bd]">&gt;&gt;</a>&nbsp;&nbsp;&nbsp;SetFCSSolution
</UL>
<BR>[Called By]<UL><LI><a href="#[cf]">&gt;&gt;</a>&nbsp;&nbsp;&nbsp;Lab6GradeGetVersionMsg
</UL>

<P><STRONG><a name="[c3]"></a>Lab6BuildRegisterServiceMsgSolution</STRONG> (Thumb, 30 bytes, Stack size 8 bytes, texas.o(i.Lab6BuildRegisterServiceMsgSolution))
<BR><BR>[Stack]<UL><LI>Max Depth = 40<LI>Call Chain = Lab6BuildRegisterServiceMsgSolution &rArr; SetFCSSolution &rArr; AP_GetSize
</UL>
<BR>[Calls]<UL><LI><a href="#[bd]">&gt;&gt;</a>&nbsp;&nbsp;&nbsp;SetFCSSolution
</UL>
<BR>[Called By]<UL><LI><a href="#[d0]">&gt;&gt;</a>&nbsp;&nbsp;&nbsp;Lab6GradeRegisterServiceMsg
</UL>

<P><STRONG><a name="[c4]"></a>Lab6BuildSetAdvertisementData1MsgSolution</STRONG> (Thumb, 72 bytes, Stack size 8 bytes, texas.o(i.Lab6BuildSetAdvertisementData1MsgSolution))
<BR><BR>[Stack]<UL><LI>Max Depth = 40<LI>Call Chain = Lab6BuildSetAdvertisementData1MsgSolution &rArr; SetFCSSolution &rArr; AP_GetSize
</UL>
<BR>[Calls]<UL><LI><a href="#[bd]">&gt;&gt;</a>&nbsp;&nbsp;&nbsp;SetFCSSolution
</UL>
<BR>[Called By]<UL><LI><a href="#[d1]">&gt;&gt;</a>&nbsp;&nbsp;&nbsp;Lab6GradeSetAdvertisementData1Msg
</UL>

<P><STRONG><a name="[c5]"></a>Lab6BuildSetAdvertisementDataMsgSolution</STRONG> (Thumb, 126 bytes, Stack size 16 bytes, texas.o(i.Lab6BuildSetAdvertisementDataMsgSolution))
<BR><BR>[Stack]<UL><LI>Max Depth = 48<LI>Call Chain = Lab6BuildSetAdvertisementDataMsgSolution &rArr; SetFCSSolution &rArr; AP_GetSize
</UL>
<BR>[Calls]<UL><LI><a href="#[bd]">&gt;&gt;</a>&nbsp;&nbsp;&nbsp;SetFCSSolution
</UL>
<BR>[Called By]<UL><LI><a href="#[d2]">&gt;&gt;</a>&nbsp;&nbsp;&nbsp;Lab6GradeSetAdvertisementDataMsg
</UL>

<P><STRONG><a name="[c6]"></a>Lab6BuildSetDeviceNameMsgSolution</STRONG> (Thumb, 68 bytes, Stack size 16 bytes, texas.o(i.Lab6BuildSetDeviceNameMsgSolution))
<BR><BR>[Stack]<UL><LI>Max Depth = 48<LI>Call Chain = Lab6BuildSetDeviceNameMsgSolution &rArr; SetFCSSolution &rArr; AP_GetSize
</UL>
<BR>[Calls]<UL><LI><a href="#[bd]">&gt;&gt;</a>&nbsp;&nbsp;&nbsp;SetFCSSolution
</UL>
<BR>[Called By]<UL><LI><a href="#[d3]">&gt;&gt;</a>&nbsp;&nbsp;&nbsp;Lab6GradeSetDeviceNameMsg
</UL>

<P><STRONG><a name="[c7]"></a>Lab6BuildStartAdvertisementMsgSolution</STRONG> (Thumb, 76 bytes, Stack size 16 bytes, texas.o(i.Lab6BuildStartAdvertisementMsgSolution))
<BR><BR>[Stack]<UL><LI>Max Depth = 48<LI>Call Chain = Lab6BuildStartAdvertisementMsgSolution &rArr; SetFCSSolution &rArr; AP_GetSize
</UL>
<BR>[Calls]<UL><LI><a href="#[bd]">&gt;&gt;</a>&nbsp;&nbsp;&nbsp;SetFCSSolution
</UL>
<BR>[Called By]<UL><LI><a href="#[d4]">&gt;&gt;</a>&nbsp;&nbsp;&nbsp;Lab6GradeStartAdvertisementMsg
</UL>

<P><STRONG><a name="[c8]"></a>Lab6GradeAddCharDescriptorMsg</STRONG> (Thumb, 78 bytes, Stack size 8 bytes, texas.o(i.Lab6GradeAddCharDescriptorMsg))
<BR><BR>[Stack]<UL><LI>Max Depth = 56<LI>Call Chain = Lab6GradeAddCharDescriptorMsg &rArr; Lab6BuildAddCharDescriptorMsgSolution &rArr; SetFCSSolution &rArr; AP_GetSize
</UL>
<BR>[Calls]<UL><LI><a href="#[bc]">&gt;&gt;</a>&nbsp;&nbsp;&nbsp;Lab6BuildAddCharDescriptorMsgSolution
<LI><a href="#[ab]">&gt;&gt;</a>&nbsp;&nbsp;&nbsp;BuildAddCharDescriptorMsg
<LI><a href="#[63]">&gt;&gt;</a>&nbsp;&nbsp;&nbsp;UART0_OutString
<LI><a href="#[c9]">&gt;&gt;</a>&nbsp;&nbsp;&nbsp;Lab6OutCheck
</UL>
<BR>[Called By]<UL><LI><a href="#[ec]">&gt;&gt;</a>&nbsp;&nbsp;&nbsp;TExaS_Init
</UL>

<P><STRONG><a name="[ca]"></a>Lab6GradeAddCharValueMsg</STRONG> (Thumb, 104 bytes, Stack size 24 bytes, texas.o(i.Lab6GradeAddCharValueMsg))
<BR><BR>[Stack]<UL><LI>Max Depth = 80<LI>Call Chain = Lab6GradeAddCharValueMsg &rArr; Lab6BuildAddCharValueMsgSolution &rArr; SetFCSSolution &rArr; AP_GetSize
</UL>
<BR>[Calls]<UL><LI><a href="#[cb]">&gt;&gt;</a>&nbsp;&nbsp;&nbsp;NextRandom
<LI><a href="#[be]">&gt;&gt;</a>&nbsp;&nbsp;&nbsp;Lab6BuildAddCharValueMsgSolution
<LI><a href="#[ae]">&gt;&gt;</a>&nbsp;&nbsp;&nbsp;BuildAddCharValueMsg
<LI><a href="#[63]">&gt;&gt;</a>&nbsp;&nbsp;&nbsp;UART0_OutString
<LI><a href="#[c9]">&gt;&gt;</a>&nbsp;&nbsp;&nbsp;Lab6OutCheck
</UL>
<BR>[Called By]<UL><LI><a href="#[ec]">&gt;&gt;</a>&nbsp;&nbsp;&nbsp;TExaS_Init
</UL>

<P><STRONG><a name="[cc]"></a>Lab6GradeAddNotifyCharDescriptorMsg</STRONG> (Thumb, 78 bytes, Stack size 8 bytes, texas.o(i.Lab6GradeAddNotifyCharDescriptorMsg))
<BR><BR>[Stack]<UL><LI>Max Depth = 56<LI>Call Chain = Lab6GradeAddNotifyCharDescriptorMsg &rArr; Lab6BuildAddNotifyCharDescriptorMsgSolution &rArr; SetFCSSolution &rArr; AP_GetSize
</UL>
<BR>[Calls]<UL><LI><a href="#[bf]">&gt;&gt;</a>&nbsp;&nbsp;&nbsp;Lab6BuildAddNotifyCharDescriptorMsgSolution
<LI><a href="#[af]">&gt;&gt;</a>&nbsp;&nbsp;&nbsp;BuildAddNotifyCharDescriptorMsg
<LI><a href="#[63]">&gt;&gt;</a>&nbsp;&nbsp;&nbsp;UART0_OutString
<LI><a href="#[c9]">&gt;&gt;</a>&nbsp;&nbsp;&nbsp;Lab6OutCheck
</UL>
<BR>[Called By]<UL><LI><a href="#[ec]">&gt;&gt;</a>&nbsp;&nbsp;&nbsp;TExaS_Init
</UL>

<P><STRONG><a name="[cd]"></a>Lab6GradeAddServiceMsg</STRONG> (Thumb, 106 bytes, Stack size 16 bytes, texas.o(i.Lab6GradeAddServiceMsg))
<BR><BR>[Stack]<UL><LI>Max Depth = 64<LI>Call Chain = Lab6GradeAddServiceMsg &rArr; Lab6BuildAddServiceMsgSolution &rArr; SetFCSSolution &rArr; AP_GetSize
</UL>
<BR>[Calls]<UL><LI><a href="#[cb]">&gt;&gt;</a>&nbsp;&nbsp;&nbsp;NextRandom
<LI><a href="#[c0]">&gt;&gt;</a>&nbsp;&nbsp;&nbsp;Lab6BuildAddServiceMsgSolution
<LI><a href="#[b0]">&gt;&gt;</a>&nbsp;&nbsp;&nbsp;BuildAddServiceMsg
<LI><a href="#[63]">&gt;&gt;</a>&nbsp;&nbsp;&nbsp;UART0_OutString
<LI><a href="#[c9]">&gt;&gt;</a>&nbsp;&nbsp;&nbsp;Lab6OutCheck
</UL>
<BR>[Called By]<UL><LI><a href="#[ec]">&gt;&gt;</a>&nbsp;&nbsp;&nbsp;TExaS_Init
</UL>

<P><STRONG><a name="[ce]"></a>Lab6GradeGetStatusMsg</STRONG> (Thumb, 44 bytes, Stack size 8 bytes, texas.o(i.Lab6GradeGetStatusMsg))
<BR><BR>[Stack]<UL><LI>Max Depth = 48<LI>Call Chain = Lab6GradeGetStatusMsg &rArr; Lab6BuildGetStatusMsgSolution &rArr; SetFCSSolution &rArr; AP_GetSize
</UL>
<BR>[Calls]<UL><LI><a href="#[c1]">&gt;&gt;</a>&nbsp;&nbsp;&nbsp;Lab6BuildGetStatusMsgSolution
<LI><a href="#[b1]">&gt;&gt;</a>&nbsp;&nbsp;&nbsp;BuildGetStatusMsg
<LI><a href="#[63]">&gt;&gt;</a>&nbsp;&nbsp;&nbsp;UART0_OutString
<LI><a href="#[c9]">&gt;&gt;</a>&nbsp;&nbsp;&nbsp;Lab6OutCheck
</UL>
<BR>[Called By]<UL><LI><a href="#[ec]">&gt;&gt;</a>&nbsp;&nbsp;&nbsp;TExaS_Init
</UL>

<P><STRONG><a name="[cf]"></a>Lab6GradeGetVersionMsg</STRONG> (Thumb, 44 bytes, Stack size 8 bytes, texas.o(i.Lab6GradeGetVersionMsg))
<BR><BR>[Stack]<UL><LI>Max Depth = 48<LI>Call Chain = Lab6GradeGetVersionMsg &rArr; Lab6BuildGetVersionMsgSolution &rArr; SetFCSSolution &rArr; AP_GetSize
</UL>
<BR>[Calls]<UL><LI><a href="#[c2]">&gt;&gt;</a>&nbsp;&nbsp;&nbsp;Lab6BuildGetVersionMsgSolution
<LI><a href="#[b2]">&gt;&gt;</a>&nbsp;&nbsp;&nbsp;BuildGetVersionMsg
<LI><a href="#[63]">&gt;&gt;</a>&nbsp;&nbsp;&nbsp;UART0_OutString
<LI><a href="#[c9]">&gt;&gt;</a>&nbsp;&nbsp;&nbsp;Lab6OutCheck
</UL>
<BR>[Called By]<UL><LI><a href="#[ec]">&gt;&gt;</a>&nbsp;&nbsp;&nbsp;TExaS_Init
</UL>

<P><STRONG><a name="[d0]"></a>Lab6GradeRegisterServiceMsg</STRONG> (Thumb, 44 bytes, Stack size 8 bytes, texas.o(i.Lab6GradeRegisterServiceMsg))
<BR><BR>[Stack]<UL><LI>Max Depth = 48<LI>Call Chain = Lab6GradeRegisterServiceMsg &rArr; Lab6BuildRegisterServiceMsgSolution &rArr; SetFCSSolution &rArr; AP_GetSize
</UL>
<BR>[Calls]<UL><LI><a href="#[c3]">&gt;&gt;</a>&nbsp;&nbsp;&nbsp;Lab6BuildRegisterServiceMsgSolution
<LI><a href="#[b3]">&gt;&gt;</a>&nbsp;&nbsp;&nbsp;BuildRegisterServiceMsg
<LI><a href="#[63]">&gt;&gt;</a>&nbsp;&nbsp;&nbsp;UART0_OutString
<LI><a href="#[c9]">&gt;&gt;</a>&nbsp;&nbsp;&nbsp;Lab6OutCheck
</UL>
<BR>[Called By]<UL><LI><a href="#[ec]">&gt;&gt;</a>&nbsp;&nbsp;&nbsp;TExaS_Init
</UL>

<P><STRONG><a name="[d1]"></a>Lab6GradeSetAdvertisementData1Msg</STRONG> (Thumb, 44 bytes, Stack size 8 bytes, texas.o(i.Lab6GradeSetAdvertisementData1Msg))
<BR><BR>[Stack]<UL><LI>Max Depth = 48<LI>Call Chain = Lab6GradeSetAdvertisementData1Msg &rArr; Lab6BuildSetAdvertisementData1MsgSolution &rArr; SetFCSSolution &rArr; AP_GetSize
</UL>
<BR>[Calls]<UL><LI><a href="#[c4]">&gt;&gt;</a>&nbsp;&nbsp;&nbsp;Lab6BuildSetAdvertisementData1MsgSolution
<LI><a href="#[b4]">&gt;&gt;</a>&nbsp;&nbsp;&nbsp;BuildSetAdvertisementData1Msg
<LI><a href="#[63]">&gt;&gt;</a>&nbsp;&nbsp;&nbsp;UART0_OutString
<LI><a href="#[c9]">&gt;&gt;</a>&nbsp;&nbsp;&nbsp;Lab6OutCheck
</UL>
<BR>[Called By]<UL><LI><a href="#[ec]">&gt;&gt;</a>&nbsp;&nbsp;&nbsp;TExaS_Init
</UL>

<P><STRONG><a name="[d2]"></a>Lab6GradeSetAdvertisementDataMsg</STRONG> (Thumb, 78 bytes, Stack size 8 bytes, texas.o(i.Lab6GradeSetAdvertisementDataMsg))
<BR><BR>[Stack]<UL><LI>Max Depth = 56<LI>Call Chain = Lab6GradeSetAdvertisementDataMsg &rArr; Lab6BuildSetAdvertisementDataMsgSolution &rArr; SetFCSSolution &rArr; AP_GetSize
</UL>
<BR>[Calls]<UL><LI><a href="#[c5]">&gt;&gt;</a>&nbsp;&nbsp;&nbsp;Lab6BuildSetAdvertisementDataMsgSolution
<LI><a href="#[b5]">&gt;&gt;</a>&nbsp;&nbsp;&nbsp;BuildSetAdvertisementDataMsg
<LI><a href="#[63]">&gt;&gt;</a>&nbsp;&nbsp;&nbsp;UART0_OutString
<LI><a href="#[c9]">&gt;&gt;</a>&nbsp;&nbsp;&nbsp;Lab6OutCheck
</UL>
<BR>[Called By]<UL><LI><a href="#[ec]">&gt;&gt;</a>&nbsp;&nbsp;&nbsp;TExaS_Init
</UL>

<P><STRONG><a name="[d3]"></a>Lab6GradeSetDeviceNameMsg</STRONG> (Thumb, 78 bytes, Stack size 8 bytes, texas.o(i.Lab6GradeSetDeviceNameMsg))
<BR><BR>[Stack]<UL><LI>Max Depth = 56<LI>Call Chain = Lab6GradeSetDeviceNameMsg &rArr; Lab6BuildSetDeviceNameMsgSolution &rArr; SetFCSSolution &rArr; AP_GetSize
</UL>
<BR>[Calls]<UL><LI><a href="#[c6]">&gt;&gt;</a>&nbsp;&nbsp;&nbsp;Lab6BuildSetDeviceNameMsgSolution
<LI><a href="#[b6]">&gt;&gt;</a>&nbsp;&nbsp;&nbsp;BuildSetDeviceNameMsg
<LI><a href="#[63]">&gt;&gt;</a>&nbsp;&nbsp;&nbsp;UART0_OutString
<LI><a href="#[c9]">&gt;&gt;</a>&nbsp;&nbsp;&nbsp;Lab6OutCheck
</UL>
<BR>[Called By]<UL><LI><a href="#[ec]">&gt;&gt;</a>&nbsp;&nbsp;&nbsp;TExaS_Init
</UL>

<P><STRONG><a name="[d4]"></a>Lab6GradeStartAdvertisementMsg</STRONG> (Thumb, 66 bytes, Stack size 16 bytes, texas.o(i.Lab6GradeStartAdvertisementMsg))
<BR><BR>[Stack]<UL><LI>Max Depth = 64<LI>Call Chain = Lab6GradeStartAdvertisementMsg &rArr; Lab6BuildStartAdvertisementMsgSolution &rArr; SetFCSSolution &rArr; AP_GetSize
</UL>
<BR>[Calls]<UL><LI><a href="#[cb]">&gt;&gt;</a>&nbsp;&nbsp;&nbsp;NextRandom
<LI><a href="#[c7]">&gt;&gt;</a>&nbsp;&nbsp;&nbsp;Lab6BuildStartAdvertisementMsgSolution
<LI><a href="#[b7]">&gt;&gt;</a>&nbsp;&nbsp;&nbsp;BuildStartAdvertisementMsg
<LI><a href="#[63]">&gt;&gt;</a>&nbsp;&nbsp;&nbsp;UART0_OutString
<LI><a href="#[c9]">&gt;&gt;</a>&nbsp;&nbsp;&nbsp;Lab6OutCheck
</UL>
<BR>[Called By]<UL><LI><a href="#[ec]">&gt;&gt;</a>&nbsp;&nbsp;&nbsp;TExaS_Init
</UL>

<P><STRONG><a name="[cb]"></a>NextRandom</STRONG> (Thumb, 24 bytes, Stack size 0 bytes, texas.o(i.NextRandom))
<BR><BR>[Called By]<UL><LI><a href="#[d4]">&gt;&gt;</a>&nbsp;&nbsp;&nbsp;Lab6GradeStartAdvertisementMsg
<LI><a href="#[cd]">&gt;&gt;</a>&nbsp;&nbsp;&nbsp;Lab6GradeAddServiceMsg
<LI><a href="#[ca]">&gt;&gt;</a>&nbsp;&nbsp;&nbsp;Lab6GradeAddCharValueMsg
</UL>

<P><STRONG><a name="[bd]"></a>SetFCSSolution</STRONG> (Thumb, 38 bytes, Stack size 24 bytes, texas.o(i.SetFCSSolution))
<BR><BR>[Stack]<UL><LI>Max Depth = 32<LI>Call Chain = SetFCSSolution &rArr; AP_GetSize
</UL>
<BR>[Calls]<UL><LI><a href="#[67]">&gt;&gt;</a>&nbsp;&nbsp;&nbsp;AP_GetSize
</UL>
<BR>[Called By]<UL><LI><a href="#[c7]">&gt;&gt;</a>&nbsp;&nbsp;&nbsp;Lab6BuildStartAdvertisementMsgSolution
<LI><a href="#[c6]">&gt;&gt;</a>&nbsp;&nbsp;&nbsp;Lab6BuildSetDeviceNameMsgSolution
<LI><a href="#[c5]">&gt;&gt;</a>&nbsp;&nbsp;&nbsp;Lab6BuildSetAdvertisementDataMsgSolution
<LI><a href="#[c4]">&gt;&gt;</a>&nbsp;&nbsp;&nbsp;Lab6BuildSetAdvertisementData1MsgSolution
<LI><a href="#[c3]">&gt;&gt;</a>&nbsp;&nbsp;&nbsp;Lab6BuildRegisterServiceMsgSolution
<LI><a href="#[c2]">&gt;&gt;</a>&nbsp;&nbsp;&nbsp;Lab6BuildGetVersionMsgSolution
<LI><a href="#[c1]">&gt;&gt;</a>&nbsp;&nbsp;&nbsp;Lab6BuildGetStatusMsgSolution
<LI><a href="#[c0]">&gt;&gt;</a>&nbsp;&nbsp;&nbsp;Lab6BuildAddServiceMsgSolution
<LI><a href="#[bf]">&gt;&gt;</a>&nbsp;&nbsp;&nbsp;Lab6BuildAddNotifyCharDescriptorMsgSolution
<LI><a href="#[be]">&gt;&gt;</a>&nbsp;&nbsp;&nbsp;Lab6BuildAddCharValueMsgSolution
<LI><a href="#[bc]">&gt;&gt;</a>&nbsp;&nbsp;&nbsp;Lab6BuildAddCharDescriptorMsgSolution
</UL>

<P><STRONG><a name="[e9]"></a>SetGrade</STRONG> (Thumb, 196 bytes, Stack size 16 bytes, texas.o(i.SetGrade))
<BR><BR>[Stack]<UL><LI>Max Depth = 32<LI>Call Chain = SetGrade &rArr; Encrypt
</UL>
<BR>[Calls]<UL><LI><a href="#[ea]">&gt;&gt;</a>&nbsp;&nbsp;&nbsp;Encrypt
</UL>
<BR>[Called By]<UL><LI><a href="#[3e]">&gt;&gt;</a>&nbsp;&nbsp;&nbsp;TExaS_Grade
</UL>
<P>
<H3>
Undefined Global Symbols
</H3><HR></body></html>
