


ARM Macro Assembler    Page 1 


    1 00000000         ;/******************************************************
                       ***********************/
    2 00000000         ; OSasm.s: low-level OS commands, written in assembly   
                                           */
    3 00000000         ; Runs on LM4F120/TM4C123/MSP432
    4 00000000         ; Lab 4 starter file (same as Lab 3)
    5 00000000         ; March 2, 2016
    6 00000000         
    7 00000000         ;
    8 00000000         
    9 00000000         
   10 00000000                 AREA             |.text|, CODE, READONLY, ALIGN=
2
   11 00000000                 THUMB
   12 00000000                 REQUIRE8
   13 00000000                 PRESERVE8
   14 00000000         
   15 00000000                 EXTERN           RunPt       ; currently running
                                                             thread
   16 00000000                 EXPORT           StartOS
   17 00000000                 EXPORT           SysTick_Handler
   18 00000000                 IMPORT           Scheduler
   19 00000000                 EXPORT           PendSV_Handler
   20 00000000         
   21 00000000         
   22 00000000         SysTick_Handler                      ; 1) Saves R0-R3,R1
                                                            2,LR,PC,PSR
   23 00000000 B672            CPSID            I           ; 2) Prevent interr
                                                            upt during switch
   24 00000002         ; same as Lab 3
   25 00000002 B662            CPSIE            I           ; 9) tasks run with
                                                             interrupts enabled
                                                            
   26 00000004 4770            BX               LR          ; 10) restore R0-R3
                                                            ,R12,LR,PC,PSR
   27 00000006         
   28 00000006         StartOS
   29 00000006         ; same as Lab 3
   30 00000006 B662            CPSIE            I           ; Enable interrupts
                                                             at processor level
                                                            
   31 00000008 4770            BX               LR          ; start first threa
                                                            d
   32 0000000A         
   33 0000000A         
   34 0000000A         PendSV_Handler
   35 0000000A 4804            LDR              R0, =RunPt  ; run this thread n
                                                            ext
   36 0000000C 6802            LDR              R2, [R0]    ; R2 = value of Run
                                                            Pt
   37 0000000E F8D2 D000       LDR              SP, [R2]    ; new thread SP; SP
                                                             = RunPt->stackPoin
                                                            ter;
   38 00000012 E8BD 0FF0       POP              {R4-R11}    ; restore regs r4-1
                                                            1
   39 00000016 F06F 0E06       LDR              LR,=0xFFFFFFF9
   40 0000001A 4770            BX               LR          ; start next thread
                                                            
   41 0000001C         



ARM Macro Assembler    Page 2 


   42 0000001C                 ALIGN
   43 0000001C                 END
              00000000 
Command Line: --debug --xref --diag_suppress=9931 --cpu=Cortex-M4 --apcs=interw
ork --depend=.\objects\osasm.d -o.\objects\osasm.o -IC:\Keil\MSP432ValvanoWare\
WorldShapers_MSP432\RTE -IC:\Keil\ARM\PACK\ARM\CMSIS\5.0.0-Beta12\CMSIS\Include
 -IC:\Keil\ARM\PACK\TexasInstruments\MSP432P4xx_DFP\2.2.1\Device\Include --pred
efine="__EVAL SETA 1" --predefine="__UVISION_VERSION SETA 521" --predefine="_RT
E_ SETA 1" --predefine="__MSP432P401R__ SETA 1" --list=.\listings\osasm.lst osa
sm.s



ARM Macro Assembler    Page 1 Alphabetic symbol ordering
Relocatable symbols

.text 00000000

Symbol: .text
   Definitions
      At line 10 in file osasm.s
   Uses
      None
Comment: .text unused
PendSV_Handler 0000000A

Symbol: PendSV_Handler
   Definitions
      At line 34 in file osasm.s
   Uses
      At line 19 in file osasm.s
Comment: PendSV_Handler used once
StartOS 00000006

Symbol: StartOS
   Definitions
      At line 28 in file osasm.s
   Uses
      At line 16 in file osasm.s
Comment: StartOS used once
SysTick_Handler 00000000

Symbol: SysTick_Handler
   Definitions
      At line 22 in file osasm.s
   Uses
      At line 17 in file osasm.s
Comment: SysTick_Handler used once
4 symbols



ARM Macro Assembler    Page 1 Alphabetic symbol ordering
External symbols

RunPt 00000000

Symbol: RunPt
   Definitions
      At line 15 in file osasm.s
   Uses
      At line 35 in file osasm.s
Comment: RunPt used once
Scheduler 00000000

Symbol: Scheduler
   Definitions
      At line 18 in file osasm.s
   Uses
      None
Comment: Scheduler unused
2 symbols
342 symbols in table
