<!doctype html public "-//w3c//dtd html 4.0 transitional//en">
<html><head>
<title>Static Call Graph - [.\Objects\ApplicationProcessor.axf]</title></head>
<body><HR>
<H1>Static Call Graph for image .\Objects\ApplicationProcessor.axf</H1><HR>
<BR><P>#&#060CALLGRAPH&#062# ARM Linker, 5060300: Last Updated: Sun Nov 06 22:40:25 2016
<BR><P>
<H3>Maximum Stack Usage =        160 bytes + Unknown(Cycles, Untraceable Function Pointers)</H3><H3>
Call chain for Maximum Stack Depth:</H3>
__rt_entry_main &rArr; main &rArr; AP_AddNotifyCharacteristic &rArr; AP_SendMessageResponse &rArr; AP_RecvMessage &rArr; UART1_InChar
<P>
<H3>
Mutually Recursive functions
</H3> <LI><a href="#[4]">NMI_Handler</a>&nbsp;&nbsp;&nbsp;&rArr;&nbsp;&nbsp;&nbsp;<a href="#[4]">NMI_Handler</a><BR>
 <LI><a href="#[5]">HardFault_Handler</a>&nbsp;&nbsp;&nbsp;&rArr;&nbsp;&nbsp;&nbsp;<a href="#[5]">HardFault_Handler</a><BR>
 <LI><a href="#[6]">MemManage_Handler</a>&nbsp;&nbsp;&nbsp;&rArr;&nbsp;&nbsp;&nbsp;<a href="#[6]">MemManage_Handler</a><BR>
 <LI><a href="#[7]">BusFault_Handler</a>&nbsp;&nbsp;&nbsp;&rArr;&nbsp;&nbsp;&nbsp;<a href="#[7]">BusFault_Handler</a><BR>
 <LI><a href="#[8]">UsageFault_Handler</a>&nbsp;&nbsp;&nbsp;&rArr;&nbsp;&nbsp;&nbsp;<a href="#[8]">UsageFault_Handler</a><BR>
 <LI><a href="#[9]">SVC_Handler</a>&nbsp;&nbsp;&nbsp;&rArr;&nbsp;&nbsp;&nbsp;<a href="#[9]">SVC_Handler</a><BR>
 <LI><a href="#[a]">DebugMon_Handler</a>&nbsp;&nbsp;&nbsp;&rArr;&nbsp;&nbsp;&nbsp;<a href="#[a]">DebugMon_Handler</a><BR>
 <LI><a href="#[b]">PendSV_Handler</a>&nbsp;&nbsp;&nbsp;&rArr;&nbsp;&nbsp;&nbsp;<a href="#[b]">PendSV_Handler</a><BR>
 <LI><a href="#[c]">SysTick_Handler</a>&nbsp;&nbsp;&nbsp;&rArr;&nbsp;&nbsp;&nbsp;<a href="#[c]">SysTick_Handler</a><BR>
 <LI><a href="#[25]">ADC14_IRQHandler</a>&nbsp;&nbsp;&nbsp;&rArr;&nbsp;&nbsp;&nbsp;<a href="#[25]">ADC14_IRQHandler</a><BR>
 <LI><a href="#[6e]">UART0_OutUHex</a>&nbsp;&nbsp;&nbsp;&rArr;&nbsp;&nbsp;&nbsp;<a href="#[6e]">UART0_OutUHex</a><BR>
 <LI><a href="#[50]">delay</a>&nbsp;&nbsp;&nbsp;&rArr;&nbsp;&nbsp;&nbsp;<a href="#[50]">delay</a><BR>
</UL>
<P>
<H3>
Function Pointers
</H3><UL>
 <LI><a href="#[25]">ADC14_IRQHandler</a> from startup_msp432p401r_uvision.o(.text) referenced from startup_msp432p401r_uvision.o(RESET)
 <LI><a href="#[29]">AES256_IRQHandler</a> from startup_msp432p401r_uvision.o(.text) referenced from startup_msp432p401r_uvision.o(RESET)
 <LI><a href="#[7]">BusFault_Handler</a> from startup_msp432p401r_uvision.o(.text) referenced from startup_msp432p401r_uvision.o(RESET)
 <LI><a href="#[3c]">Button1</a> from applicationprocessor.o(i.Button1) referenced from applicationprocessor.o(i.main)
 <LI><a href="#[3d]">Button2</a> from applicationprocessor.o(i.Button2) referenced from applicationprocessor.o(i.main)
 <LI><a href="#[13]">COMP_E0_IRQHandler</a> from startup_msp432p401r_uvision.o(.text) referenced from startup_msp432p401r_uvision.o(RESET)
 <LI><a href="#[14]">COMP_E1_IRQHandler</a> from startup_msp432p401r_uvision.o(.text) referenced from startup_msp432p401r_uvision.o(RESET)
 <LI><a href="#[e]">CS_IRQHandler</a> from startup_msp432p401r_uvision.o(.text) referenced from startup_msp432p401r_uvision.o(RESET)
 <LI><a href="#[2b]">DMA_ERR_IRQHandler</a> from startup_msp432p401r_uvision.o(.text) referenced from startup_msp432p401r_uvision.o(RESET)
 <LI><a href="#[2f]">DMA_INT0_IRQHandler</a> from startup_msp432p401r_uvision.o(.text) referenced from startup_msp432p401r_uvision.o(RESET)
 <LI><a href="#[2e]">DMA_INT1_IRQHandler</a> from startup_msp432p401r_uvision.o(.text) referenced from startup_msp432p401r_uvision.o(RESET)
 <LI><a href="#[2d]">DMA_INT2_IRQHandler</a> from startup_msp432p401r_uvision.o(.text) referenced from startup_msp432p401r_uvision.o(RESET)
 <LI><a href="#[2c]">DMA_INT3_IRQHandler</a> from startup_msp432p401r_uvision.o(.text) referenced from startup_msp432p401r_uvision.o(RESET)
 <LI><a href="#[a]">DebugMon_Handler</a> from startup_msp432p401r_uvision.o(.text) referenced from startup_msp432p401r_uvision.o(RESET)
 <LI><a href="#[1d]">EUSCIA0_IRQHandler</a> from startup_msp432p401r_uvision.o(.text) referenced from startup_msp432p401r_uvision.o(RESET)
 <LI><a href="#[1e]">EUSCIA1_IRQHandler</a> from startup_msp432p401r_uvision.o(.text) referenced from startup_msp432p401r_uvision.o(RESET)
 <LI><a href="#[1f]">EUSCIA2_IRQHandler</a> from uart1.o(i.EUSCIA2_IRQHandler) referenced from startup_msp432p401r_uvision.o(RESET)
 <LI><a href="#[20]">EUSCIA3_IRQHandler</a> from startup_msp432p401r_uvision.o(.text) referenced from startup_msp432p401r_uvision.o(RESET)
 <LI><a href="#[21]">EUSCIB0_IRQHandler</a> from startup_msp432p401r_uvision.o(.text) referenced from startup_msp432p401r_uvision.o(RESET)
 <LI><a href="#[22]">EUSCIB1_IRQHandler</a> from startup_msp432p401r_uvision.o(.text) referenced from startup_msp432p401r_uvision.o(RESET)
 <LI><a href="#[23]">EUSCIB2_IRQHandler</a> from startup_msp432p401r_uvision.o(.text) referenced from startup_msp432p401r_uvision.o(RESET)
 <LI><a href="#[24]">EUSCIB3_IRQHandler</a> from startup_msp432p401r_uvision.o(.text) referenced from startup_msp432p401r_uvision.o(RESET)
 <LI><a href="#[12]">FLCTL_IRQHandler</a> from startup_msp432p401r_uvision.o(.text) referenced from startup_msp432p401r_uvision.o(RESET)
 <LI><a href="#[11]">FPU_IRQHandler</a> from startup_msp432p401r_uvision.o(.text) referenced from startup_msp432p401r_uvision.o(RESET)
 <LI><a href="#[5]">HardFault_Handler</a> from startup_msp432p401r_uvision.o(.text) referenced from startup_msp432p401r_uvision.o(RESET)
 <LI><a href="#[6]">MemManage_Handler</a> from startup_msp432p401r_uvision.o(.text) referenced from startup_msp432p401r_uvision.o(RESET)
 <LI><a href="#[4]">NMI_Handler</a> from startup_msp432p401r_uvision.o(.text) referenced from startup_msp432p401r_uvision.o(RESET)
 <LI><a href="#[f]">PCM_IRQHandler</a> from startup_msp432p401r_uvision.o(.text) referenced from startup_msp432p401r_uvision.o(RESET)
 <LI><a href="#[30]">PORT1_IRQHandler</a> from startup_msp432p401r_uvision.o(.text) referenced from startup_msp432p401r_uvision.o(RESET)
 <LI><a href="#[31]">PORT2_IRQHandler</a> from startup_msp432p401r_uvision.o(.text) referenced from startup_msp432p401r_uvision.o(RESET)
 <LI><a href="#[32]">PORT3_IRQHandler</a> from startup_msp432p401r_uvision.o(.text) referenced from startup_msp432p401r_uvision.o(RESET)
 <LI><a href="#[33]">PORT4_IRQHandler</a> from startup_msp432p401r_uvision.o(.text) referenced from startup_msp432p401r_uvision.o(RESET)
 <LI><a href="#[34]">PORT5_IRQHandler</a> from startup_msp432p401r_uvision.o(.text) referenced from startup_msp432p401r_uvision.o(RESET)
 <LI><a href="#[35]">PORT6_IRQHandler</a> from startup_msp432p401r_uvision.o(.text) referenced from startup_msp432p401r_uvision.o(RESET)
 <LI><a href="#[d]">PSS_IRQHandler</a> from startup_msp432p401r_uvision.o(.text) referenced from startup_msp432p401r_uvision.o(RESET)
 <LI><a href="#[b]">PendSV_Handler</a> from startup_msp432p401r_uvision.o(.text) referenced from startup_msp432p401r_uvision.o(RESET)
 <LI><a href="#[2a]">RTC_C_IRQHandler</a> from startup_msp432p401r_uvision.o(.text) referenced from startup_msp432p401r_uvision.o(RESET)
 <LI><a href="#[39]">ReadByteData</a> from applicationprocessor.o(i.ReadByteData) referenced from applicationprocessor.o(i.main)
 <LI><a href="#[3a]">ReadHalfWordData</a> from applicationprocessor.o(i.ReadHalfWordData) referenced from applicationprocessor.o(i.main)
 <LI><a href="#[3e]">Reset_Handler</a> from startup_msp432p401r_uvision.o(.text) referenced from startup_msp432p401r_uvision.o(RESET)
 <LI><a href="#[9]">SVC_Handler</a> from startup_msp432p401r_uvision.o(.text) referenced from startup_msp432p401r_uvision.o(RESET)
 <LI><a href="#[c]">SysTick_Handler</a> from startup_msp432p401r_uvision.o(.text) referenced from startup_msp432p401r_uvision.o(RESET)
 <LI><a href="#[36]">SystemInit</a> from system_msp432p401r.o(i.SystemInit) referenced from startup_msp432p401r_uvision.o(.text)
 <LI><a href="#[26]">T32_INT1_IRQHandler</a> from startup_msp432p401r_uvision.o(.text) referenced from startup_msp432p401r_uvision.o(RESET)
 <LI><a href="#[27]">T32_INT2_IRQHandler</a> from startup_msp432p401r_uvision.o(.text) referenced from startup_msp432p401r_uvision.o(RESET)
 <LI><a href="#[28]">T32_INTC_IRQHandler</a> from startup_msp432p401r_uvision.o(.text) referenced from startup_msp432p401r_uvision.o(RESET)
 <LI><a href="#[15]">TA0_0_IRQHandler</a> from startup_msp432p401r_uvision.o(.text) referenced from startup_msp432p401r_uvision.o(RESET)
 <LI><a href="#[16]">TA0_N_IRQHandler</a> from startup_msp432p401r_uvision.o(.text) referenced from startup_msp432p401r_uvision.o(RESET)
 <LI><a href="#[17]">TA1_0_IRQHandler</a> from startup_msp432p401r_uvision.o(.text) referenced from startup_msp432p401r_uvision.o(RESET)
 <LI><a href="#[18]">TA1_N_IRQHandler</a> from startup_msp432p401r_uvision.o(.text) referenced from startup_msp432p401r_uvision.o(RESET)
 <LI><a href="#[19]">TA2_0_IRQHandler</a> from startup_msp432p401r_uvision.o(.text) referenced from startup_msp432p401r_uvision.o(RESET)
 <LI><a href="#[1a]">TA2_N_IRQHandler</a> from startup_msp432p401r_uvision.o(.text) referenced from startup_msp432p401r_uvision.o(RESET)
 <LI><a href="#[1b]">TA3_0_IRQHandler</a> from startup_msp432p401r_uvision.o(.text) referenced from startup_msp432p401r_uvision.o(RESET)
 <LI><a href="#[1c]">TA3_N_IRQHandler</a> from startup_msp432p401r_uvision.o(.text) referenced from startup_msp432p401r_uvision.o(RESET)
 <LI><a href="#[8]">UsageFault_Handler</a> from startup_msp432p401r_uvision.o(.text) referenced from startup_msp432p401r_uvision.o(RESET)
 <LI><a href="#[10]">WDT_A_IRQHandler</a> from startup_msp432p401r_uvision.o(.text) referenced from startup_msp432p401r_uvision.o(RESET)
 <LI><a href="#[38]">WriteByteData</a> from applicationprocessor.o(i.WriteByteData) referenced from applicationprocessor.o(i.main)
 <LI><a href="#[3b]">WriteWordData</a> from applicationprocessor.o(i.WriteWordData) referenced from applicationprocessor.o(i.main)
 <LI><a href="#[3f]">__main</a> from __main.o(!!!main) referenced from startup_msp432p401r_uvision.o(.text)
</UL>
<P>
<H3>
Global Symbols
</H3>
<P><STRONG><a name="[3f]"></a>__main</STRONG> (Thumb, 8 bytes, Stack size 0 bytes, __main.o(!!!main))
<BR><BR>[Calls]<UL><LI><a href="#[42]">&gt;&gt;</a>&nbsp;&nbsp;&nbsp;__rt_entry
<LI><a href="#[41]">&gt;&gt;</a>&nbsp;&nbsp;&nbsp;__scatterload
</UL>

<P><STRONG><a name="[41]"></a>__scatterload</STRONG> (Thumb, 0 bytes, Stack size unknown bytes, __scatter.o(!!!scatter))
<BR><BR>[Called By]<UL><LI><a href="#[3f]">&gt;&gt;</a>&nbsp;&nbsp;&nbsp;__main
</UL>

<P><STRONG><a name="[43]"></a>__scatterload_rt2</STRONG> (Thumb, 44 bytes, Stack size unknown bytes, __scatter.o(!!!scatter), UNUSED)
<BR><BR>[Calls]<UL><LI><a href="#[42]">&gt;&gt;</a>&nbsp;&nbsp;&nbsp;__rt_entry
</UL>

<P><STRONG><a name="[7c]"></a>__scatterload_rt2_thumb_only</STRONG> (Thumb, 0 bytes, Stack size unknown bytes, __scatter.o(!!!scatter), UNUSED)

<P><STRONG><a name="[7d]"></a>__scatterload_null</STRONG> (Thumb, 0 bytes, Stack size unknown bytes, __scatter.o(!!!scatter), UNUSED)

<P><STRONG><a name="[44]"></a>__scatterload_copy</STRONG> (Thumb, 26 bytes, Stack size unknown bytes, __scatter_copy.o(!!handler_copy), UNUSED)
<BR><BR>[Calls]<UL><LI><a href="#[44]">&gt;&gt;</a>&nbsp;&nbsp;&nbsp;__scatterload_copy
</UL>
<BR>[Called By]<UL><LI><a href="#[44]">&gt;&gt;</a>&nbsp;&nbsp;&nbsp;__scatterload_copy
</UL>

<P><STRONG><a name="[7e]"></a>__scatterload_zeroinit</STRONG> (Thumb, 28 bytes, Stack size unknown bytes, __scatter_zi.o(!!handler_zi), UNUSED)

<P><STRONG><a name="[48]"></a>__rt_lib_init</STRONG> (Thumb, 0 bytes, Stack size unknown bytes, libinit.o(.ARM.Collect$$libinit$$00000000))
<BR><BR>[Called By]<UL><LI><a href="#[47]">&gt;&gt;</a>&nbsp;&nbsp;&nbsp;__rt_entry_li
</UL>

<P><STRONG><a name="[7f]"></a>__rt_lib_init_alloca_1</STRONG> (Thumb, 0 bytes, Stack size unknown bytes, libinit2.o(.ARM.Collect$$libinit$$0000002E))

<P><STRONG><a name="[80]"></a>__rt_lib_init_argv_1</STRONG> (Thumb, 0 bytes, Stack size unknown bytes, libinit2.o(.ARM.Collect$$libinit$$0000002C))

<P><STRONG><a name="[81]"></a>__rt_lib_init_atexit_1</STRONG> (Thumb, 0 bytes, Stack size unknown bytes, libinit2.o(.ARM.Collect$$libinit$$0000001B))

<P><STRONG><a name="[82]"></a>__rt_lib_init_clock_1</STRONG> (Thumb, 0 bytes, Stack size unknown bytes, libinit2.o(.ARM.Collect$$libinit$$00000021))

<P><STRONG><a name="[83]"></a>__rt_lib_init_cpp_1</STRONG> (Thumb, 0 bytes, Stack size unknown bytes, libinit2.o(.ARM.Collect$$libinit$$00000032))

<P><STRONG><a name="[84]"></a>__rt_lib_init_exceptions_1</STRONG> (Thumb, 0 bytes, Stack size unknown bytes, libinit2.o(.ARM.Collect$$libinit$$00000030))

<P><STRONG><a name="[85]"></a>__rt_lib_init_fp_1</STRONG> (Thumb, 0 bytes, Stack size unknown bytes, libinit2.o(.ARM.Collect$$libinit$$00000002))

<P><STRONG><a name="[86]"></a>__rt_lib_init_fp_trap_1</STRONG> (Thumb, 0 bytes, Stack size unknown bytes, libinit2.o(.ARM.Collect$$libinit$$0000001F))

<P><STRONG><a name="[87]"></a>__rt_lib_init_getenv_1</STRONG> (Thumb, 0 bytes, Stack size unknown bytes, libinit2.o(.ARM.Collect$$libinit$$00000023))

<P><STRONG><a name="[88]"></a>__rt_lib_init_heap_1</STRONG> (Thumb, 0 bytes, Stack size unknown bytes, libinit2.o(.ARM.Collect$$libinit$$0000000A))

<P><STRONG><a name="[89]"></a>__rt_lib_init_lc_collate_1</STRONG> (Thumb, 0 bytes, Stack size unknown bytes, libinit2.o(.ARM.Collect$$libinit$$00000011))

<P><STRONG><a name="[8a]"></a>__rt_lib_init_lc_ctype_1</STRONG> (Thumb, 0 bytes, Stack size unknown bytes, libinit2.o(.ARM.Collect$$libinit$$00000013))

<P><STRONG><a name="[8b]"></a>__rt_lib_init_lc_monetary_1</STRONG> (Thumb, 0 bytes, Stack size unknown bytes, libinit2.o(.ARM.Collect$$libinit$$00000015))

<P><STRONG><a name="[8c]"></a>__rt_lib_init_lc_numeric_1</STRONG> (Thumb, 0 bytes, Stack size unknown bytes, libinit2.o(.ARM.Collect$$libinit$$00000017))

<P><STRONG><a name="[8d]"></a>__rt_lib_init_lc_time_1</STRONG> (Thumb, 0 bytes, Stack size unknown bytes, libinit2.o(.ARM.Collect$$libinit$$00000019))

<P><STRONG><a name="[8e]"></a>__rt_lib_init_preinit_1</STRONG> (Thumb, 0 bytes, Stack size unknown bytes, libinit2.o(.ARM.Collect$$libinit$$00000004))

<P><STRONG><a name="[8f]"></a>__rt_lib_init_rand_1</STRONG> (Thumb, 0 bytes, Stack size unknown bytes, libinit2.o(.ARM.Collect$$libinit$$0000000E))

<P><STRONG><a name="[90]"></a>__rt_lib_init_return</STRONG> (Thumb, 0 bytes, Stack size unknown bytes, libinit2.o(.ARM.Collect$$libinit$$00000033))

<P><STRONG><a name="[91]"></a>__rt_lib_init_signal_1</STRONG> (Thumb, 0 bytes, Stack size unknown bytes, libinit2.o(.ARM.Collect$$libinit$$0000001D))

<P><STRONG><a name="[92]"></a>__rt_lib_init_stdio_1</STRONG> (Thumb, 0 bytes, Stack size unknown bytes, libinit2.o(.ARM.Collect$$libinit$$00000025))

<P><STRONG><a name="[93]"></a>__rt_lib_init_user_alloc_1</STRONG> (Thumb, 0 bytes, Stack size unknown bytes, libinit2.o(.ARM.Collect$$libinit$$0000000C))

<P><STRONG><a name="[4d]"></a>__rt_lib_shutdown</STRONG> (Thumb, 0 bytes, Stack size unknown bytes, libshutdown.o(.ARM.Collect$$libshutdown$$00000000))
<BR><BR>[Called By]<UL><LI><a href="#[4c]">&gt;&gt;</a>&nbsp;&nbsp;&nbsp;__rt_exit_ls
</UL>

<P><STRONG><a name="[94]"></a>__rt_lib_shutdown_cpp_1</STRONG> (Thumb, 0 bytes, Stack size unknown bytes, libshutdown2.o(.ARM.Collect$$libshutdown$$00000002))

<P><STRONG><a name="[95]"></a>__rt_lib_shutdown_fp_trap_1</STRONG> (Thumb, 0 bytes, Stack size unknown bytes, libshutdown2.o(.ARM.Collect$$libshutdown$$00000007))

<P><STRONG><a name="[96]"></a>__rt_lib_shutdown_heap_1</STRONG> (Thumb, 0 bytes, Stack size unknown bytes, libshutdown2.o(.ARM.Collect$$libshutdown$$0000000F))

<P><STRONG><a name="[97]"></a>__rt_lib_shutdown_return</STRONG> (Thumb, 0 bytes, Stack size unknown bytes, libshutdown2.o(.ARM.Collect$$libshutdown$$00000010))

<P><STRONG><a name="[98]"></a>__rt_lib_shutdown_signal_1</STRONG> (Thumb, 0 bytes, Stack size unknown bytes, libshutdown2.o(.ARM.Collect$$libshutdown$$0000000A))

<P><STRONG><a name="[99]"></a>__rt_lib_shutdown_stdio_1</STRONG> (Thumb, 0 bytes, Stack size unknown bytes, libshutdown2.o(.ARM.Collect$$libshutdown$$00000004))

<P><STRONG><a name="[9a]"></a>__rt_lib_shutdown_user_alloc_1</STRONG> (Thumb, 0 bytes, Stack size unknown bytes, libshutdown2.o(.ARM.Collect$$libshutdown$$0000000C))

<P><STRONG><a name="[42]"></a>__rt_entry</STRONG> (Thumb, 0 bytes, Stack size unknown bytes, __rtentry.o(.ARM.Collect$$rtentry$$00000000))
<BR><BR>[Called By]<UL><LI><a href="#[3f]">&gt;&gt;</a>&nbsp;&nbsp;&nbsp;__main
<LI><a href="#[43]">&gt;&gt;</a>&nbsp;&nbsp;&nbsp;__scatterload_rt2
</UL>

<P><STRONG><a name="[9b]"></a>__rt_entry_presh_1</STRONG> (Thumb, 0 bytes, Stack size unknown bytes, __rtentry2.o(.ARM.Collect$$rtentry$$00000002))

<P><STRONG><a name="[45]"></a>__rt_entry_sh</STRONG> (Thumb, 0 bytes, Stack size unknown bytes, __rtentry4.o(.ARM.Collect$$rtentry$$00000004))
<BR><BR>[Stack]<UL><LI>Max Depth = 8 + Unknown Stack Size
<LI>Call Chain = __rt_entry_sh &rArr; __user_setup_stackheap
</UL>
<BR>[Calls]<UL><LI><a href="#[46]">&gt;&gt;</a>&nbsp;&nbsp;&nbsp;__user_setup_stackheap
</UL>

<P><STRONG><a name="[47]"></a>__rt_entry_li</STRONG> (Thumb, 0 bytes, Stack size unknown bytes, __rtentry2.o(.ARM.Collect$$rtentry$$0000000A))
<BR><BR>[Calls]<UL><LI><a href="#[48]">&gt;&gt;</a>&nbsp;&nbsp;&nbsp;__rt_lib_init
</UL>

<P><STRONG><a name="[9c]"></a>__rt_entry_postsh_1</STRONG> (Thumb, 0 bytes, Stack size unknown bytes, __rtentry2.o(.ARM.Collect$$rtentry$$00000009))

<P><STRONG><a name="[49]"></a>__rt_entry_main</STRONG> (Thumb, 0 bytes, Stack size unknown bytes, __rtentry2.o(.ARM.Collect$$rtentry$$0000000D))
<BR><BR>[Stack]<UL><LI>Max Depth = 160 + Unknown Stack Size
<LI>Call Chain = __rt_entry_main &rArr; main &rArr; AP_AddNotifyCharacteristic &rArr; AP_SendMessageResponse &rArr; AP_RecvMessage &rArr; UART1_InChar
</UL>
<BR>[Calls]<UL><LI><a href="#[4a]">&gt;&gt;</a>&nbsp;&nbsp;&nbsp;main
<LI><a href="#[4b]">&gt;&gt;</a>&nbsp;&nbsp;&nbsp;exit
</UL>

<P><STRONG><a name="[9d]"></a>__rt_entry_postli_1</STRONG> (Thumb, 0 bytes, Stack size unknown bytes, __rtentry2.o(.ARM.Collect$$rtentry$$0000000C))

<P><STRONG><a name="[52]"></a>__rt_exit</STRONG> (Thumb, 0 bytes, Stack size unknown bytes, rtexit.o(.ARM.Collect$$rtexit$$00000000))
<BR><BR>[Called By]<UL><LI><a href="#[4b]">&gt;&gt;</a>&nbsp;&nbsp;&nbsp;exit
</UL>

<P><STRONG><a name="[4c]"></a>__rt_exit_ls</STRONG> (Thumb, 0 bytes, Stack size unknown bytes, rtexit2.o(.ARM.Collect$$rtexit$$00000003))
<BR><BR>[Calls]<UL><LI><a href="#[4d]">&gt;&gt;</a>&nbsp;&nbsp;&nbsp;__rt_lib_shutdown
</UL>

<P><STRONG><a name="[9e]"></a>__rt_exit_prels_1</STRONG> (Thumb, 0 bytes, Stack size unknown bytes, rtexit2.o(.ARM.Collect$$rtexit$$00000002))

<P><STRONG><a name="[4e]"></a>__rt_exit_exit</STRONG> (Thumb, 0 bytes, Stack size unknown bytes, rtexit2.o(.ARM.Collect$$rtexit$$00000004))
<BR><BR>[Calls]<UL><LI><a href="#[4f]">&gt;&gt;</a>&nbsp;&nbsp;&nbsp;_sys_exit
</UL>

<P><STRONG><a name="[78]"></a>DisableInterrupts</STRONG> (Thumb, 4 bytes, Stack size 0 bytes, cortexm.o(.emb_text))
<BR><BR>[Called By]<UL><LI><a href="#[4a]">&gt;&gt;</a>&nbsp;&nbsp;&nbsp;main
</UL>

<P><STRONG><a name="[7b]"></a>EnableInterrupts</STRONG> (Thumb, 4 bytes, Stack size 0 bytes, cortexm.o(.emb_text))
<BR><BR>[Called By]<UL><LI><a href="#[4a]">&gt;&gt;</a>&nbsp;&nbsp;&nbsp;main
</UL>

<P><STRONG><a name="[9f]"></a>StartCritical</STRONG> (Thumb, 8 bytes, Stack size 0 bytes, cortexm.o(.emb_text), UNUSED)

<P><STRONG><a name="[a0]"></a>EndCritical</STRONG> (Thumb, 6 bytes, Stack size 0 bytes, cortexm.o(.emb_text), UNUSED)

<P><STRONG><a name="[a1]"></a>WaitForInterrupt</STRONG> (Thumb, 4 bytes, Stack size 0 bytes, cortexm.o(.emb_text), UNUSED)

<P><STRONG><a name="[50]"></a>delay</STRONG> (Thumb, 6 bytes, Stack size 0 bytes, cortexm.o(.emb_text))
<BR><BR>[Calls]<UL><LI><a href="#[50]">&gt;&gt;</a>&nbsp;&nbsp;&nbsp;delay
</UL>
<BR>[Called By]<UL><LI><a href="#[6a]">&gt;&gt;</a>&nbsp;&nbsp;&nbsp;Clock_Delay1ms
<LI><a href="#[50]">&gt;&gt;</a>&nbsp;&nbsp;&nbsp;delay
</UL>

<P><STRONG><a name="[3e]"></a>Reset_Handler</STRONG> (Thumb, 8 bytes, Stack size 0 bytes, startup_msp432p401r_uvision.o(.text))

<P><STRONG><a name="[4]"></a>NMI_Handler</STRONG> (Thumb, 2 bytes, Stack size 0 bytes, startup_msp432p401r_uvision.o(.text))
<BR><BR>[Calls]<UL><LI><a href="#[4]">&gt;&gt;</a>&nbsp;&nbsp;&nbsp;NMI_Handler
</UL>
<BR>[Called By]<UL><LI><a href="#[4]">&gt;&gt;</a>&nbsp;&nbsp;&nbsp;NMI_Handler
</UL>
<BR>[Address Reference Count : 1]<UL><LI> startup_msp432p401r_uvision.o(RESET)
</UL>
<P><STRONG><a name="[5]"></a>HardFault_Handler</STRONG> (Thumb, 2 bytes, Stack size 0 bytes, startup_msp432p401r_uvision.o(.text))
<BR><BR>[Calls]<UL><LI><a href="#[5]">&gt;&gt;</a>&nbsp;&nbsp;&nbsp;HardFault_Handler
</UL>
<BR>[Called By]<UL><LI><a href="#[5]">&gt;&gt;</a>&nbsp;&nbsp;&nbsp;HardFault_Handler
</UL>
<BR>[Address Reference Count : 1]<UL><LI> startup_msp432p401r_uvision.o(RESET)
</UL>
<P><STRONG><a name="[6]"></a>MemManage_Handler</STRONG> (Thumb, 2 bytes, Stack size 0 bytes, startup_msp432p401r_uvision.o(.text))
<BR><BR>[Calls]<UL><LI><a href="#[6]">&gt;&gt;</a>&nbsp;&nbsp;&nbsp;MemManage_Handler
</UL>
<BR>[Called By]<UL><LI><a href="#[6]">&gt;&gt;</a>&nbsp;&nbsp;&nbsp;MemManage_Handler
</UL>
<BR>[Address Reference Count : 1]<UL><LI> startup_msp432p401r_uvision.o(RESET)
</UL>
<P><STRONG><a name="[7]"></a>BusFault_Handler</STRONG> (Thumb, 2 bytes, Stack size 0 bytes, startup_msp432p401r_uvision.o(.text))
<BR><BR>[Calls]<UL><LI><a href="#[7]">&gt;&gt;</a>&nbsp;&nbsp;&nbsp;BusFault_Handler
</UL>
<BR>[Called By]<UL><LI><a href="#[7]">&gt;&gt;</a>&nbsp;&nbsp;&nbsp;BusFault_Handler
</UL>
<BR>[Address Reference Count : 1]<UL><LI> startup_msp432p401r_uvision.o(RESET)
</UL>
<P><STRONG><a name="[8]"></a>UsageFault_Handler</STRONG> (Thumb, 2 bytes, Stack size 0 bytes, startup_msp432p401r_uvision.o(.text))
<BR><BR>[Calls]<UL><LI><a href="#[8]">&gt;&gt;</a>&nbsp;&nbsp;&nbsp;UsageFault_Handler
</UL>
<BR>[Called By]<UL><LI><a href="#[8]">&gt;&gt;</a>&nbsp;&nbsp;&nbsp;UsageFault_Handler
</UL>
<BR>[Address Reference Count : 1]<UL><LI> startup_msp432p401r_uvision.o(RESET)
</UL>
<P><STRONG><a name="[9]"></a>SVC_Handler</STRONG> (Thumb, 2 bytes, Stack size 0 bytes, startup_msp432p401r_uvision.o(.text))
<BR><BR>[Calls]<UL><LI><a href="#[9]">&gt;&gt;</a>&nbsp;&nbsp;&nbsp;SVC_Handler
</UL>
<BR>[Called By]<UL><LI><a href="#[9]">&gt;&gt;</a>&nbsp;&nbsp;&nbsp;SVC_Handler
</UL>
<BR>[Address Reference Count : 1]<UL><LI> startup_msp432p401r_uvision.o(RESET)
</UL>
<P><STRONG><a name="[a]"></a>DebugMon_Handler</STRONG> (Thumb, 2 bytes, Stack size 0 bytes, startup_msp432p401r_uvision.o(.text))
<BR><BR>[Calls]<UL><LI><a href="#[a]">&gt;&gt;</a>&nbsp;&nbsp;&nbsp;DebugMon_Handler
</UL>
<BR>[Called By]<UL><LI><a href="#[a]">&gt;&gt;</a>&nbsp;&nbsp;&nbsp;DebugMon_Handler
</UL>
<BR>[Address Reference Count : 1]<UL><LI> startup_msp432p401r_uvision.o(RESET)
</UL>
<P><STRONG><a name="[b]"></a>PendSV_Handler</STRONG> (Thumb, 2 bytes, Stack size 0 bytes, startup_msp432p401r_uvision.o(.text))
<BR><BR>[Calls]<UL><LI><a href="#[b]">&gt;&gt;</a>&nbsp;&nbsp;&nbsp;PendSV_Handler
</UL>
<BR>[Called By]<UL><LI><a href="#[b]">&gt;&gt;</a>&nbsp;&nbsp;&nbsp;PendSV_Handler
</UL>
<BR>[Address Reference Count : 1]<UL><LI> startup_msp432p401r_uvision.o(RESET)
</UL>
<P><STRONG><a name="[c]"></a>SysTick_Handler</STRONG> (Thumb, 2 bytes, Stack size 0 bytes, startup_msp432p401r_uvision.o(.text))
<BR><BR>[Calls]<UL><LI><a href="#[c]">&gt;&gt;</a>&nbsp;&nbsp;&nbsp;SysTick_Handler
</UL>
<BR>[Called By]<UL><LI><a href="#[c]">&gt;&gt;</a>&nbsp;&nbsp;&nbsp;SysTick_Handler
</UL>
<BR>[Address Reference Count : 1]<UL><LI> startup_msp432p401r_uvision.o(RESET)
</UL>
<P><STRONG><a name="[25]"></a>ADC14_IRQHandler</STRONG> (Thumb, 0 bytes, Stack size 0 bytes, startup_msp432p401r_uvision.o(.text))
<BR><BR>[Calls]<UL><LI><a href="#[25]">&gt;&gt;</a>&nbsp;&nbsp;&nbsp;ADC14_IRQHandler
</UL>
<BR>[Called By]<UL><LI><a href="#[25]">&gt;&gt;</a>&nbsp;&nbsp;&nbsp;ADC14_IRQHandler
</UL>
<BR>[Address Reference Count : 1]<UL><LI> startup_msp432p401r_uvision.o(RESET)
</UL>
<P><STRONG><a name="[29]"></a>AES256_IRQHandler</STRONG> (Thumb, 0 bytes, Stack size 0 bytes, startup_msp432p401r_uvision.o(.text))
<BR>[Address Reference Count : 1]<UL><LI> startup_msp432p401r_uvision.o(RESET)
</UL>
<P><STRONG><a name="[13]"></a>COMP_E0_IRQHandler</STRONG> (Thumb, 0 bytes, Stack size 0 bytes, startup_msp432p401r_uvision.o(.text))
<BR>[Address Reference Count : 1]<UL><LI> startup_msp432p401r_uvision.o(RESET)
</UL>
<P><STRONG><a name="[14]"></a>COMP_E1_IRQHandler</STRONG> (Thumb, 0 bytes, Stack size 0 bytes, startup_msp432p401r_uvision.o(.text))
<BR>[Address Reference Count : 1]<UL><LI> startup_msp432p401r_uvision.o(RESET)
</UL>
<P><STRONG><a name="[e]"></a>CS_IRQHandler</STRONG> (Thumb, 0 bytes, Stack size 0 bytes, startup_msp432p401r_uvision.o(.text))
<BR>[Address Reference Count : 1]<UL><LI> startup_msp432p401r_uvision.o(RESET)
</UL>
<P><STRONG><a name="[2b]"></a>DMA_ERR_IRQHandler</STRONG> (Thumb, 0 bytes, Stack size 0 bytes, startup_msp432p401r_uvision.o(.text))
<BR>[Address Reference Count : 1]<UL><LI> startup_msp432p401r_uvision.o(RESET)
</UL>
<P><STRONG><a name="[2f]"></a>DMA_INT0_IRQHandler</STRONG> (Thumb, 0 bytes, Stack size 0 bytes, startup_msp432p401r_uvision.o(.text))
<BR>[Address Reference Count : 1]<UL><LI> startup_msp432p401r_uvision.o(RESET)
</UL>
<P><STRONG><a name="[2e]"></a>DMA_INT1_IRQHandler</STRONG> (Thumb, 0 bytes, Stack size 0 bytes, startup_msp432p401r_uvision.o(.text))
<BR>[Address Reference Count : 1]<UL><LI> startup_msp432p401r_uvision.o(RESET)
</UL>
<P><STRONG><a name="[2d]"></a>DMA_INT2_IRQHandler</STRONG> (Thumb, 0 bytes, Stack size 0 bytes, startup_msp432p401r_uvision.o(.text))
<BR>[Address Reference Count : 1]<UL><LI> startup_msp432p401r_uvision.o(RESET)
</UL>
<P><STRONG><a name="[2c]"></a>DMA_INT3_IRQHandler</STRONG> (Thumb, 0 bytes, Stack size 0 bytes, startup_msp432p401r_uvision.o(.text))
<BR>[Address Reference Count : 1]<UL><LI> startup_msp432p401r_uvision.o(RESET)
</UL>
<P><STRONG><a name="[1d]"></a>EUSCIA0_IRQHandler</STRONG> (Thumb, 0 bytes, Stack size 0 bytes, startup_msp432p401r_uvision.o(.text))
<BR>[Address Reference Count : 1]<UL><LI> startup_msp432p401r_uvision.o(RESET)
</UL>
<P><STRONG><a name="[1e]"></a>EUSCIA1_IRQHandler</STRONG> (Thumb, 0 bytes, Stack size 0 bytes, startup_msp432p401r_uvision.o(.text))
<BR>[Address Reference Count : 1]<UL><LI> startup_msp432p401r_uvision.o(RESET)
</UL>
<P><STRONG><a name="[20]"></a>EUSCIA3_IRQHandler</STRONG> (Thumb, 0 bytes, Stack size 0 bytes, startup_msp432p401r_uvision.o(.text))
<BR>[Address Reference Count : 1]<UL><LI> startup_msp432p401r_uvision.o(RESET)
</UL>
<P><STRONG><a name="[21]"></a>EUSCIB0_IRQHandler</STRONG> (Thumb, 0 bytes, Stack size 0 bytes, startup_msp432p401r_uvision.o(.text))
<BR>[Address Reference Count : 1]<UL><LI> startup_msp432p401r_uvision.o(RESET)
</UL>
<P><STRONG><a name="[22]"></a>EUSCIB1_IRQHandler</STRONG> (Thumb, 0 bytes, Stack size 0 bytes, startup_msp432p401r_uvision.o(.text))
<BR>[Address Reference Count : 1]<UL><LI> startup_msp432p401r_uvision.o(RESET)
</UL>
<P><STRONG><a name="[23]"></a>EUSCIB2_IRQHandler</STRONG> (Thumb, 0 bytes, Stack size 0 bytes, startup_msp432p401r_uvision.o(.text))
<BR>[Address Reference Count : 1]<UL><LI> startup_msp432p401r_uvision.o(RESET)
</UL>
<P><STRONG><a name="[24]"></a>EUSCIB3_IRQHandler</STRONG> (Thumb, 0 bytes, Stack size 0 bytes, startup_msp432p401r_uvision.o(.text))
<BR>[Address Reference Count : 1]<UL><LI> startup_msp432p401r_uvision.o(RESET)
</UL>
<P><STRONG><a name="[12]"></a>FLCTL_IRQHandler</STRONG> (Thumb, 0 bytes, Stack size 0 bytes, startup_msp432p401r_uvision.o(.text))
<BR>[Address Reference Count : 1]<UL><LI> startup_msp432p401r_uvision.o(RESET)
</UL>
<P><STRONG><a name="[11]"></a>FPU_IRQHandler</STRONG> (Thumb, 0 bytes, Stack size 0 bytes, startup_msp432p401r_uvision.o(.text))
<BR>[Address Reference Count : 1]<UL><LI> startup_msp432p401r_uvision.o(RESET)
</UL>
<P><STRONG><a name="[f]"></a>PCM_IRQHandler</STRONG> (Thumb, 0 bytes, Stack size 0 bytes, startup_msp432p401r_uvision.o(.text))
<BR>[Address Reference Count : 1]<UL><LI> startup_msp432p401r_uvision.o(RESET)
</UL>
<P><STRONG><a name="[30]"></a>PORT1_IRQHandler</STRONG> (Thumb, 0 bytes, Stack size 0 bytes, startup_msp432p401r_uvision.o(.text))
<BR>[Address Reference Count : 1]<UL><LI> startup_msp432p401r_uvision.o(RESET)
</UL>
<P><STRONG><a name="[31]"></a>PORT2_IRQHandler</STRONG> (Thumb, 0 bytes, Stack size 0 bytes, startup_msp432p401r_uvision.o(.text))
<BR>[Address Reference Count : 1]<UL><LI> startup_msp432p401r_uvision.o(RESET)
</UL>
<P><STRONG><a name="[32]"></a>PORT3_IRQHandler</STRONG> (Thumb, 0 bytes, Stack size 0 bytes, startup_msp432p401r_uvision.o(.text))
<BR>[Address Reference Count : 1]<UL><LI> startup_msp432p401r_uvision.o(RESET)
</UL>
<P><STRONG><a name="[33]"></a>PORT4_IRQHandler</STRONG> (Thumb, 0 bytes, Stack size 0 bytes, startup_msp432p401r_uvision.o(.text))
<BR>[Address Reference Count : 1]<UL><LI> startup_msp432p401r_uvision.o(RESET)
</UL>
<P><STRONG><a name="[34]"></a>PORT5_IRQHandler</STRONG> (Thumb, 0 bytes, Stack size 0 bytes, startup_msp432p401r_uvision.o(.text))
<BR>[Address Reference Count : 1]<UL><LI> startup_msp432p401r_uvision.o(RESET)
</UL>
<P><STRONG><a name="[35]"></a>PORT6_IRQHandler</STRONG> (Thumb, 0 bytes, Stack size 0 bytes, startup_msp432p401r_uvision.o(.text))
<BR>[Address Reference Count : 1]<UL><LI> startup_msp432p401r_uvision.o(RESET)
</UL>
<P><STRONG><a name="[d]"></a>PSS_IRQHandler</STRONG> (Thumb, 0 bytes, Stack size 0 bytes, startup_msp432p401r_uvision.o(.text))
<BR>[Address Reference Count : 1]<UL><LI> startup_msp432p401r_uvision.o(RESET)
</UL>
<P><STRONG><a name="[2a]"></a>RTC_C_IRQHandler</STRONG> (Thumb, 0 bytes, Stack size 0 bytes, startup_msp432p401r_uvision.o(.text))
<BR>[Address Reference Count : 1]<UL><LI> startup_msp432p401r_uvision.o(RESET)
</UL>
<P><STRONG><a name="[26]"></a>T32_INT1_IRQHandler</STRONG> (Thumb, 0 bytes, Stack size 0 bytes, startup_msp432p401r_uvision.o(.text))
<BR>[Address Reference Count : 1]<UL><LI> startup_msp432p401r_uvision.o(RESET)
</UL>
<P><STRONG><a name="[27]"></a>T32_INT2_IRQHandler</STRONG> (Thumb, 0 bytes, Stack size 0 bytes, startup_msp432p401r_uvision.o(.text))
<BR>[Address Reference Count : 1]<UL><LI> startup_msp432p401r_uvision.o(RESET)
</UL>
<P><STRONG><a name="[28]"></a>T32_INTC_IRQHandler</STRONG> (Thumb, 0 bytes, Stack size 0 bytes, startup_msp432p401r_uvision.o(.text))
<BR>[Address Reference Count : 1]<UL><LI> startup_msp432p401r_uvision.o(RESET)
</UL>
<P><STRONG><a name="[15]"></a>TA0_0_IRQHandler</STRONG> (Thumb, 0 bytes, Stack size 0 bytes, startup_msp432p401r_uvision.o(.text))
<BR>[Address Reference Count : 1]<UL><LI> startup_msp432p401r_uvision.o(RESET)
</UL>
<P><STRONG><a name="[16]"></a>TA0_N_IRQHandler</STRONG> (Thumb, 0 bytes, Stack size 0 bytes, startup_msp432p401r_uvision.o(.text))
<BR>[Address Reference Count : 1]<UL><LI> startup_msp432p401r_uvision.o(RESET)
</UL>
<P><STRONG><a name="[17]"></a>TA1_0_IRQHandler</STRONG> (Thumb, 0 bytes, Stack size 0 bytes, startup_msp432p401r_uvision.o(.text))
<BR>[Address Reference Count : 1]<UL><LI> startup_msp432p401r_uvision.o(RESET)
</UL>
<P><STRONG><a name="[18]"></a>TA1_N_IRQHandler</STRONG> (Thumb, 0 bytes, Stack size 0 bytes, startup_msp432p401r_uvision.o(.text))
<BR>[Address Reference Count : 1]<UL><LI> startup_msp432p401r_uvision.o(RESET)
</UL>
<P><STRONG><a name="[19]"></a>TA2_0_IRQHandler</STRONG> (Thumb, 0 bytes, Stack size 0 bytes, startup_msp432p401r_uvision.o(.text))
<BR>[Address Reference Count : 1]<UL><LI> startup_msp432p401r_uvision.o(RESET)
</UL>
<P><STRONG><a name="[1a]"></a>TA2_N_IRQHandler</STRONG> (Thumb, 0 bytes, Stack size 0 bytes, startup_msp432p401r_uvision.o(.text))
<BR>[Address Reference Count : 1]<UL><LI> startup_msp432p401r_uvision.o(RESET)
</UL>
<P><STRONG><a name="[1b]"></a>TA3_0_IRQHandler</STRONG> (Thumb, 0 bytes, Stack size 0 bytes, startup_msp432p401r_uvision.o(.text))
<BR>[Address Reference Count : 1]<UL><LI> startup_msp432p401r_uvision.o(RESET)
</UL>
<P><STRONG><a name="[1c]"></a>TA3_N_IRQHandler</STRONG> (Thumb, 0 bytes, Stack size 0 bytes, startup_msp432p401r_uvision.o(.text))
<BR>[Address Reference Count : 1]<UL><LI> startup_msp432p401r_uvision.o(RESET)
</UL>
<P><STRONG><a name="[10]"></a>WDT_A_IRQHandler</STRONG> (Thumb, 0 bytes, Stack size 0 bytes, startup_msp432p401r_uvision.o(.text))
<BR>[Address Reference Count : 1]<UL><LI> startup_msp432p401r_uvision.o(RESET)
</UL>
<P><STRONG><a name="[40]"></a>__user_initial_stackheap</STRONG> (Thumb, 10 bytes, Stack size 0 bytes, startup_msp432p401r_uvision.o(.text))
<BR><BR>[Called By]<UL><LI><a href="#[46]">&gt;&gt;</a>&nbsp;&nbsp;&nbsp;__user_setup_stackheap
</UL>

<P><STRONG><a name="[a2]"></a>__use_two_region_memory</STRONG> (Thumb, 2 bytes, Stack size 0 bytes, heapauxi.o(.text), UNUSED)

<P><STRONG><a name="[a3]"></a>__rt_heap_escrow$2region</STRONG> (Thumb, 2 bytes, Stack size 0 bytes, heapauxi.o(.text), UNUSED)

<P><STRONG><a name="[a4]"></a>__rt_heap_expand$2region</STRONG> (Thumb, 2 bytes, Stack size 0 bytes, heapauxi.o(.text), UNUSED)

<P><STRONG><a name="[46]"></a>__user_setup_stackheap</STRONG> (Thumb, 74 bytes, Stack size 8 bytes, sys_stackheap_outer.o(.text))
<BR><BR>[Stack]<UL><LI>Max Depth = 8<LI>Call Chain = __user_setup_stackheap
</UL>
<BR>[Calls]<UL><LI><a href="#[40]">&gt;&gt;</a>&nbsp;&nbsp;&nbsp;__user_initial_stackheap
<LI><a href="#[51]">&gt;&gt;</a>&nbsp;&nbsp;&nbsp;__user_perproc_libspace
</UL>
<BR>[Called By]<UL><LI><a href="#[45]">&gt;&gt;</a>&nbsp;&nbsp;&nbsp;__rt_entry_sh
</UL>

<P><STRONG><a name="[4b]"></a>exit</STRONG> (Thumb, 18 bytes, Stack size 8 bytes, exit.o(.text))
<BR><BR>[Stack]<UL><LI>Max Depth = 8 + Unknown Stack Size
<LI>Call Chain = exit
</UL>
<BR>[Calls]<UL><LI><a href="#[52]">&gt;&gt;</a>&nbsp;&nbsp;&nbsp;__rt_exit
</UL>
<BR>[Called By]<UL><LI><a href="#[49]">&gt;&gt;</a>&nbsp;&nbsp;&nbsp;__rt_entry_main
</UL>

<P><STRONG><a name="[a5]"></a>__user_libspace</STRONG> (Thumb, 8 bytes, Stack size 0 bytes, libspace.o(.text), UNUSED)

<P><STRONG><a name="[51]"></a>__user_perproc_libspace</STRONG> (Thumb, 0 bytes, Stack size 0 bytes, libspace.o(.text))
<BR><BR>[Called By]<UL><LI><a href="#[46]">&gt;&gt;</a>&nbsp;&nbsp;&nbsp;__user_setup_stackheap
</UL>

<P><STRONG><a name="[a6]"></a>__user_perthread_libspace</STRONG> (Thumb, 0 bytes, Stack size 0 bytes, libspace.o(.text), UNUSED)

<P><STRONG><a name="[4f]"></a>_sys_exit</STRONG> (Thumb, 8 bytes, Stack size 0 bytes, sys_exit.o(.text))
<BR><BR>[Called By]<UL><LI><a href="#[4e]">&gt;&gt;</a>&nbsp;&nbsp;&nbsp;__rt_exit_exit
</UL>

<P><STRONG><a name="[a7]"></a>__I$use$semihosting</STRONG> (Thumb, 0 bytes, Stack size 0 bytes, use_no_semi.o(.text), UNUSED)

<P><STRONG><a name="[a8]"></a>__use_no_semihosting_swi</STRONG> (Thumb, 2 bytes, Stack size 0 bytes, use_no_semi.o(.text), UNUSED)

<P><STRONG><a name="[a9]"></a>__semihosting_library_function</STRONG> (Thumb, 0 bytes, Stack size unknown bytes, indicate_semi.o(.text), UNUSED)

<P><STRONG><a name="[53]"></a>AP_AddCharacteristic</STRONG> (Thumb, 292 bytes, Stack size 40 bytes, ap.o(i.AP_AddCharacteristic))
<BR><BR>[Stack]<UL><LI>Max Depth = 136<LI>Call Chain = AP_AddCharacteristic &rArr; AP_SendMessageResponse &rArr; AP_RecvMessage &rArr; UART1_InChar
</UL>
<BR>[Calls]<UL><LI><a href="#[55]">&gt;&gt;</a>&nbsp;&nbsp;&nbsp;AP_SendMessageResponse
<LI><a href="#[54]">&gt;&gt;</a>&nbsp;&nbsp;&nbsp;UART0_OutString
</UL>
<BR>[Called By]<UL><LI><a href="#[4a]">&gt;&gt;</a>&nbsp;&nbsp;&nbsp;main
</UL>

<P><STRONG><a name="[56]"></a>AP_AddNotifyCharacteristic</STRONG> (Thumb, 348 bytes, Stack size 40 bytes, ap.o(i.AP_AddNotifyCharacteristic))
<BR><BR>[Stack]<UL><LI>Max Depth = 136<LI>Call Chain = AP_AddNotifyCharacteristic &rArr; AP_SendMessageResponse &rArr; AP_RecvMessage &rArr; UART1_InChar
</UL>
<BR>[Calls]<UL><LI><a href="#[55]">&gt;&gt;</a>&nbsp;&nbsp;&nbsp;AP_SendMessageResponse
<LI><a href="#[54]">&gt;&gt;</a>&nbsp;&nbsp;&nbsp;UART0_OutString
</UL>
<BR>[Called By]<UL><LI><a href="#[4a]">&gt;&gt;</a>&nbsp;&nbsp;&nbsp;main
</UL>

<P><STRONG><a name="[57]"></a>AP_AddService</STRONG> (Thumb, 34 bytes, Stack size 16 bytes, ap.o(i.AP_AddService))
<BR><BR>[Stack]<UL><LI>Max Depth = 112<LI>Call Chain = AP_AddService &rArr; AP_SendMessageResponse &rArr; AP_RecvMessage &rArr; UART1_InChar
</UL>
<BR>[Calls]<UL><LI><a href="#[55]">&gt;&gt;</a>&nbsp;&nbsp;&nbsp;AP_SendMessageResponse
<LI><a href="#[54]">&gt;&gt;</a>&nbsp;&nbsp;&nbsp;UART0_OutString
</UL>
<BR>[Called By]<UL><LI><a href="#[4a]">&gt;&gt;</a>&nbsp;&nbsp;&nbsp;main
</UL>

<P><STRONG><a name="[58]"></a>AP_BackgroundProcess</STRONG> (Thumb, 478 bytes, Stack size 32 bytes, ap.o(i.AP_BackgroundProcess))
<BR><BR>[Stack]<UL><LI>Max Depth = 104<LI>Call Chain = AP_BackgroundProcess &rArr; AP_RecvMessage &rArr; UART1_InChar
</UL>
<BR>[Calls]<UL><LI><a href="#[5c]">&gt;&gt;</a>&nbsp;&nbsp;&nbsp;AP_SendMessage
<LI><a href="#[59]">&gt;&gt;</a>&nbsp;&nbsp;&nbsp;AP_RecvStatus
<LI><a href="#[5a]">&gt;&gt;</a>&nbsp;&nbsp;&nbsp;AP_RecvMessage
<LI><a href="#[5d]">&gt;&gt;</a>&nbsp;&nbsp;&nbsp;AP_EchoSendMessage
<LI><a href="#[5b]">&gt;&gt;</a>&nbsp;&nbsp;&nbsp;AP_EchoReceived
<LI><a href="#[54]">&gt;&gt;</a>&nbsp;&nbsp;&nbsp;UART0_OutString
</UL>
<BR>[Called By]<UL><LI><a href="#[4a]">&gt;&gt;</a>&nbsp;&nbsp;&nbsp;main
</UL>

<P><STRONG><a name="[5b]"></a>AP_EchoReceived</STRONG> (Thumb, 66 bytes, Stack size 16 bytes, ap.o(i.AP_EchoReceived))
<BR><BR>[Stack]<UL><LI>Max Depth = 28<LI>Call Chain = AP_EchoReceived &rArr; UART0_OutUHex2 &rArr; outnibble
</UL>
<BR>[Calls]<UL><LI><a href="#[5f]">&gt;&gt;</a>&nbsp;&nbsp;&nbsp;UART0_OutUHex2
<LI><a href="#[60]">&gt;&gt;</a>&nbsp;&nbsp;&nbsp;UART0_OutChar
<LI><a href="#[5e]">&gt;&gt;</a>&nbsp;&nbsp;&nbsp;AP_GetSize
<LI><a href="#[54]">&gt;&gt;</a>&nbsp;&nbsp;&nbsp;UART0_OutString
</UL>
<BR>[Called By]<UL><LI><a href="#[55]">&gt;&gt;</a>&nbsp;&nbsp;&nbsp;AP_SendMessageResponse
<LI><a href="#[58]">&gt;&gt;</a>&nbsp;&nbsp;&nbsp;AP_BackgroundProcess
</UL>

<P><STRONG><a name="[5d]"></a>AP_EchoSendMessage</STRONG> (Thumb, 72 bytes, Stack size 24 bytes, ap.o(i.AP_EchoSendMessage))
<BR><BR>[Stack]<UL><LI>Max Depth = 36<LI>Call Chain = AP_EchoSendMessage &rArr; UART0_OutUHex2 &rArr; outnibble
</UL>
<BR>[Calls]<UL><LI><a href="#[5f]">&gt;&gt;</a>&nbsp;&nbsp;&nbsp;UART0_OutUHex2
<LI><a href="#[60]">&gt;&gt;</a>&nbsp;&nbsp;&nbsp;UART0_OutChar
<LI><a href="#[5e]">&gt;&gt;</a>&nbsp;&nbsp;&nbsp;AP_GetSize
<LI><a href="#[54]">&gt;&gt;</a>&nbsp;&nbsp;&nbsp;UART0_OutString
</UL>
<BR>[Called By]<UL><LI><a href="#[55]">&gt;&gt;</a>&nbsp;&nbsp;&nbsp;AP_SendMessageResponse
<LI><a href="#[58]">&gt;&gt;</a>&nbsp;&nbsp;&nbsp;AP_BackgroundProcess
</UL>

<P><STRONG><a name="[70]"></a>AP_GetNotifyCCCD</STRONG> (Thumb, 16 bytes, Stack size 0 bytes, ap.o(i.AP_GetNotifyCCCD))
<BR><BR>[Called By]<UL><LI><a href="#[4a]">&gt;&gt;</a>&nbsp;&nbsp;&nbsp;main
<LI><a href="#[3d]">&gt;&gt;</a>&nbsp;&nbsp;&nbsp;Button2
<LI><a href="#[3c]">&gt;&gt;</a>&nbsp;&nbsp;&nbsp;Button1
</UL>

<P><STRONG><a name="[5e]"></a>AP_GetSize</STRONG> (Thumb, 14 bytes, Stack size 8 bytes, ap.o(i.AP_GetSize))
<BR><BR>[Stack]<UL><LI>Max Depth = 8<LI>Call Chain = AP_GetSize
</UL>
<BR>[Called By]<UL><LI><a href="#[5c]">&gt;&gt;</a>&nbsp;&nbsp;&nbsp;AP_SendMessage
<LI><a href="#[5d]">&gt;&gt;</a>&nbsp;&nbsp;&nbsp;AP_EchoSendMessage
<LI><a href="#[5b]">&gt;&gt;</a>&nbsp;&nbsp;&nbsp;AP_EchoReceived
</UL>

<P><STRONG><a name="[61]"></a>AP_GetStatus</STRONG> (Thumb, 50 bytes, Stack size 8 bytes, ap.o(i.AP_GetStatus))
<BR><BR>[Stack]<UL><LI>Max Depth = 104<LI>Call Chain = AP_GetStatus &rArr; AP_SendMessageResponse &rArr; AP_RecvMessage &rArr; UART1_InChar
</UL>
<BR>[Calls]<UL><LI><a href="#[55]">&gt;&gt;</a>&nbsp;&nbsp;&nbsp;AP_SendMessageResponse
<LI><a href="#[54]">&gt;&gt;</a>&nbsp;&nbsp;&nbsp;UART0_OutString
</UL>
<BR>[Called By]<UL><LI><a href="#[4a]">&gt;&gt;</a>&nbsp;&nbsp;&nbsp;main
</UL>

<P><STRONG><a name="[62]"></a>AP_GetVersion</STRONG> (Thumb, 34 bytes, Stack size 8 bytes, ap.o(i.AP_GetVersion))
<BR><BR>[Stack]<UL><LI>Max Depth = 104<LI>Call Chain = AP_GetVersion &rArr; AP_SendMessageResponse &rArr; AP_RecvMessage &rArr; UART1_InChar
</UL>
<BR>[Calls]<UL><LI><a href="#[55]">&gt;&gt;</a>&nbsp;&nbsp;&nbsp;AP_SendMessageResponse
<LI><a href="#[54]">&gt;&gt;</a>&nbsp;&nbsp;&nbsp;UART0_OutString
</UL>
<BR>[Called By]<UL><LI><a href="#[4a]">&gt;&gt;</a>&nbsp;&nbsp;&nbsp;main
</UL>

<P><STRONG><a name="[63]"></a>AP_Init</STRONG> (Thumb, 180 bytes, Stack size 16 bytes, ap.o(i.AP_Init))
<BR><BR>[Stack]<UL><LI>Max Depth = 112<LI>Call Chain = AP_Init &rArr; AP_SendMessageResponse &rArr; AP_RecvMessage &rArr; UART1_InChar
</UL>
<BR>[Calls]<UL><LI><a href="#[66]">&gt;&gt;</a>&nbsp;&nbsp;&nbsp;UART1_Init
<LI><a href="#[64]">&gt;&gt;</a>&nbsp;&nbsp;&nbsp;GPIO_Init
<LI><a href="#[55]">&gt;&gt;</a>&nbsp;&nbsp;&nbsp;AP_SendMessageResponse
<LI><a href="#[67]">&gt;&gt;</a>&nbsp;&nbsp;&nbsp;AP_Reset
<LI><a href="#[59]">&gt;&gt;</a>&nbsp;&nbsp;&nbsp;AP_RecvStatus
<LI><a href="#[5a]">&gt;&gt;</a>&nbsp;&nbsp;&nbsp;AP_RecvMessage
<LI><a href="#[54]">&gt;&gt;</a>&nbsp;&nbsp;&nbsp;UART0_OutString
<LI><a href="#[65]">&gt;&gt;</a>&nbsp;&nbsp;&nbsp;UART0_Init
</UL>
<BR>[Called By]<UL><LI><a href="#[4a]">&gt;&gt;</a>&nbsp;&nbsp;&nbsp;main
</UL>

<P><STRONG><a name="[5a]"></a>AP_RecvMessage</STRONG> (Thumb, 338 bytes, Stack size 64 bytes, ap.o(i.AP_RecvMessage))
<BR><BR>[Stack]<UL><LI>Max Depth = 72<LI>Call Chain = AP_RecvMessage &rArr; UART1_InChar
</UL>
<BR>[Calls]<UL><LI><a href="#[68]">&gt;&gt;</a>&nbsp;&nbsp;&nbsp;UART1_InChar
</UL>
<BR>[Called By]<UL><LI><a href="#[55]">&gt;&gt;</a>&nbsp;&nbsp;&nbsp;AP_SendMessageResponse
<LI><a href="#[63]">&gt;&gt;</a>&nbsp;&nbsp;&nbsp;AP_Init
<LI><a href="#[58]">&gt;&gt;</a>&nbsp;&nbsp;&nbsp;AP_BackgroundProcess
</UL>

<P><STRONG><a name="[59]"></a>AP_RecvStatus</STRONG> (Thumb, 12 bytes, Stack size 0 bytes, ap.o(i.AP_RecvStatus))
<BR><BR>[Called By]<UL><LI><a href="#[63]">&gt;&gt;</a>&nbsp;&nbsp;&nbsp;AP_Init
<LI><a href="#[58]">&gt;&gt;</a>&nbsp;&nbsp;&nbsp;AP_BackgroundProcess
</UL>

<P><STRONG><a name="[69]"></a>AP_RegisterService</STRONG> (Thumb, 24 bytes, Stack size 8 bytes, ap.o(i.AP_RegisterService))
<BR><BR>[Stack]<UL><LI>Max Depth = 104<LI>Call Chain = AP_RegisterService &rArr; AP_SendMessageResponse &rArr; AP_RecvMessage &rArr; UART1_InChar
</UL>
<BR>[Calls]<UL><LI><a href="#[55]">&gt;&gt;</a>&nbsp;&nbsp;&nbsp;AP_SendMessageResponse
<LI><a href="#[54]">&gt;&gt;</a>&nbsp;&nbsp;&nbsp;UART0_OutString
</UL>
<BR>[Called By]<UL><LI><a href="#[4a]">&gt;&gt;</a>&nbsp;&nbsp;&nbsp;main
</UL>

<P><STRONG><a name="[67]"></a>AP_Reset</STRONG> (Thumb, 50 bytes, Stack size 8 bytes, ap.o(i.AP_Reset))
<BR><BR>[Stack]<UL><LI>Max Depth = 16<LI>Call Chain = AP_Reset &rArr; Clock_Delay1ms
</UL>
<BR>[Calls]<UL><LI><a href="#[6a]">&gt;&gt;</a>&nbsp;&nbsp;&nbsp;Clock_Delay1ms
</UL>
<BR>[Called By]<UL><LI><a href="#[63]">&gt;&gt;</a>&nbsp;&nbsp;&nbsp;AP_Init
</UL>

<P><STRONG><a name="[5c]"></a>AP_SendMessage</STRONG> (Thumb, 222 bytes, Stack size 32 bytes, ap.o(i.AP_SendMessage))
<BR><BR>[Stack]<UL><LI>Max Depth = 40<LI>Call Chain = AP_SendMessage &rArr; AP_GetSize
</UL>
<BR>[Calls]<UL><LI><a href="#[6b]">&gt;&gt;</a>&nbsp;&nbsp;&nbsp;UART1_OutChar
<LI><a href="#[6c]">&gt;&gt;</a>&nbsp;&nbsp;&nbsp;UART1_FinishOutput
<LI><a href="#[5e]">&gt;&gt;</a>&nbsp;&nbsp;&nbsp;AP_GetSize
</UL>
<BR>[Called By]<UL><LI><a href="#[55]">&gt;&gt;</a>&nbsp;&nbsp;&nbsp;AP_SendMessageResponse
<LI><a href="#[58]">&gt;&gt;</a>&nbsp;&nbsp;&nbsp;AP_BackgroundProcess
</UL>

<P><STRONG><a name="[55]"></a>AP_SendMessageResponse</STRONG> (Thumb, 58 bytes, Stack size 24 bytes, ap.o(i.AP_SendMessageResponse))
<BR><BR>[Stack]<UL><LI>Max Depth = 96<LI>Call Chain = AP_SendMessageResponse &rArr; AP_RecvMessage &rArr; UART1_InChar
</UL>
<BR>[Calls]<UL><LI><a href="#[5c]">&gt;&gt;</a>&nbsp;&nbsp;&nbsp;AP_SendMessage
<LI><a href="#[5a]">&gt;&gt;</a>&nbsp;&nbsp;&nbsp;AP_RecvMessage
<LI><a href="#[5d]">&gt;&gt;</a>&nbsp;&nbsp;&nbsp;AP_EchoSendMessage
<LI><a href="#[5b]">&gt;&gt;</a>&nbsp;&nbsp;&nbsp;AP_EchoReceived
</UL>
<BR>[Called By]<UL><LI><a href="#[6f]">&gt;&gt;</a>&nbsp;&nbsp;&nbsp;AP_StartAdvertisement
<LI><a href="#[6d]">&gt;&gt;</a>&nbsp;&nbsp;&nbsp;AP_SendNotification
<LI><a href="#[69]">&gt;&gt;</a>&nbsp;&nbsp;&nbsp;AP_RegisterService
<LI><a href="#[63]">&gt;&gt;</a>&nbsp;&nbsp;&nbsp;AP_Init
<LI><a href="#[62]">&gt;&gt;</a>&nbsp;&nbsp;&nbsp;AP_GetVersion
<LI><a href="#[61]">&gt;&gt;</a>&nbsp;&nbsp;&nbsp;AP_GetStatus
<LI><a href="#[57]">&gt;&gt;</a>&nbsp;&nbsp;&nbsp;AP_AddService
<LI><a href="#[56]">&gt;&gt;</a>&nbsp;&nbsp;&nbsp;AP_AddNotifyCharacteristic
<LI><a href="#[53]">&gt;&gt;</a>&nbsp;&nbsp;&nbsp;AP_AddCharacteristic
</UL>

<P><STRONG><a name="[6d]"></a>AP_SendNotification</STRONG> (Thumb, 172 bytes, Stack size 32 bytes, ap.o(i.AP_SendNotification))
<BR><BR>[Stack]<UL><LI>Max Depth = 128<LI>Call Chain = AP_SendNotification &rArr; AP_SendMessageResponse &rArr; AP_RecvMessage &rArr; UART1_InChar
</UL>
<BR>[Calls]<UL><LI><a href="#[55]">&gt;&gt;</a>&nbsp;&nbsp;&nbsp;AP_SendMessageResponse
<LI><a href="#[6e]">&gt;&gt;</a>&nbsp;&nbsp;&nbsp;UART0_OutUHex
<LI><a href="#[54]">&gt;&gt;</a>&nbsp;&nbsp;&nbsp;UART0_OutString
</UL>
<BR>[Called By]<UL><LI><a href="#[4a]">&gt;&gt;</a>&nbsp;&nbsp;&nbsp;main
</UL>

<P><STRONG><a name="[6f]"></a>AP_StartAdvertisement</STRONG> (Thumb, 78 bytes, Stack size 8 bytes, ap.o(i.AP_StartAdvertisement))
<BR><BR>[Stack]<UL><LI>Max Depth = 104<LI>Call Chain = AP_StartAdvertisement &rArr; AP_SendMessageResponse &rArr; AP_RecvMessage &rArr; UART1_InChar
</UL>
<BR>[Calls]<UL><LI><a href="#[55]">&gt;&gt;</a>&nbsp;&nbsp;&nbsp;AP_SendMessageResponse
<LI><a href="#[54]">&gt;&gt;</a>&nbsp;&nbsp;&nbsp;UART0_OutString
</UL>
<BR>[Called By]<UL><LI><a href="#[4a]">&gt;&gt;</a>&nbsp;&nbsp;&nbsp;main
</UL>

<P><STRONG><a name="[3c]"></a>Button1</STRONG> (Thumb, 20 bytes, Stack size 8 bytes, applicationprocessor.o(i.Button1))
<BR><BR>[Stack]<UL><LI>Max Depth = 32<LI>Call Chain = Button1 &rArr; OutValue &rArr; UART0_OutUHex &rArr;  UART0_OutUHex (Cycle)
</UL>
<BR>[Calls]<UL><LI><a href="#[70]">&gt;&gt;</a>&nbsp;&nbsp;&nbsp;AP_GetNotifyCCCD
<LI><a href="#[71]">&gt;&gt;</a>&nbsp;&nbsp;&nbsp;OutValue
</UL>
<BR>[Address Reference Count : 1]<UL><LI> applicationprocessor.o(i.main)
</UL>
<P><STRONG><a name="[3d]"></a>Button2</STRONG> (Thumb, 20 bytes, Stack size 8 bytes, applicationprocessor.o(i.Button2))
<BR><BR>[Stack]<UL><LI>Max Depth = 32<LI>Call Chain = Button2 &rArr; OutValue &rArr; UART0_OutUHex &rArr;  UART0_OutUHex (Cycle)
</UL>
<BR>[Calls]<UL><LI><a href="#[70]">&gt;&gt;</a>&nbsp;&nbsp;&nbsp;AP_GetNotifyCCCD
<LI><a href="#[71]">&gt;&gt;</a>&nbsp;&nbsp;&nbsp;OutValue
</UL>
<BR>[Address Reference Count : 1]<UL><LI> applicationprocessor.o(i.main)
</UL>
<P><STRONG><a name="[6a]"></a>Clock_Delay1ms</STRONG> (Thumb, 22 bytes, Stack size 8 bytes, cortexm.o(i.Clock_Delay1ms))
<BR><BR>[Stack]<UL><LI>Max Depth = 8<LI>Call Chain = Clock_Delay1ms
</UL>
<BR>[Calls]<UL><LI><a href="#[50]">&gt;&gt;</a>&nbsp;&nbsp;&nbsp;delay
</UL>
<BR>[Called By]<UL><LI><a href="#[67]">&gt;&gt;</a>&nbsp;&nbsp;&nbsp;AP_Reset
</UL>

<P><STRONG><a name="[79]"></a>Clock_InitFastest</STRONG> (Thumb, 322 bytes, Stack size 0 bytes, clock.o(i.Clock_InitFastest))
<BR><BR>[Called By]<UL><LI><a href="#[4a]">&gt;&gt;</a>&nbsp;&nbsp;&nbsp;main
</UL>

<P><STRONG><a name="[1f]"></a>EUSCIA2_IRQHandler</STRONG> (Thumb, 26 bytes, Stack size 4 bytes, uart1.o(i.EUSCIA2_IRQHandler))
<BR><BR>[Stack]<UL><LI>Max Depth = 4<LI>Call Chain = EUSCIA2_IRQHandler
</UL>
<BR>[Calls]<UL><LI><a href="#[72]">&gt;&gt;</a>&nbsp;&nbsp;&nbsp;RxFifo_Put
</UL>
<BR>[Address Reference Count : 1]<UL><LI> startup_msp432p401r_uvision.o(RESET)
</UL>
<P><STRONG><a name="[64]"></a>GPIO_Init</STRONG> (Thumb, 202 bytes, Stack size 0 bytes, gpio.o(i.GPIO_Init))
<BR><BR>[Called By]<UL><LI><a href="#[63]">&gt;&gt;</a>&nbsp;&nbsp;&nbsp;AP_Init
</UL>

<P><STRONG><a name="[7a]"></a>LaunchPad_Init</STRONG> (Thumb, 134 bytes, Stack size 0 bytes, launchpad.o(i.LaunchPad_Init))
<BR><BR>[Called By]<UL><LI><a href="#[4a]">&gt;&gt;</a>&nbsp;&nbsp;&nbsp;main
</UL>

<P><STRONG><a name="[74]"></a>LaunchPad_Input</STRONG> (Thumb, 24 bytes, Stack size 0 bytes, launchpad.o(i.LaunchPad_Input))
<BR><BR>[Called By]<UL><LI><a href="#[4a]">&gt;&gt;</a>&nbsp;&nbsp;&nbsp;main
<LI><a href="#[3a]">&gt;&gt;</a>&nbsp;&nbsp;&nbsp;ReadHalfWordData
</UL>

<P><STRONG><a name="[73]"></a>LaunchPad_Output</STRONG> (Thumb, 16 bytes, Stack size 0 bytes, launchpad.o(i.LaunchPad_Output))
<BR><BR>[Called By]<UL><LI><a href="#[3b]">&gt;&gt;</a>&nbsp;&nbsp;&nbsp;WriteWordData
<LI><a href="#[38]">&gt;&gt;</a>&nbsp;&nbsp;&nbsp;WriteByteData
<LI><a href="#[3a]">&gt;&gt;</a>&nbsp;&nbsp;&nbsp;ReadHalfWordData
<LI><a href="#[39]">&gt;&gt;</a>&nbsp;&nbsp;&nbsp;ReadByteData
</UL>

<P><STRONG><a name="[71]"></a>OutValue</STRONG> (Thumb, 20 bytes, Stack size 16 bytes, applicationprocessor.o(i.OutValue))
<BR><BR>[Stack]<UL><LI>Max Depth = 24<LI>Call Chain = OutValue &rArr; UART0_OutUHex &rArr;  UART0_OutUHex (Cycle)
</UL>
<BR>[Calls]<UL><LI><a href="#[6e]">&gt;&gt;</a>&nbsp;&nbsp;&nbsp;UART0_OutUHex
<LI><a href="#[54]">&gt;&gt;</a>&nbsp;&nbsp;&nbsp;UART0_OutString
</UL>
<BR>[Called By]<UL><LI><a href="#[4a]">&gt;&gt;</a>&nbsp;&nbsp;&nbsp;main
<LI><a href="#[3b]">&gt;&gt;</a>&nbsp;&nbsp;&nbsp;WriteWordData
<LI><a href="#[38]">&gt;&gt;</a>&nbsp;&nbsp;&nbsp;WriteByteData
<LI><a href="#[3a]">&gt;&gt;</a>&nbsp;&nbsp;&nbsp;ReadHalfWordData
<LI><a href="#[39]">&gt;&gt;</a>&nbsp;&nbsp;&nbsp;ReadByteData
<LI><a href="#[3d]">&gt;&gt;</a>&nbsp;&nbsp;&nbsp;Button2
<LI><a href="#[3c]">&gt;&gt;</a>&nbsp;&nbsp;&nbsp;Button1
</UL>

<P><STRONG><a name="[39]"></a>ReadByteData</STRONG> (Thumb, 32 bytes, Stack size 8 bytes, applicationprocessor.o(i.ReadByteData))
<BR><BR>[Stack]<UL><LI>Max Depth = 32<LI>Call Chain = ReadByteData &rArr; OutValue &rArr; UART0_OutUHex &rArr;  UART0_OutUHex (Cycle)
</UL>
<BR>[Calls]<UL><LI><a href="#[73]">&gt;&gt;</a>&nbsp;&nbsp;&nbsp;LaunchPad_Output
<LI><a href="#[71]">&gt;&gt;</a>&nbsp;&nbsp;&nbsp;OutValue
</UL>
<BR>[Address Reference Count : 1]<UL><LI> applicationprocessor.o(i.main)
</UL>
<P><STRONG><a name="[3a]"></a>ReadHalfWordData</STRONG> (Thumb, 34 bytes, Stack size 8 bytes, applicationprocessor.o(i.ReadHalfWordData))
<BR><BR>[Stack]<UL><LI>Max Depth = 32<LI>Call Chain = ReadHalfWordData &rArr; OutValue &rArr; UART0_OutUHex &rArr;  UART0_OutUHex (Cycle)
</UL>
<BR>[Calls]<UL><LI><a href="#[73]">&gt;&gt;</a>&nbsp;&nbsp;&nbsp;LaunchPad_Output
<LI><a href="#[74]">&gt;&gt;</a>&nbsp;&nbsp;&nbsp;LaunchPad_Input
<LI><a href="#[71]">&gt;&gt;</a>&nbsp;&nbsp;&nbsp;OutValue
</UL>
<BR>[Address Reference Count : 1]<UL><LI> applicationprocessor.o(i.main)
</UL>
<P><STRONG><a name="[76]"></a>RxFifo_Get</STRONG> (Thumb, 44 bytes, Stack size 0 bytes, uart1.o(i.RxFifo_Get))
<BR><BR>[Called By]<UL><LI><a href="#[68]">&gt;&gt;</a>&nbsp;&nbsp;&nbsp;UART1_InChar
</UL>

<P><STRONG><a name="[77]"></a>RxFifo_Init</STRONG> (Thumb, 16 bytes, Stack size 0 bytes, uart1.o(i.RxFifo_Init))
<BR><BR>[Called By]<UL><LI><a href="#[66]">&gt;&gt;</a>&nbsp;&nbsp;&nbsp;UART1_Init
</UL>

<P><STRONG><a name="[72]"></a>RxFifo_Put</STRONG> (Thumb, 56 bytes, Stack size 0 bytes, uart1.o(i.RxFifo_Put))
<BR><BR>[Called By]<UL><LI><a href="#[1f]">&gt;&gt;</a>&nbsp;&nbsp;&nbsp;EUSCIA2_IRQHandler
</UL>

<P><STRONG><a name="[36]"></a>SystemInit</STRONG> (Thumb, 74 bytes, Stack size 0 bytes, system_msp432p401r.o(i.SystemInit))
<BR>[Address Reference Count : 1]<UL><LI> startup_msp432p401r_uvision.o(.text)
</UL>
<P><STRONG><a name="[65]"></a>UART0_Init</STRONG> (Thumb, 76 bytes, Stack size 0 bytes, uart0.o(i.UART0_Init))
<BR><BR>[Called By]<UL><LI><a href="#[63]">&gt;&gt;</a>&nbsp;&nbsp;&nbsp;AP_Init
<LI><a href="#[4a]">&gt;&gt;</a>&nbsp;&nbsp;&nbsp;main
</UL>

<P><STRONG><a name="[60]"></a>UART0_OutChar</STRONG> (Thumb, 20 bytes, Stack size 0 bytes, uart0.o(i.UART0_OutChar))
<BR><BR>[Called By]<UL><LI><a href="#[75]">&gt;&gt;</a>&nbsp;&nbsp;&nbsp;outnibble
<LI><a href="#[5d]">&gt;&gt;</a>&nbsp;&nbsp;&nbsp;AP_EchoSendMessage
<LI><a href="#[5b]">&gt;&gt;</a>&nbsp;&nbsp;&nbsp;AP_EchoReceived
<LI><a href="#[6e]">&gt;&gt;</a>&nbsp;&nbsp;&nbsp;UART0_OutUHex
<LI><a href="#[54]">&gt;&gt;</a>&nbsp;&nbsp;&nbsp;UART0_OutString
</UL>

<P><STRONG><a name="[54]"></a>UART0_OutString</STRONG> (Thumb, 24 bytes, Stack size 4 bytes, uart0.o(i.UART0_OutString))
<BR><BR>[Stack]<UL><LI>Max Depth = 4<LI>Call Chain = UART0_OutString
</UL>
<BR>[Calls]<UL><LI><a href="#[60]">&gt;&gt;</a>&nbsp;&nbsp;&nbsp;UART0_OutChar
</UL>
<BR>[Called By]<UL><LI><a href="#[5d]">&gt;&gt;</a>&nbsp;&nbsp;&nbsp;AP_EchoSendMessage
<LI><a href="#[5b]">&gt;&gt;</a>&nbsp;&nbsp;&nbsp;AP_EchoReceived
<LI><a href="#[6f]">&gt;&gt;</a>&nbsp;&nbsp;&nbsp;AP_StartAdvertisement
<LI><a href="#[6d]">&gt;&gt;</a>&nbsp;&nbsp;&nbsp;AP_SendNotification
<LI><a href="#[69]">&gt;&gt;</a>&nbsp;&nbsp;&nbsp;AP_RegisterService
<LI><a href="#[63]">&gt;&gt;</a>&nbsp;&nbsp;&nbsp;AP_Init
<LI><a href="#[62]">&gt;&gt;</a>&nbsp;&nbsp;&nbsp;AP_GetVersion
<LI><a href="#[61]">&gt;&gt;</a>&nbsp;&nbsp;&nbsp;AP_GetStatus
<LI><a href="#[58]">&gt;&gt;</a>&nbsp;&nbsp;&nbsp;AP_BackgroundProcess
<LI><a href="#[57]">&gt;&gt;</a>&nbsp;&nbsp;&nbsp;AP_AddService
<LI><a href="#[56]">&gt;&gt;</a>&nbsp;&nbsp;&nbsp;AP_AddNotifyCharacteristic
<LI><a href="#[53]">&gt;&gt;</a>&nbsp;&nbsp;&nbsp;AP_AddCharacteristic
<LI><a href="#[4a]">&gt;&gt;</a>&nbsp;&nbsp;&nbsp;main
<LI><a href="#[71]">&gt;&gt;</a>&nbsp;&nbsp;&nbsp;OutValue
</UL>

<P><STRONG><a name="[6e]"></a>UART0_OutUHex</STRONG> (Thumb, 52 bytes, Stack size 8 bytes, uart0.o(i.UART0_OutUHex))
<BR><BR>[Stack]<UL><LI>Max Depth = 8 + In Cycle
<LI>Call Chain = UART0_OutUHex &rArr;  UART0_OutUHex (Cycle)
</UL>
<BR>[Calls]<UL><LI><a href="#[60]">&gt;&gt;</a>&nbsp;&nbsp;&nbsp;UART0_OutChar
<LI><a href="#[6e]">&gt;&gt;</a>&nbsp;&nbsp;&nbsp;UART0_OutUHex
</UL>
<BR>[Called By]<UL><LI><a href="#[6e]">&gt;&gt;</a>&nbsp;&nbsp;&nbsp;UART0_OutUHex
<LI><a href="#[6d]">&gt;&gt;</a>&nbsp;&nbsp;&nbsp;AP_SendNotification
<LI><a href="#[71]">&gt;&gt;</a>&nbsp;&nbsp;&nbsp;OutValue
</UL>

<P><STRONG><a name="[5f]"></a>UART0_OutUHex2</STRONG> (Thumb, 20 bytes, Stack size 8 bytes, uart0.o(i.UART0_OutUHex2))
<BR><BR>[Stack]<UL><LI>Max Depth = 12<LI>Call Chain = UART0_OutUHex2 &rArr; outnibble
</UL>
<BR>[Calls]<UL><LI><a href="#[75]">&gt;&gt;</a>&nbsp;&nbsp;&nbsp;outnibble
</UL>
<BR>[Called By]<UL><LI><a href="#[5d]">&gt;&gt;</a>&nbsp;&nbsp;&nbsp;AP_EchoSendMessage
<LI><a href="#[5b]">&gt;&gt;</a>&nbsp;&nbsp;&nbsp;AP_EchoReceived
</UL>

<P><STRONG><a name="[6c]"></a>UART1_FinishOutput</STRONG> (Thumb, 16 bytes, Stack size 0 bytes, uart1.o(i.UART1_FinishOutput))
<BR><BR>[Called By]<UL><LI><a href="#[5c]">&gt;&gt;</a>&nbsp;&nbsp;&nbsp;AP_SendMessage
</UL>

<P><STRONG><a name="[68]"></a>UART1_InChar</STRONG> (Thumb, 20 bytes, Stack size 8 bytes, uart1.o(i.UART1_InChar))
<BR><BR>[Stack]<UL><LI>Max Depth = 8<LI>Call Chain = UART1_InChar
</UL>
<BR>[Calls]<UL><LI><a href="#[76]">&gt;&gt;</a>&nbsp;&nbsp;&nbsp;RxFifo_Get
</UL>
<BR>[Called By]<UL><LI><a href="#[5a]">&gt;&gt;</a>&nbsp;&nbsp;&nbsp;AP_RecvMessage
</UL>

<P><STRONG><a name="[66]"></a>UART1_Init</STRONG> (Thumb, 100 bytes, Stack size 4 bytes, uart1.o(i.UART1_Init))
<BR><BR>[Stack]<UL><LI>Max Depth = 4<LI>Call Chain = UART1_Init
</UL>
<BR>[Calls]<UL><LI><a href="#[77]">&gt;&gt;</a>&nbsp;&nbsp;&nbsp;RxFifo_Init
</UL>
<BR>[Called By]<UL><LI><a href="#[63]">&gt;&gt;</a>&nbsp;&nbsp;&nbsp;AP_Init
</UL>

<P><STRONG><a name="[6b]"></a>UART1_OutChar</STRONG> (Thumb, 22 bytes, Stack size 0 bytes, uart1.o(i.UART1_OutChar))
<BR><BR>[Called By]<UL><LI><a href="#[5c]">&gt;&gt;</a>&nbsp;&nbsp;&nbsp;AP_SendMessage
</UL>

<P><STRONG><a name="[38]"></a>WriteByteData</STRONG> (Thumb, 26 bytes, Stack size 8 bytes, applicationprocessor.o(i.WriteByteData))
<BR><BR>[Stack]<UL><LI>Max Depth = 32<LI>Call Chain = WriteByteData &rArr; OutValue &rArr; UART0_OutUHex &rArr;  UART0_OutUHex (Cycle)
</UL>
<BR>[Calls]<UL><LI><a href="#[73]">&gt;&gt;</a>&nbsp;&nbsp;&nbsp;LaunchPad_Output
<LI><a href="#[71]">&gt;&gt;</a>&nbsp;&nbsp;&nbsp;OutValue
</UL>
<BR>[Address Reference Count : 1]<UL><LI> applicationprocessor.o(i.main)
</UL>
<P><STRONG><a name="[3b]"></a>WriteWordData</STRONG> (Thumb, 22 bytes, Stack size 8 bytes, applicationprocessor.o(i.WriteWordData))
<BR><BR>[Stack]<UL><LI>Max Depth = 32<LI>Call Chain = WriteWordData &rArr; OutValue &rArr; UART0_OutUHex &rArr;  UART0_OutUHex (Cycle)
</UL>
<BR>[Calls]<UL><LI><a href="#[73]">&gt;&gt;</a>&nbsp;&nbsp;&nbsp;LaunchPad_Output
<LI><a href="#[71]">&gt;&gt;</a>&nbsp;&nbsp;&nbsp;OutValue
</UL>
<BR>[Address Reference Count : 1]<UL><LI> applicationprocessor.o(i.main)
</UL>
<P><STRONG><a name="[4a]"></a>main</STRONG> (Thumb, 312 bytes, Stack size 24 bytes, applicationprocessor.o(i.main))
<BR><BR>[Stack]<UL><LI>Max Depth = 160<LI>Call Chain = main &rArr; AP_AddNotifyCharacteristic &rArr; AP_SendMessageResponse &rArr; AP_RecvMessage &rArr; UART1_InChar
</UL>
<BR>[Calls]<UL><LI><a href="#[54]">&gt;&gt;</a>&nbsp;&nbsp;&nbsp;UART0_OutString
<LI><a href="#[65]">&gt;&gt;</a>&nbsp;&nbsp;&nbsp;UART0_Init
<LI><a href="#[74]">&gt;&gt;</a>&nbsp;&nbsp;&nbsp;LaunchPad_Input
<LI><a href="#[7a]">&gt;&gt;</a>&nbsp;&nbsp;&nbsp;LaunchPad_Init
<LI><a href="#[7b]">&gt;&gt;</a>&nbsp;&nbsp;&nbsp;EnableInterrupts
<LI><a href="#[78]">&gt;&gt;</a>&nbsp;&nbsp;&nbsp;DisableInterrupts
<LI><a href="#[79]">&gt;&gt;</a>&nbsp;&nbsp;&nbsp;Clock_InitFastest
<LI><a href="#[6f]">&gt;&gt;</a>&nbsp;&nbsp;&nbsp;AP_StartAdvertisement
<LI><a href="#[6d]">&gt;&gt;</a>&nbsp;&nbsp;&nbsp;AP_SendNotification
<LI><a href="#[69]">&gt;&gt;</a>&nbsp;&nbsp;&nbsp;AP_RegisterService
<LI><a href="#[63]">&gt;&gt;</a>&nbsp;&nbsp;&nbsp;AP_Init
<LI><a href="#[62]">&gt;&gt;</a>&nbsp;&nbsp;&nbsp;AP_GetVersion
<LI><a href="#[61]">&gt;&gt;</a>&nbsp;&nbsp;&nbsp;AP_GetStatus
<LI><a href="#[70]">&gt;&gt;</a>&nbsp;&nbsp;&nbsp;AP_GetNotifyCCCD
<LI><a href="#[58]">&gt;&gt;</a>&nbsp;&nbsp;&nbsp;AP_BackgroundProcess
<LI><a href="#[57]">&gt;&gt;</a>&nbsp;&nbsp;&nbsp;AP_AddService
<LI><a href="#[56]">&gt;&gt;</a>&nbsp;&nbsp;&nbsp;AP_AddNotifyCharacteristic
<LI><a href="#[53]">&gt;&gt;</a>&nbsp;&nbsp;&nbsp;AP_AddCharacteristic
<LI><a href="#[71]">&gt;&gt;</a>&nbsp;&nbsp;&nbsp;OutValue
</UL>
<BR>[Called By]<UL><LI><a href="#[49]">&gt;&gt;</a>&nbsp;&nbsp;&nbsp;__rt_entry_main
</UL>

<P><STRONG><a name="[75]"></a>outnibble</STRONG> (Thumb, 32 bytes, Stack size 4 bytes, uart0.o(i.outnibble))
<BR><BR>[Stack]<UL><LI>Max Depth = 4<LI>Call Chain = outnibble
</UL>
<BR>[Calls]<UL><LI><a href="#[60]">&gt;&gt;</a>&nbsp;&nbsp;&nbsp;UART0_OutChar
</UL>
<BR>[Called By]<UL><LI><a href="#[5f]">&gt;&gt;</a>&nbsp;&nbsp;&nbsp;UART0_OutUHex2
</UL>
<P>
<H3>
Local Symbols
</H3><P>
<H3>
Undefined Global Symbols
</H3><HR></body></html>
