<html>
<body>
<pre>
<h1>µVision Build Log</h1>
<h2>Tool Versions:</h2>
IDE-Version: µVision V5.21.1.0
Copyright (C) 2016 ARM Ltd and ARM Germany GmbH. All rights reserved.
License Information: Vijay Vishwakarma, edX UT.12.01x, LIC=----
 
Tool Versions:
Toolchain:       MDK-Lite  Version: 5.21a
Toolchain Path:  C:\Keil_v5\ARM\ARMCC\Bin
C Compiler:      Armcc.exe V5.06 update 3 (build 300)
Assembler:       Armasm.exe V5.06 update 3 (build 300)
Linker/Locator:  ArmLink.exe V5.06 update 3 (build 300)
Library Manager: ArmAr.exe V5.06 update 3 (build 300)
Hex Converter:   FromElf.exe V5.06 update 3 (build 300)
CPU DLL:         SARMCM3.DLL V5.21a
Dialog DLL:      DCM.DLL V1.13.8.0
Target DLL:      CMSIS_AGDI.dll V1.26.5.0
Dialog DLL:      TCM.DLL V1.14.14.0
 
<h2>Project:</h2>
C:\Keil_v5\MSP432ValvanoWare\Lab2_MSP432\Lab2.uvprojx
Project File Date:  10/01/2016

<h2>Output:</h2>
*** Using Compiler 'V5.06 update 3 (build 300)', folder: 'C:\Keil_v5\ARM\ARMCC\Bin'
Rebuild target 'Target 1'
assembling osasm.s...
compiling os.c...
compiling Lab2.c...
compiling CortexM.c...
assembling startup_msp432p401r_uvision.s...
compiling Profile.c...
compiling system_msp432p401r.c...
compiling BSP.c...
linking...
Program Size: Code=13124 RO-data=1832 RW-data=264 ZI-data=5952  
".\Objects\Lab2.axf" - 0 Error(s), 0 Warning(s).

<h2>Software Packages used:</h2>

Package Vendor: ARM
                http://www.keil.com/pack/ARM.CMSIS.5.0.0-Beta4.pack
                ARM::CMSIS:CORE:5.0.0
                CMSIS (Cortex Microcontroller Software Interface Standard)
   * Component: CORE Version: 5.0.0

Package Vendor: TexasInstruments
                http://software-dl.ti.com/msp430/msp430_public_sw/mcu/msp430/mspkeil/latest/exports/TexasInstruments.MSP432P4xx_DFP.2.2.1.pack
                TexasInstruments::Device:Startup:2.2.1
                Device Family Pack for Texas Instruments MSP432 Series
   * Component: Startup Version: 2.2.1

<h2>Collection of Component include folders:</h2>
  C:\Keil_v5\MSP432ValvanoWare\Lab2_MSP432\RTE
  C:\Keil_v5\ARM\PACK\ARM\CMSIS\5.0.0-Beta4\CMSIS\Include
  C:\Keil_v5\ARM\PACK\TexasInstruments\MSP432P4xx_DFP\2.2.1\Device\Include

<h2>Collection of Component Files used:</h2>

   * Component: ARM::CMSIS:CORE:5.0.0

   * Component: TexasInstruments::Device:Startup:2.2.1
      Include file:  Device\Include\msp_compatibility.h
      Source file:   Device\Source\startup_msp432p401r_uvision.s
      Source file:   Examples\EmptyMain\main.c
      Source file:   Examples\BlinkLED\blinkLED.c
      Source file:   Device\Source\system_msp432p401r.c
Build Time Elapsed:  00:00:01
</pre>
</body>
</html>
