Component: ARM Compiler 5.06 update 3 (build 300) Tool: armlink [4d35c9]

==============================================================================

Section Cross References

    applicationprocessor.o(i.Button1) refers to ap.o(i.AP_GetNotifyCCCD) for AP_GetNotifyCCCD
    applicationprocessor.o(i.Button1) refers to applicationprocessor.o(i.OutValue) for OutValue
    applicationprocessor.o(i.Button2) refers to ap.o(i.AP_GetNotifyCCCD) for AP_GetNotifyCCCD
    applicationprocessor.o(i.Button2) refers to applicationprocessor.o(i.OutValue) for OutValue
    applicationprocessor.o(i.OutValue) refers to uart0.o(i.UART0_OutString) for UART0_OutString
    applicationprocessor.o(i.OutValue) refers to uart0.o(i.UART0_OutUHex) for UART0_OutUHex
    applicationprocessor.o(i.ReadByteData) refers to launchpad.o(i.LaunchPad_Output) for LaunchPad_Output
    applicationprocessor.o(i.ReadByteData) refers to applicationprocessor.o(i.OutValue) for OutValue
    applicationprocessor.o(i.ReadByteData) refers to applicationprocessor.o(.data) for ByteData
    applicationprocessor.o(i.ReadHalfWordData) refers to launchpad.o(i.LaunchPad_Output) for LaunchPad_Output
    applicationprocessor.o(i.ReadHalfWordData) refers to launchpad.o(i.LaunchPad_Input) for LaunchPad_Input
    applicationprocessor.o(i.ReadHalfWordData) refers to applicationprocessor.o(i.OutValue) for OutValue
    applicationprocessor.o(i.ReadHalfWordData) refers to applicationprocessor.o(.data) for ByteData
    applicationprocessor.o(i.WriteByteData) refers to launchpad.o(i.LaunchPad_Output) for LaunchPad_Output
    applicationprocessor.o(i.WriteByteData) refers to applicationprocessor.o(i.OutValue) for OutValue
    applicationprocessor.o(i.WriteByteData) refers to applicationprocessor.o(.data) for ByteData
    applicationprocessor.o(i.WriteWordData) refers to launchpad.o(i.LaunchPad_Output) for LaunchPad_Output
    applicationprocessor.o(i.WriteWordData) refers to applicationprocessor.o(i.OutValue) for OutValue
    applicationprocessor.o(i.WriteWordData) refers to applicationprocessor.o(.data) for WordData
    applicationprocessor.o(i.main) refers to cortexm.o(.emb_text) for DisableInterrupts
    applicationprocessor.o(i.main) refers to clock.o(i.Clock_InitFastest) for Clock_InitFastest
    applicationprocessor.o(i.main) refers to uart0.o(i.UART0_Init) for UART0_Init
    applicationprocessor.o(i.main) refers to launchpad.o(i.LaunchPad_Init) for LaunchPad_Init
    applicationprocessor.o(i.main) refers to uart0.o(i.UART0_OutString) for UART0_OutString
    applicationprocessor.o(i.main) refers to ap.o(i.AP_Init) for AP_Init
    applicationprocessor.o(i.main) refers to ap.o(i.AP_GetStatus) for AP_GetStatus
    applicationprocessor.o(i.main) refers to ap.o(i.AP_GetVersion) for AP_GetVersion
    applicationprocessor.o(i.main) refers to ap.o(i.AP_AddService) for AP_AddService
    applicationprocessor.o(i.main) refers to ap.o(i.AP_AddCharacteristic) for AP_AddCharacteristic
    applicationprocessor.o(i.main) refers to launchpad.o(i.LaunchPad_Input) for LaunchPad_Input
    applicationprocessor.o(i.main) refers to ap.o(i.AP_AddNotifyCharacteristic) for AP_AddNotifyCharacteristic
    applicationprocessor.o(i.main) refers to ap.o(i.AP_RegisterService) for AP_RegisterService
    applicationprocessor.o(i.main) refers to ap.o(i.AP_StartAdvertisement) for AP_StartAdvertisement
    applicationprocessor.o(i.main) refers to ap.o(i.AP_BackgroundProcess) for AP_BackgroundProcess
    applicationprocessor.o(i.main) refers to ap.o(i.AP_GetNotifyCCCD) for AP_GetNotifyCCCD
    applicationprocessor.o(i.main) refers to applicationprocessor.o(i.OutValue) for OutValue
    applicationprocessor.o(i.main) refers to ap.o(i.AP_SendNotification) for AP_SendNotification
    applicationprocessor.o(i.main) refers to applicationprocessor.o(.data) for ByteData
    applicationprocessor.o(i.main) refers to applicationprocessor.o(i.WriteByteData) for WriteByteData
    applicationprocessor.o(i.main) refers to applicationprocessor.o(i.ReadByteData) for ReadByteData
    applicationprocessor.o(i.main) refers to applicationprocessor.o(i.ReadHalfWordData) for ReadHalfWordData
    applicationprocessor.o(i.main) refers to applicationprocessor.o(i.WriteWordData) for WriteWordData
    applicationprocessor.o(i.main) refers to applicationprocessor.o(i.Button1) for Button1
    applicationprocessor.o(i.main) refers to applicationprocessor.o(i.Button2) for Button2
    cortexm.o(i.Clock_Delay1ms) refers to cortexm.o(.emb_text) for delay
    ap.o(i.AP_AddCharacteristic) refers to uart0.o(i.UART0_OutString) for UART0_OutString
    ap.o(i.AP_AddCharacteristic) refers to ap.o(i.AP_SendMessageResponse) for AP_SendMessageResponse
    ap.o(i.AP_AddCharacteristic) refers to ap.o(.data) for CharacteristicCount
    ap.o(i.AP_AddCharacteristic) refers to ap.o(.bss) for RecvBuf
    ap.o(i.AP_AddNotifyCharacteristic) refers to uart0.o(i.UART0_OutString) for UART0_OutString
    ap.o(i.AP_AddNotifyCharacteristic) refers to ap.o(i.AP_SendMessageResponse) for AP_SendMessageResponse
    ap.o(i.AP_AddNotifyCharacteristic) refers to ap.o(.data) for NotifyCharacteristicCount
    ap.o(i.AP_AddNotifyCharacteristic) refers to ap.o(.bss) for RecvBuf
    ap.o(i.AP_AddService) refers to uart0.o(i.UART0_OutString) for UART0_OutString
    ap.o(i.AP_AddService) refers to ap.o(i.AP_SendMessageResponse) for AP_SendMessageResponse
    ap.o(i.AP_AddService) refers to ap.o(.data) for NPI_AddService
    ap.o(i.AP_AddService) refers to ap.o(.bss) for RecvBuf
    ap.o(i.AP_BackgroundProcess) refers to ap.o(i.AP_RecvStatus) for AP_RecvStatus
    ap.o(i.AP_BackgroundProcess) refers to ap.o(i.AP_RecvMessage) for AP_RecvMessage
    ap.o(i.AP_BackgroundProcess) refers to uart0.o(i.UART0_OutString) for UART0_OutString
    ap.o(i.AP_BackgroundProcess) refers to ap.o(i.AP_EchoReceived) for AP_EchoReceived
    ap.o(i.AP_BackgroundProcess) refers to ap.o(i.AP_SendMessage) for AP_SendMessage
    ap.o(i.AP_BackgroundProcess) refers to ap.o(i.AP_EchoSendMessage) for AP_EchoSendMessage
    ap.o(i.AP_BackgroundProcess) refers to ap.o(.bss) for RecvBuf
    ap.o(i.AP_BackgroundProcess) refers to ap.o(.data) for NPI_WriteConfirmation
    ap.o(i.AP_EchoReceived) refers to uart0.o(i.UART0_OutString) for UART0_OutString
    ap.o(i.AP_EchoReceived) refers to ap.o(i.AP_GetSize) for AP_GetSize
    ap.o(i.AP_EchoReceived) refers to uart0.o(i.UART0_OutUHex2) for UART0_OutUHex2
    ap.o(i.AP_EchoReceived) refers to uart0.o(i.UART0_OutChar) for UART0_OutChar
    ap.o(i.AP_EchoReceived) refers to ap.o(.bss) for RecvBuf
    ap.o(i.AP_EchoSendMessage) refers to ap.o(i.AP_GetSize) for AP_GetSize
    ap.o(i.AP_EchoSendMessage) refers to uart0.o(i.UART0_OutString) for UART0_OutString
    ap.o(i.AP_EchoSendMessage) refers to uart0.o(i.UART0_OutUHex2) for UART0_OutUHex2
    ap.o(i.AP_EchoSendMessage) refers to uart0.o(i.UART0_OutChar) for UART0_OutChar
    ap.o(i.AP_GetNotifyCCCD) refers to ap.o(.bss) for NotifyCharacteristicList
    ap.o(i.AP_GetStatus) refers to uart0.o(i.UART0_OutString) for UART0_OutString
    ap.o(i.AP_GetStatus) refers to ap.o(i.AP_SendMessageResponse) for AP_SendMessageResponse
    ap.o(i.AP_GetStatus) refers to ap.o(.bss) for RecvBuf
    ap.o(i.AP_GetStatus) refers to ap.o(.constdata) for NPI_GetStatus
    ap.o(i.AP_GetVersion) refers to uart0.o(i.UART0_OutString) for UART0_OutString
    ap.o(i.AP_GetVersion) refers to ap.o(i.AP_SendMessageResponse) for AP_SendMessageResponse
    ap.o(i.AP_GetVersion) refers to ap.o(.bss) for RecvBuf
    ap.o(i.AP_GetVersion) refers to ap.o(.constdata) for NPI_GetVersion
    ap.o(i.AP_Init) refers to gpio.o(i.GPIO_Init) for GPIO_Init
    ap.o(i.AP_Init) refers to uart0.o(i.UART0_Init) for UART0_Init
    ap.o(i.AP_Init) refers to uart0.o(i.UART0_OutString) for UART0_OutString
    ap.o(i.AP_Init) refers to uart1.o(i.UART1_Init) for UART1_Init
    ap.o(i.AP_Init) refers to ap.o(i.AP_Reset) for AP_Reset
    ap.o(i.AP_Init) refers to ap.o(i.AP_RecvStatus) for AP_RecvStatus
    ap.o(i.AP_Init) refers to ap.o(i.AP_RecvMessage) for AP_RecvMessage
    ap.o(i.AP_Init) refers to ap.o(i.AP_SendMessageResponse) for AP_SendMessageResponse
    ap.o(i.AP_Init) refers to ap.o(.data) for fcserr
    ap.o(i.AP_Init) refers to ap.o(.bss) for RecvBuf
    ap.o(i.AP_Init) refers to ap.o(.constdata) for HCI_EXT_ResetSystemCmd
    ap.o(i.AP_RecvMessage) refers to uart1.o(i.UART1_InChar) for UART1_InChar
    ap.o(i.AP_RecvMessage) refers to ap.o(.data) for TimeOutErr
    ap.o(i.AP_RegisterService) refers to uart0.o(i.UART0_OutString) for UART0_OutString
    ap.o(i.AP_RegisterService) refers to ap.o(i.AP_SendMessageResponse) for AP_SendMessageResponse
    ap.o(i.AP_RegisterService) refers to ap.o(.bss) for RecvBuf
    ap.o(i.AP_RegisterService) refers to ap.o(.constdata) for NPI_Register
    ap.o(i.AP_Reset) refers to cortexm.o(i.Clock_Delay1ms) for Clock_Delay1ms
    ap.o(i.AP_SendMessage) refers to ap.o(i.AP_GetSize) for AP_GetSize
    ap.o(i.AP_SendMessage) refers to uart1.o(i.UART1_OutChar) for UART1_OutChar
    ap.o(i.AP_SendMessage) refers to uart1.o(i.UART1_FinishOutput) for UART1_FinishOutput
    ap.o(i.AP_SendMessage) refers to ap.o(.data) for TimeOutErr
    ap.o(i.AP_SendMessageResponse) refers to ap.o(i.AP_SendMessage) for AP_SendMessage
    ap.o(i.AP_SendMessageResponse) refers to ap.o(i.AP_RecvMessage) for AP_RecvMessage
    ap.o(i.AP_SendMessageResponse) refers to ap.o(i.AP_EchoSendMessage) for AP_EchoSendMessage
    ap.o(i.AP_SendMessageResponse) refers to ap.o(i.AP_EchoReceived) for AP_EchoReceived
    ap.o(i.AP_SendNotification) refers to uart0.o(i.UART0_OutString) for UART0_OutString
    ap.o(i.AP_SendNotification) refers to uart0.o(i.UART0_OutUHex) for UART0_OutUHex
    ap.o(i.AP_SendNotification) refers to ap.o(i.AP_SendMessageResponse) for AP_SendMessageResponse
    ap.o(i.AP_SendNotification) refers to ap.o(.data) for NotifyCharacteristicCount
    ap.o(i.AP_SendNotification) refers to ap.o(.bss) for NotifyCharacteristicList
    ap.o(i.AP_StartAdvertisement) refers to uart0.o(i.UART0_OutString) for UART0_OutString
    ap.o(i.AP_StartAdvertisement) refers to ap.o(i.AP_SendMessageResponse) for AP_SendMessageResponse
    ap.o(i.AP_StartAdvertisement) refers to ap.o(.bss) for RecvBuf
    ap.o(i.AP_StartAdvertisement) refers to ap.o(.data) for NPI_GATTSetDeviceName
    ap.o(i.AP_StartAdvertisement) refers to ap.o(.constdata) for NPI_SetAdvertisement1
    clock.o(i.Clock_GetFreq) refers to clock.o(.data) for ClockFrequency
    clock.o(i.Clock_InitFastest) refers to clock.o(.data) for Prewait
    uart0.o(i.UART0_InString) refers to uart0.o(i.UART0_InChar) for UART0_InChar
    uart0.o(i.UART0_InString) refers to uart0.o(i.UART0_OutChar) for UART0_OutChar
    uart0.o(i.UART0_InUDec) refers to uart0.o(i.UART0_InChar) for UART0_InChar
    uart0.o(i.UART0_InUDec) refers to uart0.o(i.UART0_OutChar) for UART0_OutChar
    uart0.o(i.UART0_InUHex) refers to uart0.o(i.UART0_InChar) for UART0_InChar
    uart0.o(i.UART0_InUHex) refers to uart0.o(i.UART0_OutChar) for UART0_OutChar
    uart0.o(i.UART0_OutString) refers to uart0.o(i.UART0_OutChar) for UART0_OutChar
    uart0.o(i.UART0_OutUDec) refers to uart0.o(i.UART0_OutChar) for UART0_OutChar
    uart0.o(i.UART0_OutUDec4) refers to uart0.o(i.UART0_OutString) for UART0_OutString
    uart0.o(i.UART0_OutUDec4) refers to uart0.o(i.fillmessage4b) for fillmessage4b
    uart0.o(i.UART0_OutUDec4) refers to uart0.o(.data) for Messageindexb
    uart0.o(i.UART0_OutUDec5) refers to uart0.o(i.UART0_OutString) for UART0_OutString
    uart0.o(i.UART0_OutUDec5) refers to uart0.o(i.fillmessage5b) for fillmessage5b
    uart0.o(i.UART0_OutUDec5) refers to uart0.o(.data) for Messageindexb
    uart0.o(i.UART0_OutUFix1) refers to uart0.o(i.UART0_OutUDec) for UART0_OutUDec
    uart0.o(i.UART0_OutUFix1) refers to uart0.o(i.UART0_OutChar) for UART0_OutChar
    uart0.o(i.UART0_OutUHex) refers to uart0.o(i.UART0_OutChar) for UART0_OutChar
    uart0.o(i.UART0_OutUHex2) refers to uart0.o(i.outnibble) for outnibble
    uart0.o(i.fillmessage4b) refers to uart0.o(i.fillmessageb) for fillmessageb
    uart0.o(i.fillmessage4b) refers to uart0.o(.data) for Messageindexb
    uart0.o(i.fillmessage5b) refers to uart0.o(i.fillmessageb) for fillmessageb
    uart0.o(i.fillmessage5b) refers to uart0.o(.data) for Messageindexb
    uart0.o(i.fillmessageb) refers to uart0.o(.data) for Messageb
    uart0.o(i.outnibble) refers to uart0.o(i.UART0_OutChar) for UART0_OutChar
    uart1.o(i.EUSCIA2_IRQHandler) refers to uart1.o(i.RxFifo_Put) for RxFifo_Put
    uart1.o(i.RxFifo_Get) refers to uart1.o(.data) for RxPutI
    uart1.o(i.RxFifo_Get) refers to uart1.o(.bss) for RxFIFO
    uart1.o(i.RxFifo_Init) refers to uart1.o(.data) for RxGetI
    uart1.o(i.RxFifo_Put) refers to uart1.o(.data) for RxPutI
    uart1.o(i.RxFifo_Put) refers to uart1.o(.bss) for RxFIFO
    uart1.o(i.UART1_InChar) refers to uart1.o(i.RxFifo_Get) for RxFifo_Get
    uart1.o(i.UART1_InStatus) refers to uart1.o(.data) for RxPutI
    uart1.o(i.UART1_Init) refers to uart1.o(i.RxFifo_Init) for RxFifo_Init
    uart1.o(i.UART1_OutString) refers to uart1.o(i.UART1_OutChar) for UART1_OutChar
    startup_msp432p401r_uvision.o(STACK) refers (Special) to heapauxi.o(.text) for __use_two_region_memory
    startup_msp432p401r_uvision.o(HEAP) refers (Special) to heapauxi.o(.text) for __use_two_region_memory
    startup_msp432p401r_uvision.o(RESET) refers (Special) to heapauxi.o(.text) for __use_two_region_memory
    startup_msp432p401r_uvision.o(RESET) refers to startup_msp432p401r_uvision.o(STACK) for __initial_sp
    startup_msp432p401r_uvision.o(RESET) refers to startup_msp432p401r_uvision.o(.text) for Reset_Handler
    startup_msp432p401r_uvision.o(RESET) refers to uart1.o(i.EUSCIA2_IRQHandler) for EUSCIA2_IRQHandler
    startup_msp432p401r_uvision.o(.text) refers (Special) to heapauxi.o(.text) for __use_two_region_memory
    startup_msp432p401r_uvision.o(.text) refers to system_msp432p401r.o(i.SystemInit) for SystemInit
    startup_msp432p401r_uvision.o(.text) refers to __main.o(!!!main) for __main
    startup_msp432p401r_uvision.o(.text) refers to startup_msp432p401r_uvision.o(HEAP) for Heap_Mem
    startup_msp432p401r_uvision.o(.text) refers to startup_msp432p401r_uvision.o(STACK) for Stack_Mem
    system_msp432p401r.o(i.SystemCoreClockUpdate) refers to fflt_clz.o(x$fpl$fflt) for __aeabi_i2f
    system_msp432p401r.o(i.SystemCoreClockUpdate) refers to fmul.o(x$fpl$fmul) for __aeabi_fmul
    system_msp432p401r.o(i.SystemCoreClockUpdate) refers to faddsub_clz.o(x$fpl$fadd) for __aeabi_fadd
    system_msp432p401r.o(i.SystemCoreClockUpdate) refers to fdiv.o(x$fpl$fdiv) for __aeabi_fdiv
    system_msp432p401r.o(i.SystemCoreClockUpdate) refers to faddsub_clz.o(x$fpl$frsb) for __aeabi_frsub
    system_msp432p401r.o(i.SystemCoreClockUpdate) refers to fflt_clz.o(x$fpl$ffltu) for __aeabi_ui2f
    system_msp432p401r.o(i.SystemCoreClockUpdate) refers to ffixu.o(x$fpl$ffixu) for __aeabi_f2uiz
    system_msp432p401r.o(i.SystemCoreClockUpdate) refers to system_msp432p401r.o(.data) for SystemCoreClock
    __main.o(!!!main) refers to __rtentry.o(.ARM.Collect$$rtentry$$00000000) for __rt_entry
    faddsub_clz.o(x$fpl$fadd) refers (Special) to usenofp.o(x$fpl$usenofp) for __I$use$fp
    faddsub_clz.o(x$fpl$fadd) refers to faddsub_clz.o(x$fpl$fsub) for _fsub1
    faddsub_clz.o(x$fpl$fadd) refers to fretinf.o(x$fpl$fretinf) for __fpl_fretinf
    faddsub_clz.o(x$fpl$fadd) refers to fnaninf.o(x$fpl$fnaninf) for __fpl_fnaninf
    faddsub_clz.o(x$fpl$frsb) refers (Special) to usenofp.o(x$fpl$usenofp) for __I$use$fp
    faddsub_clz.o(x$fpl$frsb) refers to faddsub_clz.o(x$fpl$fadd) for _fadd1
    faddsub_clz.o(x$fpl$frsb) refers to faddsub_clz.o(x$fpl$fsub) for _fsub1
    faddsub_clz.o(x$fpl$fsub) refers (Special) to usenofp.o(x$fpl$usenofp) for __I$use$fp
    faddsub_clz.o(x$fpl$fsub) refers to faddsub_clz.o(x$fpl$fadd) for _fadd1
    faddsub_clz.o(x$fpl$fsub) refers to fnaninf.o(x$fpl$fnaninf) for __fpl_fnaninf
    fdiv.o(x$fpl$frdiv) refers (Special) to usenofp.o(x$fpl$usenofp) for __I$use$fp
    fdiv.o(x$fpl$frdiv) refers to fdiv.o(x$fpl$fdiv) for _fdiv1
    fdiv.o(x$fpl$fdiv) refers (Special) to usenofp.o(x$fpl$usenofp) for __I$use$fp
    fdiv.o(x$fpl$fdiv) refers to fretinf.o(x$fpl$fretinf) for __fpl_fretinf
    fdiv.o(x$fpl$fdiv) refers to fnaninf.o(x$fpl$fnaninf) for __fpl_fnaninf
    ffixu.o(x$fpl$ffixu) refers (Special) to usenofp.o(x$fpl$usenofp) for __I$use$fp
    ffixu.o(x$fpl$ffixu) refers to fnaninf.o(x$fpl$fnaninf) for __fpl_fnaninf
    ffixu.o(x$fpl$ffixur) refers (Special) to usenofp.o(x$fpl$usenofp) for __I$use$fp
    ffixu.o(x$fpl$ffixur) refers to fnaninf.o(x$fpl$fnaninf) for __fpl_fnaninf
    fflt_clz.o(x$fpl$ffltu) refers (Special) to usenofp.o(x$fpl$usenofp) for __I$use$fp
    fflt_clz.o(x$fpl$fflt) refers (Special) to usenofp.o(x$fpl$usenofp) for __I$use$fp
    fflt_clz.o(x$fpl$ffltn) refers (Special) to usenofp.o(x$fpl$usenofp) for __I$use$fp
    fmul.o(x$fpl$fmul) refers (Special) to usenofp.o(x$fpl$usenofp) for __I$use$fp
    fmul.o(x$fpl$fmul) refers to fretinf.o(x$fpl$fretinf) for __fpl_fretinf
    fmul.o(x$fpl$fmul) refers to fnaninf.o(x$fpl$fnaninf) for __fpl_fnaninf
    __rtentry.o(.ARM.Collect$$rtentry$$00000000) refers (Special) to __rtentry2.o(.ARM.Collect$$rtentry$$0000000A) for __rt_entry_li
    __rtentry.o(.ARM.Collect$$rtentry$$00000000) refers (Special) to __rtentry2.o(.ARM.Collect$$rtentry$$0000000D) for __rt_entry_main
    __rtentry.o(.ARM.Collect$$rtentry$$00000000) refers (Special) to __rtentry2.o(.ARM.Collect$$rtentry$$0000000C) for __rt_entry_postli_1
    __rtentry.o(.ARM.Collect$$rtentry$$00000000) refers (Special) to __rtentry2.o(.ARM.Collect$$rtentry$$00000009) for __rt_entry_postsh_1
    __rtentry.o(.ARM.Collect$$rtentry$$00000000) refers (Special) to __rtentry2.o(.ARM.Collect$$rtentry$$00000002) for __rt_entry_presh_1
    __rtentry.o(.ARM.Collect$$rtentry$$00000000) refers (Special) to __rtentry4.o(.ARM.Collect$$rtentry$$00000004) for __rt_entry_sh
    fnaninf.o(x$fpl$fnaninf) refers (Special) to usenofp.o(x$fpl$usenofp) for __I$use$fp
    fretinf.o(x$fpl$fretinf) refers (Special) to usenofp.o(x$fpl$usenofp) for __I$use$fp
    __rtentry2.o(.ARM.Collect$$rtentry$$00000008) refers to boardinit2.o(.text) for _platform_post_stackheap_init
    __rtentry2.o(.ARM.Collect$$rtentry$$0000000A) refers to libinit.o(.ARM.Collect$$libinit$$00000000) for __rt_lib_init
    __rtentry2.o(.ARM.Collect$$rtentry$$0000000B) refers to boardinit3.o(.text) for _platform_post_lib_init
    __rtentry2.o(.ARM.Collect$$rtentry$$0000000D) refers to applicationprocessor.o(i.main) for main
    __rtentry2.o(.ARM.Collect$$rtentry$$0000000D) refers to exit.o(.text) for exit
    __rtentry2.o(.ARM.exidx) refers to __rtentry2.o(.ARM.Collect$$rtentry$$00000001) for .ARM.Collect$$rtentry$$00000001
    __rtentry2.o(.ARM.exidx) refers to __rtentry2.o(.ARM.Collect$$rtentry$$00000008) for .ARM.Collect$$rtentry$$00000008
    __rtentry2.o(.ARM.exidx) refers to __rtentry2.o(.ARM.Collect$$rtentry$$0000000A) for .ARM.Collect$$rtentry$$0000000A
    __rtentry2.o(.ARM.exidx) refers to __rtentry2.o(.ARM.Collect$$rtentry$$0000000B) for .ARM.Collect$$rtentry$$0000000B
    __rtentry2.o(.ARM.exidx) refers to __rtentry2.o(.ARM.Collect$$rtentry$$0000000D) for .ARM.Collect$$rtentry$$0000000D
    __rtentry4.o(.ARM.Collect$$rtentry$$00000004) refers to sys_stackheap_outer.o(.text) for __user_setup_stackheap
    __rtentry4.o(.ARM.exidx) refers to __rtentry4.o(.ARM.Collect$$rtentry$$00000004) for .ARM.Collect$$rtentry$$00000004
    sys_stackheap_outer.o(.text) refers to libspace.o(.text) for __user_perproc_libspace
    sys_stackheap_outer.o(.text) refers to startup_msp432p401r_uvision.o(.text) for __user_initial_stackheap
    exit.o(.text) refers to rtexit.o(.ARM.Collect$$rtexit$$00000000) for __rt_exit
    libinit.o(.ARM.Collect$$libinit$$00000000) refers (Special) to libinit2.o(.ARM.Collect$$libinit$$0000002E) for __rt_lib_init_alloca_1
    libinit.o(.ARM.Collect$$libinit$$00000000) refers (Special) to libinit2.o(.ARM.Collect$$libinit$$0000002C) for __rt_lib_init_argv_1
    libinit.o(.ARM.Collect$$libinit$$00000000) refers (Special) to libinit2.o(.ARM.Collect$$libinit$$0000001B) for __rt_lib_init_atexit_1
    libinit.o(.ARM.Collect$$libinit$$00000000) refers (Special) to libinit2.o(.ARM.Collect$$libinit$$00000021) for __rt_lib_init_clock_1
    libinit.o(.ARM.Collect$$libinit$$00000000) refers (Special) to libinit2.o(.ARM.Collect$$libinit$$00000032) for __rt_lib_init_cpp_1
    libinit.o(.ARM.Collect$$libinit$$00000000) refers (Special) to libinit2.o(.ARM.Collect$$libinit$$00000030) for __rt_lib_init_exceptions_1
    libinit.o(.ARM.Collect$$libinit$$00000000) refers (Special) to libinit2.o(.ARM.Collect$$libinit$$00000002) for __rt_lib_init_fp_1
    libinit.o(.ARM.Collect$$libinit$$00000000) refers (Special) to libinit2.o(.ARM.Collect$$libinit$$0000001F) for __rt_lib_init_fp_trap_1
    libinit.o(.ARM.Collect$$libinit$$00000000) refers (Special) to libinit2.o(.ARM.Collect$$libinit$$00000023) for __rt_lib_init_getenv_1
    libinit.o(.ARM.Collect$$libinit$$00000000) refers (Special) to libinit2.o(.ARM.Collect$$libinit$$0000000A) for __rt_lib_init_heap_1
    libinit.o(.ARM.Collect$$libinit$$00000000) refers (Special) to libinit2.o(.ARM.Collect$$libinit$$00000011) for __rt_lib_init_lc_collate_1
    libinit.o(.ARM.Collect$$libinit$$00000000) refers (Special) to libinit2.o(.ARM.Collect$$libinit$$00000013) for __rt_lib_init_lc_ctype_1
    libinit.o(.ARM.Collect$$libinit$$00000000) refers (Special) to libinit2.o(.ARM.Collect$$libinit$$00000015) for __rt_lib_init_lc_monetary_1
    libinit.o(.ARM.Collect$$libinit$$00000000) refers (Special) to libinit2.o(.ARM.Collect$$libinit$$00000017) for __rt_lib_init_lc_numeric_1
    libinit.o(.ARM.Collect$$libinit$$00000000) refers (Special) to libinit2.o(.ARM.Collect$$libinit$$00000019) for __rt_lib_init_lc_time_1
    libinit.o(.ARM.Collect$$libinit$$00000000) refers (Special) to libinit2.o(.ARM.Collect$$libinit$$00000004) for __rt_lib_init_preinit_1
    libinit.o(.ARM.Collect$$libinit$$00000000) refers (Special) to libinit2.o(.ARM.Collect$$libinit$$0000000E) for __rt_lib_init_rand_1
    libinit.o(.ARM.Collect$$libinit$$00000000) refers (Special) to libinit2.o(.ARM.Collect$$libinit$$00000033) for __rt_lib_init_return
    libinit.o(.ARM.Collect$$libinit$$00000000) refers (Special) to libinit2.o(.ARM.Collect$$libinit$$0000001D) for __rt_lib_init_signal_1
    libinit.o(.ARM.Collect$$libinit$$00000000) refers (Special) to libinit2.o(.ARM.Collect$$libinit$$00000025) for __rt_lib_init_stdio_1
    libinit.o(.ARM.Collect$$libinit$$00000000) refers (Special) to libinit2.o(.ARM.Collect$$libinit$$0000000C) for __rt_lib_init_user_alloc_1
    libspace.o(.text) refers to libspace.o(.bss) for __libspace_start
    rtexit.o(.ARM.Collect$$rtexit$$00000000) refers (Special) to rtexit2.o(.ARM.Collect$$rtexit$$00000004) for __rt_exit_exit
    rtexit.o(.ARM.Collect$$rtexit$$00000000) refers (Special) to rtexit2.o(.ARM.Collect$$rtexit$$00000003) for __rt_exit_ls
    rtexit.o(.ARM.Collect$$rtexit$$00000000) refers (Special) to rtexit2.o(.ARM.Collect$$rtexit$$00000002) for __rt_exit_prels_1
    rtexit.o(.ARM.exidx) refers (Special) to rtexit2.o(.ARM.Collect$$rtexit$$00000004) for __rt_exit_exit
    rtexit.o(.ARM.exidx) refers (Special) to rtexit2.o(.ARM.Collect$$rtexit$$00000003) for __rt_exit_ls
    rtexit.o(.ARM.exidx) refers (Special) to rtexit2.o(.ARM.Collect$$rtexit$$00000002) for __rt_exit_prels_1
    rtexit.o(.ARM.exidx) refers to rtexit.o(.ARM.Collect$$rtexit$$00000000) for .ARM.Collect$$rtexit$$00000000
    libinit2.o(.ARM.Collect$$libinit$$00000010) refers to libinit2.o(.ARM.Collect$$libinit$$0000000F) for .ARM.Collect$$libinit$$0000000F
    libinit2.o(.ARM.Collect$$libinit$$00000012) refers to libinit2.o(.ARM.Collect$$libinit$$0000000F) for .ARM.Collect$$libinit$$0000000F
    libinit2.o(.ARM.Collect$$libinit$$00000014) refers to libinit2.o(.ARM.Collect$$libinit$$0000000F) for .ARM.Collect$$libinit$$0000000F
    libinit2.o(.ARM.Collect$$libinit$$00000016) refers to libinit2.o(.ARM.Collect$$libinit$$0000000F) for .ARM.Collect$$libinit$$0000000F
    libinit2.o(.ARM.Collect$$libinit$$00000018) refers to libinit2.o(.ARM.Collect$$libinit$$0000000F) for .ARM.Collect$$libinit$$0000000F
    libinit2.o(.ARM.Collect$$libinit$$00000026) refers to argv_veneer.o(.emb_text) for __ARM_argv_veneer
    libinit2.o(.ARM.Collect$$libinit$$00000027) refers to argv_veneer.o(.emb_text) for __ARM_argv_veneer
    rtexit2.o(.ARM.Collect$$rtexit$$00000003) refers to libshutdown.o(.ARM.Collect$$libshutdown$$00000000) for __rt_lib_shutdown
    rtexit2.o(.ARM.Collect$$rtexit$$00000004) refers to sys_exit.o(.text) for _sys_exit
    rtexit2.o(.ARM.exidx) refers to rtexit2.o(.ARM.Collect$$rtexit$$00000001) for .ARM.Collect$$rtexit$$00000001
    rtexit2.o(.ARM.exidx) refers to rtexit2.o(.ARM.Collect$$rtexit$$00000003) for .ARM.Collect$$rtexit$$00000003
    rtexit2.o(.ARM.exidx) refers to rtexit2.o(.ARM.Collect$$rtexit$$00000004) for .ARM.Collect$$rtexit$$00000004
    argv_veneer.o(.emb_text) refers to no_argv.o(.text) for __ARM_get_argv
    sys_exit.o(.text) refers (Special) to use_no_semi.o(.text) for __I$use$semihosting
    sys_exit.o(.text) refers (Special) to indicate_semi.o(.text) for __semihosting_library_function
    _get_argv_nomalloc.o(.text) refers (Special) to hrguard.o(.text) for __heap_region$guard
    _get_argv_nomalloc.o(.text) refers to defsig_rtmem_outer.o(.text) for __rt_SIGRTMEM
    _get_argv_nomalloc.o(.text) refers to sys_command.o(.text) for _sys_command_string
    libshutdown.o(.ARM.Collect$$libshutdown$$00000000) refers (Special) to libshutdown2.o(.ARM.Collect$$libshutdown$$00000002) for __rt_lib_shutdown_cpp_1
    libshutdown.o(.ARM.Collect$$libshutdown$$00000000) refers (Special) to libshutdown2.o(.ARM.Collect$$libshutdown$$00000007) for __rt_lib_shutdown_fp_trap_1
    libshutdown.o(.ARM.Collect$$libshutdown$$00000000) refers (Special) to libshutdown2.o(.ARM.Collect$$libshutdown$$0000000F) for __rt_lib_shutdown_heap_1
    libshutdown.o(.ARM.Collect$$libshutdown$$00000000) refers (Special) to libshutdown2.o(.ARM.Collect$$libshutdown$$00000010) for __rt_lib_shutdown_return
    libshutdown.o(.ARM.Collect$$libshutdown$$00000000) refers (Special) to libshutdown2.o(.ARM.Collect$$libshutdown$$0000000A) for __rt_lib_shutdown_signal_1
    libshutdown.o(.ARM.Collect$$libshutdown$$00000000) refers (Special) to libshutdown2.o(.ARM.Collect$$libshutdown$$00000004) for __rt_lib_shutdown_stdio_1
    libshutdown.o(.ARM.Collect$$libshutdown$$00000000) refers (Special) to libshutdown2.o(.ARM.Collect$$libshutdown$$0000000C) for __rt_lib_shutdown_user_alloc_1
    sys_command.o(.text) refers (Special) to use_no_semi.o(.text) for __I$use$semihosting
    sys_command.o(.text) refers (Special) to indicate_semi.o(.text) for __semihosting_library_function
    defsig_rtmem_outer.o(.text) refers to defsig_rtmem_inner.o(.text) for __rt_SIGRTMEM_inner
    defsig_rtmem_outer.o(.text) refers to defsig_exit.o(.text) for __sig_exit
    defsig_rtmem_formal.o(.text) refers to rt_raise.o(.text) for __rt_raise
    rt_raise.o(.text) refers to __raise.o(.text) for __raise
    rt_raise.o(.text) refers to sys_exit.o(.text) for _sys_exit
    defsig_exit.o(.text) refers to sys_exit.o(.text) for _sys_exit
    defsig_rtmem_inner.o(.text) refers to defsig_general.o(.text) for __default_signal_display
    __raise.o(.text) refers to defsig.o(CL$$defsig) for __default_signal_handler
    defsig_general.o(.text) refers to sys_wrch.o(.text) for _ttywrch
    sys_wrch.o(.text) refers (Special) to use_no_semi.o(.text) for __I$use$semihosting
    sys_wrch.o(.text) refers (Special) to indicate_semi.o(.text) for __semihosting_library_function
    defsig.o(CL$$defsig) refers to defsig_rtmem_inner.o(.text) for __rt_SIGRTMEM_inner
    defsig_abrt_inner.o(.text) refers to defsig_general.o(.text) for __default_signal_display
    defsig_fpe_inner.o(.text) refers to defsig_general.o(.text) for __default_signal_display
    defsig_rtred_inner.o(.text) refers to defsig_general.o(.text) for __default_signal_display
    defsig_stak_inner.o(.text) refers to defsig_general.o(.text) for __default_signal_display
    defsig_pvfn_inner.o(.text) refers to defsig_general.o(.text) for __default_signal_display
    defsig_cppl_inner.o(.text) refers to defsig_general.o(.text) for __default_signal_display
    defsig_segv_inner.o(.text) refers to defsig_general.o(.text) for __default_signal_display
    defsig_other.o(.text) refers to defsig_general.o(.text) for __default_signal_display


==============================================================================

Removing Unused input sections from the image.

    Removing ap.o(.rev16_text), (4 bytes).
    Removing ap.o(.revsh_text), (4 bytes).
    Removing ap.o(.rrx_text), (6 bytes).
    Removing clock.o(.rev16_text), (4 bytes).
    Removing clock.o(.revsh_text), (4 bytes).
    Removing clock.o(.rrx_text), (6 bytes).
    Removing clock.o(i.Clock_GetFreq), (12 bytes).
    Removing uart0.o(.rev16_text), (4 bytes).
    Removing uart0.o(.revsh_text), (4 bytes).
    Removing uart0.o(.rrx_text), (6 bytes).
    Removing uart0.o(i.UART0_InChar), (28 bytes).
    Removing uart0.o(i.UART0_InString), (66 bytes).
    Removing uart0.o(i.UART0_InUDec), (76 bytes).
    Removing uart0.o(i.UART0_InUHex), (104 bytes).
    Removing uart0.o(i.UART0_OutUDec), (42 bytes).
    Removing uart0.o(i.UART0_OutUDec4), (68 bytes).
    Removing uart0.o(i.UART0_OutUDec5), (68 bytes).
    Removing uart0.o(i.UART0_OutUFix1), (40 bytes).
    Removing uart0.o(i.fillmessage4b), (88 bytes).
    Removing uart0.o(i.fillmessage5b), (128 bytes).
    Removing uart0.o(i.fillmessageb), (72 bytes).
    Removing uart0.o(.data), (12 bytes).
    Removing uart1.o(.rev16_text), (4 bytes).
    Removing uart1.o(.revsh_text), (4 bytes).
    Removing uart1.o(.rrx_text), (6 bytes).
    Removing uart1.o(i.UART1_InStatus), (24 bytes).
    Removing uart1.o(i.UART1_OutString), (22 bytes).
    Removing launchpad.o(.rev16_text), (4 bytes).
    Removing launchpad.o(.revsh_text), (4 bytes).
    Removing launchpad.o(.rrx_text), (6 bytes).
    Removing gpio.o(.rev16_text), (4 bytes).
    Removing gpio.o(.revsh_text), (4 bytes).
    Removing gpio.o(.rrx_text), (6 bytes).
    Removing system_msp432p401r.o(.rev16_text), (4 bytes).
    Removing system_msp432p401r.o(.revsh_text), (4 bytes).
    Removing system_msp432p401r.o(.rrx_text), (6 bytes).
    Removing system_msp432p401r.o(i.SystemCoreClockUpdate), (612 bytes).
    Removing system_msp432p401r.o(.data), (4 bytes).

38 unused section(s) (total 1564 bytes) removed from the image.

==============================================================================

Image Symbol Table

    Local Symbols

    Symbol Name                              Value     Ov Type        Size  Object(Section)

    RESET                                    0x00000000   Section      324  startup_msp432p401r_uvision.o(RESET)
    ../clib/angel/boardlib.s                 0x00000000   Number         0  boardinit1.o ABSOLUTE
    ../clib/angel/boardlib.s                 0x00000000   Number         0  boardinit2.o ABSOLUTE
    ../clib/angel/boardlib.s                 0x00000000   Number         0  boardshut.o ABSOLUTE
    ../clib/angel/boardlib.s                 0x00000000   Number         0  boardinit3.o ABSOLUTE
    ../clib/angel/handlers.s                 0x00000000   Number         0  __scatter_zi.o ABSOLUTE
    ../clib/angel/handlers.s                 0x00000000   Number         0  __scatter_copy.o ABSOLUTE
    ../clib/angel/kernel.s                   0x00000000   Number         0  rtexit2.o ABSOLUTE
    ../clib/angel/kernel.s                   0x00000000   Number         0  __rtentry.o ABSOLUTE
    ../clib/angel/kernel.s                   0x00000000   Number         0  rtexit.o ABSOLUTE
    ../clib/angel/kernel.s                   0x00000000   Number         0  __rtentry2.o ABSOLUTE
    ../clib/angel/kernel.s                   0x00000000   Number         0  __rtentry4.o ABSOLUTE
    ../clib/angel/rt.s                       0x00000000   Number         0  rt_raise.o ABSOLUTE
    ../clib/angel/scatter.s                  0x00000000   Number         0  __scatter.o ABSOLUTE
    ../clib/angel/startup.s                  0x00000000   Number         0  __main.o ABSOLUTE
    ../clib/angel/sys.s                      0x00000000   Number         0  use_no_semi.o ABSOLUTE
    ../clib/angel/sys.s                      0x00000000   Number         0  libspace.o ABSOLUTE
    ../clib/angel/sys.s                      0x00000000   Number         0  sys_stackheap_outer.o ABSOLUTE
    ../clib/angel/sys.s                      0x00000000   Number         0  indicate_semi.o ABSOLUTE
    ../clib/angel/sysapp.c                   0x00000000   Number         0  sys_command.o ABSOLUTE
    ../clib/angel/sysapp.c                   0x00000000   Number         0  sys_wrch.o ABSOLUTE
    ../clib/angel/sysapp.c                   0x00000000   Number         0  sys_exit.o ABSOLUTE
    ../clib/armsys.c                         0x00000000   Number         0  _get_argv_nomalloc.o ABSOLUTE
    ../clib/armsys.c                         0x00000000   Number         0  argv_veneer.o ABSOLUTE
    ../clib/armsys.c                         0x00000000   Number         0  argv_veneer.o ABSOLUTE
    ../clib/armsys.c                         0x00000000   Number         0  no_argv.o ABSOLUTE
    ../clib/heapalloc.c                      0x00000000   Number         0  hrguard.o ABSOLUTE
    ../clib/heapaux.c                        0x00000000   Number         0  heapauxi.o ABSOLUTE
    ../clib/libinit.s                        0x00000000   Number         0  libshutdown.o ABSOLUTE
    ../clib/libinit.s                        0x00000000   Number         0  libinit2.o ABSOLUTE
    ../clib/libinit.s                        0x00000000   Number         0  libshutdown2.o ABSOLUTE
    ../clib/libinit.s                        0x00000000   Number         0  libinit.o ABSOLUTE
    ../clib/signal.c                         0x00000000   Number         0  defsig_rtred_inner.o ABSOLUTE
    ../clib/signal.c                         0x00000000   Number         0  defsig_fpe_inner.o ABSOLUTE
    ../clib/signal.c                         0x00000000   Number         0  defsig_abrt_inner.o ABSOLUTE
    ../clib/signal.c                         0x00000000   Number         0  defsig_general.o ABSOLUTE
    ../clib/signal.c                         0x00000000   Number         0  __raise.o ABSOLUTE
    ../clib/signal.c                         0x00000000   Number         0  defsig_rtmem_inner.o ABSOLUTE
    ../clib/signal.c                         0x00000000   Number         0  defsig_other.o ABSOLUTE
    ../clib/signal.c                         0x00000000   Number         0  defsig_segv_inner.o ABSOLUTE
    ../clib/signal.c                         0x00000000   Number         0  defsig_cppl_inner.o ABSOLUTE
    ../clib/signal.c                         0x00000000   Number         0  defsig_pvfn_inner.o ABSOLUTE
    ../clib/signal.c                         0x00000000   Number         0  defsig_exit.o ABSOLUTE
    ../clib/signal.c                         0x00000000   Number         0  defsig_stak_inner.o ABSOLUTE
    ../clib/signal.c                         0x00000000   Number         0  defsig_rtmem_formal.o ABSOLUTE
    ../clib/signal.c                         0x00000000   Number         0  defsig_rtmem_outer.o ABSOLUTE
    ../clib/signal.s                         0x00000000   Number         0  defsig.o ABSOLUTE
    ../clib/stdlib.c                         0x00000000   Number         0  exit.o ABSOLUTE
    ../fplib/faddsub.s                       0x00000000   Number         0  faddsub_clz.o ABSOLUTE
    ../fplib/fdiv.s                          0x00000000   Number         0  fdiv.o ABSOLUTE
    ../fplib/ffixu.s                         0x00000000   Number         0  ffixu.o ABSOLUTE
    ../fplib/fflt.s                          0x00000000   Number         0  fflt_clz.o ABSOLUTE
    ../fplib/fmul.s                          0x00000000   Number         0  fmul.o ABSOLUTE
    ../fplib/fnaninf.s                       0x00000000   Number         0  fnaninf.o ABSOLUTE
    ../fplib/fpinit.s                        0x00000000   Number         0  fpinit.o ABSOLUTE
    ../fplib/fretinf.s                       0x00000000   Number         0  fretinf.o ABSOLUTE
    ../fplib/usenofp.s                       0x00000000   Number         0  usenofp.o ABSOLUTE
    ..\\inc\\AP.c                            0x00000000   Number         0  ap.o ABSOLUTE
    ..\\inc\\Clock.c                         0x00000000   Number         0  clock.o ABSOLUTE
    ..\\inc\\CortexM.c                       0x00000000   Number         0  cortexm.o ABSOLUTE
    ..\\inc\\GPIO.c                          0x00000000   Number         0  gpio.o ABSOLUTE
    ..\\inc\\LaunchPad.c                     0x00000000   Number         0  launchpad.o ABSOLUTE
    ..\\inc\\UART0.c                         0x00000000   Number         0  uart0.o ABSOLUTE
    ..\\inc\\UART1.c                         0x00000000   Number         0  uart1.o ABSOLUTE
    ..\inc\AP.c                              0x00000000   Number         0  ap.o ABSOLUTE
    ..\inc\Clock.c                           0x00000000   Number         0  clock.o ABSOLUTE
    ..\inc\CortexM.c                         0x00000000   Number         0  cortexm.o ABSOLUTE
    ..\inc\GPIO.c                            0x00000000   Number         0  gpio.o ABSOLUTE
    ..\inc\LaunchPad.c                       0x00000000   Number         0  launchpad.o ABSOLUTE
    ..\inc\UART0.c                           0x00000000   Number         0  uart0.o ABSOLUTE
    ..\inc\UART1.c                           0x00000000   Number         0  uart1.o ABSOLUTE
    ApplicationProcessor.c                   0x00000000   Number         0  applicationprocessor.o ABSOLUTE
    RTE\Device\MSP432P401R\startup_msp432p401r_uvision.s 0x00000000   Number         0  startup_msp432p401r_uvision.o ABSOLUTE
    RTE\Device\MSP432P401R\system_msp432p401r.c 0x00000000   Number         0  system_msp432p401r.o ABSOLUTE
    RTE\\Device\\MSP432P401R\\system_msp432p401r.c 0x00000000   Number         0  system_msp432p401r.o ABSOLUTE
    dc.s                                     0x00000000   Number         0  dc.o ABSOLUTE
    !!!main                                  0x00000144   Section        8  __main.o(!!!main)
    !!!scatter                               0x0000014c   Section       52  __scatter.o(!!!scatter)
    !!handler_copy                           0x00000180   Section       26  __scatter_copy.o(!!handler_copy)
    !!handler_zi                             0x0000019c   Section       28  __scatter_zi.o(!!handler_zi)
    .ARM.Collect$$libinit$$00000000          0x000001b8   Section        2  libinit.o(.ARM.Collect$$libinit$$00000000)
    .ARM.Collect$$libinit$$00000002          0x000001ba   Section        0  libinit2.o(.ARM.Collect$$libinit$$00000002)
    .ARM.Collect$$libinit$$00000004          0x000001ba   Section        0  libinit2.o(.ARM.Collect$$libinit$$00000004)
    .ARM.Collect$$libinit$$0000000A          0x000001ba   Section        0  libinit2.o(.ARM.Collect$$libinit$$0000000A)
    .ARM.Collect$$libinit$$0000000C          0x000001ba   Section        0  libinit2.o(.ARM.Collect$$libinit$$0000000C)
    .ARM.Collect$$libinit$$0000000E          0x000001ba   Section        0  libinit2.o(.ARM.Collect$$libinit$$0000000E)
    .ARM.Collect$$libinit$$00000011          0x000001ba   Section        0  libinit2.o(.ARM.Collect$$libinit$$00000011)
    .ARM.Collect$$libinit$$00000013          0x000001ba   Section        0  libinit2.o(.ARM.Collect$$libinit$$00000013)
    .ARM.Collect$$libinit$$00000015          0x000001ba   Section        0  libinit2.o(.ARM.Collect$$libinit$$00000015)
    .ARM.Collect$$libinit$$00000017          0x000001ba   Section        0  libinit2.o(.ARM.Collect$$libinit$$00000017)
    .ARM.Collect$$libinit$$00000019          0x000001ba   Section        0  libinit2.o(.ARM.Collect$$libinit$$00000019)
    .ARM.Collect$$libinit$$0000001B          0x000001ba   Section        0  libinit2.o(.ARM.Collect$$libinit$$0000001B)
    .ARM.Collect$$libinit$$0000001D          0x000001ba   Section        0  libinit2.o(.ARM.Collect$$libinit$$0000001D)
    .ARM.Collect$$libinit$$0000001F          0x000001ba   Section        0  libinit2.o(.ARM.Collect$$libinit$$0000001F)
    .ARM.Collect$$libinit$$00000021          0x000001ba   Section        0  libinit2.o(.ARM.Collect$$libinit$$00000021)
    .ARM.Collect$$libinit$$00000023          0x000001ba   Section        0  libinit2.o(.ARM.Collect$$libinit$$00000023)
    .ARM.Collect$$libinit$$00000025          0x000001ba   Section        0  libinit2.o(.ARM.Collect$$libinit$$00000025)
    .ARM.Collect$$libinit$$0000002C          0x000001ba   Section        0  libinit2.o(.ARM.Collect$$libinit$$0000002C)
    .ARM.Collect$$libinit$$0000002E          0x000001ba   Section        0  libinit2.o(.ARM.Collect$$libinit$$0000002E)
    .ARM.Collect$$libinit$$00000030          0x000001ba   Section        0  libinit2.o(.ARM.Collect$$libinit$$00000030)
    .ARM.Collect$$libinit$$00000032          0x000001ba   Section        0  libinit2.o(.ARM.Collect$$libinit$$00000032)
    .ARM.Collect$$libinit$$00000033          0x000001ba   Section        2  libinit2.o(.ARM.Collect$$libinit$$00000033)
    .ARM.Collect$$libshutdown$$00000000      0x000001bc   Section        2  libshutdown.o(.ARM.Collect$$libshutdown$$00000000)
    .ARM.Collect$$libshutdown$$00000002      0x000001be   Section        0  libshutdown2.o(.ARM.Collect$$libshutdown$$00000002)
    .ARM.Collect$$libshutdown$$00000004      0x000001be   Section        0  libshutdown2.o(.ARM.Collect$$libshutdown$$00000004)
    .ARM.Collect$$libshutdown$$00000007      0x000001be   Section        0  libshutdown2.o(.ARM.Collect$$libshutdown$$00000007)
    .ARM.Collect$$libshutdown$$0000000A      0x000001be   Section        0  libshutdown2.o(.ARM.Collect$$libshutdown$$0000000A)
    .ARM.Collect$$libshutdown$$0000000C      0x000001be   Section        0  libshutdown2.o(.ARM.Collect$$libshutdown$$0000000C)
    .ARM.Collect$$libshutdown$$0000000F      0x000001be   Section        0  libshutdown2.o(.ARM.Collect$$libshutdown$$0000000F)
    .ARM.Collect$$libshutdown$$00000010      0x000001be   Section        2  libshutdown2.o(.ARM.Collect$$libshutdown$$00000010)
    .ARM.Collect$$rtentry$$00000000          0x000001c0   Section        0  __rtentry.o(.ARM.Collect$$rtentry$$00000000)
    .ARM.Collect$$rtentry$$00000002          0x000001c0   Section        0  __rtentry2.o(.ARM.Collect$$rtentry$$00000002)
    .ARM.Collect$$rtentry$$00000004          0x000001c0   Section        6  __rtentry4.o(.ARM.Collect$$rtentry$$00000004)
    .ARM.Collect$$rtentry$$00000009          0x000001c6   Section        0  __rtentry2.o(.ARM.Collect$$rtentry$$00000009)
    .ARM.Collect$$rtentry$$0000000A          0x000001c6   Section        4  __rtentry2.o(.ARM.Collect$$rtentry$$0000000A)
    .ARM.Collect$$rtentry$$0000000C          0x000001ca   Section        0  __rtentry2.o(.ARM.Collect$$rtentry$$0000000C)
    .ARM.Collect$$rtentry$$0000000D          0x000001ca   Section        8  __rtentry2.o(.ARM.Collect$$rtentry$$0000000D)
    .ARM.Collect$$rtexit$$00000000           0x000001d2   Section        2  rtexit.o(.ARM.Collect$$rtexit$$00000000)
    .ARM.Collect$$rtexit$$00000002           0x000001d4   Section        0  rtexit2.o(.ARM.Collect$$rtexit$$00000002)
    .ARM.Collect$$rtexit$$00000003           0x000001d4   Section        4  rtexit2.o(.ARM.Collect$$rtexit$$00000003)
    .ARM.Collect$$rtexit$$00000004           0x000001d8   Section        6  rtexit2.o(.ARM.Collect$$rtexit$$00000004)
    .emb_text                                0x000001e0   Section       32  cortexm.o(.emb_text)
    .text                                    0x00000200   Section       60  startup_msp432p401r_uvision.o(.text)
    .text                                    0x0000023c   Section        0  heapauxi.o(.text)
    .text                                    0x00000242   Section       74  sys_stackheap_outer.o(.text)
    .text                                    0x0000028c   Section        0  exit.o(.text)
    .text                                    0x000002a0   Section        8  libspace.o(.text)
    .text                                    0x000002a8   Section        0  sys_exit.o(.text)
    .text                                    0x000002b4   Section        2  use_no_semi.o(.text)
    .text                                    0x000002b6   Section        0  indicate_semi.o(.text)
    i.AP_AddCharacteristic                   0x000002b8   Section        0  ap.o(i.AP_AddCharacteristic)
    i.AP_AddNotifyCharacteristic             0x00000418   Section        0  ap.o(i.AP_AddNotifyCharacteristic)
    i.AP_AddService                          0x000005b8   Section        0  ap.o(i.AP_AddService)
    i.AP_BackgroundProcess                   0x000005f4   Section        0  ap.o(i.AP_BackgroundProcess)
    i.AP_EchoReceived                        0x000007fc   Section        0  ap.o(i.AP_EchoReceived)
    i.AP_EchoSendMessage                     0x00000860   Section        0  ap.o(i.AP_EchoSendMessage)
    i.AP_GetNotifyCCCD                       0x000008b4   Section        0  ap.o(i.AP_GetNotifyCCCD)
    i.AP_GetSize                             0x000008c8   Section        0  ap.o(i.AP_GetSize)
    i.AP_GetStatus                           0x000008d8   Section        0  ap.o(i.AP_GetStatus)
    i.AP_GetVersion                          0x00000924   Section        0  ap.o(i.AP_GetVersion)
    i.AP_Init                                0x00000960   Section        0  ap.o(i.AP_Init)
    i.AP_RecvMessage                         0x00000a44   Section        0  ap.o(i.AP_RecvMessage)
    i.AP_RecvStatus                          0x00000ba8   Section        0  ap.o(i.AP_RecvStatus)
    i.AP_RegisterService                     0x00000bb8   Section        0  ap.o(i.AP_RegisterService)
    i.AP_Reset                               0x00000bec   Section        0  ap.o(i.AP_Reset)
    i.AP_SendMessage                         0x00000c24   Section        0  ap.o(i.AP_SendMessage)
    i.AP_SendMessageResponse                 0x00000d0c   Section        0  ap.o(i.AP_SendMessageResponse)
    i.AP_SendNotification                    0x00000d48   Section        0  ap.o(i.AP_SendNotification)
    i.AP_StartAdvertisement                  0x00000e18   Section        0  ap.o(i.AP_StartAdvertisement)
    i.Button1                                0x00000ed4   Section        0  applicationprocessor.o(i.Button1)
    i.Button2                                0x00000efc   Section        0  applicationprocessor.o(i.Button2)
    i.Clock_Delay1ms                         0x00000f24   Section        0  cortexm.o(i.Clock_Delay1ms)
    i.Clock_InitFastest                      0x00000f3c   Section        0  clock.o(i.Clock_InitFastest)
    i.EUSCIA2_IRQHandler                     0x000010bc   Section        0  uart1.o(i.EUSCIA2_IRQHandler)
    i.GPIO_Init                              0x000010dc   Section        0  gpio.o(i.GPIO_Init)
    i.LaunchPad_Init                         0x000011ac   Section        0  launchpad.o(i.LaunchPad_Init)
    i.LaunchPad_Input                        0x00001238   Section        0  launchpad.o(i.LaunchPad_Input)
    i.LaunchPad_Output                       0x00001254   Section        0  launchpad.o(i.LaunchPad_Output)
    i.OutValue                               0x00001268   Section        0  applicationprocessor.o(i.OutValue)
    i.ReadByteData                           0x0000127c   Section        0  applicationprocessor.o(i.ReadByteData)
    i.ReadHalfWordData                       0x000012b4   Section        0  applicationprocessor.o(i.ReadHalfWordData)
    i.RxFifo_Get                             0x000012f4   Section        0  uart1.o(i.RxFifo_Get)
    i.RxFifo_Init                            0x0000132c   Section        0  uart1.o(i.RxFifo_Init)
    i.RxFifo_Put                             0x00001348   Section        0  uart1.o(i.RxFifo_Put)
    i.SystemInit                             0x00001390   Section        0  system_msp432p401r.o(i.SystemInit)
    i.UART0_Init                             0x000013ec   Section        0  uart0.o(i.UART0_Init)
    i.UART0_OutChar                          0x00001440   Section        0  uart0.o(i.UART0_OutChar)
    i.UART0_OutString                        0x00001458   Section        0  uart0.o(i.UART0_OutString)
    i.UART0_OutUHex                          0x00001470   Section        0  uart0.o(i.UART0_OutUHex)
    i.UART0_OutUHex2                         0x000014a4   Section        0  uart0.o(i.UART0_OutUHex2)
    i.UART1_FinishOutput                     0x000014b8   Section        0  uart1.o(i.UART1_FinishOutput)
    i.UART1_InChar                           0x000014cc   Section        0  uart1.o(i.UART1_InChar)
    i.UART1_Init                             0x000014e0   Section        0  uart1.o(i.UART1_Init)
    i.UART1_OutChar                          0x00001558   Section        0  uart1.o(i.UART1_OutChar)
    i.WriteByteData                          0x00001574   Section        0  applicationprocessor.o(i.WriteByteData)
    i.WriteWordData                          0x000015a8   Section        0  applicationprocessor.o(i.WriteWordData)
    i.main                                   0x000015d0   Section        0  applicationprocessor.o(i.main)
    i.outnibble                              0x000017c0   Section        0  uart0.o(i.outnibble)
    .constdata                               0x000017e0   Section      116  ap.o(.constdata)
    .data                                    0x20000000   Section       16  applicationprocessor.o(.data)
    .data                                    0x20000010   Section      200  ap.o(.data)
    .data                                    0x200000d8   Section       24  clock.o(.data)
    ClockFrequency                           0x200000d8   Data           4  clock.o(.data)
    .data                                    0x200000f0   Section       12  uart1.o(.data)
    .bss                                     0x200000fc   Section      368  ap.o(.bss)
    .bss                                     0x2000026c   Section      256  uart1.o(.bss)
    .bss                                     0x2000036c   Section       96  libspace.o(.bss)
    HEAP                                     0x200003d0   Section        0  startup_msp432p401r_uvision.o(HEAP)
    STACK                                    0x200003d0   Section      512  startup_msp432p401r_uvision.o(STACK)
    Heap_Mem                                 0x200003d0   Data           0  startup_msp432p401r_uvision.o(HEAP)
    Stack_Mem                                0x200003d0   Data         512  startup_msp432p401r_uvision.o(STACK)
    __initial_sp                             0x200005d0   Data           0  startup_msp432p401r_uvision.o(STACK)

    Global Symbols

    Symbol Name                              Value     Ov Type        Size  Object(Section)

    BuildAttributes$$THM_ISAv4$E$P$D$K$B$S$7EM$PE$A:L22UL41UL21$X:L11$S22US41US21$IEEE1$IW$USESV6$~STKCKD$USESV7$~SHL$OSPACE$ROPI$EBA8$UX$STANDARDLIB$REQ8$PRES8$EABIv2 0x00000000   Number         0  anon$$obj.o ABSOLUTE
    __ARM_use_no_argv                        0x00000000   Number         0  applicationprocessor.o ABSOLUTE
    __Vectors                                0x00000000   Data           4  startup_msp432p401r_uvision.o(RESET)
    __ARM_exceptions_init                     - Undefined Weak Reference
    __alloca_initialize                       - Undefined Weak Reference
    __arm_preinit_                            - Undefined Weak Reference
    __cpp_initialize__aeabi_                  - Undefined Weak Reference
    __cxa_finalize                            - Undefined Weak Reference
    __rt_locale                               - Undefined Weak Reference
    __sigvec_lookup                           - Undefined Weak Reference
    _atexit_init                              - Undefined Weak Reference
    _call_atexit_fns                          - Undefined Weak Reference
    _clock_init                               - Undefined Weak Reference
    _fp_trap_init                             - Undefined Weak Reference
    _fp_trap_shutdown                         - Undefined Weak Reference
    _get_lc_collate                           - Undefined Weak Reference
    _get_lc_ctype                             - Undefined Weak Reference
    _get_lc_monetary                          - Undefined Weak Reference
    _get_lc_numeric                           - Undefined Weak Reference
    _get_lc_time                              - Undefined Weak Reference
    _getenv_init                              - Undefined Weak Reference
    _handle_redirection                       - Undefined Weak Reference
    _init_alloc                               - Undefined Weak Reference
    _init_user_alloc                          - Undefined Weak Reference
    _initio                                   - Undefined Weak Reference
    _rand_init                                - Undefined Weak Reference
    _signal_finish                            - Undefined Weak Reference
    _signal_init                              - Undefined Weak Reference
    _terminate_alloc                          - Undefined Weak Reference
    _terminate_user_alloc                     - Undefined Weak Reference
    _terminateio                              - Undefined Weak Reference
    __Vectors_End                            0x00000144   Data           0  startup_msp432p401r_uvision.o(RESET)
    __Vectors_Size                           0x00000144   Number         0  startup_msp432p401r_uvision.o ABSOLUTE
    __main                                   0x00000145   Thumb Code     8  __main.o(!!!main)
    __scatterload                            0x0000014d   Thumb Code     0  __scatter.o(!!!scatter)
    __scatterload_rt2                        0x0000014d   Thumb Code    44  __scatter.o(!!!scatter)
    __scatterload_rt2_thumb_only             0x0000014d   Thumb Code     0  __scatter.o(!!!scatter)
    __scatterload_null                       0x0000015b   Thumb Code     0  __scatter.o(!!!scatter)
    __scatterload_copy                       0x00000181   Thumb Code    26  __scatter_copy.o(!!handler_copy)
    __scatterload_zeroinit                   0x0000019d   Thumb Code    28  __scatter_zi.o(!!handler_zi)
    __rt_lib_init                            0x000001b9   Thumb Code     0  libinit.o(.ARM.Collect$$libinit$$00000000)
    __rt_lib_init_alloca_1                   0x000001bb   Thumb Code     0  libinit2.o(.ARM.Collect$$libinit$$0000002E)
    __rt_lib_init_argv_1                     0x000001bb   Thumb Code     0  libinit2.o(.ARM.Collect$$libinit$$0000002C)
    __rt_lib_init_atexit_1                   0x000001bb   Thumb Code     0  libinit2.o(.ARM.Collect$$libinit$$0000001B)
    __rt_lib_init_clock_1                    0x000001bb   Thumb Code     0  libinit2.o(.ARM.Collect$$libinit$$00000021)
    __rt_lib_init_cpp_1                      0x000001bb   Thumb Code     0  libinit2.o(.ARM.Collect$$libinit$$00000032)
    __rt_lib_init_exceptions_1               0x000001bb   Thumb Code     0  libinit2.o(.ARM.Collect$$libinit$$00000030)
    __rt_lib_init_fp_1                       0x000001bb   Thumb Code     0  libinit2.o(.ARM.Collect$$libinit$$00000002)
    __rt_lib_init_fp_trap_1                  0x000001bb   Thumb Code     0  libinit2.o(.ARM.Collect$$libinit$$0000001F)
    __rt_lib_init_getenv_1                   0x000001bb   Thumb Code     0  libinit2.o(.ARM.Collect$$libinit$$00000023)
    __rt_lib_init_heap_1                     0x000001bb   Thumb Code     0  libinit2.o(.ARM.Collect$$libinit$$0000000A)
    __rt_lib_init_lc_collate_1               0x000001bb   Thumb Code     0  libinit2.o(.ARM.Collect$$libinit$$00000011)
    __rt_lib_init_lc_ctype_1                 0x000001bb   Thumb Code     0  libinit2.o(.ARM.Collect$$libinit$$00000013)
    __rt_lib_init_lc_monetary_1              0x000001bb   Thumb Code     0  libinit2.o(.ARM.Collect$$libinit$$00000015)
    __rt_lib_init_lc_numeric_1               0x000001bb   Thumb Code     0  libinit2.o(.ARM.Collect$$libinit$$00000017)
    __rt_lib_init_lc_time_1                  0x000001bb   Thumb Code     0  libinit2.o(.ARM.Collect$$libinit$$00000019)
    __rt_lib_init_preinit_1                  0x000001bb   Thumb Code     0  libinit2.o(.ARM.Collect$$libinit$$00000004)
    __rt_lib_init_rand_1                     0x000001bb   Thumb Code     0  libinit2.o(.ARM.Collect$$libinit$$0000000E)
    __rt_lib_init_return                     0x000001bb   Thumb Code     0  libinit2.o(.ARM.Collect$$libinit$$00000033)
    __rt_lib_init_signal_1                   0x000001bb   Thumb Code     0  libinit2.o(.ARM.Collect$$libinit$$0000001D)
    __rt_lib_init_stdio_1                    0x000001bb   Thumb Code     0  libinit2.o(.ARM.Collect$$libinit$$00000025)
    __rt_lib_init_user_alloc_1               0x000001bb   Thumb Code     0  libinit2.o(.ARM.Collect$$libinit$$0000000C)
    __rt_lib_shutdown                        0x000001bd   Thumb Code     0  libshutdown.o(.ARM.Collect$$libshutdown$$00000000)
    __rt_lib_shutdown_cpp_1                  0x000001bf   Thumb Code     0  libshutdown2.o(.ARM.Collect$$libshutdown$$00000002)
    __rt_lib_shutdown_fp_trap_1              0x000001bf   Thumb Code     0  libshutdown2.o(.ARM.Collect$$libshutdown$$00000007)
    __rt_lib_shutdown_heap_1                 0x000001bf   Thumb Code     0  libshutdown2.o(.ARM.Collect$$libshutdown$$0000000F)
    __rt_lib_shutdown_return                 0x000001bf   Thumb Code     0  libshutdown2.o(.ARM.Collect$$libshutdown$$00000010)
    __rt_lib_shutdown_signal_1               0x000001bf   Thumb Code     0  libshutdown2.o(.ARM.Collect$$libshutdown$$0000000A)
    __rt_lib_shutdown_stdio_1                0x000001bf   Thumb Code     0  libshutdown2.o(.ARM.Collect$$libshutdown$$00000004)
    __rt_lib_shutdown_user_alloc_1           0x000001bf   Thumb Code     0  libshutdown2.o(.ARM.Collect$$libshutdown$$0000000C)
    __rt_entry                               0x000001c1   Thumb Code     0  __rtentry.o(.ARM.Collect$$rtentry$$00000000)
    __rt_entry_presh_1                       0x000001c1   Thumb Code     0  __rtentry2.o(.ARM.Collect$$rtentry$$00000002)
    __rt_entry_sh                            0x000001c1   Thumb Code     0  __rtentry4.o(.ARM.Collect$$rtentry$$00000004)
    __rt_entry_li                            0x000001c7   Thumb Code     0  __rtentry2.o(.ARM.Collect$$rtentry$$0000000A)
    __rt_entry_postsh_1                      0x000001c7   Thumb Code     0  __rtentry2.o(.ARM.Collect$$rtentry$$00000009)
    __rt_entry_main                          0x000001cb   Thumb Code     0  __rtentry2.o(.ARM.Collect$$rtentry$$0000000D)
    __rt_entry_postli_1                      0x000001cb   Thumb Code     0  __rtentry2.o(.ARM.Collect$$rtentry$$0000000C)
    __rt_exit                                0x000001d3   Thumb Code     0  rtexit.o(.ARM.Collect$$rtexit$$00000000)
    __rt_exit_ls                             0x000001d5   Thumb Code     0  rtexit2.o(.ARM.Collect$$rtexit$$00000003)
    __rt_exit_prels_1                        0x000001d5   Thumb Code     0  rtexit2.o(.ARM.Collect$$rtexit$$00000002)
    __rt_exit_exit                           0x000001d9   Thumb Code     0  rtexit2.o(.ARM.Collect$$rtexit$$00000004)
    DisableInterrupts                        0x000001e1   Thumb Code     4  cortexm.o(.emb_text)
    EnableInterrupts                         0x000001e5   Thumb Code     4  cortexm.o(.emb_text)
    StartCritical                            0x000001e9   Thumb Code     8  cortexm.o(.emb_text)
    EndCritical                              0x000001f1   Thumb Code     6  cortexm.o(.emb_text)
    WaitForInterrupt                         0x000001f7   Thumb Code     4  cortexm.o(.emb_text)
    delay                                    0x000001fb   Thumb Code     6  cortexm.o(.emb_text)
    Reset_Handler                            0x00000201   Thumb Code     8  startup_msp432p401r_uvision.o(.text)
    NMI_Handler                              0x00000209   Thumb Code     2  startup_msp432p401r_uvision.o(.text)
    HardFault_Handler                        0x0000020b   Thumb Code     2  startup_msp432p401r_uvision.o(.text)
    MemManage_Handler                        0x0000020d   Thumb Code     2  startup_msp432p401r_uvision.o(.text)
    BusFault_Handler                         0x0000020f   Thumb Code     2  startup_msp432p401r_uvision.o(.text)
    UsageFault_Handler                       0x00000211   Thumb Code     2  startup_msp432p401r_uvision.o(.text)
    SVC_Handler                              0x00000213   Thumb Code     2  startup_msp432p401r_uvision.o(.text)
    DebugMon_Handler                         0x00000215   Thumb Code     2  startup_msp432p401r_uvision.o(.text)
    PendSV_Handler                           0x00000217   Thumb Code     2  startup_msp432p401r_uvision.o(.text)
    SysTick_Handler                          0x00000219   Thumb Code     2  startup_msp432p401r_uvision.o(.text)
    ADC14_IRQHandler                         0x0000021b   Thumb Code     0  startup_msp432p401r_uvision.o(.text)
    AES256_IRQHandler                        0x0000021b   Thumb Code     0  startup_msp432p401r_uvision.o(.text)
    COMP_E0_IRQHandler                       0x0000021b   Thumb Code     0  startup_msp432p401r_uvision.o(.text)
    COMP_E1_IRQHandler                       0x0000021b   Thumb Code     0  startup_msp432p401r_uvision.o(.text)
    CS_IRQHandler                            0x0000021b   Thumb Code     0  startup_msp432p401r_uvision.o(.text)
    DMA_ERR_IRQHandler                       0x0000021b   Thumb Code     0  startup_msp432p401r_uvision.o(.text)
    DMA_INT0_IRQHandler                      0x0000021b   Thumb Code     0  startup_msp432p401r_uvision.o(.text)
    DMA_INT1_IRQHandler                      0x0000021b   Thumb Code     0  startup_msp432p401r_uvision.o(.text)
    DMA_INT2_IRQHandler                      0x0000021b   Thumb Code     0  startup_msp432p401r_uvision.o(.text)
    DMA_INT3_IRQHandler                      0x0000021b   Thumb Code     0  startup_msp432p401r_uvision.o(.text)
    EUSCIA0_IRQHandler                       0x0000021b   Thumb Code     0  startup_msp432p401r_uvision.o(.text)
    EUSCIA1_IRQHandler                       0x0000021b   Thumb Code     0  startup_msp432p401r_uvision.o(.text)
    EUSCIA3_IRQHandler                       0x0000021b   Thumb Code     0  startup_msp432p401r_uvision.o(.text)
    EUSCIB0_IRQHandler                       0x0000021b   Thumb Code     0  startup_msp432p401r_uvision.o(.text)
    EUSCIB1_IRQHandler                       0x0000021b   Thumb Code     0  startup_msp432p401r_uvision.o(.text)
    EUSCIB2_IRQHandler                       0x0000021b   Thumb Code     0  startup_msp432p401r_uvision.o(.text)
    EUSCIB3_IRQHandler                       0x0000021b   Thumb Code     0  startup_msp432p401r_uvision.o(.text)
    FLCTL_IRQHandler                         0x0000021b   Thumb Code     0  startup_msp432p401r_uvision.o(.text)
    FPU_IRQHandler                           0x0000021b   Thumb Code     0  startup_msp432p401r_uvision.o(.text)
    PCM_IRQHandler                           0x0000021b   Thumb Code     0  startup_msp432p401r_uvision.o(.text)
    PORT1_IRQHandler                         0x0000021b   Thumb Code     0  startup_msp432p401r_uvision.o(.text)
    PORT2_IRQHandler                         0x0000021b   Thumb Code     0  startup_msp432p401r_uvision.o(.text)
    PORT3_IRQHandler                         0x0000021b   Thumb Code     0  startup_msp432p401r_uvision.o(.text)
    PORT4_IRQHandler                         0x0000021b   Thumb Code     0  startup_msp432p401r_uvision.o(.text)
    PORT5_IRQHandler                         0x0000021b   Thumb Code     0  startup_msp432p401r_uvision.o(.text)
    PORT6_IRQHandler                         0x0000021b   Thumb Code     0  startup_msp432p401r_uvision.o(.text)
    PSS_IRQHandler                           0x0000021b   Thumb Code     0  startup_msp432p401r_uvision.o(.text)
    RTC_C_IRQHandler                         0x0000021b   Thumb Code     0  startup_msp432p401r_uvision.o(.text)
    T32_INT1_IRQHandler                      0x0000021b   Thumb Code     0  startup_msp432p401r_uvision.o(.text)
    T32_INT2_IRQHandler                      0x0000021b   Thumb Code     0  startup_msp432p401r_uvision.o(.text)
    T32_INTC_IRQHandler                      0x0000021b   Thumb Code     0  startup_msp432p401r_uvision.o(.text)
    TA0_0_IRQHandler                         0x0000021b   Thumb Code     0  startup_msp432p401r_uvision.o(.text)
    TA0_N_IRQHandler                         0x0000021b   Thumb Code     0  startup_msp432p401r_uvision.o(.text)
    TA1_0_IRQHandler                         0x0000021b   Thumb Code     0  startup_msp432p401r_uvision.o(.text)
    TA1_N_IRQHandler                         0x0000021b   Thumb Code     0  startup_msp432p401r_uvision.o(.text)
    TA2_0_IRQHandler                         0x0000021b   Thumb Code     0  startup_msp432p401r_uvision.o(.text)
    TA2_N_IRQHandler                         0x0000021b   Thumb Code     0  startup_msp432p401r_uvision.o(.text)
    TA3_0_IRQHandler                         0x0000021b   Thumb Code     0  startup_msp432p401r_uvision.o(.text)
    TA3_N_IRQHandler                         0x0000021b   Thumb Code     0  startup_msp432p401r_uvision.o(.text)
    WDT_A_IRQHandler                         0x0000021b   Thumb Code     0  startup_msp432p401r_uvision.o(.text)
    __user_initial_stackheap                 0x0000021d   Thumb Code    10  startup_msp432p401r_uvision.o(.text)
    __use_two_region_memory                  0x0000023d   Thumb Code     2  heapauxi.o(.text)
    __rt_heap_escrow$2region                 0x0000023f   Thumb Code     2  heapauxi.o(.text)
    __rt_heap_expand$2region                 0x00000241   Thumb Code     2  heapauxi.o(.text)
    __user_setup_stackheap                   0x00000243   Thumb Code    74  sys_stackheap_outer.o(.text)
    exit                                     0x0000028d   Thumb Code    18  exit.o(.text)
    __user_libspace                          0x000002a1   Thumb Code     8  libspace.o(.text)
    __user_perproc_libspace                  0x000002a1   Thumb Code     0  libspace.o(.text)
    __user_perthread_libspace                0x000002a1   Thumb Code     0  libspace.o(.text)
    _sys_exit                                0x000002a9   Thumb Code     8  sys_exit.o(.text)
    __I$use$semihosting                      0x000002b5   Thumb Code     0  use_no_semi.o(.text)
    __use_no_semihosting_swi                 0x000002b5   Thumb Code     2  use_no_semi.o(.text)
    __semihosting_library_function           0x000002b7   Thumb Code     0  indicate_semi.o(.text)
    AP_AddCharacteristic                     0x000002b9   Thumb Code   292  ap.o(i.AP_AddCharacteristic)
    AP_AddNotifyCharacteristic               0x00000419   Thumb Code   348  ap.o(i.AP_AddNotifyCharacteristic)
    AP_AddService                            0x000005b9   Thumb Code    34  ap.o(i.AP_AddService)
    AP_BackgroundProcess                     0x000005f5   Thumb Code   478  ap.o(i.AP_BackgroundProcess)
    AP_EchoReceived                          0x000007fd   Thumb Code    66  ap.o(i.AP_EchoReceived)
    AP_EchoSendMessage                       0x00000861   Thumb Code    72  ap.o(i.AP_EchoSendMessage)
    AP_GetNotifyCCCD                         0x000008b5   Thumb Code    16  ap.o(i.AP_GetNotifyCCCD)
    AP_GetSize                               0x000008c9   Thumb Code    14  ap.o(i.AP_GetSize)
    AP_GetStatus                             0x000008d9   Thumb Code    50  ap.o(i.AP_GetStatus)
    AP_GetVersion                            0x00000925   Thumb Code    34  ap.o(i.AP_GetVersion)
    AP_Init                                  0x00000961   Thumb Code   180  ap.o(i.AP_Init)
    AP_RecvMessage                           0x00000a45   Thumb Code   338  ap.o(i.AP_RecvMessage)
    AP_RecvStatus                            0x00000ba9   Thumb Code    12  ap.o(i.AP_RecvStatus)
    AP_RegisterService                       0x00000bb9   Thumb Code    24  ap.o(i.AP_RegisterService)
    AP_Reset                                 0x00000bed   Thumb Code    50  ap.o(i.AP_Reset)
    AP_SendMessage                           0x00000c25   Thumb Code   222  ap.o(i.AP_SendMessage)
    AP_SendMessageResponse                   0x00000d0d   Thumb Code    58  ap.o(i.AP_SendMessageResponse)
    AP_SendNotification                      0x00000d49   Thumb Code   172  ap.o(i.AP_SendNotification)
    AP_StartAdvertisement                    0x00000e19   Thumb Code    78  ap.o(i.AP_StartAdvertisement)
    Button1                                  0x00000ed5   Thumb Code    20  applicationprocessor.o(i.Button1)
    Button2                                  0x00000efd   Thumb Code    20  applicationprocessor.o(i.Button2)
    Clock_Delay1ms                           0x00000f25   Thumb Code    22  cortexm.o(i.Clock_Delay1ms)
    Clock_InitFastest                        0x00000f3d   Thumb Code   322  clock.o(i.Clock_InitFastest)
    EUSCIA2_IRQHandler                       0x000010bd   Thumb Code    26  uart1.o(i.EUSCIA2_IRQHandler)
    GPIO_Init                                0x000010dd   Thumb Code   202  gpio.o(i.GPIO_Init)
    LaunchPad_Init                           0x000011ad   Thumb Code   134  launchpad.o(i.LaunchPad_Init)
    LaunchPad_Input                          0x00001239   Thumb Code    24  launchpad.o(i.LaunchPad_Input)
    LaunchPad_Output                         0x00001255   Thumb Code    16  launchpad.o(i.LaunchPad_Output)
    OutValue                                 0x00001269   Thumb Code    20  applicationprocessor.o(i.OutValue)
    ReadByteData                             0x0000127d   Thumb Code    32  applicationprocessor.o(i.ReadByteData)
    ReadHalfWordData                         0x000012b5   Thumb Code    34  applicationprocessor.o(i.ReadHalfWordData)
    RxFifo_Get                               0x000012f5   Thumb Code    44  uart1.o(i.RxFifo_Get)
    RxFifo_Init                              0x0000132d   Thumb Code    16  uart1.o(i.RxFifo_Init)
    RxFifo_Put                               0x00001349   Thumb Code    56  uart1.o(i.RxFifo_Put)
    SystemInit                               0x00001391   Thumb Code    74  system_msp432p401r.o(i.SystemInit)
    UART0_Init                               0x000013ed   Thumb Code    76  uart0.o(i.UART0_Init)
    UART0_OutChar                            0x00001441   Thumb Code    20  uart0.o(i.UART0_OutChar)
    UART0_OutString                          0x00001459   Thumb Code    24  uart0.o(i.UART0_OutString)
    UART0_OutUHex                            0x00001471   Thumb Code    52  uart0.o(i.UART0_OutUHex)
    UART0_OutUHex2                           0x000014a5   Thumb Code    20  uart0.o(i.UART0_OutUHex2)
    UART1_FinishOutput                       0x000014b9   Thumb Code    16  uart1.o(i.UART1_FinishOutput)
    UART1_InChar                             0x000014cd   Thumb Code    20  uart1.o(i.UART1_InChar)
    UART1_Init                               0x000014e1   Thumb Code   100  uart1.o(i.UART1_Init)
    UART1_OutChar                            0x00001559   Thumb Code    22  uart1.o(i.UART1_OutChar)
    WriteByteData                            0x00001575   Thumb Code    26  applicationprocessor.o(i.WriteByteData)
    WriteWordData                            0x000015a9   Thumb Code    22  applicationprocessor.o(i.WriteWordData)
    main                                     0x000015d1   Thumb Code   312  applicationprocessor.o(i.main)
    outnibble                                0x000017c1   Thumb Code    32  uart0.o(i.outnibble)
    RECVSIZE                                 0x000017e0   Data           4  ap.o(.constdata)
    HCI_EXT_ResetSystemCmd                   0x000017e4   Data           9  ap.o(.constdata)
    NPI_GetStatus                            0x000017ed   Data           6  ap.o(.constdata)
    NPI_GetVersion                           0x000017f3   Data           6  ap.o(.constdata)
    NPI_Register                             0x000017f9   Data           6  ap.o(.constdata)
    NPI_SetAdvertisement1                    0x000017ff   Data          17  ap.o(.constdata)
    NPI_SetAdvertisementSAP                  0x00001810   Data          37  ap.o(.constdata)
    NPI_StartAdvertisement                   0x00001835   Data          20  ap.o(.constdata)
    MAXCHARACTERISTICS                       0x0000184c   Data           4  ap.o(.constdata)
    NOTIFYMAXCHARACTERISTICS                 0x00001850   Data           4  ap.o(.constdata)
    Region$$Table$$Base                      0x00001854   Number         0  anon$$obj.o(Region$$Table)
    Region$$Table$$Limit                     0x00001874   Number         0  anon$$obj.o(Region$$Table)
    ByteData                                 0x20000000   Data           1  applicationprocessor.o(.data)
    HalfWordData                             0x20000002   Data           2  applicationprocessor.o(.data)
    WordData                                 0x20000004   Data           4  applicationprocessor.o(.data)
    Switch1                                  0x20000008   Data           2  applicationprocessor.o(.data)
    Switch2                                  0x2000000c   Data           4  applicationprocessor.o(.data)
    fcserr                                   0x20000010   Data           4  ap.o(.data)
    TimeOutErr                               0x20000014   Data           4  ap.o(.data)
    NoSOFErr                                 0x20000018   Data           4  ap.o(.data)
    NPI_AddService                           0x2000001c   Data           9  ap.o(.data)
    NPI_GATTSetDeviceName                    0x20000025   Data          28  ap.o(.data)
    NPI_SetAdvertisementData                 0x20000041   Data          37  ap.o(.data)
    NPI_ReadConfirmation                     0x20000066   Data          21  ap.o(.data)
    NPI_WriteConfirmation                    0x2000007b   Data           9  ap.o(.data)
    NPI_CCCDUpdatedConfirmation              0x20000084   Data           9  ap.o(.data)
    NPI_SendNotificationIndication           0x2000008d   Data          20  ap.o(.data)
    NPI_AddCharValue                         0x200000a1   Data          14  ap.o(.data)
    NPI_AddCharDescriptor                    0x200000af   Data          32  ap.o(.data)
    CharacteristicCount                      0x200000d0   Data           4  ap.o(.data)
    NotifyCharacteristicCount                0x200000d4   Data           4  ap.o(.data)
    Prewait                                  0x200000dc   Data           4  clock.o(.data)
    CPMwait                                  0x200000e0   Data           4  clock.o(.data)
    Postwait                                 0x200000e4   Data           4  clock.o(.data)
    IFlags                                   0x200000e8   Data           4  clock.o(.data)
    Crystalstable                            0x200000ec   Data           4  clock.o(.data)
    RxPutI                                   0x200000f0   Data           4  uart1.o(.data)
    RxGetI                                   0x200000f4   Data           4  uart1.o(.data)
    RxFifoLost                               0x200000f8   Data           4  uart1.o(.data)
    RecvBuf                                  0x200000fc   Data         128  ap.o(.bss)
    CharacteristicList                       0x2000017c   Data         160  ap.o(.bss)
    NotifyCharacteristicList                 0x2000021c   Data          80  ap.o(.bss)
    RxFIFO                                   0x2000026c   Data         256  uart1.o(.bss)
    __libspace_start                         0x2000036c   Data          96  libspace.o(.bss)
    __temporary_stack_top$libspace           0x200003cc   Data           0  libspace.o(.bss)



==============================================================================

Memory Map of the image

  Image Entry point : 0x00000201

  Load Region LR_1 (Base: 0x00000000, Size: 0x00001970, Max: 0xffffffff, ABSOLUTE)

    Execution Region ER_RO (Base: 0x00000000, Size: 0x00001874, Max: 0xffffffff, ABSOLUTE)

    Base Addr    Size         Type   Attr      Idx    E Section Name        Object

    0x00000000   0x00000144   Data   RO          573    RESET               startup_msp432p401r_uvision.o
    0x00000144   0x00000008   Code   RO          631  * !!!main             c_w.l(__main.o)
    0x0000014c   0x00000034   Code   RO          815    !!!scatter          c_w.l(__scatter.o)
    0x00000180   0x0000001a   Code   RO          817    !!handler_copy      c_w.l(__scatter_copy.o)
    0x0000019a   0x00000002   PAD
    0x0000019c   0x0000001c   Code   RO          819    !!handler_zi        c_w.l(__scatter_zi.o)
    0x000001b8   0x00000002   Code   RO          685    .ARM.Collect$$libinit$$00000000  c_w.l(libinit.o)
    0x000001ba   0x00000000   Code   RO          692    .ARM.Collect$$libinit$$00000002  c_w.l(libinit2.o)
    0x000001ba   0x00000000   Code   RO          694    .ARM.Collect$$libinit$$00000004  c_w.l(libinit2.o)
    0x000001ba   0x00000000   Code   RO          697    .ARM.Collect$$libinit$$0000000A  c_w.l(libinit2.o)
    0x000001ba   0x00000000   Code   RO          699    .ARM.Collect$$libinit$$0000000C  c_w.l(libinit2.o)
    0x000001ba   0x00000000   Code   RO          701    .ARM.Collect$$libinit$$0000000E  c_w.l(libinit2.o)
    0x000001ba   0x00000000   Code   RO          704    .ARM.Collect$$libinit$$00000011  c_w.l(libinit2.o)
    0x000001ba   0x00000000   Code   RO          706    .ARM.Collect$$libinit$$00000013  c_w.l(libinit2.o)
    0x000001ba   0x00000000   Code   RO          708    .ARM.Collect$$libinit$$00000015  c_w.l(libinit2.o)
    0x000001ba   0x00000000   Code   RO          710    .ARM.Collect$$libinit$$00000017  c_w.l(libinit2.o)
    0x000001ba   0x00000000   Code   RO          712    .ARM.Collect$$libinit$$00000019  c_w.l(libinit2.o)
    0x000001ba   0x00000000   Code   RO          714    .ARM.Collect$$libinit$$0000001B  c_w.l(libinit2.o)
    0x000001ba   0x00000000   Code   RO          716    .ARM.Collect$$libinit$$0000001D  c_w.l(libinit2.o)
    0x000001ba   0x00000000   Code   RO          718    .ARM.Collect$$libinit$$0000001F  c_w.l(libinit2.o)
    0x000001ba   0x00000000   Code   RO          720    .ARM.Collect$$libinit$$00000021  c_w.l(libinit2.o)
    0x000001ba   0x00000000   Code   RO          722    .ARM.Collect$$libinit$$00000023  c_w.l(libinit2.o)
    0x000001ba   0x00000000   Code   RO          724    .ARM.Collect$$libinit$$00000025  c_w.l(libinit2.o)
    0x000001ba   0x00000000   Code   RO          728    .ARM.Collect$$libinit$$0000002C  c_w.l(libinit2.o)
    0x000001ba   0x00000000   Code   RO          730    .ARM.Collect$$libinit$$0000002E  c_w.l(libinit2.o)
    0x000001ba   0x00000000   Code   RO          732    .ARM.Collect$$libinit$$00000030  c_w.l(libinit2.o)
    0x000001ba   0x00000000   Code   RO          734    .ARM.Collect$$libinit$$00000032  c_w.l(libinit2.o)
    0x000001ba   0x00000002   Code   RO          735    .ARM.Collect$$libinit$$00000033  c_w.l(libinit2.o)
    0x000001bc   0x00000002   Code   RO          755    .ARM.Collect$$libshutdown$$00000000  c_w.l(libshutdown.o)
    0x000001be   0x00000000   Code   RO          768    .ARM.Collect$$libshutdown$$00000002  c_w.l(libshutdown2.o)
    0x000001be   0x00000000   Code   RO          770    .ARM.Collect$$libshutdown$$00000004  c_w.l(libshutdown2.o)
    0x000001be   0x00000000   Code   RO          773    .ARM.Collect$$libshutdown$$00000007  c_w.l(libshutdown2.o)
    0x000001be   0x00000000   Code   RO          776    .ARM.Collect$$libshutdown$$0000000A  c_w.l(libshutdown2.o)
    0x000001be   0x00000000   Code   RO          778    .ARM.Collect$$libshutdown$$0000000C  c_w.l(libshutdown2.o)
    0x000001be   0x00000000   Code   RO          781    .ARM.Collect$$libshutdown$$0000000F  c_w.l(libshutdown2.o)
    0x000001be   0x00000002   Code   RO          782    .ARM.Collect$$libshutdown$$00000010  c_w.l(libshutdown2.o)
    0x000001c0   0x00000000   Code   RO          655    .ARM.Collect$$rtentry$$00000000  c_w.l(__rtentry.o)
    0x000001c0   0x00000000   Code   RO          662    .ARM.Collect$$rtentry$$00000002  c_w.l(__rtentry2.o)
    0x000001c0   0x00000006   Code   RO          674    .ARM.Collect$$rtentry$$00000004  c_w.l(__rtentry4.o)
    0x000001c6   0x00000000   Code   RO          664    .ARM.Collect$$rtentry$$00000009  c_w.l(__rtentry2.o)
    0x000001c6   0x00000004   Code   RO          665    .ARM.Collect$$rtentry$$0000000A  c_w.l(__rtentry2.o)
    0x000001ca   0x00000000   Code   RO          667    .ARM.Collect$$rtentry$$0000000C  c_w.l(__rtentry2.o)
    0x000001ca   0x00000008   Code   RO          668    .ARM.Collect$$rtentry$$0000000D  c_w.l(__rtentry2.o)
    0x000001d2   0x00000002   Code   RO          689    .ARM.Collect$$rtexit$$00000000  c_w.l(rtexit.o)
    0x000001d4   0x00000000   Code   RO          737    .ARM.Collect$$rtexit$$00000002  c_w.l(rtexit2.o)
    0x000001d4   0x00000004   Code   RO          738    .ARM.Collect$$rtexit$$00000003  c_w.l(rtexit2.o)
    0x000001d8   0x00000006   Code   RO          739    .ARM.Collect$$rtexit$$00000004  c_w.l(rtexit2.o)
    0x000001de   0x00000002   PAD
    0x000001e0   0x00000020   Code   RO           75    .emb_text           cortexm.o
    0x00000200   0x0000003c   Code   RO          574  * .text               startup_msp432p401r_uvision.o
    0x0000023c   0x00000006   Code   RO          629    .text               c_w.l(heapauxi.o)
    0x00000242   0x0000004a   Code   RO          676    .text               c_w.l(sys_stackheap_outer.o)
    0x0000028c   0x00000012   Code   RO          678    .text               c_w.l(exit.o)
    0x0000029e   0x00000002   PAD
    0x000002a0   0x00000008   Code   RO          686    .text               c_w.l(libspace.o)
    0x000002a8   0x0000000c   Code   RO          747    .text               c_w.l(sys_exit.o)
    0x000002b4   0x00000002   Code   RO          758    .text               c_w.l(use_no_semi.o)
    0x000002b6   0x00000000   Code   RO          760    .text               c_w.l(indicate_semi.o)
    0x000002b6   0x00000002   PAD
    0x000002b8   0x00000160   Code   RO           95    i.AP_AddCharacteristic  ap.o
    0x00000418   0x000001a0   Code   RO           96    i.AP_AddNotifyCharacteristic  ap.o
    0x000005b8   0x0000003c   Code   RO           97    i.AP_AddService     ap.o
    0x000005f4   0x00000208   Code   RO           98    i.AP_BackgroundProcess  ap.o
    0x000007fc   0x00000064   Code   RO           99    i.AP_EchoReceived   ap.o
    0x00000860   0x00000054   Code   RO          100    i.AP_EchoSendMessage  ap.o
    0x000008b4   0x00000014   Code   RO          101    i.AP_GetNotifyCCCD  ap.o
    0x000008c8   0x0000000e   Code   RO          102    i.AP_GetSize        ap.o
    0x000008d6   0x00000002   PAD
    0x000008d8   0x0000004c   Code   RO          103    i.AP_GetStatus      ap.o
    0x00000924   0x0000003c   Code   RO          104    i.AP_GetVersion     ap.o
    0x00000960   0x000000e4   Code   RO          105    i.AP_Init           ap.o
    0x00000a44   0x00000164   Code   RO          106    i.AP_RecvMessage    ap.o
    0x00000ba8   0x00000010   Code   RO          107    i.AP_RecvStatus     ap.o
    0x00000bb8   0x00000034   Code   RO          108    i.AP_RegisterService  ap.o
    0x00000bec   0x00000038   Code   RO          109    i.AP_Reset          ap.o
    0x00000c24   0x000000e8   Code   RO          110    i.AP_SendMessage    ap.o
    0x00000d0c   0x0000003a   Code   RO          111    i.AP_SendMessageResponse  ap.o
    0x00000d46   0x00000002   PAD
    0x00000d48   0x000000d0   Code   RO          112    i.AP_SendNotification  ap.o
    0x00000e18   0x000000bc   Code   RO          113    i.AP_StartAdvertisement  ap.o
    0x00000ed4   0x00000028   Code   RO            1    i.Button1           applicationprocessor.o
    0x00000efc   0x00000028   Code   RO            2    i.Button2           applicationprocessor.o
    0x00000f24   0x00000016   Code   RO           76    i.Clock_Delay1ms    cortexm.o
    0x00000f3a   0x00000002   PAD
    0x00000f3c   0x00000180   Code   RO          264    i.Clock_InitFastest  clock.o
    0x000010bc   0x00000020   Code   RO          426    i.EUSCIA2_IRQHandler  uart1.o
    0x000010dc   0x000000d0   Code   RO          547    i.GPIO_Init         gpio.o
    0x000011ac   0x0000008c   Code   RO          511    i.LaunchPad_Init    launchpad.o
    0x00001238   0x0000001c   Code   RO          512    i.LaunchPad_Input   launchpad.o
    0x00001254   0x00000014   Code   RO          513    i.LaunchPad_Output  launchpad.o
    0x00001268   0x00000014   Code   RO            3    i.OutValue          applicationprocessor.o
    0x0000127c   0x00000038   Code   RO            4    i.ReadByteData      applicationprocessor.o
    0x000012b4   0x00000040   Code   RO            5    i.ReadHalfWordData  applicationprocessor.o
    0x000012f4   0x00000038   Code   RO          427    i.RxFifo_Get        uart1.o
    0x0000132c   0x0000001c   Code   RO          428    i.RxFifo_Init       uart1.o
    0x00001348   0x00000048   Code   RO          429    i.RxFifo_Put        uart1.o
    0x00001390   0x0000005c   Code   RO          582    i.SystemInit        system_msp432p401r.o
    0x000013ec   0x00000054   Code   RO          307    i.UART0_Init        uart0.o
    0x00001440   0x00000018   Code   RO          308    i.UART0_OutChar     uart0.o
    0x00001458   0x00000018   Code   RO          309    i.UART0_OutString   uart0.o
    0x00001470   0x00000034   Code   RO          314    i.UART0_OutUHex     uart0.o
    0x000014a4   0x00000014   Code   RO          315    i.UART0_OutUHex2    uart0.o
    0x000014b8   0x00000014   Code   RO          430    i.UART1_FinishOutput  uart1.o
    0x000014cc   0x00000014   Code   RO          431    i.UART1_InChar      uart1.o
    0x000014e0   0x00000078   Code   RO          433    i.UART1_Init        uart1.o
    0x00001558   0x0000001c   Code   RO          434    i.UART1_OutChar     uart1.o
    0x00001574   0x00000034   Code   RO            6    i.WriteByteData     applicationprocessor.o
    0x000015a8   0x00000028   Code   RO            7    i.WriteWordData     applicationprocessor.o
    0x000015d0   0x000001f0   Code   RO            8    i.main              applicationprocessor.o
    0x000017c0   0x00000020   Code   RO          319    i.outnibble         uart0.o
    0x000017e0   0x00000074   Data   RO          115    .constdata          ap.o
    0x00001854   0x00000020   Data   RO          813    Region$$Table       anon$$obj.o


    Execution Region ER_RW (Base: 0x20000000, Size: 0x000000fc, Max: 0xffffffff, ABSOLUTE)

    Base Addr    Size         Type   Attr      Idx    E Section Name        Object

    0x20000000   0x00000010   Data   RW            9    .data               applicationprocessor.o
    0x20000010   0x000000c8   Data   RW          116    .data               ap.o
    0x200000d8   0x00000018   Data   RW          265    .data               clock.o
    0x200000f0   0x0000000c   Data   RW          437    .data               uart1.o


    Execution Region ER_ZI (Base: 0x200000fc, Size: 0x000004d4, Max: 0xffffffff, ABSOLUTE)

    Base Addr    Size         Type   Attr      Idx    E Section Name        Object

    0x200000fc   0x00000170   Zero   RW          114    .bss                ap.o
    0x2000026c   0x00000100   Zero   RW          436    .bss                uart1.o
    0x2000036c   0x00000060   Zero   RW          687    .bss                c_w.l(libspace.o)
    0x200003cc   0x00000004   PAD
    0x200003d0   0x00000000   Zero   RW          572    HEAP                startup_msp432p401r_uvision.o
    0x200003d0   0x00000200   Zero   RW          571    STACK               startup_msp432p401r_uvision.o


==============================================================================

Image component sizes


      Code (inc. data)   RO Data    RW Data    ZI Data      Debug   Object Name

      3096        558        116        200        368      15917   ap.o
       808        322          0         16          0       8661   applicationprocessor.o
       384         62          0         24          0        956   clock.o
        54          0          0          0          0       1073   cortexm.o
       208          6          0          0          0        448   gpio.o
       188         14          0          0          0       1330   launchpad.o
        60         22        324          0        512        884   startup_msp432p401r_uvision.o
        92         18          0          0          0        489   system_msp432p401r.o
       236         12          0          0          0       2840   uart0.o
       376         76          0         12        256       4368   uart1.o

    ----------------------------------------------------------------------
      5508       1090        472        252       1136      36966   Object Totals
         0          0         32          0          0          0   (incl. Generated)
         6          0          0          0          0          0   (incl. Padding)

    ----------------------------------------------------------------------

      Code (inc. data)   RO Data    RW Data    ZI Data      Debug   Library Member Name

         8          0          0          0          0         68   __main.o
         0          0          0          0          0          0   __rtentry.o
        12          0          0          0          0          0   __rtentry2.o
         6          0          0          0          0          0   __rtentry4.o
        52          8          0          0          0          0   __scatter.o
        26          0          0          0          0          0   __scatter_copy.o
        28          0          0          0          0          0   __scatter_zi.o
        18          0          0          0          0         80   exit.o
         6          0          0          0          0        152   heapauxi.o
         0          0          0          0          0          0   indicate_semi.o
         2          0          0          0          0          0   libinit.o
         2          0          0          0          0          0   libinit2.o
         2          0          0          0          0          0   libshutdown.o
         2          0          0          0          0          0   libshutdown2.o
         8          4          0          0         96         68   libspace.o
         2          0          0          0          0          0   rtexit.o
        10          0          0          0          0          0   rtexit2.o
        12          4          0          0          0         68   sys_exit.o
        74          0          0          0          0         80   sys_stackheap_outer.o
         2          0          0          0          0         68   use_no_semi.o

    ----------------------------------------------------------------------
       280         16          0          0        100        584   Library Totals
         8          0          0          0          4          0   (incl. Padding)

    ----------------------------------------------------------------------

      Code (inc. data)   RO Data    RW Data    ZI Data      Debug   Library Name

       272         16          0          0         96        584   c_w.l

    ----------------------------------------------------------------------
       280         16          0          0        100        584   Library Totals

    ----------------------------------------------------------------------

==============================================================================


      Code (inc. data)   RO Data    RW Data    ZI Data      Debug   

      5788       1106        472        252       1236      35050   Grand Totals
      5788       1106        472        252       1236      35050   ELF Image Totals
      5788       1106        472        252          0          0   ROM Totals

==============================================================================

    Total RO  Size (Code + RO Data)                 6260 (   6.11kB)
    Total RW  Size (RW Data + ZI Data)              1488 (   1.45kB)
    Total ROM Size (Code + RO Data + RW Data)       6512 (   6.36kB)

==============================================================================

