Component: ARM Compiler 5.06 update 4 (build 422) Tool: armlink [4d35d2]

==============================================================================

Section Cross References

    bsp.o(i.BSP_Accelerometer_Init) refers to bsp.o(i.adcinit) for adcinit
    bsp.o(i.BSP_Buzzer_Init) refers to bsp.o(.data) for SubsystemFrequency
    bsp.o(i.BSP_Buzzer_Set) refers to bsp.o(.data) for PWMCycles
    bsp.o(i.BSP_Clock_GetFreq) refers to bsp.o(.data) for ClockFrequency
    bsp.o(i.BSP_Clock_InitFastest) refers to bsp.o(.data) for Prewait
    bsp.o(i.BSP_Delay1ms) refers to bsp.o(.emb_text) for parrotdelay
    bsp.o(i.BSP_Joystick_Init) refers to bsp.o(i.adcinit) for adcinit
    bsp.o(i.BSP_LCD_DrawBitmap) refers to bsp.o(i.setAddrWindow) for setAddrWindow
    bsp.o(i.BSP_LCD_DrawBitmap) refers to bsp.o(i.writedata) for writedata
    bsp.o(i.BSP_LCD_DrawBitmap) refers to bsp.o(.data) for _width
    bsp.o(i.BSP_LCD_DrawChar) refers to bsp.o(i.setAddrWindow) for setAddrWindow
    bsp.o(i.BSP_LCD_DrawChar) refers to bsp.o(i.pushColor) for pushColor
    bsp.o(i.BSP_LCD_DrawChar) refers to bsp.o(.data) for _width
    bsp.o(i.BSP_LCD_DrawChar) refers to bsp.o(.constdata) for Font
    bsp.o(i.BSP_LCD_DrawCharS) refers to bsp.o(i.BSP_LCD_DrawPixel) for BSP_LCD_DrawPixel
    bsp.o(i.BSP_LCD_DrawCharS) refers to bsp.o(i.BSP_LCD_FillRect) for BSP_LCD_FillRect
    bsp.o(i.BSP_LCD_DrawCharS) refers to bsp.o(.data) for _width
    bsp.o(i.BSP_LCD_DrawCharS) refers to bsp.o(.constdata) for Font
    bsp.o(i.BSP_LCD_DrawFastHLine) refers to bsp.o(i.setAddrWindow) for setAddrWindow
    bsp.o(i.BSP_LCD_DrawFastHLine) refers to bsp.o(i.writedata) for writedata
    bsp.o(i.BSP_LCD_DrawFastHLine) refers to bsp.o(.data) for _width
    bsp.o(i.BSP_LCD_DrawFastVLine) refers to bsp.o(i.setAddrWindow) for setAddrWindow
    bsp.o(i.BSP_LCD_DrawFastVLine) refers to bsp.o(i.writedata) for writedata
    bsp.o(i.BSP_LCD_DrawFastVLine) refers to bsp.o(.data) for _width
    bsp.o(i.BSP_LCD_DrawPixel) refers to bsp.o(i.setAddrWindow) for setAddrWindow
    bsp.o(i.BSP_LCD_DrawPixel) refers to bsp.o(i.pushColor) for pushColor
    bsp.o(i.BSP_LCD_DrawPixel) refers to bsp.o(.data) for _width
    bsp.o(i.BSP_LCD_DrawString) refers to bsp.o(i.BSP_LCD_DrawChar) for BSP_LCD_DrawChar
    bsp.o(i.BSP_LCD_Drawaxes) refers to bsp.o(i.BSP_LCD_FillRect) for BSP_LCD_FillRect
    bsp.o(i.BSP_LCD_Drawaxes) refers to bsp.o(i.BSP_LCD_DrawFastHLine) for BSP_LCD_DrawFastHLine
    bsp.o(i.BSP_LCD_Drawaxes) refers to bsp.o(i.BSP_LCD_DrawFastVLine) for BSP_LCD_DrawFastVLine
    bsp.o(i.BSP_LCD_Drawaxes) refers to bsp.o(i.BSP_LCD_DrawPixel) for BSP_LCD_DrawPixel
    bsp.o(i.BSP_LCD_Drawaxes) refers to bsp.o(i.BSP_LCD_DrawChar) for BSP_LCD_DrawChar
    bsp.o(i.BSP_LCD_Drawaxes) refers to bsp.o(.data) for Ymax
    bsp.o(i.BSP_LCD_FillRect) refers to bsp.o(i.setAddrWindow) for setAddrWindow
    bsp.o(i.BSP_LCD_FillRect) refers to bsp.o(i.writedata) for writedata
    bsp.o(i.BSP_LCD_FillRect) refers to bsp.o(.data) for _width
    bsp.o(i.BSP_LCD_FillScreen) refers to bsp.o(i.BSP_LCD_FillRect) for BSP_LCD_FillRect
    bsp.o(i.BSP_LCD_FillScreen) refers to bsp.o(.data) for _height
    bsp.o(i.BSP_LCD_Init) refers to bsp.o(i.ST7735_InitR) for ST7735_InitR
    bsp.o(i.BSP_LCD_OutUDec) refers to bsp.o(i.fillmessage) for fillmessage
    bsp.o(i.BSP_LCD_OutUDec) refers to bsp.o(i.BSP_LCD_DrawString) for BSP_LCD_DrawString
    bsp.o(i.BSP_LCD_OutUDec) refers to bsp.o(i.BSP_LCD_DrawChar) for BSP_LCD_DrawChar
    bsp.o(i.BSP_LCD_OutUDec) refers to bsp.o(.data) for StTextColor
    bsp.o(i.BSP_LCD_OutUDec) refers to bsp.o(.bss) for Message
    bsp.o(i.BSP_LCD_OutUDec4) refers to bsp.o(i.fillmessage4) for fillmessage4
    bsp.o(i.BSP_LCD_OutUDec4) refers to bsp.o(i.BSP_LCD_DrawString) for BSP_LCD_DrawString
    bsp.o(i.BSP_LCD_OutUDec4) refers to bsp.o(i.BSP_LCD_DrawChar) for BSP_LCD_DrawChar
    bsp.o(i.BSP_LCD_OutUDec4) refers to bsp.o(.data) for Messageindex
    bsp.o(i.BSP_LCD_OutUDec4) refers to bsp.o(.bss) for Message
    bsp.o(i.BSP_LCD_OutUDec5) refers to bsp.o(i.fillmessage5) for fillmessage5
    bsp.o(i.BSP_LCD_OutUDec5) refers to bsp.o(i.BSP_LCD_DrawString) for BSP_LCD_DrawString
    bsp.o(i.BSP_LCD_OutUDec5) refers to bsp.o(i.BSP_LCD_DrawChar) for BSP_LCD_DrawChar
    bsp.o(i.BSP_LCD_OutUDec5) refers to bsp.o(.data) for Messageindex
    bsp.o(i.BSP_LCD_OutUDec5) refers to bsp.o(.bss) for Message
    bsp.o(i.BSP_LCD_OutUFix2_1) refers to bsp.o(i.fillmessage2_1) for fillmessage2_1
    bsp.o(i.BSP_LCD_OutUFix2_1) refers to bsp.o(i.BSP_LCD_DrawString) for BSP_LCD_DrawString
    bsp.o(i.BSP_LCD_OutUFix2_1) refers to bsp.o(i.BSP_LCD_DrawChar) for BSP_LCD_DrawChar
    bsp.o(i.BSP_LCD_OutUFix2_1) refers to bsp.o(.data) for StY
    bsp.o(i.BSP_LCD_OutUFix2_1) refers to bsp.o(.bss) for Message
    bsp.o(i.BSP_LCD_OutUHex2) refers to bsp.o(i.fillmessage2_Hex) for fillmessage2_Hex
    bsp.o(i.BSP_LCD_OutUHex2) refers to bsp.o(i.BSP_LCD_DrawString) for BSP_LCD_DrawString
[...]
    .ARM.Collect$$libshutdown$$00000004      0x00000202   Section        0  libshutdown2.o(.ARM.Collect$$libshutdown$$00000004)
    .ARM.Collect$$libshutdown$$00000007      0x00000202   Section        0  libshutdown2.o(.ARM.Collect$$libshutdown$$00000007)
    .ARM.Collect$$libshutdown$$0000000A      0x00000202   Section        0  libshutdown2.o(.ARM.Collect$$libshutdown$$0000000A)
    .ARM.Collect$$libshutdown$$0000000C      0x00000202   Section        0  libshutdown2.o(.ARM.Collect$$libshutdown$$0000000C)
    .ARM.Collect$$libshutdown$$0000000F      0x00000202   Section        0  libshutdown2.o(.ARM.Collect$$libshutdown$$0000000F)
    .ARM.Collect$$libshutdown$$00000010      0x00000202   Section        2  libshutdown2.o(.ARM.Collect$$libshutdown$$00000010)
    .ARM.Collect$$rtentry$$00000000          0x00000204   Section        0  __rtentry.o(.ARM.Collect$$rtentry$$00000000)
    .ARM.Collect$$rtentry$$00000002          0x00000204   Section        0  __rtentry2.o(.ARM.Collect$$rtentry$$00000002)
    .ARM.Collect$$rtentry$$00000004          0x00000204   Section        6  __rtentry4.o(.ARM.Collect$$rtentry$$00000004)
    .ARM.Collect$$rtentry$$00000009          0x0000020a   Section        0  __rtentry2.o(.ARM.Collect$$rtentry$$00000009)
    .ARM.Collect$$rtentry$$0000000A          0x0000020a   Section        4  __rtentry2.o(.ARM.Collect$$rtentry$$0000000A)
    .ARM.Collect$$rtentry$$0000000C          0x0000020e   Section        0  __rtentry2.o(.ARM.Collect$$rtentry$$0000000C)
    .ARM.Collect$$rtentry$$0000000D          0x0000020e   Section        8  __rtentry2.o(.ARM.Collect$$rtentry$$0000000D)
    .ARM.Collect$$rtexit$$00000000           0x00000216   Section        2  rtexit.o(.ARM.Collect$$rtexit$$00000000)
    .ARM.Collect$$rtexit$$00000002           0x00000218   Section        0  rtexit2.o(.ARM.Collect$$rtexit$$00000002)
    .ARM.Collect$$rtexit$$00000003           0x00000218   Section        4  rtexit2.o(.ARM.Collect$$rtexit$$00000003)
    .ARM.Collect$$rtexit$$00000004           0x0000021c   Section        6  rtexit2.o(.ARM.Collect$$rtexit$$00000004)
    .emb_text                                0x00000224   Section        6  bsp.o(.emb_text)
    $v0                                      0x00000224   Number         0  bsp.o(.emb_text)
    .emb_text                                0x0000022c   Section       32  cortexm.o(.emb_text)
    $v0                                      0x0000022c   Number         0  cortexm.o(.emb_text)
    .text                                    0x0000024c   Section       60  startup_msp432p401r_uvision.o(.text)
    $v0                                      0x0000024c   Number         0  startup_msp432p401r_uvision.o(.text)
    .text                                    0x00000288   Section        0  strlen.o(.text)
    .text                                    0x000002c6   Section        0  heapauxi.o(.text)
    .text                                    0x000002cc   Section       74  sys_stackheap_outer.o(.text)
    .text                                    0x00000316   Section        0  exit.o(.text)
    .text                                    0x00000328   Section        8  libspace.o(.text)
    .text                                    0x00000330   Section        0  sys_exit.o(.text)
    .text                                    0x0000033c   Section        2  use_no_semi.o(.text)
    .text                                    0x0000033e   Section        0  indicate_semi.o(.text)
    i.AP_BackgroundProcess                   0x00000340   Section        0  ap.o(i.AP_BackgroundProcess)
    i.AP_EchoReceived                        0x00000548   Section        0  ap.o(i.AP_EchoReceived)
    i.AP_EchoSendMessage                     0x000005ac   Section        0  ap.o(i.AP_EchoSendMessage)
    i.AP_GetNotifyCCCD                       0x00000600   Section        0  ap.o(i.AP_GetNotifyCCCD)
    i.AP_GetSize                             0x00000614   Section        0  ap.o(i.AP_GetSize)
    i.AP_Init                                0x00000624   Section        0  ap.o(i.AP_Init)
    i.AP_RecvMessage                         0x00000708   Section        0  ap.o(i.AP_RecvMessage)
    i.AP_RecvStatus                          0x0000086c   Section        0  ap.o(i.AP_RecvStatus)
    i.AP_Reset                               0x0000087c   Section        0  ap.o(i.AP_Reset)
    i.AP_SendMessage                         0x000008b4   Section        0  ap.o(i.AP_SendMessage)
    i.AP_SendMessageResponse                 0x0000099c   Section        0  ap.o(i.AP_SendMessageResponse)
    i.AP_SendNotification                    0x000009d8   Section        0  ap.o(i.AP_SendNotification)
    i.BSP_Accelerometer_Init                 0x00000aa8   Section        0  bsp.o(i.BSP_Accelerometer_Init)
    i.BSP_Accelerometer_Input                0x00000b08   Section        0  bsp.o(i.BSP_Accelerometer_Input)
    i.BSP_Button1_Init                       0x00000b94   Section        0  bsp.o(i.BSP_Button1_Init)
    i.BSP_Button1_Input                      0x00000bd0   Section        0  bsp.o(i.BSP_Button1_Input)
    i.BSP_Button2_Init                       0x00000bdc   Section        0  bsp.o(i.BSP_Button2_Init)
    i.BSP_Button2_Input                      0x00000c18   Section        0  bsp.o(i.BSP_Button2_Input)
    i.BSP_Buzzer_Init                        0x00000c24   Section        0  bsp.o(i.BSP_Buzzer_Init)
    i.BSP_Buzzer_Set                         0x00000cb4   Section        0  bsp.o(i.BSP_Buzzer_Set)
    i.BSP_Clock_InitFastest                  0x00000cd4   Section        0  bsp.o(i.BSP_Clock_InitFastest)
    i.BSP_Delay1ms                           0x00000e5c   Section        0  bsp.o(i.BSP_Delay1ms)
    i.BSP_Joystick_Init                      0x00000e74   Section        0  bsp.o(i.BSP_Joystick_Init)
    i.BSP_Joystick_Input                     0x00000f08   Section        0  bsp.o(i.BSP_Joystick_Input)
    i.BSP_LCD_Color565                       0x00000f90   Section        0  bsp.o(i.BSP_LCD_Color565)
    i.BSP_LCD_DrawChar                       0x00000fa8   Section        0  bsp.o(i.BSP_LCD_DrawChar)
    i.BSP_LCD_DrawFastHLine                  0x000010b8   Section        0  bsp.o(i.BSP_LCD_DrawFastHLine)
    i.BSP_LCD_DrawFastVLine                  0x00001134   Section        0  bsp.o(i.BSP_LCD_DrawFastVLine)
    i.BSP_LCD_DrawPixel                      0x000011b0   Section        0  bsp.o(i.BSP_LCD_DrawPixel)
    i.BSP_LCD_DrawString                     0x000011f8   Section        0  bsp.o(i.BSP_LCD_DrawString)
    i.BSP_LCD_Drawaxes                       0x00001250   Section        0  bsp.o(i.BSP_LCD_Drawaxes)
    i.BSP_LCD_FillRect                       0x00001374   Section        0  bsp.o(i.BSP_LCD_FillRect)
    i.BSP_LCD_FillScreen                     0x00001420   Section        0  bsp.o(i.BSP_LCD_FillScreen)
    i.BSP_LCD_Init                           0x00001444   Section        0  bsp.o(i.BSP_LCD_Init)
    i.BSP_LCD_OutUDec4                       0x00001450   Section        0  bsp.o(i.BSP_LCD_OutUDec4)
    i.BSP_LCD_PlotIncrement                  0x000014d8   Section        0  bsp.o(i.BSP_LCD_PlotIncrement)
    i.BSP_LCD_PlotPoint                      0x00001510   Section        0  bsp.o(i.BSP_LCD_PlotPoint)
    i.BSP_LCD_SetCursor                      0x00001574   Section        0  bsp.o(i.BSP_LCD_SetCursor)
    i.BSP_LightSensor_End                    0x00001594   Section        0  bsp.o(i.BSP_LightSensor_End)
    i.BSP_LightSensor_Init                   0x000015d8   Section        0  bsp.o(i.BSP_LightSensor_Init)
    i.BSP_LightSensor_Input                  0x00001618   Section        0  bsp.o(i.BSP_LightSensor_Input)
    i.BSP_LightSensor_Start                  0x0000164c   Section        0  bsp.o(i.BSP_LightSensor_Start)
    i.BSP_Microphone_Init                    0x00001668   Section        0  bsp.o(i.BSP_Microphone_Init)
    i.BSP_Microphone_Input                   0x000016a4   Section        0  bsp.o(i.BSP_Microphone_Input)
    i.BSP_RGB_Init                           0x00001718   Section        0  bsp.o(i.BSP_RGB_Init)
    i.BSP_RGB_Set                            0x0000183c   Section        0  bsp.o(i.BSP_RGB_Set)
    i.BSP_Time_Get                           0x00001888   Section        0  bsp.o(i.BSP_Time_Get)
    i.BSP_Time_Init                          0x0000189c   Section        0  bsp.o(i.BSP_Time_Init)
    i.Bluetooth_Init                         0x000018c0   Section        0  lab6.o(i.Bluetooth_Init)
    i.Bluetooth_ReadLight                    0x00001a44   Section        0  lab6.o(i.Bluetooth_ReadLight)
    i.Bluetooth_ReadPlotState                0x00001a68   Section        0  lab6.o(i.Bluetooth_ReadPlotState)
    i.Bluetooth_ReadSound                    0x00001a90   Section        0  lab6.o(i.Bluetooth_ReadSound)
    i.Bluetooth_ReadTime                     0x00001ab8   Section        0  lab6.o(i.Bluetooth_ReadTime)
    i.Bluetooth_Steps                        0x00001adc   Section        0  lab6.o(i.Bluetooth_Steps)
    i.Bluetooth_WritePlotState               0x00001af8   Section        0  lab6.o(i.Bluetooth_WritePlotState)
    i.BuildAddCharDescriptorMsg              0x00001b40   Section        0  ap_lab6.o(i.BuildAddCharDescriptorMsg)
    i.BuildAddCharValueMsg                   0x00001bbe   Section        0  ap_lab6.o(i.BuildAddCharValueMsg)
    i.BuildAddNotifyCharDescriptorMsg        0x00001c1c   Section        0  ap_lab6.o(i.BuildAddNotifyCharDescriptorMsg)
    i.BuildAddServiceMsg                     0x00001ca0   Section        0  ap_lab6.o(i.BuildAddServiceMsg)
    i.BuildGetStatusMsg                      0x00001cde   Section        0  ap_lab6.o(i.BuildGetStatusMsg)
    i.BuildGetVersionMsg                     0x00001d08   Section        0  ap_lab6.o(i.BuildGetVersionMsg)
    i.BuildRegisterServiceMsg                0x00001d32   Section        0  ap_lab6.o(i.BuildRegisterServiceMsg)
    i.BuildSetAdvertisementData1Msg          0x00001d5c   Section        0  ap_lab6.o(i.BuildSetAdvertisementData1Msg)
    i.BuildSetAdvertisementDataMsg           0x00001dc6   Section        0  ap_lab6.o(i.BuildSetAdvertisementDataMsg)
    i.BuildSetDeviceNameMsg                  0x00001e60   Section        0  ap_lab6.o(i.BuildSetDeviceNameMsg)
    i.BuildStartAdvertisementMsg             0x00001ebe   Section        0  ap_lab6.o(i.BuildStartAdvertisementMsg)
    i.Clock_Delay1ms                         0x00001f2e   Section        0  cortexm.o(i.Clock_Delay1ms)
    i.EUSCIA2_IRQHandler                     0x00001f44   Section        0  uart1.o(i.EUSCIA2_IRQHandler)
    i.Encrypt                                0x00001f64   Section        0  texas.o(i.Encrypt)
    Encrypt                                  0x00001f65   Thumb Code    86  texas.o(i.Encrypt)
    i.GPIO_Init                              0x00001fcc   Section        0  gpio.o(i.GPIO_Init)
    i.I2C_Recv2                              0x0000209c   Section        0  bsp.o(i.I2C_Recv2)
    I2C_Recv2                                0x0000209d   Thumb Code   184  bsp.o(i.I2C_Recv2)
    i.I2C_Send1                              0x00002158   Section        0  bsp.o(i.I2C_Send1)
    I2C_Send1                                0x00002159   Thumb Code   154  bsp.o(i.I2C_Send1)
    i.I2C_Send3                              0x000021f8   Section        0  bsp.o(i.I2C_Send3)
    I2C_Send3                                0x000021f9   Thumb Code   262  bsp.o(i.I2C_Send3)
    i.Lab6BuildAddCharDescriptorMsgSolution  0x00002308   Section        0  texas.o(i.Lab6BuildAddCharDescriptorMsgSolution)
    Lab6BuildAddCharDescriptorMsgSolution    0x00002309   Thumb Code    88  texas.o(i.Lab6BuildAddCharDescriptorMsgSolution)
    i.Lab6BuildAddCharValueMsgSolution       0x00002360   Section        0  texas.o(i.Lab6BuildAddCharValueMsgSolution)
    Lab6BuildAddCharValueMsgSolution         0x00002361   Thumb Code    64  texas.o(i.Lab6BuildAddCharValueMsgSolution)
    i.Lab6BuildAddNotifyCharDescriptorMsgSolution 0x000023a0   Section        0  texas.o(i.Lab6BuildAddNotifyCharDescriptorMsgSolution)
    Lab6BuildAddNotifyCharDescriptorMsgSolution 0x000023a1   Thumb Code    92  texas.o(i.Lab6BuildAddNotifyCharDescriptorMsgSolution)
    i.Lab6BuildAddServiceMsgSolution         0x000023fc   Section        0  texas.o(i.Lab6BuildAddServiceMsgSolution)
    Lab6BuildAddServiceMsgSolution           0x000023fd   Thumb Code    44  texas.o(i.Lab6BuildAddServiceMsgSolution)
    i.Lab6BuildGetStatusMsgSolution          0x00002428   Section        0  texas.o(i.Lab6BuildGetStatusMsgSolution)
    Lab6BuildGetStatusMsgSolution            0x00002429   Thumb Code    30  texas.o(i.Lab6BuildGetStatusMsgSolution)
    i.Lab6BuildGetVersionMsgSolution         0x00002446   Section        0  texas.o(i.Lab6BuildGetVersionMsgSolution)
    Lab6BuildGetVersionMsgSolution           0x00002447   Thumb Code    30  texas.o(i.Lab6BuildGetVersionMsgSolution)
    i.Lab6BuildRegisterServiceMsgSolution    0x00002464   Section        0  texas.o(i.Lab6BuildRegisterServiceMsgSolution)
    Lab6BuildRegisterServiceMsgSolution      0x00002465   Thumb Code    30  texas.o(i.Lab6BuildRegisterServiceMsgSolution)
    i.Lab6BuildSetAdvertisementData1MsgSolution 0x00002482   Section        0  texas.o(i.Lab6BuildSetAdvertisementData1MsgSolution)
    Lab6BuildSetAdvertisementData1MsgSolution 0x00002483   Thumb Code    72  texas.o(i.Lab6BuildSetAdvertisementData1MsgSolution)
    i.Lab6BuildSetAdvertisementDataMsgSolution 0x000024ca   Section        0  texas.o(i.Lab6BuildSetAdvertisementDataMsgSolution)
    Lab6BuildSetAdvertisementDataMsgSolution 0x000024cb   Thumb Code   126  texas.o(i.Lab6BuildSetAdvertisementDataMsgSolution)
    i.Lab6BuildSetDeviceNameMsgSolution      0x00002548   Section        0  texas.o(i.Lab6BuildSetDeviceNameMsgSolution)
    Lab6BuildSetDeviceNameMsgSolution        0x00002549   Thumb Code    68  texas.o(i.Lab6BuildSetDeviceNameMsgSolution)
    i.Lab6BuildStartAdvertisementMsgSolution 0x0000258c   Section        0  texas.o(i.Lab6BuildStartAdvertisementMsgSolution)
    Lab6BuildStartAdvertisementMsgSolution   0x0000258d   Thumb Code    76  texas.o(i.Lab6BuildStartAdvertisementMsgSolution)
    i.Lab6GradeAddCharDescriptorMsg          0x000025d8   Section        0  texas.o(i.Lab6GradeAddCharDescriptorMsg)
    Lab6GradeAddCharDescriptorMsg            0x000025d9   Thumb Code    78  texas.o(i.Lab6GradeAddCharDescriptorMsg)
    i.Lab6GradeAddCharValueMsg               0x00002660   Section        0  texas.o(i.Lab6GradeAddCharValueMsg)
    Lab6GradeAddCharValueMsg                 0x00002661   Thumb Code   104  texas.o(i.Lab6GradeAddCharValueMsg)
    i.Lab6GradeAddNotifyCharDescriptorMsg    0x000026ec   Section        0  texas.o(i.Lab6GradeAddNotifyCharDescriptorMsg)
    Lab6GradeAddNotifyCharDescriptorMsg      0x000026ed   Thumb Code    78  texas.o(i.Lab6GradeAddNotifyCharDescriptorMsg)
    i.Lab6GradeAddServiceMsg                 0x00002778   Section        0  texas.o(i.Lab6GradeAddServiceMsg)
    Lab6GradeAddServiceMsg                   0x00002779   Thumb Code   106  texas.o(i.Lab6GradeAddServiceMsg)
    i.Lab6GradeGetStatusMsg                  0x00002808   Section        0  texas.o(i.Lab6GradeGetStatusMsg)
    Lab6GradeGetStatusMsg                    0x00002809   Thumb Code    44  texas.o(i.Lab6GradeGetStatusMsg)
    i.Lab6GradeGetVersionMsg                 0x00002858   Section        0  texas.o(i.Lab6GradeGetVersionMsg)
    Lab6GradeGetVersionMsg                   0x00002859   Thumb Code    44  texas.o(i.Lab6GradeGetVersionMsg)
    i.Lab6GradeRegisterServiceMsg            0x000028a8   Section        0  texas.o(i.Lab6GradeRegisterServiceMsg)
    Lab6GradeRegisterServiceMsg              0x000028a9   Thumb Code    44  texas.o(i.Lab6GradeRegisterServiceMsg)
    i.Lab6GradeSetAdvertisementData1Msg      0x000028fc   Section        0  texas.o(i.Lab6GradeSetAdvertisementData1Msg)
    Lab6GradeSetAdvertisementData1Msg        0x000028fd   Thumb Code    44  texas.o(i.Lab6GradeSetAdvertisementData1Msg)
    i.Lab6GradeSetAdvertisementDataMsg       0x00002958   Section        0  texas.o(i.Lab6GradeSetAdvertisementDataMsg)
    Lab6GradeSetAdvertisementDataMsg         0x00002959   Thumb Code    78  texas.o(i.Lab6GradeSetAdvertisementDataMsg)
    i.Lab6GradeSetDeviceNameMsg              0x000029e8   Section        0  texas.o(i.Lab6GradeSetDeviceNameMsg)
    Lab6GradeSetDeviceNameMsg                0x000029e9   Thumb Code    78  texas.o(i.Lab6GradeSetDeviceNameMsg)
    i.Lab6GradeStartAdvertisementMsg         0x00002a74   Section        0  texas.o(i.Lab6GradeStartAdvertisementMsg)
    Lab6GradeStartAdvertisementMsg           0x00002a75   Thumb Code    66  texas.o(i.Lab6GradeStartAdvertisementMsg)
    i.Lab6OutCheck                           0x00002ae4   Section        0  texas.o(i.Lab6OutCheck)
    i.Lab6_AddCharacteristic                 0x00002b80   Section        0  ap_lab6.o(i.Lab6_AddCharacteristic)
    i.Lab6_AddNotifyCharacteristic           0x00002ca0   Section        0  ap_lab6.o(i.Lab6_AddNotifyCharacteristic)
    i.Lab6_AddService                        0x00002df0   Section        0  ap_lab6.o(i.Lab6_AddService)
    i.Lab6_GetStatus                         0x00002e2c   Section        0  ap_lab6.o(i.Lab6_GetStatus)
    i.Lab6_GetVersion                        0x00002e80   Section        0  ap_lab6.o(i.Lab6_GetVersion)
    i.Lab6_RegisterService                   0x00002ec4   Section        0  ap_lab6.o(i.Lab6_RegisterService)
    i.Lab6_StartAdvertisement                0x00002f00   Section        0  ap_lab6.o(i.Lab6_StartAdvertisement)
    i.LogicAnalyzer                          0x00002fe8   Section        0  texas.o(i.LogicAnalyzer)
    i.NextRandom                             0x00002ffc   Section        0  texas.o(i.NextRandom)
    NextRandom                               0x00002ffd   Thumb Code    24  texas.o(i.NextRandom)
    i.OutValue                               0x00003020   Section        0  lab6.o(i.OutValue)
    i.PeriodicTask2_Init                     0x00003034   Section        0  texas.o(i.PeriodicTask2_Init)
    i.Profile_Init                           0x000030d0   Section        0  profile.o(i.Profile_Init)
    i.RxFifo_Get                             0x00003228   Section        0  uart1.o(i.RxFifo_Get)
    i.RxFifo_Init                            0x00003260   Section        0  uart1.o(i.RxFifo_Init)
    i.RxFifo_Put                             0x0000327c   Section        0  uart1.o(i.RxFifo_Put)
    i.ST7735_InitR                           0x000032c4   Section        0  bsp.o(i.ST7735_InitR)
    ST7735_InitR                             0x000032c5   Thumb Code    86  bsp.o(i.ST7735_InitR)
    i.SetFCS                                 0x00003338   Section        0  ap_lab6.o(i.SetFCS)
    i.SetFCSSolution                         0x0000336c   Section        0  texas.o(i.SetFCSSolution)
    SetFCSSolution                           0x0000336d   Thumb Code    38  texas.o(i.SetFCSSolution)
    i.SetGrade                               0x00003394   Section        0  texas.o(i.SetGrade)
    SetGrade                                 0x00003395   Thumb Code   196  texas.o(i.SetGrade)
    i.SystemInit                             0x00003460   Section        0  system_msp432p401r.o(i.SystemInit)
    i.T32_INT1_IRQHandler                    0x000034cc   Section        0  bsp.o(i.T32_INT1_IRQHandler)
    i.TA1_0_IRQHandler                       0x000034e4   Section        0  bsp.o(i.TA1_0_IRQHandler)
    i.TA2_0_IRQHandler                       0x00003504   Section        0  bsp.o(i.TA2_0_IRQHandler)
    i.TA3_0_IRQHandler                       0x00003524   Section        0  texas.o(i.TA3_0_IRQHandler)
    i.TExaS_Grade                            0x00003544   Section        0  texas.o(i.TExaS_Grade)
    i.TExaS_Init                             0x0000360c   Section        0  texas.o(i.TExaS_Init)
    i.TExaS_Task0                            0x000037a0   Section        0  texas.o(i.TExaS_Task0)
    i.TExaS_Task1                            0x000037e0   Section        0  texas.o(i.TExaS_Task1)
    i.TExaS_Task2                            0x00003820   Section        0  texas.o(i.TExaS_Task2)
    i.TExaS_Task3                            0x00003860   Section        0  texas.o(i.TExaS_Task3)
    i.TExaS_Task4                            0x000038a0   Section        0  texas.o(i.TExaS_Task4)
    i.TExaS_Task5                            0x000038e0   Section        0  texas.o(i.TExaS_Task5)
    i.Task0                                  0x00003920   Section        0  lab6.o(i.Task0)
    i.Task0_Init                             0x000039e0   Section        0  lab6.o(i.Task0_Init)
    i.Task1                                  0x000039f4   Section        0  lab6.o(i.Task1)
    i.Task1_Init                             0x00003b9c   Section        0  lab6.o(i.Task1_Init)
    i.Task2                                  0x00003bfc   Section        0  lab6.o(i.Task2)
    i.Task2_Init                             0x00003c34   Section        0  lab6.o(i.Task2_Init)
    i.Task3                                  0x00003c58   Section        0  lab6.o(i.Task3)
    i.Task3_Init                             0x00003d78   Section        0  lab6.o(i.Task3_Init)
    i.Task4                                  0x00003d94   Section        0  lab6.o(i.Task4)
    i.Task4_Init                             0x00003e24   Section        0  lab6.o(i.Task4_Init)
    i.Task5                                  0x00003e4c   Section        0  lab6.o(i.Task5)
    i.Task5_Init                             0x00003ed0   Section        0  lab6.o(i.Task5_Init)
    i.UART0_Init                             0x00003f2c   Section        0  uart0.o(i.UART0_Init)
    i.UART0_OutChar                          0x00003f80   Section        0  uart0.o(i.UART0_OutChar)
    i.UART0_OutString                        0x00003f98   Section        0  uart0.o(i.UART0_OutString)
    i.UART0_OutUDec                          0x00003fb0   Section        0  uart0.o(i.UART0_OutUDec)
    i.UART0_OutUHex                          0x00003fda   Section        0  uart0.o(i.UART0_OutUHex)
    i.UART0_OutUHex2                         0x0000400e   Section        0  uart0.o(i.UART0_OutUHex2)
    i.UART1_FinishOutput                     0x00004024   Section        0  uart1.o(i.UART1_FinishOutput)
    i.UART1_InChar                           0x00004038   Section        0  uart1.o(i.UART1_InChar)
    i.UART1_Init                             0x0000404c   Section        0  uart1.o(i.UART1_Init)
    i.UART1_OutChar                          0x000040c4   Section        0  uart1.o(i.UART1_OutChar)
    i.adcinit                                0x000040e0   Section        0  bsp.o(i.adcinit)
    adcinit                                  0x000040e1   Thumb Code    50  bsp.o(i.adcinit)
    i.commandList                            0x00004120   Section        0  bsp.o(i.commandList)
    commandList                              0x00004121   Thumb Code    86  bsp.o(i.commandList)
    i.commonInit                             0x00004178   Section        0  bsp.o(i.commonInit)
    commonInit                               0x00004179   Thumb Code   232  bsp.o(i.commonInit)
    i.drawaxes                               0x00004274   Section        0  lab6.o(i.drawaxes)
    i.fillmessage                            0x00004338   Section        0  bsp.o(i.fillmessage)
    fillmessage                              0x00004339   Thumb Code    64  bsp.o(i.fillmessage)
    i.fillmessage4                           0x00004380   Section        0  bsp.o(i.fillmessage4)
    fillmessage4                             0x00004381   Thumb Code    90  bsp.o(i.fillmessage4)
    i.i2cinit                                0x000043e4   Section        0  bsp.o(i.i2cinit)
    i2cinit                                  0x000043e5   Thumb Code    78  bsp.o(i.i2cinit)
    i.lightsensorend                         0x0000443c   Section        0  bsp.o(i.lightsensorend)
    lightsensorend                           0x0000443d   Thumb Code    80  bsp.o(i.lightsensorend)
    i.lightsensorstart                       0x0000448c   Section        0  bsp.o(i.lightsensorstart)
    lightsensorstart                         0x0000448d   Thumb Code    36  bsp.o(i.lightsensorstart)
    i.main                                   0x000044b0   Section        0  lab6.o(i.main)
    i.outnibble                              0x00004550   Section        0  uart0.o(i.outnibble)
    i.pushColor                              0x00004570   Section        0  bsp.o(i.pushColor)
    pushColor                                0x00004571   Thumb Code    18  bsp.o(i.pushColor)
    i.setAddrWindow                          0x00004584   Section        0  bsp.o(i.setAddrWindow)
    setAddrWindow                            0x00004585   Thumb Code   106  bsp.o(i.setAddrWindow)
    i.sqrt32                                 0x000045f8   Section        0  lab6.o(i.sqrt32)
    i.writecommand                           0x00004618   Section        0  bsp.o(i.writecommand)
    writecommand                             0x00004619   Thumb Code    58  bsp.o(i.writecommand)
    i.writedata                              0x00004660   Section        0  bsp.o(i.writedata)
    writedata                                0x00004661   Thumb Code    60  bsp.o(i.writedata)
    x$fpl$fpinit                             0x000046a8   Section       10  fpinit.o(x$fpl$fpinit)
    $v0                                      0x000046a8   Number         0  fpinit.o(x$fpl$fpinit)
    .constdata                               0x000046b2   Section     1403  bsp.o(.constdata)
    Font                                     0x000046b2   Data        1275  bsp.o(.constdata)
    Rcmd1                                    0x00004bad   Data          59  bsp.o(.constdata)
    Rcmd2green                               0x00004be8   Data          13  bsp.o(.constdata)
    Rcmd2red                                 0x00004bf5   Data          13  bsp.o(.constdata)
    Rcmd3                                    0x00004c02   Data          43  bsp.o(.constdata)
    .constdata                               0x00004c30   Section      116  ap.o(.constdata)
    .constdata                               0x00004ca4   Section       72  texas.o(.constdata)
    .data                                    0x20000000   Section       92  bsp.o(.data)
    ClockFrequency                           0x20000000   Data           4  bsp.o(.data)
    SubsystemFrequency                       0x20000004   Data           4  bsp.o(.data)
    PWMCycles                                0x20000008   Data           2  bsp.o(.data)
    ColStart                                 0x20000016   Data           1  bsp.o(.data)
    RowStart                                 0x20000017   Data           1  bsp.o(.data)
    _width                                   0x20000018   Data           2  bsp.o(.data)
    _height                                  0x2000001a   Data           2  bsp.o(.data)
    .data                                    0x2000005c   Section       70  lab6.o(.data)
    soundSum                                 0x20000098   Data           4  lab6.o(.data)
    time                                     0x2000009c   Data           4  lab6.o(.data)
    prev1                                    0x200000a0   Data           1  lab6.o(.data)
    prev2                                    0x200000a1   Data           1  lab6.o(.data)
    .data                                    0x200000a4   Section      200  ap.o(.data)
    .data                                    0x2000016c   Section       12  uart1.o(.data)
    .data                                    0x20000178   Section       48  texas.o(.data)
    grade                                    0x20000180   Data           4  texas.o(.data)
    Random                                   0x20000184   Data           4  texas.o(.data)
    .bss                                     0x200001a8   Section       12  bsp.o(.bss)
    .bss                                     0x200001b4   Section     2000  lab6.o(.bss)
    .bss                                     0x20000984   Section      368  ap.o(.bss)
    .bss                                     0x20000af4   Section      256  uart1.o(.bss)
    .bss                                     0x20000bf4   Section     1804  texas.o(.bss)
    TrueMsgBuffer                            0x200012c0   Data          32  texas.o(.bss)
    TestMsgBuffer                            0x200012e0   Data          32  texas.o(.bss)
    .bss                                     0x20001300   Section       96  libspace.o(.bss)
    HEAP                                     0x20001360   Section        0  startup_msp432p401r_uvision.o(HEAP)
    STACK                                    0x20001360   Section      512  startup_msp432p401r_uvision.o(STACK)
    Heap_Mem                                 0x20001360   Data           0  startup_msp432p401r_uvision.o(HEAP)
    Stack_Mem                                0x20001360   Data         512  startup_msp432p401r_uvision.o(STACK)
    __initial_sp                             0x20001560   Data           0  startup_msp432p401r_uvision.o(STACK)

    Global Symbols

    Symbol Name                              Value     Ov Type        Size  Object(Section)

    BuildAttributes$$THM_ISAv4$E$P$D$K$B$S$7EM$VFPi3$EXTD16$VFPS$VFMA$PE$A:L22UL41UL21$X:L11$S22US41US21$IEEE1$IW$USESV6$~STKCKD$USESV7$~SHL$OSPACE$ROPI$EBA8$UX$STANDARDLIB$REQ8$PRES8$EABIv2 0x00000000   Number         0  anon$$obj.o ABSOLUTE
    __ARM_use_no_argv                        0x00000000   Number         0  lab6.o ABSOLUTE
    __Vectors                                0x00000000   Data           4  startup_msp432p401r_uvision.o(RESET)
    __ARM_exceptions_init                     - Undefined Weak Reference
    __alloca_initialize                       - Undefined Weak Reference
    __arm_preinit_                            - Undefined Weak Reference
    __cpp_initialize__aeabi_                  - Undefined Weak Reference
    __cxa_finalize                            - Undefined Weak Reference
    __rt_locale                               - Undefined Weak Reference
    __sigvec_lookup                           - Undefined Weak Reference
    _atexit_init                              - Undefined Weak Reference
    _call_atexit_fns                          - Undefined Weak Reference
    _clock_init                               - Undefined Weak Reference
    _fp_trap_init                             - Undefined Weak Reference
    _fp_trap_shutdown                         - Undefined Weak Reference
    _get_lc_collate                           - Undefined Weak Reference
    _get_lc_ctype                             - Undefined Weak Reference
    _get_lc_monetary                          - Undefined Weak Reference
    _get_lc_numeric                           - Undefined Weak Reference
    _get_lc_time                              - Undefined Weak Reference
    _getenv_init                              - Undefined Weak Reference
    _handle_redirection                       - Undefined Weak Reference
    _init_alloc                               - Undefined Weak Reference
    _init_user_alloc                          - Undefined Weak Reference
    _initio                                   - Undefined Weak Reference
    _rand_init                                - Undefined Weak Reference
    _signal_finish                            - Undefined Weak Reference
    _signal_init                              - Undefined Weak Reference
    _terminate_alloc                          - Undefined Weak Reference
    _terminate_user_alloc                     - Undefined Weak Reference
    _terminateio                              - Undefined Weak Reference
    __Vectors_End                            0x00000144   Data           0  startup_msp432p401r_uvision.o(RESET)
    __Vectors_Size                           0x00000144   Number         0  startup_msp432p401r_uvision.o ABSOLUTE
    __main                                   0x00000145   Thumb Code     8  __main.o(!!!main)
    __scatterload                            0x0000014d   Thumb Code     0  __scatter.o(!!!scatter)
    __scatterload_rt2                        0x0000014d   Thumb Code    44  __scatter.o(!!!scatter)
    __scatterload_rt2_thumb_only             0x0000014d   Thumb Code     0  __scatter.o(!!!scatter)
    __scatterload_null                       0x0000015b   Thumb Code     0  __scatter.o(!!!scatter)
    __decompress                             0x00000181   Thumb Code    90  __dczerorl2.o(!!dczerorl2)
    __decompress1                            0x00000181   Thumb Code     0  __dczerorl2.o(!!dczerorl2)
    __scatterload_zeroinit                   0x000001dd   Thumb Code    28  __scatter_zi.o(!!handler_zi)
    __rt_lib_init                            0x000001f9   Thumb Code     0  libinit.o(.ARM.Collect$$libinit$$00000000)
    __rt_lib_init_fp_1                       0x000001fb   Thumb Code     0  libinit2.o(.ARM.Collect$$libinit$$00000001)
    __rt_lib_init_alloca_1                   0x000001ff   Thumb Code     0  libinit2.o(.ARM.Collect$$libinit$$0000002E)
    __rt_lib_init_argv_1                     0x000001ff   Thumb Code     0  libinit2.o(.ARM.Collect$$libinit$$0000002C)
    __rt_lib_init_atexit_1                   0x000001ff   Thumb Code     0  libinit2.o(.ARM.Collect$$libinit$$0000001B)
    __rt_lib_init_clock_1                    0x000001ff   Thumb Code     0  libinit2.o(.ARM.Collect$$libinit$$00000021)
    __rt_lib_init_cpp_1                      0x000001ff   Thumb Code     0  libinit2.o(.ARM.Collect$$libinit$$00000032)
    __rt_lib_init_exceptions_1               0x000001ff   Thumb Code     0  libinit2.o(.ARM.Collect$$libinit$$00000030)
    __rt_lib_init_fp_trap_1                  0x000001ff   Thumb Code     0  libinit2.o(.ARM.Collect$$libinit$$0000001F)
    __rt_lib_init_getenv_1                   0x000001ff   Thumb Code     0  libinit2.o(.ARM.Collect$$libinit$$00000023)
    __rt_lib_init_heap_1                     0x000001ff   Thumb Code     0  libinit2.o(.ARM.Collect$$libinit$$0000000A)
    __rt_lib_init_lc_collate_1               0x000001ff   Thumb Code     0  libinit2.o(.ARM.Collect$$libinit$$00000011)
    __rt_lib_init_lc_ctype_1                 0x000001ff   Thumb Code     0  libinit2.o(.ARM.Collect$$libinit$$00000013)
    __rt_lib_init_lc_monetary_1              0x000001ff   Thumb Code     0  libinit2.o(.ARM.Collect$$libinit$$00000015)
    __rt_lib_init_lc_numeric_1               0x000001ff   Thumb Code     0  libinit2.o(.ARM.Collect$$libinit$$00000017)
    __rt_lib_init_lc_time_1                  0x000001ff   Thumb Code     0  libinit2.o(.ARM.Collect$$libinit$$00000019)
    __rt_lib_init_preinit_1                  0x000001ff   Thumb Code     0  libinit2.o(.ARM.Collect$$libinit$$00000004)
    __rt_lib_init_rand_1                     0x000001ff   Thumb Code     0  libinit2.o(.ARM.Collect$$libinit$$0000000E)
    __rt_lib_init_return                     0x000001ff   Thumb Code     0  libinit2.o(.ARM.Collect$$libinit$$00000033)
    __rt_lib_init_signal_1                   0x000001ff   Thumb Code     0  libinit2.o(.ARM.Collect$$libinit$$0000001D)
    __rt_lib_init_stdio_1                    0x000001ff   Thumb Code     0  libinit2.o(.ARM.Collect$$libinit$$00000025)
    __rt_lib_init_user_alloc_1               0x000001ff   Thumb Code     0  libinit2.o(.ARM.Collect$$libinit$$0000000C)
    __rt_lib_shutdown                        0x00000201   Thumb Code     0  libshutdown.o(.ARM.Collect$$libshutdown$$00000000)
    __rt_lib_shutdown_cpp_1                  0x00000203   Thumb Code     0  libshutdown2.o(.ARM.Collect$$libshutdown$$00000002)
    __rt_lib_shutdown_fp_trap_1              0x00000203   Thumb Code     0  libshutdown2.o(.ARM.Collect$$libshutdown$$00000007)
    __rt_lib_shutdown_heap_1                 0x00000203   Thumb Code     0  libshutdown2.o(.ARM.Collect$$libshutdown$$0000000F)
    __rt_lib_shutdown_return                 0x00000203   Thumb Code     0  libshutdown2.o(.ARM.Collect$$libshutdown$$00000010)
    __rt_lib_shutdown_signal_1               0x00000203   Thumb Code     0  libshutdown2.o(.ARM.Collect$$libshutdown$$0000000A)
    __rt_lib_shutdown_stdio_1                0x00000203   Thumb Code     0  libshutdown2.o(.ARM.Collect$$libshutdown$$00000004)
    __rt_lib_shutdown_user_alloc_1           0x00000203   Thumb Code     0  libshutdown2.o(.ARM.Collect$$libshutdown$$0000000C)
    __rt_entry                               0x00000205   Thumb Code     0  __rtentry.o(.ARM.Collect$$rtentry$$00000000)
    __rt_entry_presh_1                       0x00000205   Thumb Code     0  __rtentry2.o(.ARM.Collect$$rtentry$$00000002)
    __rt_entry_sh                            0x00000205   Thumb Code     0  __rtentry4.o(.ARM.Collect$$rtentry$$00000004)
    __rt_entry_li                            0x0000020b   Thumb Code     0  __rtentry2.o(.ARM.Collect$$rtentry$$0000000A)
    __rt_entry_postsh_1                      0x0000020b   Thumb Code     0  __rtentry2.o(.ARM.Collect$$rtentry$$00000009)
    __rt_entry_main                          0x0000020f   Thumb Code     0  __rtentry2.o(.ARM.Collect$$rtentry$$0000000D)
    __rt_entry_postli_1                      0x0000020f   Thumb Code     0  __rtentry2.o(.ARM.Collect$$rtentry$$0000000C)
    __rt_exit                                0x00000217   Thumb Code     0  rtexit.o(.ARM.Collect$$rtexit$$00000000)
    __rt_exit_ls                             0x00000219   Thumb Code     0  rtexit2.o(.ARM.Collect$$rtexit$$00000003)
    __rt_exit_prels_1                        0x00000219   Thumb Code     0  rtexit2.o(.ARM.Collect$$rtexit$$00000002)
    __rt_exit_exit                           0x0000021d   Thumb Code     0  rtexit2.o(.ARM.Collect$$rtexit$$00000004)
    parrotdelay                              0x00000225   Thumb Code     6  bsp.o(.emb_text)
    DisableInterrupts                        0x0000022d   Thumb Code     4  cortexm.o(.emb_text)
    EnableInterrupts                         0x00000231   Thumb Code     4  cortexm.o(.emb_text)
    StartCritical                            0x00000235   Thumb Code     8  cortexm.o(.emb_text)
    EndCritical                              0x0000023d   Thumb Code     6  cortexm.o(.emb_text)
    WaitForInterrupt                         0x00000243   Thumb Code     4  cortexm.o(.emb_text)
    delay                                    0x00000247   Thumb Code     6  cortexm.o(.emb_text)
    Reset_Handler                            0x0000024d   Thumb Code     8  startup_msp432p401r_uvision.o(.text)
    NMI_Handler                              0x00000255   Thumb Code     2  startup_msp432p401r_uvision.o(.text)
    HardFault_Handler                        0x00000257   Thumb Code     2  startup_msp432p401r_uvision.o(.text)
    MemManage_Handler                        0x00000259   Thumb Code     2  startup_msp432p401r_uvision.o(.text)
    BusFault_Handler                         0x0000025b   Thumb Code     2  startup_msp432p401r_uvision.o(.text)
    UsageFault_Handler                       0x0000025d   Thumb Code     2  startup_msp432p401r_uvision.o(.text)
    SVC_Handler                              0x0000025f   Thumb Code     2  startup_msp432p401r_uvision.o(.text)
    DebugMon_Handler                         0x00000261   Thumb Code     2  startup_msp432p401r_uvision.o(.text)
    PendSV_Handler                           0x00000263   Thumb Code     2  startup_msp432p401r_uvision.o(.text)
    SysTick_Handler                          0x00000265   Thumb Code     2  startup_msp432p401r_uvision.o(.text)
    ADC14_IRQHandler                         0x00000267   Thumb Code     0  startup_msp432p401r_uvision.o(.text)
    AES256_IRQHandler                        0x00000267   Thumb Code     0  startup_msp432p401r_uvision.o(.text)
    COMP_E0_IRQHandler                       0x00000267   Thumb Code     0  startup_msp432p401r_uvision.o(.text)
    COMP_E1_IRQHandler                       0x00000267   Thumb Code     0  startup_msp432p401r_uvision.o(.text)
    CS_IRQHandler                            0x00000267   Thumb Code     0  startup_msp432p401r_uvision.o(.text)
    DMA_ERR_IRQHandler                       0x00000267   Thumb Code     0  startup_msp432p401r_uvision.o(.text)
    DMA_INT0_IRQHandler                      0x00000267   Thumb Code     0  startup_msp432p401r_uvision.o(.text)
    DMA_INT1_IRQHandler                      0x00000267   Thumb Code     0  startup_msp432p401r_uvision.o(.text)
    DMA_INT2_IRQHandler                      0x00000267   Thumb Code     0  startup_msp432p401r_uvision.o(.text)
    DMA_INT3_IRQHandler                      0x00000267   Thumb Code     0  startup_msp432p401r_uvision.o(.text)
    EUSCIA0_IRQHandler                       0x00000267   Thumb Code     0  startup_msp432p401r_uvision.o(.text)
    EUSCIA1_IRQHandler                       0x00000267   Thumb Code     0  startup_msp432p401r_uvision.o(.text)
    EUSCIA3_IRQHandler                       0x00000267   Thumb Code     0  startup_msp432p401r_uvision.o(.text)
    EUSCIB0_IRQHandler                       0x00000267   Thumb Code     0  startup_msp432p401r_uvision.o(.text)
    EUSCIB1_IRQHandler                       0x00000267   Thumb Code     0  startup_msp432p401r_uvision.o(.text)
    EUSCIB2_IRQHandler                       0x00000267   Thumb Code     0  startup_msp432p401r_uvision.o(.text)
    EUSCIB3_IRQHandler                       0x00000267   Thumb Code     0  startup_msp432p401r_uvision.o(.text)
    FLCTL_IRQHandler                         0x00000267   Thumb Code     0  startup_msp432p401r_uvision.o(.text)
    FPU_IRQHandler                           0x00000267   Thumb Code     0  startup_msp432p401r_uvision.o(.text)
    PCM_IRQHandler                           0x00000267   Thumb Code     0  startup_msp432p401r_uvision.o(.text)
    PORT1_IRQHandler                         0x00000267   Thumb Code     0  startup_msp432p401r_uvision.o(.text)
    PORT2_IRQHandler                         0x00000267   Thumb Code     0  startup_msp432p401r_uvision.o(.text)
    PORT3_IRQHandler                         0x00000267   Thumb Code     0  startup_msp432p401r_uvision.o(.text)
    PORT4_IRQHandler                         0x00000267   Thumb Code     0  startup_msp432p401r_uvision.o(.text)
    PORT5_IRQHandler                         0x00000267   Thumb Code     0  startup_msp432p401r_uvision.o(.text)
    PORT6_IRQHandler                         0x00000267   Thumb Code     0  startup_msp432p401r_uvision.o(.text)
    PSS_IRQHandler                           0x00000267   Thumb Code     0  startup_msp432p401r_uvision.o(.text)
    RTC_C_IRQHandler                         0x00000267   Thumb Code     0  startup_msp432p401r_uvision.o(.text)
    T32_INT2_IRQHandler                      0x00000267   Thumb Code     0  startup_msp432p401r_uvision.o(.text)
    T32_INTC_IRQHandler                      0x00000267   Thumb Code     0  startup_msp432p401r_uvision.o(.text)
    TA0_0_IRQHandler                         0x00000267   Thumb Code     0  startup_msp432p401r_uvision.o(.text)
    TA0_N_IRQHandler                         0x00000267   Thumb Code     0  startup_msp432p401r_uvision.o(.text)
    TA1_N_IRQHandler                         0x00000267   Thumb Code     0  startup_msp432p401r_uvision.o(.text)
    TA2_N_IRQHandler                         0x00000267   Thumb Code     0  startup_msp432p401r_uvision.o(.text)
    TA3_N_IRQHandler                         0x00000267   Thumb Code     0  startup_msp432p401r_uvision.o(.text)
    WDT_A_IRQHandler                         0x00000267   Thumb Code     0  startup_msp432p401r_uvision.o(.text)
    __user_initial_stackheap                 0x00000269   Thumb Code    10  startup_msp432p401r_uvision.o(.text)
    strlen                                   0x00000289   Thumb Code    62  strlen.o(.text)
    __use_two_region_memory                  0x000002c7   Thumb Code     2  heapauxi.o(.text)
    __rt_heap_escrow$2region                 0x000002c9   Thumb Code     2  heapauxi.o(.text)
    __rt_heap_expand$2region                 0x000002cb   Thumb Code     2  heapauxi.o(.text)
    __user_setup_stackheap                   0x000002cd   Thumb Code    74  sys_stackheap_outer.o(.text)
    exit                                     0x00000317   Thumb Code    18  exit.o(.text)
    __user_libspace                          0x00000329   Thumb Code     8  libspace.o(.text)
    __user_perproc_libspace                  0x00000329   Thumb Code     0  libspace.o(.text)
    __user_perthread_libspace                0x00000329   Thumb Code     0  libspace.o(.text)
    _sys_exit                                0x00000331   Thumb Code     8  sys_exit.o(.text)
    __I$use$semihosting                      0x0000033d   Thumb Code     0  use_no_semi.o(.text)
    __use_no_semihosting_swi                 0x0000033d   Thumb Code     2  use_no_semi.o(.text)
    __semihosting_library_function           0x0000033f   Thumb Code     0  indicate_semi.o(.text)
    AP_BackgroundProcess                     0x00000341   Thumb Code   478  ap.o(i.AP_BackgroundProcess)
    AP_EchoReceived                          0x00000549   Thumb Code    66  ap.o(i.AP_EchoReceived)
    AP_EchoSendMessage                       0x000005ad   Thumb Code    72  ap.o(i.AP_EchoSendMessage)
    AP_GetNotifyCCCD                         0x00000601   Thumb Code    16  ap.o(i.AP_GetNotifyCCCD)
    AP_GetSize                               0x00000615   Thumb Code    14  ap.o(i.AP_GetSize)
    AP_Init                                  0x00000625   Thumb Code   180  ap.o(i.AP_Init)
    AP_RecvMessage                           0x00000709   Thumb Code   338  ap.o(i.AP_RecvMessage)
    AP_RecvStatus                            0x0000086d   Thumb Code    12  ap.o(i.AP_RecvStatus)
    AP_Reset                                 0x0000087d   Thumb Code    50  ap.o(i.AP_Reset)
    AP_SendMessage                           0x000008b5   Thumb Code   222  ap.o(i.AP_SendMessage)
    AP_SendMessageResponse                   0x0000099d   Thumb Code    58  ap.o(i.AP_SendMessageResponse)
    AP_SendNotification                      0x000009d9   Thumb Code   172  ap.o(i.AP_SendNotification)
    BSP_Accelerometer_Init                   0x00000aa9   Thumb Code    86  bsp.o(i.BSP_Accelerometer_Init)
    BSP_Accelerometer_Input                  0x00000b09   Thumb Code   132  bsp.o(i.BSP_Accelerometer_Input)
    BSP_Button1_Init                         0x00000b95   Thumb Code    54  bsp.o(i.BSP_Button1_Init)
    BSP_Button1_Input                        0x00000bd1   Thumb Code     6  bsp.o(i.BSP_Button1_Input)
    BSP_Button2_Init                         0x00000bdd   Thumb Code    54  bsp.o(i.BSP_Button2_Init)
    BSP_Button2_Input                        0x00000c19   Thumb Code     6  bsp.o(i.BSP_Button2_Input)
    BSP_Buzzer_Init                          0x00000c25   Thumb Code   132  bsp.o(i.BSP_Buzzer_Init)
    BSP_Buzzer_Set                           0x00000cb5   Thumb Code    28  bsp.o(i.BSP_Buzzer_Set)
    BSP_Clock_InitFastest                    0x00000cd5   Thumb Code   328  bsp.o(i.BSP_Clock_InitFastest)
    BSP_Delay1ms                             0x00000e5d   Thumb Code    22  bsp.o(i.BSP_Delay1ms)
    BSP_Joystick_Init                        0x00000e75   Thumb Code   138  bsp.o(i.BSP_Joystick_Init)
    BSP_Joystick_Input                       0x00000f09   Thumb Code   122  bsp.o(i.BSP_Joystick_Input)
    BSP_LCD_Color565                         0x00000f91   Thumb Code    24  bsp.o(i.BSP_LCD_Color565)
    BSP_LCD_DrawChar                         0x00000fa9   Thumb Code   260  bsp.o(i.BSP_LCD_DrawChar)
    BSP_LCD_DrawFastHLine                    0x000010b9   Thumb Code   116  bsp.o(i.BSP_LCD_DrawFastHLine)
    BSP_LCD_DrawFastVLine                    0x00001135   Thumb Code   116  bsp.o(i.BSP_LCD_DrawFastVLine)
    BSP_LCD_DrawPixel                        0x000011b1   Thumb Code    64  bsp.o(i.BSP_LCD_DrawPixel)
    BSP_LCD_DrawString                       0x000011f9   Thumb Code    86  bsp.o(i.BSP_LCD_DrawString)
    BSP_LCD_Drawaxes                         0x00001251   Thumb Code   272  bsp.o(i.BSP_LCD_Drawaxes)
    BSP_LCD_FillRect                         0x00001375   Thumb Code   164  bsp.o(i.BSP_LCD_FillRect)
    BSP_LCD_FillScreen                       0x00001421   Thumb Code    28  bsp.o(i.BSP_LCD_FillScreen)
    BSP_LCD_Init                             0x00001445   Thumb Code    10  bsp.o(i.BSP_LCD_Init)
    BSP_LCD_OutUDec4                         0x00001451   Thumb Code   116  bsp.o(i.BSP_LCD_OutUDec4)
    BSP_LCD_PlotIncrement                    0x000014d9   Thumb Code    46  bsp.o(i.BSP_LCD_PlotIncrement)
    BSP_LCD_PlotPoint                        0x00001511   Thumb Code    86  bsp.o(i.BSP_LCD_PlotPoint)
    BSP_LCD_SetCursor                        0x00001575   Thumb Code    22  bsp.o(i.BSP_LCD_SetCursor)
    BSP_LightSensor_End                      0x00001595   Thumb Code    58  bsp.o(i.BSP_LightSensor_End)
    BSP_LightSensor_Init                     0x000015d9   Thumb Code    60  bsp.o(i.BSP_LightSensor_Init)
    BSP_LightSensor_Input                    0x00001619   Thumb Code    42  bsp.o(i.BSP_LightSensor_Input)
    BSP_LightSensor_Start                    0x0000164d   Thumb Code    22  bsp.o(i.BSP_LightSensor_Start)
    BSP_Microphone_Init                      0x00001669   Thumb Code    50  bsp.o(i.BSP_Microphone_Init)
    BSP_Microphone_Input                     0x000016a5   Thumb Code   106  bsp.o(i.BSP_Microphone_Input)
    BSP_RGB_Init                             0x00001719   Thumb Code   274  bsp.o(i.BSP_RGB_Init)
    BSP_RGB_Set                              0x0000183d   Thumb Code    68  bsp.o(i.BSP_RGB_Set)
    BSP_Time_Get                             0x00001889   Thumb Code    16  bsp.o(i.BSP_Time_Get)
    BSP_Time_Init                            0x0000189d   Thumb Code    32  bsp.o(i.BSP_Time_Init)
    Bluetooth_Init                           0x000018c1   Thumb Code   224  lab6.o(i.Bluetooth_Init)
    Bluetooth_ReadLight                      0x00001a45   Thumb Code    14  lab6.o(i.Bluetooth_ReadLight)
    Bluetooth_ReadPlotState                  0x00001a69   Thumb Code    14  lab6.o(i.Bluetooth_ReadPlotState)
    Bluetooth_ReadSound                      0x00001a91   Thumb Code    14  lab6.o(i.Bluetooth_ReadSound)
    Bluetooth_ReadTime                       0x00001ab9   Thumb Code    14  lab6.o(i.Bluetooth_ReadTime)
    Bluetooth_Steps                          0x00001add   Thumb Code    20  lab6.o(i.Bluetooth_Steps)
    Bluetooth_WritePlotState                 0x00001af9   Thumb Code    42  lab6.o(i.Bluetooth_WritePlotState)
    BuildAddCharDescriptorMsg                0x00001b41   Thumb Code   126  ap_lab6.o(i.BuildAddCharDescriptorMsg)
    BuildAddCharValueMsg                     0x00001bbf   Thumb Code    94  ap_lab6.o(i.BuildAddCharValueMsg)
    BuildAddNotifyCharDescriptorMsg          0x00001c1d   Thumb Code   132  ap_lab6.o(i.BuildAddNotifyCharDescriptorMsg)
    BuildAddServiceMsg                       0x00001ca1   Thumb Code    62  ap_lab6.o(i.BuildAddServiceMsg)
    BuildGetStatusMsg                        0x00001cdf   Thumb Code    42  ap_lab6.o(i.BuildGetStatusMsg)
    BuildGetVersionMsg                       0x00001d09   Thumb Code    42  ap_lab6.o(i.BuildGetVersionMsg)
    BuildRegisterServiceMsg                  0x00001d33   Thumb Code    42  ap_lab6.o(i.BuildRegisterServiceMsg)
    BuildSetAdvertisementData1Msg            0x00001d5d   Thumb Code   106  ap_lab6.o(i.BuildSetAdvertisementData1Msg)
    BuildSetAdvertisementDataMsg             0x00001dc7   Thumb Code   154  ap_lab6.o(i.BuildSetAdvertisementDataMsg)
    BuildSetDeviceNameMsg                    0x00001e61   Thumb Code    94  ap_lab6.o(i.BuildSetDeviceNameMsg)
    BuildStartAdvertisementMsg               0x00001ebf   Thumb Code   112  ap_lab6.o(i.BuildStartAdvertisementMsg)
    Clock_Delay1ms                           0x00001f2f   Thumb Code    22  cortexm.o(i.Clock_Delay1ms)
    EUSCIA2_IRQHandler                       0x00001f45   Thumb Code    26  uart1.o(i.EUSCIA2_IRQHandler)
    GPIO_Init                                0x00001fcd   Thumb Code   202  gpio.o(i.GPIO_Init)
    Lab6OutCheck                             0x00002ae5   Thumb Code   122  texas.o(i.Lab6OutCheck)
    Lab6_AddCharacteristic                   0x00002b81   Thumb Code   228  ap_lab6.o(i.Lab6_AddCharacteristic)
    Lab6_AddNotifyCharacteristic             0x00002ca1   Thumb Code   268  ap_lab6.o(i.Lab6_AddNotifyCharacteristic)
    Lab6_AddService                          0x00002df1   Thumb Code    36  ap_lab6.o(i.Lab6_AddService)
    Lab6_GetStatus                           0x00002e2d   Thumb Code    58  ap_lab6.o(i.Lab6_GetStatus)
    Lab6_GetVersion                          0x00002e81   Thumb Code    42  ap_lab6.o(i.Lab6_GetVersion)
    Lab6_RegisterService                     0x00002ec5   Thumb Code    32  ap_lab6.o(i.Lab6_RegisterService)
    Lab6_StartAdvertisement                  0x00002f01   Thumb Code   120  ap_lab6.o(i.Lab6_StartAdvertisement)
    LogicAnalyzer                            0x00002fe9   Thumb Code    12  texas.o(i.LogicAnalyzer)
    OutValue                                 0x00003021   Thumb Code    20  lab6.o(i.OutValue)
    PeriodicTask2_Init                       0x00003035   Thumb Code   140  texas.o(i.PeriodicTask2_Init)
    Profile_Init                             0x000030d1   Thumb Code   338  profile.o(i.Profile_Init)
    RxFifo_Get                               0x00003229   Thumb Code    44  uart1.o(i.RxFifo_Get)
    RxFifo_Init                              0x00003261   Thumb Code    16  uart1.o(i.RxFifo_Init)
    RxFifo_Put                               0x0000327d   Thumb Code    56  uart1.o(i.RxFifo_Put)
    SetFCS                                   0x00003339   Thumb Code    52  ap_lab6.o(i.SetFCS)
    SystemInit                               0x00003461   Thumb Code    86  system_msp432p401r.o(i.SystemInit)
    T32_INT1_IRQHandler                      0x000034cd   Thumb Code    16  bsp.o(i.T32_INT1_IRQHandler)
    TA1_0_IRQHandler                         0x000034e5   Thumb Code    22  bsp.o(i.TA1_0_IRQHandler)
    TA2_0_IRQHandler                         0x00003505   Thumb Code    22  bsp.o(i.TA2_0_IRQHandler)
    TA3_0_IRQHandler                         0x00003525   Thumb Code    22  texas.o(i.TA3_0_IRQHandler)
    TExaS_Grade                              0x00003545   Thumb Code   148  texas.o(i.TExaS_Grade)
    TExaS_Init                               0x0000360d   Thumb Code   306  texas.o(i.TExaS_Init)
    TExaS_Task0                              0x000037a1   Thumb Code    50  texas.o(i.TExaS_Task0)
    TExaS_Task1                              0x000037e1   Thumb Code    50  texas.o(i.TExaS_Task1)
    TExaS_Task2                              0x00003821   Thumb Code    50  texas.o(i.TExaS_Task2)
    TExaS_Task3                              0x00003861   Thumb Code    50  texas.o(i.TExaS_Task3)
    TExaS_Task4                              0x000038a1   Thumb Code    50  texas.o(i.TExaS_Task4)
    TExaS_Task5                              0x000038e1   Thumb Code    50  texas.o(i.TExaS_Task5)
    Task0                                    0x00003921   Thumb Code   166  lab6.o(i.Task0)
    Task0_Init                               0x000039e1   Thumb Code    14  lab6.o(i.Task0_Init)
    Task1                                    0x000039f5   Thumb Code   380  lab6.o(i.Task1)
    Task1_Init                               0x00003b9d   Thumb Code    70  lab6.o(i.Task1_Init)
    Task2                                    0x00003bfd   Thumb Code    42  lab6.o(i.Task2)
    Task2_Init                               0x00003c35   Thumb Code    26  lab6.o(i.Task2_Init)
    Task3                                    0x00003c59   Thumb Code   264  lab6.o(i.Task3)
    Task3_Init                               0x00003d79   Thumb Code    28  lab6.o(i.Task3_Init)
    Task4                                    0x00003d95   Thumb Code   114  lab6.o(i.Task4)
    Task4_Init                               0x00003e25   Thumb Code    34  lab6.o(i.Task4_Init)
    Task5                                    0x00003e4d   Thumb Code   106  lab6.o(i.Task5)
    Task5_Init                               0x00003ed1   Thumb Code    60  lab6.o(i.Task5_Init)
    UART0_Init                               0x00003f2d   Thumb Code    76  uart0.o(i.UART0_Init)
    UART0_OutChar                            0x00003f81   Thumb Code    20  uart0.o(i.UART0_OutChar)
    UART0_OutString                          0x00003f99   Thumb Code    24  uart0.o(i.UART0_OutString)
    UART0_OutUDec                            0x00003fb1   Thumb Code    42  uart0.o(i.UART0_OutUDec)
    UART0_OutUHex                            0x00003fdb   Thumb Code    52  uart0.o(i.UART0_OutUHex)
    UART0_OutUHex2                           0x0000400f   Thumb Code    20  uart0.o(i.UART0_OutUHex2)
    UART1_FinishOutput                       0x00004025   Thumb Code    16  uart1.o(i.UART1_FinishOutput)
    UART1_InChar                             0x00004039   Thumb Code    20  uart1.o(i.UART1_InChar)
    UART1_Init                               0x0000404d   Thumb Code   100  uart1.o(i.UART1_Init)
    UART1_OutChar                            0x000040c5   Thumb Code    22  uart1.o(i.UART1_OutChar)
    drawaxes                                 0x00004275   Thumb Code   152  lab6.o(i.drawaxes)
    main                                     0x000044b1   Thumb Code   154  lab6.o(i.main)
    outnibble                                0x00004551   Thumb Code    32  uart0.o(i.outnibble)
    sqrt32                                   0x000045f9   Thumb Code    30  lab6.o(i.sqrt32)
    _fp_init                                 0x000046a9   Thumb Code    10  fpinit.o(x$fpl$fpinit)
    __fplib_config_fpu_vfp                   0x000046b1   Thumb Code     0  fpinit.o(x$fpl$fpinit)
    __fplib_config_pureend_doubles           0x000046b1   Thumb Code     0  fpinit.o(x$fpl$fpinit)
    RECVSIZE                                 0x00004c30   Data           4  ap.o(.constdata)
    HCI_EXT_ResetSystemCmd                   0x00004c34   Data           9  ap.o(.constdata)
    NPI_GetStatus                            0x00004c3d   Data           6  ap.o(.constdata)
    NPI_GetVersion                           0x00004c43   Data           6  ap.o(.constdata)
    NPI_Register                             0x00004c49   Data           6  ap.o(.constdata)
    NPI_SetAdvertisement1                    0x00004c4f   Data          17  ap.o(.constdata)
    NPI_SetAdvertisementSAP                  0x00004c60   Data          37  ap.o(.constdata)
    NPI_StartAdvertisement                   0x00004c85   Data          20  ap.o(.constdata)
    MAXCHARACTERISTICS                       0x00004c9c   Data           4  ap.o(.constdata)
    NOTIFYMAXCHARACTERISTICS                 0x00004ca0   Data           4  ap.o(.constdata)
    Key                                      0x00004ca4   Data           8  texas.o(.constdata)
    Scramble                                 0x00004cac   Data          32  texas.o(.constdata)
    DeScramble                               0x00004ccc   Data          32  texas.o(.constdata)
    Region$$Table$$Base                      0x00004cec   Number         0  anon$$obj.o(Region$$Table)
    Region$$Table$$Limit                     0x00004d0c   Number         0  anon$$obj.o(Region$$Table)
    StX                                      0x2000000c   Data           4  bsp.o(.data)
    StY                                      0x20000010   Data           4  bsp.o(.data)
    StTextColor                              0x20000014   Data           2  bsp.o(.data)
    Messageindex                             0x2000001c   Data           4  bsp.o(.data)
    TimeIndex                                0x20000020   Data           4  bsp.o(.data)
    Ymax                                     0x20000024   Data           4  bsp.o(.data)
    Ymin                                     0x20000028   Data           4  bsp.o(.data)
    Yrange                                   0x2000002c   Data           4  bsp.o(.data)
    PlotBGColor                              0x20000030   Data           2  bsp.o(.data)
    Prewait                                  0x20000034   Data           4  bsp.o(.data)
    CPMwait                                  0x20000038   Data           4  bsp.o(.data)
    Postwait                                 0x2000003c   Data           4  bsp.o(.data)
    IFlags                                   0x20000040   Data           4  bsp.o(.data)
    Crystalstable                            0x20000044   Data           4  bsp.o(.data)
    PeriodicTask                             0x20000048   Data           4  bsp.o(.data)
    PeriodicTaskB                            0x2000004c   Data           4  bsp.o(.data)
    PeriodicTaskC                            0x20000050   Data           4  bsp.o(.data)
    LightBusy                                0x20000054   Data           4  bsp.o(.data)
    TempBusy                                 0x20000058   Data           4  bsp.o(.data)
    Time                                     0x2000005c   Data           4  lab6.o(.data)
    Steps                                    0x20000060   Data           4  lab6.o(.data)
    Magnitude                                0x20000064   Data           4  lab6.o(.data)
    EWMA                                     0x20000068   Data           4  lab6.o(.data)
    SoundData                                0x2000006c   Data           2  lab6.o(.data)
    SoundRMS                                 0x20000070   Data           4  lab6.o(.data)
    LightData                                0x20000074   Data           4  lab6.o(.data)
    ReDrawAxes                               0x20000078   Data           4  lab6.o(.data)
    PlotState                                0x2000007c   Data           1  lab6.o(.data)
    AccX                                     0x2000007e   Data           2  lab6.o(.data)
    AccY                                     0x20000080   Data           2  lab6.o(.data)
    AccZ                                     0x20000082   Data           2  lab6.o(.data)
    AlgorithmState                           0x20000084   Data           1  lab6.o(.data)
    LocalMin                                 0x20000088   Data           4  lab6.o(.data)
    LocalMax                                 0x2000008c   Data           4  lab6.o(.data)
    LocalCount                               0x20000090   Data           4  lab6.o(.data)
    Task2Failures                            0x20000094   Data           4  lab6.o(.data)
    fcserr                                   0x200000a4   Data           4  ap.o(.data)
    TimeOutErr                               0x200000a8   Data           4  ap.o(.data)
    NoSOFErr                                 0x200000ac   Data           4  ap.o(.data)
    NPI_AddService                           0x200000b0   Data           9  ap.o(.data)
    NPI_GATTSetDeviceName                    0x200000b9   Data          28  ap.o(.data)
    NPI_SetAdvertisementData                 0x200000d5   Data          37  ap.o(.data)
    NPI_ReadConfirmation                     0x200000fa   Data          21  ap.o(.data)
    NPI_WriteConfirmation                    0x2000010f   Data           9  ap.o(.data)
    NPI_CCCDUpdatedConfirmation              0x20000118   Data           9  ap.o(.data)
    NPI_SendNotificationIndication           0x20000121   Data          20  ap.o(.data)
    NPI_AddCharValue                         0x20000135   Data          14  ap.o(.data)
    NPI_AddCharDescriptor                    0x20000143   Data          32  ap.o(.data)
    CharacteristicCount                      0x20000164   Data           4  ap.o(.data)
    NotifyCharacteristicCount                0x20000168   Data           4  ap.o(.data)
    RxPutI                                   0x2000016c   Data           4  uart1.o(.data)
    RxGetI                                   0x20000170   Data           4  uart1.o(.data)
    RxFifoLost                               0x20000174   Data           4  uart1.o(.data)
    edXNum                                   0x20000178   Data           2  texas.o(.data)
    LogicData                                0x2000017a   Data           1  texas.o(.data)
    Id                                       0x2000017c   Data           4  texas.o(.data)
    Index0                                   0x20000188   Data           4  texas.o(.data)
    Index1                                   0x2000018c   Data           4  texas.o(.data)
    Index2                                   0x20000190   Data           4  texas.o(.data)
    Index3                                   0x20000194   Data           4  texas.o(.data)
    Index4                                   0x20000198   Data           4  texas.o(.data)
    Index5                                   0x2000019c   Data           4  texas.o(.data)
    Index6                                   0x200001a0   Data           4  texas.o(.data)
    PeriodicTask2                            0x200001a4   Data           4  texas.o(.data)
    Message                                  0x200001a8   Data          12  bsp.o(.bss)
    SoundArray                               0x200001b4   Data        2000  lab6.o(.bss)
    RecvBuf                                  0x20000984   Data         128  ap.o(.bss)
    CharacteristicList                       0x20000a04   Data         160  ap.o(.bss)
    NotifyCharacteristicList                 0x20000aa4   Data          80  ap.o(.bss)
    RxFIFO                                   0x20000af4   Data         256  uart1.o(.bss)
    MagicCode                                0x20000bf4   Data          10  texas.o(.bss)
    EncriptedMagicCode                       0x20000bfe   Data          10  texas.o(.bss)
    TimeBuffer0                              0x20000c08   Data         400  texas.o(.bss)
    TimeBuffer1                              0x20000d98   Data         400  texas.o(.bss)
    TimeBuffer2                              0x20000f28   Data         400  texas.o(.bss)
    TimeBuffer3                              0x200010b8   Data         400  texas.o(.bss)
    TimeBuffer4                              0x20001248   Data          40  texas.o(.bss)
    TimeBuffer5                              0x20001270   Data          40  texas.o(.bss)
    TimeBuffer6                              0x20001298   Data          40  texas.o(.bss)
    __libspace_start                         0x20001300   Data          96  libspace.o(.bss)
    __temporary_stack_top$libspace           0x20001360   Data           0  libspace.o(.bss)



==============================================================================

Memory Map of the image

  Image Entry point : 0x0000024d

  Load Region LR_1 (Base: 0x00000000, Size: 0x00004eb4, Max: 0xffffffff, ABSOLUTE, COMPRESSED[0x00004da0])

    Execution Region ER_RO (Base: 0x00000000, Size: 0x00004d0c, Max: 0xffffffff, ABSOLUTE)

    Base Addr    Size         Type   Attr      Idx    E Section Name        Object

    0x00000000   0x00000144   Data   RO         1533    RESET               startup_msp432p401r_uvision.o
    0x00000144   0x00000008   Code   RO         1593  * !!!main             c_w.l(__main.o)
    0x0000014c   0x00000034   Code   RO         1752    !!!scatter          c_w.l(__scatter.o)
    0x00000180   0x0000005a   Code   RO         1750    !!dczerorl2         c_w.l(__dczerorl2.o)
    0x000001da   0x00000002   PAD
    0x000001dc   0x0000001c   Code   RO         1754    !!handler_zi        c_w.l(__scatter_zi.o)
    0x000001f8   0x00000002   Code   RO         1620    .ARM.Collect$$libinit$$00000000  c_w.l(libinit.o)
    0x000001fa   0x00000004   Code   RO         1626    .ARM.Collect$$libinit$$00000001  c_w.l(libinit2.o)
    0x000001fe   0x00000000   Code   RO         1629    .ARM.Collect$$libinit$$00000004  c_w.l(libinit2.o)
    0x000001fe   0x00000000   Code   RO         1632    .ARM.Collect$$libinit$$0000000A  c_w.l(libinit2.o)
    0x000001fe   0x00000000   Code   RO         1634    .ARM.Collect$$libinit$$0000000C  c_w.l(libinit2.o)
    0x000001fe   0x00000000   Code   RO         1636    .ARM.Collect$$libinit$$0000000E  c_w.l(libinit2.o)
    0x000001fe   0x00000000   Code   RO         1639    .ARM.Collect$$libinit$$00000011  c_w.l(libinit2.o)
    0x000001fe   0x00000000   Code   RO         1641    .ARM.Collect$$libinit$$00000013  c_w.l(libinit2.o)
    0x000001fe   0x00000000   Code   RO         1643    .ARM.Collect$$libinit$$00000015  c_w.l(libinit2.o)
    0x000001fe   0x00000000   Code   RO         1645    .ARM.Collect$$libinit$$00000017  c_w.l(libinit2.o)
    0x000001fe   0x00000000   Code   RO         1647    .ARM.Collect$$libinit$$00000019  c_w.l(libinit2.o)
    0x000001fe   0x00000000   Code   RO         1649    .ARM.Collect$$libinit$$0000001B  c_w.l(libinit2.o)
    0x000001fe   0x00000000   Code   RO         1651    .ARM.Collect$$libinit$$0000001D  c_w.l(libinit2.o)
    0x000001fe   0x00000000   Code   RO         1653    .ARM.Collect$$libinit$$0000001F  c_w.l(libinit2.o)
    0x000001fe   0x00000000   Code   RO         1655    .ARM.Collect$$libinit$$00000021  c_w.l(libinit2.o)
    0x000001fe   0x00000000   Code   RO         1657    .ARM.Collect$$libinit$$00000023  c_w.l(libinit2.o)
    0x000001fe   0x00000000   Code   RO         1659    .ARM.Collect$$libinit$$00000025  c_w.l(libinit2.o)
    0x000001fe   0x00000000   Code   RO         1663    .ARM.Collect$$libinit$$0000002C  c_w.l(libinit2.o)
    0x000001fe   0x00000000   Code   RO         1665    .ARM.Collect$$libinit$$0000002E  c_w.l(libinit2.o)
    0x000001fe   0x00000000   Code   RO         1667    .ARM.Collect$$libinit$$00000030  c_w.l(libinit2.o)
    0x000001fe   0x00000000   Code   RO         1669    .ARM.Collect$$libinit$$00000032  c_w.l(libinit2.o)
    0x000001fe   0x00000002   Code   RO         1670    .ARM.Collect$$libinit$$00000033  c_w.l(libinit2.o)
    0x00000200   0x00000002   Code   RO         1690    .ARM.Collect$$libshutdown$$00000000  c_w.l(libshutdown.o)
    0x00000202   0x00000000   Code   RO         1703    .ARM.Collect$$libshutdown$$00000002  c_w.l(libshutdown2.o)
    0x00000202   0x00000000   Code   RO         1705    .ARM.Collect$$libshutdown$$00000004  c_w.l(libshutdown2.o)
    0x00000202   0x00000000   Code   RO         1708    .ARM.Collect$$libshutdown$$00000007  c_w.l(libshutdown2.o)
    0x00000202   0x00000000   Code   RO         1711    .ARM.Collect$$libshutdown$$0000000A  c_w.l(libshutdown2.o)
    0x00000202   0x00000000   Code   RO         1713    .ARM.Collect$$libshutdown$$0000000C  c_w.l(libshutdown2.o)
    0x00000202   0x00000000   Code   RO         1716    .ARM.Collect$$libshutdown$$0000000F  c_w.l(libshutdown2.o)
    0x00000202   0x00000002   Code   RO         1717    .ARM.Collect$$libshutdown$$00000010  c_w.l(libshutdown2.o)
    0x00000204   0x00000000   Code   RO         1595    .ARM.Collect$$rtentry$$00000000  c_w.l(__rtentry.o)
    0x00000204   0x00000000   Code   RO         1597    .ARM.Collect$$rtentry$$00000002  c_w.l(__rtentry2.o)
    0x00000204   0x00000006   Code   RO         1609    .ARM.Collect$$rtentry$$00000004  c_w.l(__rtentry4.o)
    0x0000020a   0x00000000   Code   RO         1599    .ARM.Collect$$rtentry$$00000009  c_w.l(__rtentry2.o)
    0x0000020a   0x00000004   Code   RO         1600    .ARM.Collect$$rtentry$$0000000A  c_w.l(__rtentry2.o)
    0x0000020e   0x00000000   Code   RO         1602    .ARM.Collect$$rtentry$$0000000C  c_w.l(__rtentry2.o)
    0x0000020e   0x00000008   Code   RO         1603    .ARM.Collect$$rtentry$$0000000D  c_w.l(__rtentry2.o)
    0x00000216   0x00000002   Code   RO         1624    .ARM.Collect$$rtexit$$00000000  c_w.l(rtexit.o)
    0x00000218   0x00000000   Code   RO         1672    .ARM.Collect$$rtexit$$00000002  c_w.l(rtexit2.o)
    0x00000218   0x00000004   Code   RO         1673    .ARM.Collect$$rtexit$$00000003  c_w.l(rtexit2.o)
    0x0000021c   0x00000006   Code   RO         1674    .ARM.Collect$$rtexit$$00000004  c_w.l(rtexit2.o)
    0x00000222   0x00000002   PAD
    0x00000224   0x00000006   Code   RO            4    .emb_text           bsp.o
    0x0000022a   0x00000002   PAD
    0x0000022c   0x00000020   Code   RO          521    .emb_text           cortexm.o
    0x0000024c   0x0000003c   Code   RO         1534  * .text               startup_msp432p401r_uvision.o
    0x00000288   0x0000003e   Code   RO         1589    .text               c_w.l(strlen.o)
    0x000002c6   0x00000006   Code   RO         1591    .text               c_w.l(heapauxi.o)
    0x000002cc   0x0000004a   Code   RO         1611    .text               c_w.l(sys_stackheap_outer.o)
    0x00000316   0x00000012   Code   RO         1613    .text               c_w.l(exit.o)
    0x00000328   0x00000008   Code   RO         1621    .text               c_w.l(libspace.o)
    0x00000330   0x0000000c   Code   RO         1682    .text               c_w.l(sys_exit.o)
    0x0000033c   0x00000002   Code   RO         1693    .text               c_w.l(use_no_semi.o)
    0x0000033e   0x00000000   Code   RO         1695    .text               c_w.l(indicate_semi.o)
    0x0000033e   0x00000002   PAD
    0x00000340   0x00000208   Code   RO          868    i.AP_BackgroundProcess  ap.o
    0x00000548   0x00000064   Code   RO          869    i.AP_EchoReceived   ap.o
    0x000005ac   0x00000054   Code   RO          870    i.AP_EchoSendMessage  ap.o
    0x00000600   0x00000014   Code   RO          871    i.AP_GetNotifyCCCD  ap.o
    0x00000614   0x0000000e   Code   RO          872    i.AP_GetSize        ap.o
    0x00000622   0x00000002   PAD
    0x00000624   0x000000e4   Code   RO          875    i.AP_Init           ap.o
    0x00000708   0x00000164   Code   RO          876    i.AP_RecvMessage    ap.o
    0x0000086c   0x00000010   Code   RO          877    i.AP_RecvStatus     ap.o
    0x0000087c   0x00000038   Code   RO          879    i.AP_Reset          ap.o
    0x000008b4   0x000000e8   Code   RO          880    i.AP_SendMessage    ap.o
    0x0000099c   0x0000003a   Code   RO          881    i.AP_SendMessageResponse  ap.o
    0x000009d6   0x00000002   PAD
    0x000009d8   0x000000d0   Code   RO          882    i.AP_SendNotification  ap.o
    0x00000aa8   0x00000060   Code   RO            5    i.BSP_Accelerometer_Init  bsp.o
    0x00000b08   0x0000008c   Code   RO            6    i.BSP_Accelerometer_Input  bsp.o
    0x00000b94   0x0000003c   Code   RO            7    i.BSP_Button1_Init  bsp.o
    0x00000bd0   0x0000000c   Code   RO            8    i.BSP_Button1_Input  bsp.o
    0x00000bdc   0x0000003c   Code   RO            9    i.BSP_Button2_Init  bsp.o
    0x00000c18   0x0000000c   Code   RO           10    i.BSP_Button2_Input  bsp.o
    0x00000c24   0x00000090   Code   RO           11    i.BSP_Buzzer_Init   bsp.o
    0x00000cb4   0x00000020   Code   RO           12    i.BSP_Buzzer_Set    bsp.o
    0x00000cd4   0x00000188   Code   RO           14    i.BSP_Clock_InitFastest  bsp.o
    0x00000e5c   0x00000016   Code   RO           15    i.BSP_Delay1ms      bsp.o
    0x00000e72   0x00000002   PAD
    0x00000e74   0x00000094   Code   RO           16    i.BSP_Joystick_Init  bsp.o
    0x00000f08   0x00000088   Code   RO           17    i.BSP_Joystick_Input  bsp.o
    0x00000f90   0x00000018   Code   RO           18    i.BSP_LCD_Color565  bsp.o
    0x00000fa8   0x00000110   Code   RO           20    i.BSP_LCD_DrawChar  bsp.o
    0x000010b8   0x0000007c   Code   RO           22    i.BSP_LCD_DrawFastHLine  bsp.o
    0x00001134   0x0000007c   Code   RO           23    i.BSP_LCD_DrawFastVLine  bsp.o
    0x000011b0   0x00000048   Code   RO           24    i.BSP_LCD_DrawPixel  bsp.o
    0x000011f8   0x00000056   Code   RO           25    i.BSP_LCD_DrawString  bsp.o
    0x0000124e   0x00000002   PAD
    0x00001250   0x00000124   Code   RO           26    i.BSP_LCD_Drawaxes  bsp.o
    0x00001374   0x000000ac   Code   RO           27    i.BSP_LCD_FillRect  bsp.o
    0x00001420   0x00000024   Code   RO           28    i.BSP_LCD_FillScreen  bsp.o
    0x00001444   0x0000000a   Code   RO           29    i.BSP_LCD_Init      bsp.o
    0x0000144e   0x00000002   PAD
    0x00001450   0x00000088   Code   RO           31    i.BSP_LCD_OutUDec4  bsp.o
    0x000014d8   0x00000038   Code   RO           35    i.BSP_LCD_PlotIncrement  bsp.o
    0x00001510   0x00000064   Code   RO           36    i.BSP_LCD_PlotPoint  bsp.o
    0x00001574   0x00000020   Code   RO           37    i.BSP_LCD_SetCursor  bsp.o
    0x00001594   0x00000044   Code   RO           39    i.BSP_LightSensor_End  bsp.o
    0x000015d8   0x00000040   Code   RO           40    i.BSP_LightSensor_Init  bsp.o
    0x00001618   0x00000034   Code   RO           41    i.BSP_LightSensor_Input  bsp.o
    0x0000164c   0x0000001c   Code   RO           42    i.BSP_LightSensor_Start  bsp.o
    0x00001668   0x0000003c   Code   RO           43    i.BSP_Microphone_Init  bsp.o
    0x000016a4   0x00000074   Code   RO           44    i.BSP_Microphone_Input  bsp.o
    0x00001718   0x00000124   Code   RO           54    i.BSP_RGB_Init      bsp.o
    0x0000183c   0x0000004c   Code   RO           55    i.BSP_RGB_Set       bsp.o
    0x00001888   0x00000014   Code   RO           60    i.BSP_Time_Get      bsp.o
    0x0000189c   0x00000024   Code   RO           61    i.BSP_Time_Init     bsp.o
    0x000018c0   0x00000184   Code   RO          567    i.Bluetooth_Init    lab6.o
    0x00001a44   0x00000024   Code   RO          568    i.Bluetooth_ReadLight  lab6.o
    0x00001a68   0x00000028   Code   RO          569    i.Bluetooth_ReadPlotState  lab6.o
    0x00001a90   0x00000028   Code   RO          570    i.Bluetooth_ReadSound  lab6.o
    0x00001ab8   0x00000024   Code   RO          571    i.Bluetooth_ReadTime  lab6.o
    0x00001adc   0x0000001c   Code   RO          572    i.Bluetooth_Steps   lab6.o
    0x00001af8   0x00000048   Code   RO          573    i.Bluetooth_WritePlotState  lab6.o
    0x00001b40   0x0000007e   Code   RO          738    i.BuildAddCharDescriptorMsg  ap_lab6.o
    0x00001bbe   0x0000005e   Code   RO          739    i.BuildAddCharValueMsg  ap_lab6.o
    0x00001c1c   0x00000084   Code   RO          740    i.BuildAddNotifyCharDescriptorMsg  ap_lab6.o
    0x00001ca0   0x0000003e   Code   RO          741    i.BuildAddServiceMsg  ap_lab6.o
    0x00001cde   0x0000002a   Code   RO          742    i.BuildGetStatusMsg  ap_lab6.o
    0x00001d08   0x0000002a   Code   RO          743    i.BuildGetVersionMsg  ap_lab6.o
    0x00001d32   0x0000002a   Code   RO          744    i.BuildRegisterServiceMsg  ap_lab6.o
    0x00001d5c   0x0000006a   Code   RO          745    i.BuildSetAdvertisementData1Msg  ap_lab6.o
    0x00001dc6   0x0000009a   Code   RO          746    i.BuildSetAdvertisementDataMsg  ap_lab6.o
    0x00001e60   0x0000005e   Code   RO          747    i.BuildSetDeviceNameMsg  ap_lab6.o
    0x00001ebe   0x00000070   Code   RO          748    i.BuildStartAdvertisementMsg  ap_lab6.o
    0x00001f2e   0x00000016   Code   RO          522    i.Clock_Delay1ms    cortexm.o
    0x00001f44   0x00000020   Code   RO         1144    i.EUSCIA2_IRQHandler  uart1.o
    0x00001f64   0x00000068   Code   RO         1256    i.Encrypt           texas.o
    0x00001fcc   0x000000d0   Code   RO         1229    i.GPIO_Init         gpio.o
    0x0000209c   0x000000bc   Code   RO           62    i.I2C_Recv2         bsp.o
    0x00002158   0x000000a0   Code   RO           63    i.I2C_Send1         bsp.o
    0x000021f8   0x00000110   Code   RO           64    i.I2C_Send3         bsp.o
    0x00002308   0x00000058   Code   RO         1257    i.Lab6BuildAddCharDescriptorMsgSolution  texas.o
    0x00002360   0x00000040   Code   RO         1258    i.Lab6BuildAddCharValueMsgSolution  texas.o
    0x000023a0   0x0000005c   Code   RO         1259    i.Lab6BuildAddNotifyCharDescriptorMsgSolution  texas.o
    0x000023fc   0x0000002c   Code   RO         1260    i.Lab6BuildAddServiceMsgSolution  texas.o
    0x00002428   0x0000001e   Code   RO         1261    i.Lab6BuildGetStatusMsgSolution  texas.o
    0x00002446   0x0000001e   Code   RO         1262    i.Lab6BuildGetVersionMsgSolution  texas.o
    0x00002464   0x0000001e   Code   RO         1263    i.Lab6BuildRegisterServiceMsgSolution  texas.o
    0x00002482   0x00000048   Code   RO         1264    i.Lab6BuildSetAdvertisementData1MsgSolution  texas.o
    0x000024ca   0x0000007e   Code   RO         1265    i.Lab6BuildSetAdvertisementDataMsgSolution  texas.o
    0x00002548   0x00000044   Code   RO         1266    i.Lab6BuildSetDeviceNameMsgSolution  texas.o
    0x0000258c   0x0000004c   Code   RO         1267    i.Lab6BuildStartAdvertisementMsgSolution  texas.o
    0x000025d8   0x00000088   Code   RO         1268    i.Lab6GradeAddCharDescriptorMsg  texas.o
    0x00002660   0x0000008c   Code   RO         1269    i.Lab6GradeAddCharValueMsg  texas.o
    0x000026ec   0x0000008c   Code   RO         1270    i.Lab6GradeAddNotifyCharDescriptorMsg  texas.o
    0x00002778   0x00000090   Code   RO         1271    i.Lab6GradeAddServiceMsg  texas.o
    0x00002808   0x00000050   Code   RO         1272    i.Lab6GradeGetStatusMsg  texas.o
    0x00002858   0x00000050   Code   RO         1273    i.Lab6GradeGetVersionMsg  texas.o
    0x000028a8   0x00000054   Code   RO         1274    i.Lab6GradeRegisterServiceMsg  texas.o
    0x000028fc   0x0000005c   Code   RO         1275    i.Lab6GradeSetAdvertisementData1Msg  texas.o
    0x00002958   0x00000090   Code   RO         1276    i.Lab6GradeSetAdvertisementDataMsg  texas.o
    0x000029e8   0x0000008c   Code   RO         1277    i.Lab6GradeSetDeviceNameMsg  texas.o
    0x00002a74   0x00000070   Code   RO         1278    i.Lab6GradeStartAdvertisementMsg  texas.o
    0x00002ae4   0x0000009c   Code   RO         1279    i.Lab6OutCheck      texas.o
    0x00002b80   0x00000120   Code   RO          749    i.Lab6_AddCharacteristic  ap_lab6.o
    0x00002ca0   0x00000150   Code   RO          750    i.Lab6_AddNotifyCharacteristic  ap_lab6.o
    0x00002df0   0x0000003c   Code   RO          751    i.Lab6_AddService   ap_lab6.o
    0x00002e2c   0x00000054   Code   RO          752    i.Lab6_GetStatus    ap_lab6.o
    0x00002e80   0x00000044   Code   RO          753    i.Lab6_GetVersion   ap_lab6.o
    0x00002ec4   0x0000003c   Code   RO          754    i.Lab6_RegisterService  ap_lab6.o
    0x00002f00   0x000000e8   Code   RO          755    i.Lab6_StartAdvertisement  ap_lab6.o
    0x00002fe8   0x00000014   Code   RO         1280    i.LogicAnalyzer     texas.o
    0x00002ffc   0x00000024   Code   RO         1281    i.NextRandom        texas.o
    0x00003020   0x00000014   Code   RO          574    i.OutValue          lab6.o
    0x00003034   0x0000009c   Code   RO         1282    i.PeriodicTask2_Init  texas.o
    0x000030d0   0x00000158   Code   RO          541    i.Profile_Init      profile.o
    0x00003228   0x00000038   Code   RO         1145    i.RxFifo_Get        uart1.o
    0x00003260   0x0000001c   Code   RO         1146    i.RxFifo_Init       uart1.o
    0x0000327c   0x00000048   Code   RO         1147    i.RxFifo_Put        uart1.o
    0x000032c4   0x00000074   Code   RO           65    i.ST7735_InitR      bsp.o
    0x00003338   0x00000034   Code   RO          756    i.SetFCS            ap_lab6.o
    0x0000336c   0x00000026   Code   RO         1284    i.SetFCSSolution    texas.o
    0x00003392   0x00000002   PAD
    0x00003394   0x000000cc   Code   RO         1285    i.SetGrade          texas.o
    0x00003460   0x0000006c   Code   RO         1542    i.SystemInit        system_msp432p401r.o
    0x000034cc   0x00000018   Code   RO           66    i.T32_INT1_IRQHandler  bsp.o
    0x000034e4   0x00000020   Code   RO           67    i.TA1_0_IRQHandler  bsp.o
    0x00003504   0x00000020   Code   RO           68    i.TA2_0_IRQHandler  bsp.o
    0x00003524   0x00000020   Code   RO         1286    i.TA3_0_IRQHandler  texas.o
    0x00003544   0x000000c8   Code   RO         1287    i.TExaS_Grade       texas.o
    0x0000360c   0x00000194   Code   RO         1288    i.TExaS_Init        texas.o
    0x000037a0   0x00000040   Code   RO         1290    i.TExaS_Task0       texas.o
    0x000037e0   0x00000040   Code   RO         1291    i.TExaS_Task1       texas.o
    0x00003820   0x00000040   Code   RO         1292    i.TExaS_Task2       texas.o
    0x00003860   0x00000040   Code   RO         1293    i.TExaS_Task3       texas.o
    0x000038a0   0x00000040   Code   RO         1294    i.TExaS_Task4       texas.o
    0x000038e0   0x00000040   Code   RO         1295    i.TExaS_Task5       texas.o
    0x00003920   0x000000c0   Code   RO          575    i.Task0             lab6.o
    0x000039e0   0x00000014   Code   RO          576    i.Task0_Init        lab6.o
    0x000039f4   0x000001a8   Code   RO          577    i.Task1             lab6.o
    0x00003b9c   0x00000060   Code   RO          578    i.Task1_Init        lab6.o
    0x00003bfc   0x00000038   Code   RO          579    i.Task2             lab6.o
    0x00003c34   0x00000024   Code   RO          580    i.Task2_Init        lab6.o
    0x00003c58   0x00000120   Code   RO          581    i.Task3             lab6.o
    0x00003d78   0x0000001c   Code   RO          582    i.Task3_Init        lab6.o
    0x00003d94   0x00000090   Code   RO          583    i.Task4             lab6.o
    0x00003e24   0x00000028   Code   RO          584    i.Task4_Init        lab6.o
    0x00003e4c   0x00000084   Code   RO          585    i.Task5             lab6.o
    0x00003ed0   0x0000005c   Code   RO          586    i.Task5_Init        lab6.o
    0x00003f2c   0x00000054   Code   RO         1025    i.UART0_Init        uart0.o
    0x00003f80   0x00000018   Code   RO         1026    i.UART0_OutChar     uart0.o
    0x00003f98   0x00000018   Code   RO         1027    i.UART0_OutString   uart0.o
    0x00003fb0   0x0000002a   Code   RO         1028    i.UART0_OutUDec     uart0.o
    0x00003fda   0x00000034   Code   RO         1032    i.UART0_OutUHex     uart0.o
    0x0000400e   0x00000014   Code   RO         1033    i.UART0_OutUHex2    uart0.o
    0x00004022   0x00000002   PAD
    0x00004024   0x00000014   Code   RO         1148    i.UART1_FinishOutput  uart1.o
    0x00004038   0x00000014   Code   RO         1149    i.UART1_InChar      uart1.o
    0x0000404c   0x00000078   Code   RO         1151    i.UART1_Init        uart1.o
    0x000040c4   0x0000001c   Code   RO         1152    i.UART1_OutChar     uart1.o
    0x000040e0   0x00000040   Code   RO           69    i.adcinit           bsp.o
    0x00004120   0x00000056   Code   RO           70    i.commandList       bsp.o
    0x00004176   0x00000002   PAD
    0x00004178   0x000000fc   Code   RO           71    i.commonInit        bsp.o
    0x00004274   0x000000c4   Code   RO          587    i.drawaxes          lab6.o
    0x00004338   0x00000048   Code   RO           72    i.fillmessage       bsp.o
    0x00004380   0x00000064   Code   RO           75    i.fillmessage4      bsp.o
    0x000043e4   0x00000058   Code   RO           77    i.i2cinit           bsp.o
    0x0000443c   0x00000050   Code   RO           78    i.lightsensorend    bsp.o
    0x0000448c   0x00000024   Code   RO           79    i.lightsensorstart  bsp.o
    0x000044b0   0x000000a0   Code   RO          588    i.main              lab6.o
    0x00004550   0x00000020   Code   RO         1037    i.outnibble         uart0.o
    0x00004570   0x00000012   Code   RO           80    i.pushColor         bsp.o
    0x00004582   0x00000002   PAD
    0x00004584   0x00000074   Code   RO           81    i.setAddrWindow     bsp.o
    0x000045f8   0x0000001e   Code   RO          590    i.sqrt32            lab6.o
    0x00004616   0x00000002   PAD
    0x00004618   0x00000048   Code   RO           84    i.writecommand      bsp.o
    0x00004660   0x00000048   Code   RO           85    i.writedata         bsp.o
    0x000046a8   0x0000000a   Code   RO         1680    x$fpl$fpinit        fz_wm.l(fpinit.o)
    0x000046b2   0x0000057b   Data   RO           87    .constdata          bsp.o
    0x00004c2d   0x00000003   PAD
    0x00004c30   0x00000074   Data   RO          885    .constdata          ap.o
    0x00004ca4   0x00000048   Data   RO         1298    .constdata          texas.o
    0x00004cec   0x00000020   Data   RO         1748    Region$$Table       anon$$obj.o


    Execution Region ER_RW (Base: 0x20000000, Size: 0x000001a8, Max: 0xffffffff, ABSOLUTE, COMPRESSED[0x00000094])

    Base Addr    Size         Type   Attr      Idx    E Section Name        Object

    0x20000000   0x0000005c   Data   RW           88    .data               bsp.o
    0x2000005c   0x00000046   Data   RW          592    .data               lab6.o
    0x200000a2   0x00000002   PAD
    0x200000a4   0x000000c8   Data   RW          886    .data               ap.o
    0x2000016c   0x0000000c   Data   RW         1155    .data               uart1.o
    0x20000178   0x00000030   Data   RW         1299    .data               texas.o


    Execution Region ER_ZI (Base: 0x200001a8, Size: 0x000013b8, Max: 0xffffffff, ABSOLUTE)

    Base Addr    Size         Type   Attr      Idx    E Section Name        Object

    0x200001a8   0x0000000c   Zero   RW           86    .bss                bsp.o
    0x200001b4   0x000007d0   Zero   RW          591    .bss                lab6.o
    0x20000984   0x00000170   Zero   RW          884    .bss                ap.o
    0x20000af4   0x00000100   Zero   RW         1154    .bss                uart1.o
    0x20000bf4   0x0000070c   Zero   RW         1297    .bss                texas.o
    0x20001300   0x00000060   Zero   RW         1622    .bss                c_w.l(libspace.o)
    0x20001360   0x00000000   Zero   RW         1532    HEAP                startup_msp432p401r_uvision.o
    0x20001360   0x00000200   Zero   RW         1531    STACK               startup_msp432p401r_uvision.o


==============================================================================

Image component sizes


      Code (inc. data)   RO Data    RW Data    ZI Data      Debug   Object Name

      1892        214        116        200        368      11557   ap.o
      2186        344          0          0          0      14377   ap_lab6.o
      5488        532       1403         92         12      39722   bsp.o
        54          0          0          0          0       1089   cortexm.o
       208          6          0          0          0        472   gpio.o
      2594        592          0         70       2000      13056   lab6.o
       344          6          0          0          0        527   profile.o
        60         22        324          0        512        912   startup_msp432p401r_uvision.o
       108         22          0          0          0        517   system_msp432p401r.o
      3746        868         72         48       1804      27336   texas.o
       278         12          0          0          0       3520   uart0.o
       376         76          0         12        256       4540   uart1.o

    ----------------------------------------------------------------------
     17356       2694       1950        424       4952     117625   Object Totals
         0          0         32          0          0          0   (incl. Generated)
        22          0          3          2          0          0   (incl. Padding)

    ----------------------------------------------------------------------

      Code (inc. data)   RO Data    RW Data    ZI Data      Debug   Library Member Name

        90          0          0          0          0          0   __dczerorl2.o
         8          0          0          0          0         68   __main.o
         0          0          0          0          0          0   __rtentry.o
        12          0          0          0          0          0   __rtentry2.o
         6          0          0          0          0          0   __rtentry4.o
        52          8          0          0          0          0   __scatter.o
        28          0          0          0          0          0   __scatter_zi.o
        18          0          0          0          0         80   exit.o
         6          0          0          0          0        152   heapauxi.o
         0          0          0          0          0          0   indicate_semi.o
         2          0          0          0          0          0   libinit.o
         6          0          0          0          0          0   libinit2.o
         2          0          0          0          0          0   libshutdown.o
         2          0          0          0          0          0   libshutdown2.o
         8          4          0          0         96         68   libspace.o
         2          0          0          0          0          0   rtexit.o
        10          0          0          0          0          0   rtexit2.o
        62          0          0          0          0         76   strlen.o
        12          4          0          0          0         68   sys_exit.o
        74          0          0          0          0         80   sys_stackheap_outer.o
         2          0          0          0          0         68   use_no_semi.o
        10          0          0          0          0        116   fpinit.o

    ----------------------------------------------------------------------
       418         16          0          0         96        776   Library Totals
         6          0          0          0          0          0   (incl. Padding)

    ----------------------------------------------------------------------

      Code (inc. data)   RO Data    RW Data    ZI Data      Debug   Library Name

       402         16          0          0         96        660   c_w.l
        10          0          0          0          0        116   fz_wm.l

    ----------------------------------------------------------------------
       418         16          0          0         96        776   Library Totals

    ----------------------------------------------------------------------

==============================================================================


      Code (inc. data)   RO Data    RW Data    ZI Data      Debug   

     17774       2710       1950        424       5048     101893   Grand Totals
     17774       2710       1950        148       5048     101893   ELF Image Totals (compressed)
     17774       2710       1950        148          0          0   ROM Totals

==============================================================================

    Total RO  Size (Code + RO Data)                19724 (  19.26kB)
    Total RW  Size (RW Data + ZI Data)              5472 (   5.34kB)
    Total ROM Size (Code + RO Data + RW Data)      19872 (  19.41kB)

==============================================================================

