Component: ARM Compiler 5.06 update 3 (build 300) Tool: armlink [4d35c9]

==============================================================================

Section Cross References

    cortexm.o(i.Clock_Delay1ms) refers to cortexm.o(.emb_text) for delay
    verysimpleapplicationprocessor.o(i.OutValue) refers to uart0.o(i.UART0_OutString) for UART0_OutString
    verysimpleapplicationprocessor.o(i.OutValue) refers to uart0.o(i.UART0_OutUHex) for UART0_OutUHex
    verysimpleapplicationprocessor.o(i.main) refers to cortexm.o(.emb_text) for DisableInterrupts
    verysimpleapplicationprocessor.o(i.main) refers to clock.o(i.Clock_InitFastest) for Clock_InitFastest
    verysimpleapplicationprocessor.o(i.main) refers to uart0.o(i.UART0_Init) for UART0_Init
    verysimpleapplicationprocessor.o(i.main) refers to launchpad.o(i.LaunchPad_Init) for LaunchPad_Init
    verysimpleapplicationprocessor.o(i.main) refers to uart0.o(i.UART0_OutString) for UART0_OutString
    verysimpleapplicationprocessor.o(i.main) refers to ap.o(i.AP_Init) for AP_Init
    verysimpleapplicationprocessor.o(i.main) refers to ap.o(i.AP_SendMessageResponse) for AP_SendMessageResponse
    verysimpleapplicationprocessor.o(i.main) refers to ap.o(i.AP_RecvStatus) for AP_RecvStatus
    verysimpleapplicationprocessor.o(i.main) refers to ap.o(i.AP_RecvMessage) for AP_RecvMessage
    verysimpleapplicationprocessor.o(i.main) refers to ap.o(i.AP_EchoReceived) for AP_EchoReceived
    verysimpleapplicationprocessor.o(i.main) refers to verysimpleapplicationprocessor.o(i.OutValue) for OutValue
    verysimpleapplicationprocessor.o(i.main) refers to launchpad.o(i.LaunchPad_Output) for LaunchPad_Output
    verysimpleapplicationprocessor.o(i.main) refers to ap.o(i.AP_SendMessage) for AP_SendMessage
    verysimpleapplicationprocessor.o(i.main) refers to ap.o(i.AP_EchoSendMessage) for AP_EchoSendMessage
    verysimpleapplicationprocessor.o(i.main) refers to launchpad.o(i.LaunchPad_Input) for LaunchPad_Input
    verysimpleapplicationprocessor.o(i.main) refers to ap.o(.bss) for RecvBuf
    verysimpleapplicationprocessor.o(i.main) refers to verysimpleapplicationprocessor.o(.constdata) for NPI_GATTSetDeviceNameMsg
    verysimpleapplicationprocessor.o(i.main) refers to verysimpleapplicationprocessor.o(.data) for Data
    clock.o(i.Clock_GetFreq) refers to clock.o(.data) for ClockFrequency
    clock.o(i.Clock_InitFastest) refers to clock.o(.data) for Prewait
    uart0.o(i.UART0_InString) refers to uart0.o(i.UART0_InChar) for UART0_InChar
    uart0.o(i.UART0_InString) refers to uart0.o(i.UART0_OutChar) for UART0_OutChar
    uart0.o(i.UART0_InUDec) refers to uart0.o(i.UART0_InChar) for UART0_InChar
    uart0.o(i.UART0_InUDec) refers to uart0.o(i.UART0_OutChar) for UART0_OutChar
    uart0.o(i.UART0_InUHex) refers to uart0.o(i.UART0_InChar) for UART0_InChar
    uart0.o(i.UART0_InUHex) refers to uart0.o(i.UART0_OutChar) for UART0_OutChar
    uart0.o(i.UART0_OutString) refers to uart0.o(i.UART0_OutChar) for UART0_OutChar
    uart0.o(i.UART0_OutUDec) refers to uart0.o(i.UART0_OutChar) for UART0_OutChar
    uart0.o(i.UART0_OutUDec4) refers to uart0.o(i.UART0_OutString) for UART0_OutString
    uart0.o(i.UART0_OutUDec4) refers to uart0.o(i.fillmessage4b) for fillmessage4b
    uart0.o(i.UART0_OutUDec4) refers to uart0.o(.data) for Messageindexb
    uart0.o(i.UART0_OutUDec5) refers to uart0.o(i.UART0_OutString) for UART0_OutString
    uart0.o(i.UART0_OutUDec5) refers to uart0.o(i.fillmessage5b) for fillmessage5b
    uart0.o(i.UART0_OutUDec5) refers to uart0.o(.data) for Messageindexb
    uart0.o(i.UART0_OutUFix1) refers to uart0.o(i.UART0_OutUDec) for UART0_OutUDec
    uart0.o(i.UART0_OutUFix1) refers to uart0.o(i.UART0_OutChar) for UART0_OutChar
    uart0.o(i.UART0_OutUHex) refers to uart0.o(i.UART0_OutChar) for UART0_OutChar
    uart0.o(i.UART0_OutUHex2) refers to uart0.o(i.outnibble) for outnibble
    uart0.o(i.fillmessage4b) refers to uart0.o(i.fillmessageb) for fillmessageb
    uart0.o(i.fillmessage4b) refers to uart0.o(.data) for Messageindexb
    uart0.o(i.fillmessage5b) refers to uart0.o(i.fillmessageb) for fillmessageb
    uart0.o(i.fillmessage5b) refers to uart0.o(.data) for Messageindexb
    uart0.o(i.fillmessageb) refers to uart0.o(.data) for Messageb
    uart0.o(i.outnibble) refers to uart0.o(i.UART0_OutChar) for UART0_OutChar
    uart1.o(i.EUSCIA2_IRQHandler) refers to uart1.o(i.RxFifo_Put) for RxFifo_Put
    uart1.o(i.RxFifo_Get) refers to uart1.o(.data) for RxPutI
    uart1.o(i.RxFifo_Get) refers to uart1.o(.bss) for RxFIFO
    uart1.o(i.RxFifo_Init) refers to uart1.o(.data) for RxGetI
    uart1.o(i.RxFifo_Put) refers to uart1.o(.data) for RxPutI
    uart1.o(i.RxFifo_Put) refers to uart1.o(.bss) for RxFIFO
    uart1.o(i.UART1_InChar) refers to uart1.o(i.RxFifo_Get) for RxFifo_Get
    uart1.o(i.UART1_InStatus) refers to uart1.o(.data) for RxPutI
    uart1.o(i.UART1_Init) refers to uart1.o(i.RxFifo_Init) for RxFifo_Init
    uart1.o(i.UART1_OutString) refers to uart1.o(i.UART1_OutChar) for UART1_OutChar
    ap.o(i.AP_AddCharacteristic) refers to uart0.o(i.UART0_OutString) for UART0_OutString
    ap.o(i.AP_AddCharacteristic) refers to ap.o(i.AP_SendMessageResponse) for AP_SendMessageResponse
    ap.o(i.AP_AddCharacteristic) refers to ap.o(.data) for CharacteristicCount
    ap.o(i.AP_AddCharacteristic) refers to ap.o(.bss) for RecvBuf
    ap.o(i.AP_AddNotifyCharacteristic) refers to uart0.o(i.UART0_OutString) for UART0_OutString
    ap.o(i.AP_AddNotifyCharacteristic) refers to ap.o(i.AP_SendMessageResponse) for AP_SendMessageResponse
    ap.o(i.AP_AddNotifyCharacteristic) refers to ap.o(.data) for NotifyCharacteristicCount
    ap.o(i.AP_AddNotifyCharacteristic) refers to ap.o(.bss) for RecvBuf
    ap.o(i.AP_AddService) refers to uart0.o(i.UART0_OutString) for UART0_OutString
    ap.o(i.AP_AddService) refers to ap.o(i.AP_SendMessageResponse) for AP_SendMessageResponse
    ap.o(i.AP_AddService) refers to ap.o(.data) for NPI_AddService
    ap.o(i.AP_AddService) refers to ap.o(.bss) for RecvBuf
    ap.o(i.AP_BackgroundProcess) refers to ap.o(i.AP_RecvStatus) for AP_RecvStatus
    ap.o(i.AP_BackgroundProcess) refers to ap.o(i.AP_RecvMessage) for AP_RecvMessage
    ap.o(i.AP_BackgroundProcess) refers to uart0.o(i.UART0_OutString) for UART0_OutString
    ap.o(i.AP_BackgroundProcess) refers to ap.o(i.AP_EchoReceived) for AP_EchoReceived
    ap.o(i.AP_BackgroundProcess) refers to ap.o(i.AP_SendMessage) for AP_SendMessage
    ap.o(i.AP_BackgroundProcess) refers to ap.o(i.AP_EchoSendMessage) for AP_EchoSendMessage
    ap.o(i.AP_BackgroundProcess) refers to ap.o(.bss) for RecvBuf
    ap.o(i.AP_BackgroundProcess) refers to ap.o(.data) for NPI_WriteConfirmation
    ap.o(i.AP_EchoReceived) refers to uart0.o(i.UART0_OutString) for UART0_OutString
    ap.o(i.AP_EchoReceived) refers to ap.o(i.AP_GetSize) for AP_GetSize
    ap.o(i.AP_EchoReceived) refers to uart0.o(i.UART0_OutUHex2) for UART0_OutUHex2
    ap.o(i.AP_EchoReceived) refers to uart0.o(i.UART0_OutChar) for UART0_OutChar
    ap.o(i.AP_EchoReceived) refers to ap.o(.bss) for RecvBuf
    ap.o(i.AP_EchoSendMessage) refers to ap.o(i.AP_GetSize) for AP_GetSize
    ap.o(i.AP_EchoSendMessage) refers to uart0.o(i.UART0_OutString) for UART0_OutString
    ap.o(i.AP_EchoSendMessage) refers to uart0.o(i.UART0_OutUHex2) for UART0_OutUHex2
    ap.o(i.AP_EchoSendMessage) refers to uart0.o(i.UART0_OutChar) for UART0_OutChar
    ap.o(i.AP_GetNotifyCCCD) refers to ap.o(.bss) for NotifyCharacteristicList
    ap.o(i.AP_GetStatus) refers to uart0.o(i.UART0_OutString) for UART0_OutString
    ap.o(i.AP_GetStatus) refers to ap.o(i.AP_SendMessageResponse) for AP_SendMessageResponse
    ap.o(i.AP_GetStatus) refers to ap.o(.bss) for RecvBuf
    ap.o(i.AP_GetStatus) refers to ap.o(.constdata) for NPI_GetStatus
    ap.o(i.AP_GetVersion) refers to uart0.o(i.UART0_OutString) for UART0_OutString
    ap.o(i.AP_GetVersion) refers to ap.o(i.AP_SendMessageResponse) for AP_SendMessageResponse
    ap.o(i.AP_GetVersion) refers to ap.o(.bss) for RecvBuf
    ap.o(i.AP_GetVersion) refers to ap.o(.constdata) for NPI_GetVersion
    ap.o(i.AP_Init) refers to gpio.o(i.GPIO_Init) for GPIO_Init
    ap.o(i.AP_Init) refers to uart0.o(i.UART0_Init) for UART0_Init
    ap.o(i.AP_Init) refers to uart0.o(i.UART0_OutString) for UART0_OutString
    ap.o(i.AP_Init) refers to uart1.o(i.UART1_Init) for UART1_Init
    ap.o(i.AP_Init) refers to ap.o(i.AP_Reset) for AP_Reset
    ap.o(i.AP_Init) refers to ap.o(i.AP_RecvStatus) for AP_RecvStatus
    ap.o(i.AP_Init) refers to ap.o(i.AP_RecvMessage) for AP_RecvMessage
    ap.o(i.AP_Init) refers to ap.o(i.AP_SendMessageResponse) for AP_SendMessageResponse
    ap.o(i.AP_Init) refers to ap.o(.data) for fcserr
    ap.o(i.AP_Init) refers to ap.o(.bss) for RecvBuf
    ap.o(i.AP_Init) refers to ap.o(.constdata) for HCI_EXT_ResetSystemCmd
    ap.o(i.AP_RecvMessage) refers to uart1.o(i.UART1_InChar) for UART1_InChar
    ap.o(i.AP_RecvMessage) refers to ap.o(.data) for TimeOutErr
    ap.o(i.AP_RegisterService) refers to uart0.o(i.UART0_OutString) for UART0_OutString
    ap.o(i.AP_RegisterService) refers to ap.o(i.AP_SendMessageResponse) for AP_SendMessageResponse
    ap.o(i.AP_RegisterService) refers to ap.o(.bss) for RecvBuf
    ap.o(i.AP_RegisterService) refers to ap.o(.constdata) for NPI_Register
    ap.o(i.AP_Reset) refers to cortexm.o(i.Clock_Delay1ms) for Clock_Delay1ms
    ap.o(i.AP_SendMessage) refers to ap.o(i.AP_GetSize) for AP_GetSize
    ap.o(i.AP_SendMessage) refers to uart1.o(i.UART1_OutChar) for UART1_OutChar
    ap.o(i.AP_SendMessage) refers to uart1.o(i.UART1_FinishOutput) for UART1_FinishOutput
    ap.o(i.AP_SendMessage) refers to ap.o(.data) for TimeOutErr
    ap.o(i.AP_SendMessageResponse) refers to ap.o(i.AP_SendMessage) for AP_SendMessage
    ap.o(i.AP_SendMessageResponse) refers to ap.o(i.AP_RecvMessage) for AP_RecvMessage
    ap.o(i.AP_SendMessageResponse) refers to ap.o(i.AP_EchoSendMessage) for AP_EchoSendMessage
    ap.o(i.AP_SendMessageResponse) refers to ap.o(i.AP_EchoReceived) for AP_EchoReceived
    ap.o(i.AP_SendNotification) refers to uart0.o(i.UART0_OutString) for UART0_OutString
    ap.o(i.AP_SendNotification) refers to uart0.o(i.UART0_OutUHex) for UART0_OutUHex
    ap.o(i.AP_SendNotification) refers to ap.o(i.AP_SendMessageResponse) for AP_SendMessageResponse
    ap.o(i.AP_SendNotification) refers to ap.o(.data) for NotifyCharacteristicCount
    ap.o(i.AP_SendNotification) refers to ap.o(.bss) for NotifyCharacteristicList
    ap.o(i.AP_StartAdvertisement) refers to uart0.o(i.UART0_OutString) for UART0_OutString
    ap.o(i.AP_StartAdvertisement) refers to ap.o(i.AP_SendMessageResponse) for AP_SendMessageResponse
    ap.o(i.AP_StartAdvertisement) refers to ap.o(.bss) for RecvBuf
    ap.o(i.AP_StartAdvertisement) refers to ap.o(.data) for NPI_GATTSetDeviceName
    ap.o(i.AP_StartAdvertisement) refers to ap.o(.constdata) for NPI_SetAdvertisement1
    startup_msp432p401r_uvision.o(STACK) refers (Special) to heapauxi.o(.text) for __use_two_region_memory
    startup_msp432p401r_uvision.o(HEAP) refers (Special) to heapauxi.o(.text) for __use_two_region_memory
    startup_msp432p401r_uvision.o(RESET) refers (Special) to heapauxi.o(.text) for __use_two_region_memory
    startup_msp432p401r_uvision.o(RESET) refers to startup_msp432p401r_uvision.o(STACK) for __initial_sp
    startup_msp432p401r_uvision.o(RESET) refers to startup_msp432p401r_uvision.o(.text) for Reset_Handler
    startup_msp432p401r_uvision.o(RESET) refers to uart1.o(i.EUSCIA2_IRQHandler) for EUSCIA2_IRQHandler
    startup_msp432p401r_uvision.o(.text) refers (Special) to heapauxi.o(.text) for __use_two_region_memory
    startup_msp432p401r_uvision.o(.text) refers to system_msp432p401r.o(i.SystemInit) for SystemInit
    startup_msp432p401r_uvision.o(.text) refers to __main.o(!!!main) for __main
    startup_msp432p401r_uvision.o(.text) refers to startup_msp432p401r_uvision.o(HEAP) for Heap_Mem
    startup_msp432p401r_uvision.o(.text) refers to startup_msp432p401r_uvision.o(STACK) for Stack_Mem
    system_msp432p401r.o(i.SystemCoreClockUpdate) refers to fflt_clz.o(x$fpl$fflt) for __aeabi_i2f
    system_msp432p401r.o(i.SystemCoreClockUpdate) refers to fmul.o(x$fpl$fmul) for __aeabi_fmul
    system_msp432p401r.o(i.SystemCoreClockUpdate) refers to faddsub_clz.o(x$fpl$fadd) for __aeabi_fadd
    system_msp432p401r.o(i.SystemCoreClockUpdate) refers to fdiv.o(x$fpl$fdiv) for __aeabi_fdiv
    system_msp432p401r.o(i.SystemCoreClockUpdate) refers to faddsub_clz.o(x$fpl$frsb) for __aeabi_frsub
    system_msp432p401r.o(i.SystemCoreClockUpdate) refers to fflt_clz.o(x$fpl$ffltu) for __aeabi_ui2f
    system_msp432p401r.o(i.SystemCoreClockUpdate) refers to ffixu.o(x$fpl$ffixu) for __aeabi_f2uiz
    system_msp432p401r.o(i.SystemCoreClockUpdate) refers to system_msp432p401r.o(.data) for SystemCoreClock
    __main.o(!!!main) refers to __rtentry.o(.ARM.Collect$$rtentry$$00000000) for __rt_entry
    faddsub_clz.o(x$fpl$fadd) refers (Special) to usenofp.o(x$fpl$usenofp) for __I$use$fp
    faddsub_clz.o(x$fpl$fadd) refers to faddsub_clz.o(x$fpl$fsub) for _fsub1
    faddsub_clz.o(x$fpl$fadd) refers to fretinf.o(x$fpl$fretinf) for __fpl_fretinf
    faddsub_clz.o(x$fpl$fadd) refers to fnaninf.o(x$fpl$fnaninf) for __fpl_fnaninf
    faddsub_clz.o(x$fpl$frsb) refers (Special) to usenofp.o(x$fpl$usenofp) for __I$use$fp
    faddsub_clz.o(x$fpl$frsb) refers to faddsub_clz.o(x$fpl$fadd) for _fadd1
    faddsub_clz.o(x$fpl$frsb) refers to faddsub_clz.o(x$fpl$fsub) for _fsub1
    faddsub_clz.o(x$fpl$fsub) refers (Special) to usenofp.o(x$fpl$usenofp) for __I$use$fp
    faddsub_clz.o(x$fpl$fsub) refers to faddsub_clz.o(x$fpl$fadd) for _fadd1
    faddsub_clz.o(x$fpl$fsub) refers to fnaninf.o(x$fpl$fnaninf) for __fpl_fnaninf
    fdiv.o(x$fpl$frdiv) refers (Special) to usenofp.o(x$fpl$usenofp) for __I$use$fp
    fdiv.o(x$fpl$frdiv) refers to fdiv.o(x$fpl$fdiv) for _fdiv1
    fdiv.o(x$fpl$fdiv) refers (Special) to usenofp.o(x$fpl$usenofp) for __I$use$fp
    fdiv.o(x$fpl$fdiv) refers to fretinf.o(x$fpl$fretinf) for __fpl_fretinf
    fdiv.o(x$fpl$fdiv) refers to fnaninf.o(x$fpl$fnaninf) for __fpl_fnaninf
    ffixu.o(x$fpl$ffixu) refers (Special) to usenofp.o(x$fpl$usenofp) for __I$use$fp
    ffixu.o(x$fpl$ffixu) refers to fnaninf.o(x$fpl$fnaninf) for __fpl_fnaninf
    ffixu.o(x$fpl$ffixur) refers (Special) to usenofp.o(x$fpl$usenofp) for __I$use$fp
    ffixu.o(x$fpl$ffixur) refers to fnaninf.o(x$fpl$fnaninf) for __fpl_fnaninf
    fflt_clz.o(x$fpl$ffltu) refers (Special) to usenofp.o(x$fpl$usenofp) for __I$use$fp
    fflt_clz.o(x$fpl$fflt) refers (Special) to usenofp.o(x$fpl$usenofp) for __I$use$fp
    fflt_clz.o(x$fpl$ffltn) refers (Special) to usenofp.o(x$fpl$usenofp) for __I$use$fp
    fmul.o(x$fpl$fmul) refers (Special) to usenofp.o(x$fpl$usenofp) for __I$use$fp
    fmul.o(x$fpl$fmul) refers to fretinf.o(x$fpl$fretinf) for __fpl_fretinf
    fmul.o(x$fpl$fmul) refers to fnaninf.o(x$fpl$fnaninf) for __fpl_fnaninf
    __rtentry.o(.ARM.Collect$$rtentry$$00000000) refers (Special) to __rtentry2.o(.ARM.Collect$$rtentry$$0000000A) for __rt_entry_li
    __rtentry.o(.ARM.Collect$$rtentry$$00000000) refers (Special) to __rtentry2.o(.ARM.Collect$$rtentry$$0000000D) for __rt_entry_main
    __rtentry.o(.ARM.Collect$$rtentry$$00000000) refers (Special) to __rtentry2.o(.ARM.Collect$$rtentry$$0000000C) for __rt_entry_postli_1
    __rtentry.o(.ARM.Collect$$rtentry$$00000000) refers (Special) to __rtentry2.o(.ARM.Collect$$rtentry$$00000009) for __rt_entry_postsh_1
    __rtentry.o(.ARM.Collect$$rtentry$$00000000) refers (Special) to __rtentry2.o(.ARM.Collect$$rtentry$$00000002) for __rt_entry_presh_1
    __rtentry.o(.ARM.Collect$$rtentry$$00000000) refers (Special) to __rtentry4.o(.ARM.Collect$$rtentry$$00000004) for __rt_entry_sh
    fnaninf.o(x$fpl$fnaninf) refers (Special) to usenofp.o(x$fpl$usenofp) for __I$use$fp
    fretinf.o(x$fpl$fretinf) refers (Special) to usenofp.o(x$fpl$usenofp) for __I$use$fp
    __rtentry2.o(.ARM.Collect$$rtentry$$00000008) refers to boardinit2.o(.text) for _platform_post_stackheap_init
    __rtentry2.o(.ARM.Collect$$rtentry$$0000000A) refers to libinit.o(.ARM.Collect$$libinit$$00000000) for __rt_lib_init
    __rtentry2.o(.ARM.Collect$$rtentry$$0000000B) refers to boardinit3.o(.text) for _platform_post_lib_init
    __rtentry2.o(.ARM.Collect$$rtentry$$0000000D) refers to verysimpleapplicationprocessor.o(i.main) for main
    __rtentry2.o(.ARM.Collect$$rtentry$$0000000D) refers to exit.o(.text) for exit
    __rtentry2.o(.ARM.exidx) refers to __rtentry2.o(.ARM.Collect$$rtentry$$00000001) for .ARM.Collect$$rtentry$$00000001
    __rtentry2.o(.ARM.exidx) refers to __rtentry2.o(.ARM.Collect$$rtentry$$00000008) for .ARM.Collect$$rtentry$$00000008
    __rtentry2.o(.ARM.exidx) refers to __rtentry2.o(.ARM.Collect$$rtentry$$0000000A) for .ARM.Collect$$rtentry$$0000000A
    __rtentry2.o(.ARM.exidx) refers to __rtentry2.o(.ARM.Collect$$rtentry$$0000000B) for .ARM.Collect$$rtentry$$0000000B
    __rtentry2.o(.ARM.exidx) refers to __rtentry2.o(.ARM.Collect$$rtentry$$0000000D) for .ARM.Collect$$rtentry$$0000000D
    __rtentry4.o(.ARM.Collect$$rtentry$$00000004) refers to sys_stackheap_outer.o(.text) for __user_setup_stackheap
    __rtentry4.o(.ARM.exidx) refers to __rtentry4.o(.ARM.Collect$$rtentry$$00000004) for .ARM.Collect$$rtentry$$00000004
    sys_stackheap_outer.o(.text) refers to libspace.o(.text) for __user_perproc_libspace
    sys_stackheap_outer.o(.text) refers to startup_msp432p401r_uvision.o(.text) for __user_initial_stackheap
    exit.o(.text) refers to rtexit.o(.ARM.Collect$$rtexit$$00000000) for __rt_exit
    libinit.o(.ARM.Collect$$libinit$$00000000) refers (Special) to libinit2.o(.ARM.Collect$$libinit$$0000002E) for __rt_lib_init_alloca_1
    libinit.o(.ARM.Collect$$libinit$$00000000) refers (Special) to libinit2.o(.ARM.Collect$$libinit$$0000002C) for __rt_lib_init_argv_1
    libinit.o(.ARM.Collect$$libinit$$00000000) refers (Special) to libinit2.o(.ARM.Collect$$libinit$$0000001B) for __rt_lib_init_atexit_1
    libinit.o(.ARM.Collect$$libinit$$00000000) refers (Special) to libinit2.o(.ARM.Collect$$libinit$$00000021) for __rt_lib_init_clock_1
    libinit.o(.ARM.Collect$$libinit$$00000000) refers (Special) to libinit2.o(.ARM.Collect$$libinit$$00000032) for __rt_lib_init_cpp_1
    libinit.o(.ARM.Collect$$libinit$$00000000) refers (Special) to libinit2.o(.ARM.Collect$$libinit$$00000030) for __rt_lib_init_exceptions_1
    libinit.o(.ARM.Collect$$libinit$$00000000) refers (Special) to libinit2.o(.ARM.Collect$$libinit$$00000002) for __rt_lib_init_fp_1
    libinit.o(.ARM.Collect$$libinit$$00000000) refers (Special) to libinit2.o(.ARM.Collect$$libinit$$0000001F) for __rt_lib_init_fp_trap_1
    libinit.o(.ARM.Collect$$libinit$$00000000) refers (Special) to libinit2.o(.ARM.Collect$$libinit$$00000023) for __rt_lib_init_getenv_1
    libinit.o(.ARM.Collect$$libinit$$00000000) refers (Special) to libinit2.o(.ARM.Collect$$libinit$$0000000A) for __rt_lib_init_heap_1
    libinit.o(.ARM.Collect$$libinit$$00000000) refers (Special) to libinit2.o(.ARM.Collect$$libinit$$00000011) for __rt_lib_init_lc_collate_1
    libinit.o(.ARM.Collect$$libinit$$00000000) refers (Special) to libinit2.o(.ARM.Collect$$libinit$$00000013) for __rt_lib_init_lc_ctype_1
    libinit.o(.ARM.Collect$$libinit$$00000000) refers (Special) to libinit2.o(.ARM.Collect$$libinit$$00000015) for __rt_lib_init_lc_monetary_1
    libinit.o(.ARM.Collect$$libinit$$00000000) refers (Special) to libinit2.o(.ARM.Collect$$libinit$$00000017) for __rt_lib_init_lc_numeric_1
    libinit.o(.ARM.Collect$$libinit$$00000000) refers (Special) to libinit2.o(.ARM.Collect$$libinit$$00000019) for __rt_lib_init_lc_time_1
    libinit.o(.ARM.Collect$$libinit$$00000000) refers (Special) to libinit2.o(.ARM.Collect$$libinit$$00000004) for __rt_lib_init_preinit_1
    libinit.o(.ARM.Collect$$libinit$$00000000) refers (Special) to libinit2.o(.ARM.Collect$$libinit$$0000000E) for __rt_lib_init_rand_1
    libinit.o(.ARM.Collect$$libinit$$00000000) refers (Special) to libinit2.o(.ARM.Collect$$libinit$$00000033) for __rt_lib_init_return
    libinit.o(.ARM.Collect$$libinit$$00000000) refers (Special) to libinit2.o(.ARM.Collect$$libinit$$0000001D) for __rt_lib_init_signal_1
    libinit.o(.ARM.Collect$$libinit$$00000000) refers (Special) to libinit2.o(.ARM.Collect$$libinit$$00000025) for __rt_lib_init_stdio_1
    libinit.o(.ARM.Collect$$libinit$$00000000) refers (Special) to libinit2.o(.ARM.Collect$$libinit$$0000000C) for __rt_lib_init_user_alloc_1
    libspace.o(.text) refers to libspace.o(.bss) for __libspace_start
    rtexit.o(.ARM.Collect$$rtexit$$00000000) refers (Special) to rtexit2.o(.ARM.Collect$$rtexit$$00000004) for __rt_exit_exit
    rtexit.o(.ARM.Collect$$rtexit$$00000000) refers (Special) to rtexit2.o(.ARM.Collect$$rtexit$$00000003) for __rt_exit_ls
    rtexit.o(.ARM.Collect$$rtexit$$00000000) refers (Special) to rtexit2.o(.ARM.Collect$$rtexit$$00000002) for __rt_exit_prels_1
    rtexit.o(.ARM.exidx) refers (Special) to rtexit2.o(.ARM.Collect$$rtexit$$00000004) for __rt_exit_exit
    rtexit.o(.ARM.exidx) refers (Special) to rtexit2.o(.ARM.Collect$$rtexit$$00000003) for __rt_exit_ls
    rtexit.o(.ARM.exidx) refers (Special) to rtexit2.o(.ARM.Collect$$rtexit$$00000002) for __rt_exit_prels_1
    rtexit.o(.ARM.exidx) refers to rtexit.o(.ARM.Collect$$rtexit$$00000000) for .ARM.Collect$$rtexit$$00000000
    libinit2.o(.ARM.Collect$$libinit$$00000010) refers to libinit2.o(.ARM.Collect$$libinit$$0000000F) for .ARM.Collect$$libinit$$0000000F
    libinit2.o(.ARM.Collect$$libinit$$00000012) refers to libinit2.o(.ARM.Collect$$libinit$$0000000F) for .ARM.Collect$$libinit$$0000000F
    libinit2.o(.ARM.Collect$$libinit$$00000014) refers to libinit2.o(.ARM.Collect$$libinit$$0000000F) for .ARM.Collect$$libinit$$0000000F
    libinit2.o(.ARM.Collect$$libinit$$00000016) refers to libinit2.o(.ARM.Collect$$libinit$$0000000F) for .ARM.Collect$$libinit$$0000000F
    libinit2.o(.ARM.Collect$$libinit$$00000018) refers to libinit2.o(.ARM.Collect$$libinit$$0000000F) for .ARM.Collect$$libinit$$0000000F
    libinit2.o(.ARM.Collect$$libinit$$00000026) refers to argv_veneer.o(.emb_text) for __ARM_argv_veneer
    libinit2.o(.ARM.Collect$$libinit$$00000027) refers to argv_veneer.o(.emb_text) for __ARM_argv_veneer
    rtexit2.o(.ARM.Collect$$rtexit$$00000003) refers to libshutdown.o(.ARM.Collect$$libshutdown$$00000000) for __rt_lib_shutdown
    rtexit2.o(.ARM.Collect$$rtexit$$00000004) refers to sys_exit.o(.text) for _sys_exit
    rtexit2.o(.ARM.exidx) refers to rtexit2.o(.ARM.Collect$$rtexit$$00000001) for .ARM.Collect$$rtexit$$00000001
    rtexit2.o(.ARM.exidx) refers to rtexit2.o(.ARM.Collect$$rtexit$$00000003) for .ARM.Collect$$rtexit$$00000003
    rtexit2.o(.ARM.exidx) refers to rtexit2.o(.ARM.Collect$$rtexit$$00000004) for .ARM.Collect$$rtexit$$00000004
    argv_veneer.o(.emb_text) refers to no_argv.o(.text) for __ARM_get_argv
    sys_exit.o(.text) refers (Special) to use_no_semi.o(.text) for __I$use$semihosting
    sys_exit.o(.text) refers (Special) to indicate_semi.o(.text) for __semihosting_library_function
    _get_argv_nomalloc.o(.text) refers (Special) to hrguard.o(.text) for __heap_region$guard
    _get_argv_nomalloc.o(.text) refers to defsig_rtmem_outer.o(.text) for __rt_SIGRTMEM
    _get_argv_nomalloc.o(.text) refers to sys_command.o(.text) for _sys_command_string
    libshutdown.o(.ARM.Collect$$libshutdown$$00000000) refers (Special) to libshutdown2.o(.ARM.Collect$$libshutdown$$00000002) for __rt_lib_shutdown_cpp_1
    libshutdown.o(.ARM.Collect$$libshutdown$$00000000) refers (Special) to libshutdown2.o(.ARM.Collect$$libshutdown$$00000007) for __rt_lib_shutdown_fp_trap_1
    libshutdown.o(.ARM.Collect$$libshutdown$$00000000) refers (Special) to libshutdown2.o(.ARM.Collect$$libshutdown$$0000000F) for __rt_lib_shutdown_heap_1
    libshutdown.o(.ARM.Collect$$libshutdown$$00000000) refers (Special) to libshutdown2.o(.ARM.Collect$$libshutdown$$00000010) for __rt_lib_shutdown_return
    libshutdown.o(.ARM.Collect$$libshutdown$$00000000) refers (Special) to libshutdown2.o(.ARM.Collect$$libshutdown$$0000000A) for __rt_lib_shutdown_signal_1
    libshutdown.o(.ARM.Collect$$libshutdown$$00000000) refers (Special) to libshutdown2.o(.ARM.Collect$$libshutdown$$00000004) for __rt_lib_shutdown_stdio_1
    libshutdown.o(.ARM.Collect$$libshutdown$$00000000) refers (Special) to libshutdown2.o(.ARM.Collect$$libshutdown$$0000000C) for __rt_lib_shutdown_user_alloc_1
    sys_command.o(.text) refers (Special) to use_no_semi.o(.text) for __I$use$semihosting
    sys_command.o(.text) refers (Special) to indicate_semi.o(.text) for __semihosting_library_function
    defsig_rtmem_outer.o(.text) refers to defsig_rtmem_inner.o(.text) for __rt_SIGRTMEM_inner
    defsig_rtmem_outer.o(.text) refers to defsig_exit.o(.text) for __sig_exit
    defsig_rtmem_formal.o(.text) refers to rt_raise.o(.text) for __rt_raise
    rt_raise.o(.text) refers to __raise.o(.text) for __raise
    rt_raise.o(.text) refers to sys_exit.o(.text) for _sys_exit
    defsig_exit.o(.text) refers to sys_exit.o(.text) for _sys_exit
    defsig_rtmem_inner.o(.text) refers to defsig_general.o(.text) for __default_signal_display
    __raise.o(.text) refers to defsig.o(CL$$defsig) for __default_signal_handler
    defsig_general.o(.text) refers to sys_wrch.o(.text) for _ttywrch
    sys_wrch.o(.text) refers (Special) to use_no_semi.o(.text) for __I$use$semihosting
    sys_wrch.o(.text) refers (Special) to indicate_semi.o(.text) for __semihosting_library_function
    defsig.o(CL$$defsig) refers to defsig_rtmem_inner.o(.text) for __rt_SIGRTMEM_inner
    defsig_abrt_inner.o(.text) refers to defsig_general.o(.text) for __default_signal_display
    defsig_fpe_inner.o(.text) refers to defsig_general.o(.text) for __default_signal_display
    defsig_rtred_inner.o(.text) refers to defsig_general.o(.text) for __default_signal_display
    defsig_stak_inner.o(.text) refers to defsig_general.o(.text) for __default_signal_display
    defsig_pvfn_inner.o(.text) refers to defsig_general.o(.text) for __default_signal_display
    defsig_cppl_inner.o(.text) refers to defsig_general.o(.text) for __default_signal_display
    defsig_segv_inner.o(.text) refers to defsig_general.o(.text) for __default_signal_display
    defsig_other.o(.text) refers to defsig_general.o(.text) for __default_signal_display


==============================================================================

Removing Unused input sections from the image.

    Removing clock.o(.rev16_text), (4 bytes).
    Removing clock.o(.revsh_text), (4 bytes).
    Removing clock.o(.rrx_text), (6 bytes).
    Removing clock.o(i.Clock_GetFreq), (12 bytes).
    Removing uart0.o(.rev16_text), (4 bytes).
    Removing uart0.o(.revsh_text), (4 bytes).
    Removing uart0.o(.rrx_text), (6 bytes).
    Removing uart0.o(i.UART0_InChar), (28 bytes).
    Removing uart0.o(i.UART0_InString), (66 bytes).
    Removing uart0.o(i.UART0_InUDec), (76 bytes).
    Removing uart0.o(i.UART0_InUHex), (104 bytes).
    Removing uart0.o(i.UART0_OutUDec), (42 bytes).
    Removing uart0.o(i.UART0_OutUDec4), (68 bytes).
    Removing uart0.o(i.UART0_OutUDec5), (68 bytes).
    Removing uart0.o(i.UART0_OutUFix1), (40 bytes).
    Removing uart0.o(i.fillmessage4b), (88 bytes).
    Removing uart0.o(i.fillmessage5b), (128 bytes).
    Removing uart0.o(i.fillmessageb), (72 bytes).
    Removing uart0.o(.data), (12 bytes).
    Removing uart1.o(.rev16_text), (4 bytes).
    Removing uart1.o(.revsh_text), (4 bytes).
    Removing uart1.o(.rrx_text), (6 bytes).
    Removing uart1.o(i.UART1_InStatus), (24 bytes).
    Removing uart1.o(i.UART1_OutString), (22 bytes).
    Removing ap.o(.rev16_text), (4 bytes).
    Removing ap.o(.revsh_text), (4 bytes).
    Removing ap.o(.rrx_text), (6 bytes).
    Removing ap.o(i.AP_AddCharacteristic), (352 bytes).
    Removing ap.o(i.AP_AddNotifyCharacteristic), (416 bytes).
    Removing ap.o(i.AP_AddService), (60 bytes).
    Removing ap.o(i.AP_BackgroundProcess), (520 bytes).
    Removing ap.o(i.AP_GetNotifyCCCD), (20 bytes).
    Removing ap.o(i.AP_GetStatus), (76 bytes).
    Removing ap.o(i.AP_GetVersion), (60 bytes).
    Removing ap.o(i.AP_RegisterService), (52 bytes).
    Removing ap.o(i.AP_SendNotification), (208 bytes).
    Removing ap.o(i.AP_StartAdvertisement), (188 bytes).
    Removing launchpad.o(.rev16_text), (4 bytes).
    Removing launchpad.o(.revsh_text), (4 bytes).
    Removing launchpad.o(.rrx_text), (6 bytes).
    Removing gpio.o(.rev16_text), (4 bytes).
    Removing gpio.o(.revsh_text), (4 bytes).
    Removing gpio.o(.rrx_text), (6 bytes).
    Removing system_msp432p401r.o(.rev16_text), (4 bytes).
    Removing system_msp432p401r.o(.revsh_text), (4 bytes).
    Removing system_msp432p401r.o(.rrx_text), (6 bytes).
    Removing system_msp432p401r.o(i.SystemCoreClockUpdate), (612 bytes).
    Removing system_msp432p401r.o(.data), (4 bytes).

48 unused section(s) (total 3516 bytes) removed from the image.

==============================================================================

Image Symbol Table

    Local Symbols

    Symbol Name                              Value     Ov Type        Size  Object(Section)

    RESET                                    0x00000000   Section      324  startup_msp432p401r_uvision.o(RESET)
    ../clib/angel/boardlib.s                 0x00000000   Number         0  boardinit3.o ABSOLUTE
    ../clib/angel/boardlib.s                 0x00000000   Number         0  boardinit2.o ABSOLUTE
    ../clib/angel/boardlib.s                 0x00000000   Number         0  boardinit1.o ABSOLUTE
    ../clib/angel/boardlib.s                 0x00000000   Number         0  boardshut.o ABSOLUTE
    ../clib/angel/dczerorl2.s                0x00000000   Number         0  __dczerorl2.o ABSOLUTE
    ../clib/angel/handlers.s                 0x00000000   Number         0  __scatter_zi.o ABSOLUTE
    ../clib/angel/kernel.s                   0x00000000   Number         0  __rtentry4.o ABSOLUTE
    ../clib/angel/kernel.s                   0x00000000   Number         0  rtexit.o ABSOLUTE
    ../clib/angel/kernel.s                   0x00000000   Number         0  rtexit2.o ABSOLUTE
    ../clib/angel/kernel.s                   0x00000000   Number         0  __rtentry2.o ABSOLUTE
    ../clib/angel/kernel.s                   0x00000000   Number         0  __rtentry.o ABSOLUTE
    ../clib/angel/rt.s                       0x00000000   Number         0  rt_raise.o ABSOLUTE
    ../clib/angel/scatter.s                  0x00000000   Number         0  __scatter.o ABSOLUTE
    ../clib/angel/startup.s                  0x00000000   Number         0  __main.o ABSOLUTE
    ../clib/angel/sys.s                      0x00000000   Number         0  libspace.o ABSOLUTE
    ../clib/angel/sys.s                      0x00000000   Number         0  sys_stackheap_outer.o ABSOLUTE
    ../clib/angel/sys.s                      0x00000000   Number         0  use_no_semi.o ABSOLUTE
    ../clib/angel/sys.s                      0x00000000   Number         0  indicate_semi.o ABSOLUTE
    ../clib/angel/sysapp.c                   0x00000000   Number         0  sys_exit.o ABSOLUTE
    ../clib/angel/sysapp.c                   0x00000000   Number         0  sys_command.o ABSOLUTE
    ../clib/angel/sysapp.c                   0x00000000   Number         0  sys_wrch.o ABSOLUTE
    ../clib/armsys.c                         0x00000000   Number         0  argv_veneer.o ABSOLUTE
    ../clib/armsys.c                         0x00000000   Number         0  argv_veneer.o ABSOLUTE
    ../clib/armsys.c                         0x00000000   Number         0  _get_argv_nomalloc.o ABSOLUTE
    ../clib/armsys.c                         0x00000000   Number         0  no_argv.o ABSOLUTE
    ../clib/heapalloc.c                      0x00000000   Number         0  hrguard.o ABSOLUTE
    ../clib/heapaux.c                        0x00000000   Number         0  heapauxi.o ABSOLUTE
    ../clib/libinit.s                        0x00000000   Number         0  libinit2.o ABSOLUTE
    ../clib/libinit.s                        0x00000000   Number         0  libshutdown.o ABSOLUTE
    ../clib/libinit.s                        0x00000000   Number         0  libshutdown2.o ABSOLUTE
    ../clib/libinit.s                        0x00000000   Number         0  libinit.o ABSOLUTE
    ../clib/signal.c                         0x00000000   Number         0  defsig_stak_inner.o ABSOLUTE
    ../clib/signal.c                         0x00000000   Number         0  defsig_rtred_inner.o ABSOLUTE
    ../clib/signal.c                         0x00000000   Number         0  defsig_fpe_inner.o ABSOLUTE
    ../clib/signal.c                         0x00000000   Number         0  defsig_general.o ABSOLUTE
    ../clib/signal.c                         0x00000000   Number         0  __raise.o ABSOLUTE
    ../clib/signal.c                         0x00000000   Number         0  defsig_rtmem_inner.o ABSOLUTE
    ../clib/signal.c                         0x00000000   Number         0  defsig_exit.o ABSOLUTE
    ../clib/signal.c                         0x00000000   Number         0  defsig_abrt_inner.o ABSOLUTE
    ../clib/signal.c                         0x00000000   Number         0  defsig_rtmem_formal.o ABSOLUTE
    ../clib/signal.c                         0x00000000   Number         0  defsig_rtmem_outer.o ABSOLUTE
    ../clib/signal.c                         0x00000000   Number         0  defsig_other.o ABSOLUTE
    ../clib/signal.c                         0x00000000   Number         0  defsig_segv_inner.o ABSOLUTE
    ../clib/signal.c                         0x00000000   Number         0  defsig_cppl_inner.o ABSOLUTE
    ../clib/signal.c                         0x00000000   Number         0  defsig_pvfn_inner.o ABSOLUTE
    ../clib/signal.s                         0x00000000   Number         0  defsig.o ABSOLUTE
    ../clib/stdlib.c                         0x00000000   Number         0  exit.o ABSOLUTE
    ../fplib/faddsub.s                       0x00000000   Number         0  faddsub_clz.o ABSOLUTE
    ../fplib/fdiv.s                          0x00000000   Number         0  fdiv.o ABSOLUTE
    ../fplib/ffixu.s                         0x00000000   Number         0  ffixu.o ABSOLUTE
    ../fplib/fflt.s                          0x00000000   Number         0  fflt_clz.o ABSOLUTE
    ../fplib/fmul.s                          0x00000000   Number         0  fmul.o ABSOLUTE
    ../fplib/fnaninf.s                       0x00000000   Number         0  fnaninf.o ABSOLUTE
    ../fplib/fpinit.s                        0x00000000   Number         0  fpinit.o ABSOLUTE
    ../fplib/fretinf.s                       0x00000000   Number         0  fretinf.o ABSOLUTE
    ../fplib/usenofp.s                       0x00000000   Number         0  usenofp.o ABSOLUTE
    ..\\inc\\AP.c                            0x00000000   Number         0  ap.o ABSOLUTE
    ..\\inc\\Clock.c                         0x00000000   Number         0  clock.o ABSOLUTE
    ..\\inc\\CortexM.c                       0x00000000   Number         0  cortexm.o ABSOLUTE
    ..\\inc\\GPIO.c                          0x00000000   Number         0  gpio.o ABSOLUTE
    ..\\inc\\LaunchPad.c                     0x00000000   Number         0  launchpad.o ABSOLUTE
    ..\\inc\\UART0.c                         0x00000000   Number         0  uart0.o ABSOLUTE
    ..\\inc\\UART1.c                         0x00000000   Number         0  uart1.o ABSOLUTE
    ..\inc\AP.c                              0x00000000   Number         0  ap.o ABSOLUTE
    ..\inc\Clock.c                           0x00000000   Number         0  clock.o ABSOLUTE
    ..\inc\CortexM.c                         0x00000000   Number         0  cortexm.o ABSOLUTE
    ..\inc\GPIO.c                            0x00000000   Number         0  gpio.o ABSOLUTE
    ..\inc\LaunchPad.c                       0x00000000   Number         0  launchpad.o ABSOLUTE
    ..\inc\UART0.c                           0x00000000   Number         0  uart0.o ABSOLUTE
    ..\inc\UART1.c                           0x00000000   Number         0  uart1.o ABSOLUTE
    RTE\Device\MSP432P401R\startup_msp432p401r_uvision.s 0x00000000   Number         0  startup_msp432p401r_uvision.o ABSOLUTE
    RTE\Device\MSP432P401R\system_msp432p401r.c 0x00000000   Number         0  system_msp432p401r.o ABSOLUTE
    RTE\\Device\\MSP432P401R\\system_msp432p401r.c 0x00000000   Number         0  system_msp432p401r.o ABSOLUTE
    VerySimpleApplicationProcessor.c         0x00000000   Number         0  verysimpleapplicationprocessor.o ABSOLUTE
    dc.s                                     0x00000000   Number         0  dc.o ABSOLUTE
    !!!main                                  0x00000144   Section        8  __main.o(!!!main)
    !!!scatter                               0x0000014c   Section       52  __scatter.o(!!!scatter)
    !!dczerorl2                              0x00000180   Section       90  __dczerorl2.o(!!dczerorl2)
    !!handler_zi                             0x000001dc   Section       28  __scatter_zi.o(!!handler_zi)
    .ARM.Collect$$libinit$$00000000          0x000001f8   Section        2  libinit.o(.ARM.Collect$$libinit$$00000000)
    .ARM.Collect$$libinit$$00000002          0x000001fa   Section        0  libinit2.o(.ARM.Collect$$libinit$$00000002)
    .ARM.Collect$$libinit$$00000004          0x000001fa   Section        0  libinit2.o(.ARM.Collect$$libinit$$00000004)
    .ARM.Collect$$libinit$$0000000A          0x000001fa   Section        0  libinit2.o(.ARM.Collect$$libinit$$0000000A)
    .ARM.Collect$$libinit$$0000000C          0x000001fa   Section        0  libinit2.o(.ARM.Collect$$libinit$$0000000C)
    .ARM.Collect$$libinit$$0000000E          0x000001fa   Section        0  libinit2.o(.ARM.Collect$$libinit$$0000000E)
    .ARM.Collect$$libinit$$00000011          0x000001fa   Section        0  libinit2.o(.ARM.Collect$$libinit$$00000011)
    .ARM.Collect$$libinit$$00000013          0x000001fa   Section        0  libinit2.o(.ARM.Collect$$libinit$$00000013)
    .ARM.Collect$$libinit$$00000015          0x000001fa   Section        0  libinit2.o(.ARM.Collect$$libinit$$00000015)
    .ARM.Collect$$libinit$$00000017          0x000001fa   Section        0  libinit2.o(.ARM.Collect$$libinit$$00000017)
    .ARM.Collect$$libinit$$00000019          0x000001fa   Section        0  libinit2.o(.ARM.Collect$$libinit$$00000019)
    .ARM.Collect$$libinit$$0000001B          0x000001fa   Section        0  libinit2.o(.ARM.Collect$$libinit$$0000001B)
    .ARM.Collect$$libinit$$0000001D          0x000001fa   Section        0  libinit2.o(.ARM.Collect$$libinit$$0000001D)
    .ARM.Collect$$libinit$$0000001F          0x000001fa   Section        0  libinit2.o(.ARM.Collect$$libinit$$0000001F)
    .ARM.Collect$$libinit$$00000021          0x000001fa   Section        0  libinit2.o(.ARM.Collect$$libinit$$00000021)
    .ARM.Collect$$libinit$$00000023          0x000001fa   Section        0  libinit2.o(.ARM.Collect$$libinit$$00000023)
    .ARM.Collect$$libinit$$00000025          0x000001fa   Section        0  libinit2.o(.ARM.Collect$$libinit$$00000025)
    .ARM.Collect$$libinit$$0000002C          0x000001fa   Section        0  libinit2.o(.ARM.Collect$$libinit$$0000002C)
    .ARM.Collect$$libinit$$0000002E          0x000001fa   Section        0  libinit2.o(.ARM.Collect$$libinit$$0000002E)
    .ARM.Collect$$libinit$$00000030          0x000001fa   Section        0  libinit2.o(.ARM.Collect$$libinit$$00000030)
    .ARM.Collect$$libinit$$00000032          0x000001fa   Section        0  libinit2.o(.ARM.Collect$$libinit$$00000032)
    .ARM.Collect$$libinit$$00000033          0x000001fa   Section        2  libinit2.o(.ARM.Collect$$libinit$$00000033)
    .ARM.Collect$$libshutdown$$00000000      0x000001fc   Section        2  libshutdown.o(.ARM.Collect$$libshutdown$$00000000)
    .ARM.Collect$$libshutdown$$00000002      0x000001fe   Section        0  libshutdown2.o(.ARM.Collect$$libshutdown$$00000002)
    .ARM.Collect$$libshutdown$$00000004      0x000001fe   Section        0  libshutdown2.o(.ARM.Collect$$libshutdown$$00000004)
    .ARM.Collect$$libshutdown$$00000007      0x000001fe   Section        0  libshutdown2.o(.ARM.Collect$$libshutdown$$00000007)
    .ARM.Collect$$libshutdown$$0000000A      0x000001fe   Section        0  libshutdown2.o(.ARM.Collect$$libshutdown$$0000000A)
    .ARM.Collect$$libshutdown$$0000000C      0x000001fe   Section        0  libshutdown2.o(.ARM.Collect$$libshutdown$$0000000C)
    .ARM.Collect$$libshutdown$$0000000F      0x000001fe   Section        0  libshutdown2.o(.ARM.Collect$$libshutdown$$0000000F)
    .ARM.Collect$$libshutdown$$00000010      0x000001fe   Section        2  libshutdown2.o(.ARM.Collect$$libshutdown$$00000010)
    .ARM.Collect$$rtentry$$00000000          0x00000200   Section        0  __rtentry.o(.ARM.Collect$$rtentry$$00000000)
    .ARM.Collect$$rtentry$$00000002          0x00000200   Section        0  __rtentry2.o(.ARM.Collect$$rtentry$$00000002)
    .ARM.Collect$$rtentry$$00000004          0x00000200   Section        6  __rtentry4.o(.ARM.Collect$$rtentry$$00000004)
    .ARM.Collect$$rtentry$$00000009          0x00000206   Section        0  __rtentry2.o(.ARM.Collect$$rtentry$$00000009)
    .ARM.Collect$$rtentry$$0000000A          0x00000206   Section        4  __rtentry2.o(.ARM.Collect$$rtentry$$0000000A)
    .ARM.Collect$$rtentry$$0000000C          0x0000020a   Section        0  __rtentry2.o(.ARM.Collect$$rtentry$$0000000C)
    .ARM.Collect$$rtentry$$0000000D          0x0000020a   Section        8  __rtentry2.o(.ARM.Collect$$rtentry$$0000000D)
    .ARM.Collect$$rtexit$$00000000           0x00000212   Section        2  rtexit.o(.ARM.Collect$$rtexit$$00000000)
    .ARM.Collect$$rtexit$$00000002           0x00000214   Section        0  rtexit2.o(.ARM.Collect$$rtexit$$00000002)
    .ARM.Collect$$rtexit$$00000003           0x00000214   Section        4  rtexit2.o(.ARM.Collect$$rtexit$$00000003)
    .ARM.Collect$$rtexit$$00000004           0x00000218   Section        6  rtexit2.o(.ARM.Collect$$rtexit$$00000004)
    .emb_text                                0x00000220   Section       32  cortexm.o(.emb_text)
    .text                                    0x00000240   Section       60  startup_msp432p401r_uvision.o(.text)
    .text                                    0x0000027c   Section        0  heapauxi.o(.text)
    .text                                    0x00000282   Section       74  sys_stackheap_outer.o(.text)
    .text                                    0x000002cc   Section        0  exit.o(.text)
    .text                                    0x000002e0   Section        8  libspace.o(.text)
    .text                                    0x000002e8   Section        0  sys_exit.o(.text)
    .text                                    0x000002f4   Section        2  use_no_semi.o(.text)
    .text                                    0x000002f6   Section        0  indicate_semi.o(.text)
    i.AP_EchoReceived                        0x000002f8   Section        0  ap.o(i.AP_EchoReceived)
    i.AP_EchoSendMessage                     0x0000035c   Section        0  ap.o(i.AP_EchoSendMessage)
    i.AP_GetSize                             0x000003b0   Section        0  ap.o(i.AP_GetSize)
    i.AP_Init                                0x000003c0   Section        0  ap.o(i.AP_Init)
    i.AP_RecvMessage                         0x000004a4   Section        0  ap.o(i.AP_RecvMessage)
    i.AP_RecvStatus                          0x00000608   Section        0  ap.o(i.AP_RecvStatus)
    i.AP_Reset                               0x00000618   Section        0  ap.o(i.AP_Reset)
    i.AP_SendMessage                         0x00000650   Section        0  ap.o(i.AP_SendMessage)
    i.AP_SendMessageResponse                 0x00000738   Section        0  ap.o(i.AP_SendMessageResponse)
    i.Clock_Delay1ms                         0x00000772   Section        0  cortexm.o(i.Clock_Delay1ms)
    i.Clock_InitFastest                      0x00000788   Section        0  clock.o(i.Clock_InitFastest)
    i.EUSCIA2_IRQHandler                     0x00000908   Section        0  uart1.o(i.EUSCIA2_IRQHandler)
    i.GPIO_Init                              0x00000928   Section        0  gpio.o(i.GPIO_Init)
    i.LaunchPad_Init                         0x000009f8   Section        0  launchpad.o(i.LaunchPad_Init)
    i.LaunchPad_Input                        0x00000a84   Section        0  launchpad.o(i.LaunchPad_Input)
    i.LaunchPad_Output                       0x00000aa0   Section        0  launchpad.o(i.LaunchPad_Output)
    i.OutValue                               0x00000ab4   Section        0  verysimpleapplicationprocessor.o(i.OutValue)
    i.RxFifo_Get                             0x00000ac8   Section        0  uart1.o(i.RxFifo_Get)
    i.RxFifo_Init                            0x00000b00   Section        0  uart1.o(i.RxFifo_Init)
    i.RxFifo_Put                             0x00000b1c   Section        0  uart1.o(i.RxFifo_Put)
    i.SystemInit                             0x00000b64   Section        0  system_msp432p401r.o(i.SystemInit)
    i.UART0_Init                             0x00000bc4   Section        0  uart0.o(i.UART0_Init)
    i.UART0_OutChar                          0x00000c18   Section        0  uart0.o(i.UART0_OutChar)
    i.UART0_OutString                        0x00000c30   Section        0  uart0.o(i.UART0_OutString)
    i.UART0_OutUHex                          0x00000c48   Section        0  uart0.o(i.UART0_OutUHex)
    i.UART0_OutUHex2                         0x00000c7c   Section        0  uart0.o(i.UART0_OutUHex2)
    i.UART1_FinishOutput                     0x00000c90   Section        0  uart1.o(i.UART1_FinishOutput)
    i.UART1_InChar                           0x00000ca4   Section        0  uart1.o(i.UART1_InChar)
    i.UART1_Init                             0x00000cb8   Section        0  uart1.o(i.UART1_Init)
    i.UART1_OutChar                          0x00000d30   Section        0  uart1.o(i.UART1_OutChar)
    i.main                                   0x00000d4c   Section        0  verysimpleapplicationprocessor.o(i.main)
    i.outnibble                              0x000012f0   Section        0  uart0.o(i.outnibble)
    .constdata                               0x00001310   Section      251  verysimpleapplicationprocessor.o(.constdata)
    .constdata                               0x0000140c   Section      116  ap.o(.constdata)
    .data                                    0x20000000   Section       75  verysimpleapplicationprocessor.o(.data)
    .data                                    0x2000004c   Section       24  clock.o(.data)
    ClockFrequency                           0x2000004c   Data           4  clock.o(.data)
    .data                                    0x20000064   Section       12  uart1.o(.data)
    .data                                    0x20000070   Section      200  ap.o(.data)
    .bss                                     0x20000138   Section      256  uart1.o(.bss)
    .bss                                     0x20000238   Section      368  ap.o(.bss)
    .bss                                     0x200003a8   Section       96  libspace.o(.bss)
    HEAP                                     0x20000408   Section        0  startup_msp432p401r_uvision.o(HEAP)
    STACK                                    0x20000408   Section      512  startup_msp432p401r_uvision.o(STACK)
    Heap_Mem                                 0x20000408   Data           0  startup_msp432p401r_uvision.o(HEAP)
    Stack_Mem                                0x20000408   Data         512  startup_msp432p401r_uvision.o(STACK)
    __initial_sp                             0x20000608   Data           0  startup_msp432p401r_uvision.o(STACK)

    Global Symbols

    Symbol Name                              Value     Ov Type        Size  Object(Section)

    BuildAttributes$$THM_ISAv4$E$P$D$K$B$S$7EM$PE$A:L22UL41UL21$X:L11$S22US41US21$IEEE1$IW$USESV6$~STKCKD$USESV7$~SHL$OSPACE$ROPI$EBA8$UX$STANDARDLIB$REQ8$PRES8$EABIv2 0x00000000   Number         0  anon$$obj.o ABSOLUTE
    __ARM_use_no_argv                        0x00000000   Number         0  verysimpleapplicationprocessor.o ABSOLUTE
    __Vectors                                0x00000000   Data           4  startup_msp432p401r_uvision.o(RESET)
    __ARM_exceptions_init                     - Undefined Weak Reference
    __alloca_initialize                       - Undefined Weak Reference
    __arm_preinit_                            - Undefined Weak Reference
    __cpp_initialize__aeabi_                  - Undefined Weak Reference
    __cxa_finalize                            - Undefined Weak Reference
    __rt_locale                               - Undefined Weak Reference
    __sigvec_lookup                           - Undefined Weak Reference
    _atexit_init                              - Undefined Weak Reference
    _call_atexit_fns                          - Undefined Weak Reference
    _clock_init                               - Undefined Weak Reference
    _fp_trap_init                             - Undefined Weak Reference
    _fp_trap_shutdown                         - Undefined Weak Reference
    _get_lc_collate                           - Undefined Weak Reference
    _get_lc_ctype                             - Undefined Weak Reference
    _get_lc_monetary                          - Undefined Weak Reference
    _get_lc_numeric                           - Undefined Weak Reference
    _get_lc_time                              - Undefined Weak Reference
    _getenv_init                              - Undefined Weak Reference
    _handle_redirection                       - Undefined Weak Reference
    _init_alloc                               - Undefined Weak Reference
    _init_user_alloc                          - Undefined Weak Reference
    _initio                                   - Undefined Weak Reference
    _rand_init                                - Undefined Weak Reference
    _signal_finish                            - Undefined Weak Reference
    _signal_init                              - Undefined Weak Reference
    _terminate_alloc                          - Undefined Weak Reference
    _terminate_user_alloc                     - Undefined Weak Reference
    _terminateio                              - Undefined Weak Reference
    __Vectors_End                            0x00000144   Data           0  startup_msp432p401r_uvision.o(RESET)
    __Vectors_Size                           0x00000144   Number         0  startup_msp432p401r_uvision.o ABSOLUTE
    __main                                   0x00000145   Thumb Code     8  __main.o(!!!main)
    __scatterload                            0x0000014d   Thumb Code     0  __scatter.o(!!!scatter)
    __scatterload_rt2                        0x0000014d   Thumb Code    44  __scatter.o(!!!scatter)
    __scatterload_rt2_thumb_only             0x0000014d   Thumb Code     0  __scatter.o(!!!scatter)
    __scatterload_null                       0x0000015b   Thumb Code     0  __scatter.o(!!!scatter)
    __decompress                             0x00000181   Thumb Code    90  __dczerorl2.o(!!dczerorl2)
    __decompress1                            0x00000181   Thumb Code     0  __dczerorl2.o(!!dczerorl2)
    __scatterload_zeroinit                   0x000001dd   Thumb Code    28  __scatter_zi.o(!!handler_zi)
    __rt_lib_init                            0x000001f9   Thumb Code     0  libinit.o(.ARM.Collect$$libinit$$00000000)
    __rt_lib_init_alloca_1                   0x000001fb   Thumb Code     0  libinit2.o(.ARM.Collect$$libinit$$0000002E)
    __rt_lib_init_argv_1                     0x000001fb   Thumb Code     0  libinit2.o(.ARM.Collect$$libinit$$0000002C)
    __rt_lib_init_atexit_1                   0x000001fb   Thumb Code     0  libinit2.o(.ARM.Collect$$libinit$$0000001B)
    __rt_lib_init_clock_1                    0x000001fb   Thumb Code     0  libinit2.o(.ARM.Collect$$libinit$$00000021)
    __rt_lib_init_cpp_1                      0x000001fb   Thumb Code     0  libinit2.o(.ARM.Collect$$libinit$$00000032)
    __rt_lib_init_exceptions_1               0x000001fb   Thumb Code     0  libinit2.o(.ARM.Collect$$libinit$$00000030)
    __rt_lib_init_fp_1                       0x000001fb   Thumb Code     0  libinit2.o(.ARM.Collect$$libinit$$00000002)
    __rt_lib_init_fp_trap_1                  0x000001fb   Thumb Code     0  libinit2.o(.ARM.Collect$$libinit$$0000001F)
    __rt_lib_init_getenv_1                   0x000001fb   Thumb Code     0  libinit2.o(.ARM.Collect$$libinit$$00000023)
    __rt_lib_init_heap_1                     0x000001fb   Thumb Code     0  libinit2.o(.ARM.Collect$$libinit$$0000000A)
    __rt_lib_init_lc_collate_1               0x000001fb   Thumb Code     0  libinit2.o(.ARM.Collect$$libinit$$00000011)
    __rt_lib_init_lc_ctype_1                 0x000001fb   Thumb Code     0  libinit2.o(.ARM.Collect$$libinit$$00000013)
    __rt_lib_init_lc_monetary_1              0x000001fb   Thumb Code     0  libinit2.o(.ARM.Collect$$libinit$$00000015)
    __rt_lib_init_lc_numeric_1               0x000001fb   Thumb Code     0  libinit2.o(.ARM.Collect$$libinit$$00000017)
    __rt_lib_init_lc_time_1                  0x000001fb   Thumb Code     0  libinit2.o(.ARM.Collect$$libinit$$00000019)
    __rt_lib_init_preinit_1                  0x000001fb   Thumb Code     0  libinit2.o(.ARM.Collect$$libinit$$00000004)
    __rt_lib_init_rand_1                     0x000001fb   Thumb Code     0  libinit2.o(.ARM.Collect$$libinit$$0000000E)
    __rt_lib_init_return                     0x000001fb   Thumb Code     0  libinit2.o(.ARM.Collect$$libinit$$00000033)
    __rt_lib_init_signal_1                   0x000001fb   Thumb Code     0  libinit2.o(.ARM.Collect$$libinit$$0000001D)
    __rt_lib_init_stdio_1                    0x000001fb   Thumb Code     0  libinit2.o(.ARM.Collect$$libinit$$00000025)
    __rt_lib_init_user_alloc_1               0x000001fb   Thumb Code     0  libinit2.o(.ARM.Collect$$libinit$$0000000C)
    __rt_lib_shutdown                        0x000001fd   Thumb Code     0  libshutdown.o(.ARM.Collect$$libshutdown$$00000000)
    __rt_lib_shutdown_cpp_1                  0x000001ff   Thumb Code     0  libshutdown2.o(.ARM.Collect$$libshutdown$$00000002)
    __rt_lib_shutdown_fp_trap_1              0x000001ff   Thumb Code     0  libshutdown2.o(.ARM.Collect$$libshutdown$$00000007)
    __rt_lib_shutdown_heap_1                 0x000001ff   Thumb Code     0  libshutdown2.o(.ARM.Collect$$libshutdown$$0000000F)
    __rt_lib_shutdown_return                 0x000001ff   Thumb Code     0  libshutdown2.o(.ARM.Collect$$libshutdown$$00000010)
    __rt_lib_shutdown_signal_1               0x000001ff   Thumb Code     0  libshutdown2.o(.ARM.Collect$$libshutdown$$0000000A)
    __rt_lib_shutdown_stdio_1                0x000001ff   Thumb Code     0  libshutdown2.o(.ARM.Collect$$libshutdown$$00000004)
    __rt_lib_shutdown_user_alloc_1           0x000001ff   Thumb Code     0  libshutdown2.o(.ARM.Collect$$libshutdown$$0000000C)
    __rt_entry                               0x00000201   Thumb Code     0  __rtentry.o(.ARM.Collect$$rtentry$$00000000)
    __rt_entry_presh_1                       0x00000201   Thumb Code     0  __rtentry2.o(.ARM.Collect$$rtentry$$00000002)
    __rt_entry_sh                            0x00000201   Thumb Code     0  __rtentry4.o(.ARM.Collect$$rtentry$$00000004)
    __rt_entry_li                            0x00000207   Thumb Code     0  __rtentry2.o(.ARM.Collect$$rtentry$$0000000A)
    __rt_entry_postsh_1                      0x00000207   Thumb Code     0  __rtentry2.o(.ARM.Collect$$rtentry$$00000009)
    __rt_entry_main                          0x0000020b   Thumb Code     0  __rtentry2.o(.ARM.Collect$$rtentry$$0000000D)
    __rt_entry_postli_1                      0x0000020b   Thumb Code     0  __rtentry2.o(.ARM.Collect$$rtentry$$0000000C)
    __rt_exit                                0x00000213   Thumb Code     0  rtexit.o(.ARM.Collect$$rtexit$$00000000)
    __rt_exit_ls                             0x00000215   Thumb Code     0  rtexit2.o(.ARM.Collect$$rtexit$$00000003)
    __rt_exit_prels_1                        0x00000215   Thumb Code     0  rtexit2.o(.ARM.Collect$$rtexit$$00000002)
    __rt_exit_exit                           0x00000219   Thumb Code     0  rtexit2.o(.ARM.Collect$$rtexit$$00000004)
    DisableInterrupts                        0x00000221   Thumb Code     4  cortexm.o(.emb_text)
    EnableInterrupts                         0x00000225   Thumb Code     4  cortexm.o(.emb_text)
    StartCritical                            0x00000229   Thumb Code     8  cortexm.o(.emb_text)
    EndCritical                              0x00000231   Thumb Code     6  cortexm.o(.emb_text)
    WaitForInterrupt                         0x00000237   Thumb Code     4  cortexm.o(.emb_text)
    delay                                    0x0000023b   Thumb Code     6  cortexm.o(.emb_text)
    Reset_Handler                            0x00000241   Thumb Code     8  startup_msp432p401r_uvision.o(.text)
    NMI_Handler                              0x00000249   Thumb Code     2  startup_msp432p401r_uvision.o(.text)
    HardFault_Handler                        0x0000024b   Thumb Code     2  startup_msp432p401r_uvision.o(.text)
    MemManage_Handler                        0x0000024d   Thumb Code     2  startup_msp432p401r_uvision.o(.text)
    BusFault_Handler                         0x0000024f   Thumb Code     2  startup_msp432p401r_uvision.o(.text)
    UsageFault_Handler                       0x00000251   Thumb Code     2  startup_msp432p401r_uvision.o(.text)
    SVC_Handler                              0x00000253   Thumb Code     2  startup_msp432p401r_uvision.o(.text)
    DebugMon_Handler                         0x00000255   Thumb Code     2  startup_msp432p401r_uvision.o(.text)
    PendSV_Handler                           0x00000257   Thumb Code     2  startup_msp432p401r_uvision.o(.text)
    SysTick_Handler                          0x00000259   Thumb Code     2  startup_msp432p401r_uvision.o(.text)
    ADC14_IRQHandler                         0x0000025b   Thumb Code     0  startup_msp432p401r_uvision.o(.text)
    AES256_IRQHandler                        0x0000025b   Thumb Code     0  startup_msp432p401r_uvision.o(.text)
    COMP_E0_IRQHandler                       0x0000025b   Thumb Code     0  startup_msp432p401r_uvision.o(.text)
    COMP_E1_IRQHandler                       0x0000025b   Thumb Code     0  startup_msp432p401r_uvision.o(.text)
    CS_IRQHandler                            0x0000025b   Thumb Code     0  startup_msp432p401r_uvision.o(.text)
    DMA_ERR_IRQHandler                       0x0000025b   Thumb Code     0  startup_msp432p401r_uvision.o(.text)
    DMA_INT0_IRQHandler                      0x0000025b   Thumb Code     0  startup_msp432p401r_uvision.o(.text)
    DMA_INT1_IRQHandler                      0x0000025b   Thumb Code     0  startup_msp432p401r_uvision.o(.text)
    DMA_INT2_IRQHandler                      0x0000025b   Thumb Code     0  startup_msp432p401r_uvision.o(.text)
    DMA_INT3_IRQHandler                      0x0000025b   Thumb Code     0  startup_msp432p401r_uvision.o(.text)
    EUSCIA0_IRQHandler                       0x0000025b   Thumb Code     0  startup_msp432p401r_uvision.o(.text)
    EUSCIA1_IRQHandler                       0x0000025b   Thumb Code     0  startup_msp432p401r_uvision.o(.text)
    EUSCIA3_IRQHandler                       0x0000025b   Thumb Code     0  startup_msp432p401r_uvision.o(.text)
    EUSCIB0_IRQHandler                       0x0000025b   Thumb Code     0  startup_msp432p401r_uvision.o(.text)
    EUSCIB1_IRQHandler                       0x0000025b   Thumb Code     0  startup_msp432p401r_uvision.o(.text)
    EUSCIB2_IRQHandler                       0x0000025b   Thumb Code     0  startup_msp432p401r_uvision.o(.text)
    EUSCIB3_IRQHandler                       0x0000025b   Thumb Code     0  startup_msp432p401r_uvision.o(.text)
    FLCTL_IRQHandler                         0x0000025b   Thumb Code     0  startup_msp432p401r_uvision.o(.text)
    FPU_IRQHandler                           0x0000025b   Thumb Code     0  startup_msp432p401r_uvision.o(.text)
    PCM_IRQHandler                           0x0000025b   Thumb Code     0  startup_msp432p401r_uvision.o(.text)
    PORT1_IRQHandler                         0x0000025b   Thumb Code     0  startup_msp432p401r_uvision.o(.text)
    PORT2_IRQHandler                         0x0000025b   Thumb Code     0  startup_msp432p401r_uvision.o(.text)
    PORT3_IRQHandler                         0x0000025b   Thumb Code     0  startup_msp432p401r_uvision.o(.text)
    PORT4_IRQHandler                         0x0000025b   Thumb Code     0  startup_msp432p401r_uvision.o(.text)
    PORT5_IRQHandler                         0x0000025b   Thumb Code     0  startup_msp432p401r_uvision.o(.text)
    PORT6_IRQHandler                         0x0000025b   Thumb Code     0  startup_msp432p401r_uvision.o(.text)
    PSS_IRQHandler                           0x0000025b   Thumb Code     0  startup_msp432p401r_uvision.o(.text)
    RTC_C_IRQHandler                         0x0000025b   Thumb Code     0  startup_msp432p401r_uvision.o(.text)
    T32_INT1_IRQHandler                      0x0000025b   Thumb Code     0  startup_msp432p401r_uvision.o(.text)
    T32_INT2_IRQHandler                      0x0000025b   Thumb Code     0  startup_msp432p401r_uvision.o(.text)
    T32_INTC_IRQHandler                      0x0000025b   Thumb Code     0  startup_msp432p401r_uvision.o(.text)
    TA0_0_IRQHandler                         0x0000025b   Thumb Code     0  startup_msp432p401r_uvision.o(.text)
    TA0_N_IRQHandler                         0x0000025b   Thumb Code     0  startup_msp432p401r_uvision.o(.text)
    TA1_0_IRQHandler                         0x0000025b   Thumb Code     0  startup_msp432p401r_uvision.o(.text)
    TA1_N_IRQHandler                         0x0000025b   Thumb Code     0  startup_msp432p401r_uvision.o(.text)
    TA2_0_IRQHandler                         0x0000025b   Thumb Code     0  startup_msp432p401r_uvision.o(.text)
    TA2_N_IRQHandler                         0x0000025b   Thumb Code     0  startup_msp432p401r_uvision.o(.text)
    TA3_0_IRQHandler                         0x0000025b   Thumb Code     0  startup_msp432p401r_uvision.o(.text)
    TA3_N_IRQHandler                         0x0000025b   Thumb Code     0  startup_msp432p401r_uvision.o(.text)
    WDT_A_IRQHandler                         0x0000025b   Thumb Code     0  startup_msp432p401r_uvision.o(.text)
    __user_initial_stackheap                 0x0000025d   Thumb Code    10  startup_msp432p401r_uvision.o(.text)
    __use_two_region_memory                  0x0000027d   Thumb Code     2  heapauxi.o(.text)
    __rt_heap_escrow$2region                 0x0000027f   Thumb Code     2  heapauxi.o(.text)
    __rt_heap_expand$2region                 0x00000281   Thumb Code     2  heapauxi.o(.text)
    __user_setup_stackheap                   0x00000283   Thumb Code    74  sys_stackheap_outer.o(.text)
    exit                                     0x000002cd   Thumb Code    18  exit.o(.text)
    __user_libspace                          0x000002e1   Thumb Code     8  libspace.o(.text)
    __user_perproc_libspace                  0x000002e1   Thumb Code     0  libspace.o(.text)
    __user_perthread_libspace                0x000002e1   Thumb Code     0  libspace.o(.text)
    _sys_exit                                0x000002e9   Thumb Code     8  sys_exit.o(.text)
    __I$use$semihosting                      0x000002f5   Thumb Code     0  use_no_semi.o(.text)
    __use_no_semihosting_swi                 0x000002f5   Thumb Code     2  use_no_semi.o(.text)
    __semihosting_library_function           0x000002f7   Thumb Code     0  indicate_semi.o(.text)
    AP_EchoReceived                          0x000002f9   Thumb Code    66  ap.o(i.AP_EchoReceived)
    AP_EchoSendMessage                       0x0000035d   Thumb Code    72  ap.o(i.AP_EchoSendMessage)
    AP_GetSize                               0x000003b1   Thumb Code    14  ap.o(i.AP_GetSize)
    AP_Init                                  0x000003c1   Thumb Code   180  ap.o(i.AP_Init)
    AP_RecvMessage                           0x000004a5   Thumb Code   338  ap.o(i.AP_RecvMessage)
    AP_RecvStatus                            0x00000609   Thumb Code    12  ap.o(i.AP_RecvStatus)
    AP_Reset                                 0x00000619   Thumb Code    50  ap.o(i.AP_Reset)
    AP_SendMessage                           0x00000651   Thumb Code   222  ap.o(i.AP_SendMessage)
    AP_SendMessageResponse                   0x00000739   Thumb Code    58  ap.o(i.AP_SendMessageResponse)
    Clock_Delay1ms                           0x00000773   Thumb Code    22  cortexm.o(i.Clock_Delay1ms)
    Clock_InitFastest                        0x00000789   Thumb Code   322  clock.o(i.Clock_InitFastest)
    EUSCIA2_IRQHandler                       0x00000909   Thumb Code    26  uart1.o(i.EUSCIA2_IRQHandler)
    GPIO_Init                                0x00000929   Thumb Code   202  gpio.o(i.GPIO_Init)
    LaunchPad_Init                           0x000009f9   Thumb Code   134  launchpad.o(i.LaunchPad_Init)
    LaunchPad_Input                          0x00000a85   Thumb Code    24  launchpad.o(i.LaunchPad_Input)
    LaunchPad_Output                         0x00000aa1   Thumb Code    16  launchpad.o(i.LaunchPad_Output)
    OutValue                                 0x00000ab5   Thumb Code    20  verysimpleapplicationprocessor.o(i.OutValue)
    RxFifo_Get                               0x00000ac9   Thumb Code    44  uart1.o(i.RxFifo_Get)
    RxFifo_Init                              0x00000b01   Thumb Code    16  uart1.o(i.RxFifo_Init)
    RxFifo_Put                               0x00000b1d   Thumb Code    56  uart1.o(i.RxFifo_Put)
    SystemInit                               0x00000b65   Thumb Code    74  system_msp432p401r.o(i.SystemInit)
    UART0_Init                               0x00000bc5   Thumb Code    76  uart0.o(i.UART0_Init)
    UART0_OutChar                            0x00000c19   Thumb Code    20  uart0.o(i.UART0_OutChar)
    UART0_OutString                          0x00000c31   Thumb Code    24  uart0.o(i.UART0_OutString)
    UART0_OutUHex                            0x00000c49   Thumb Code    52  uart0.o(i.UART0_OutUHex)
    UART0_OutUHex2                           0x00000c7d   Thumb Code    20  uart0.o(i.UART0_OutUHex2)
    UART1_FinishOutput                       0x00000c91   Thumb Code    16  uart1.o(i.UART1_FinishOutput)
    UART1_InChar                             0x00000ca5   Thumb Code    20  uart1.o(i.UART1_InChar)
    UART1_Init                               0x00000cb9   Thumb Code   100  uart1.o(i.UART1_Init)
    UART1_OutChar                            0x00000d31   Thumb Code    22  uart1.o(i.UART1_OutChar)
    main                                     0x00000d4d   Thumb Code   840  verysimpleapplicationprocessor.o(i.main)
    outnibble                                0x000012f1   Thumb Code    32  uart0.o(i.outnibble)
    NPI_GetStatusMsg                         0x00001310   Data           6  verysimpleapplicationprocessor.o(.constdata)
    NPI_GetVersionMsg                        0x00001316   Data           6  verysimpleapplicationprocessor.o(.constdata)
    NPI_AddServiceMsg                        0x0000131c   Data           9  verysimpleapplicationprocessor.o(.constdata)
    NPI_RegisterMsg                          0x00001325   Data           6  verysimpleapplicationprocessor.o(.constdata)
    NPI_SetAdvertisementMsg                  0x0000132b   Data          17  verysimpleapplicationprocessor.o(.constdata)
    NPI_GATTSetDeviceNameMsg                 0x0000133c   Data          24  verysimpleapplicationprocessor.o(.constdata)
    NPI_SetAdvertisementDataMsg              0x00001354   Data          33  verysimpleapplicationprocessor.o(.constdata)
    NPI_StartAdvertisementMsg                0x00001375   Data          20  verysimpleapplicationprocessor.o(.constdata)
    NPI_AddCharValue1                        0x00001389   Data          14  verysimpleapplicationprocessor.o(.constdata)
    NPI_AddCharDescriptor1                   0x00001397   Data          17  verysimpleapplicationprocessor.o(.constdata)
    NPI_AddCharValue2                        0x000013a8   Data          14  verysimpleapplicationprocessor.o(.constdata)
    NPI_AddCharDescriptor2                   0x000013b6   Data          21  verysimpleapplicationprocessor.o(.constdata)
    NPI_AddCharValue3                        0x000013cb   Data          14  verysimpleapplicationprocessor.o(.constdata)
    NPI_AddCharDescriptor3                   0x000013d9   Data          17  verysimpleapplicationprocessor.o(.constdata)
    NPI_AddCharValue4                        0x000013ea   Data          14  verysimpleapplicationprocessor.o(.constdata)
    NPI_AddCharDescriptor4                   0x000013f8   Data          19  verysimpleapplicationprocessor.o(.constdata)
    RECVSIZE                                 0x0000140c   Data           4  ap.o(.constdata)
    HCI_EXT_ResetSystemCmd                   0x00001410   Data           9  ap.o(.constdata)
    NPI_GetStatus                            0x00001419   Data           6  ap.o(.constdata)
    NPI_GetVersion                           0x0000141f   Data           6  ap.o(.constdata)
    NPI_Register                             0x00001425   Data           6  ap.o(.constdata)
    NPI_SetAdvertisement1                    0x0000142b   Data          17  ap.o(.constdata)
    NPI_SetAdvertisementSAP                  0x0000143c   Data          37  ap.o(.constdata)
    NPI_StartAdvertisement                   0x00001461   Data          20  ap.o(.constdata)
    MAXCHARACTERISTICS                       0x00001478   Data           4  ap.o(.constdata)
    NOTIFYMAXCHARACTERISTICS                 0x0000147c   Data           4  ap.o(.constdata)
    Region$$Table$$Base                      0x00001480   Number         0  anon$$obj.o(Region$$Table)
    Region$$Table$$Limit                     0x000014a0   Number         0  anon$$obj.o(Region$$Table)
    Data                                     0x20000000   Data           1  verysimpleapplicationprocessor.o(.data)
    Handle1                                  0x20000002   Data           2  verysimpleapplicationprocessor.o(.data)
    Handle2                                  0x20000004   Data           2  verysimpleapplicationprocessor.o(.data)
    Handle3                                  0x20000006   Data           2  verysimpleapplicationprocessor.o(.data)
    Count                                    0x20000008   Data           1  verysimpleapplicationprocessor.o(.data)
    Handle4                                  0x2000000a   Data           2  verysimpleapplicationprocessor.o(.data)
    CCCDhandle                               0x2000000c   Data           2  verysimpleapplicationprocessor.o(.data)
    CCCDvalue                                0x2000000e   Data           2  verysimpleapplicationprocessor.o(.data)
    NPI_ReadConfirmationMsg                  0x20000010   Data          21  verysimpleapplicationprocessor.o(.data)
    NPI_WriteConfirmationMsg                 0x20000025   Data           9  verysimpleapplicationprocessor.o(.data)
    NPI_CCCDUpdatedConfirmationMsg           0x2000002e   Data           9  verysimpleapplicationprocessor.o(.data)
    NPI_SendNotificationIndicationMsg        0x20000037   Data          20  verysimpleapplicationprocessor.o(.data)
    Prewait                                  0x20000050   Data           4  clock.o(.data)
    CPMwait                                  0x20000054   Data           4  clock.o(.data)
    Postwait                                 0x20000058   Data           4  clock.o(.data)
    IFlags                                   0x2000005c   Data           4  clock.o(.data)
    Crystalstable                            0x20000060   Data           4  clock.o(.data)
    RxPutI                                   0x20000064   Data           4  uart1.o(.data)
    RxGetI                                   0x20000068   Data           4  uart1.o(.data)
    RxFifoLost                               0x2000006c   Data           4  uart1.o(.data)
    fcserr                                   0x20000070   Data           4  ap.o(.data)
    TimeOutErr                               0x20000074   Data           4  ap.o(.data)
    NoSOFErr                                 0x20000078   Data           4  ap.o(.data)
    NPI_AddService                           0x2000007c   Data           9  ap.o(.data)
    NPI_GATTSetDeviceName                    0x20000085   Data          28  ap.o(.data)
    NPI_SetAdvertisementData                 0x200000a1   Data          37  ap.o(.data)
    NPI_ReadConfirmation                     0x200000c6   Data          21  ap.o(.data)
    NPI_WriteConfirmation                    0x200000db   Data           9  ap.o(.data)
    NPI_CCCDUpdatedConfirmation              0x200000e4   Data           9  ap.o(.data)
    NPI_SendNotificationIndication           0x200000ed   Data          20  ap.o(.data)
    NPI_AddCharValue                         0x20000101   Data          14  ap.o(.data)
    NPI_AddCharDescriptor                    0x2000010f   Data          32  ap.o(.data)
    CharacteristicCount                      0x20000130   Data           4  ap.o(.data)
    NotifyCharacteristicCount                0x20000134   Data           4  ap.o(.data)
    RxFIFO                                   0x20000138   Data         256  uart1.o(.bss)
    RecvBuf                                  0x20000238   Data         128  ap.o(.bss)
    CharacteristicList                       0x200002b8   Data         160  ap.o(.bss)
    NotifyCharacteristicList                 0x20000358   Data          80  ap.o(.bss)
    __libspace_start                         0x200003a8   Data          96  libspace.o(.bss)
    __temporary_stack_top$libspace           0x20000408   Data           0  libspace.o(.bss)



==============================================================================

Memory Map of the image

  Image Entry point : 0x00000241

  Load Region LR_1 (Base: 0x00000000, Size: 0x000015d8, Max: 0xffffffff, ABSOLUTE, COMPRESSED[0x0000152c])

    Execution Region ER_RO (Base: 0x00000000, Size: 0x000014a0, Max: 0xffffffff, ABSOLUTE)

    Base Addr    Size         Type   Attr      Idx    E Section Name        Object

    0x00000000   0x00000144   Data   RO          539    RESET               startup_msp432p401r_uvision.o
    0x00000144   0x00000008   Code   RO          597  * !!!main             c_w.l(__main.o)
    0x0000014c   0x00000034   Code   RO          783    !!!scatter          c_w.l(__scatter.o)
    0x00000180   0x0000005a   Code   RO          781    !!dczerorl2         c_w.l(__dczerorl2.o)
    0x000001da   0x00000002   PAD
    0x000001dc   0x0000001c   Code   RO          785    !!handler_zi        c_w.l(__scatter_zi.o)
    0x000001f8   0x00000002   Code   RO          651    .ARM.Collect$$libinit$$00000000  c_w.l(libinit.o)
    0x000001fa   0x00000000   Code   RO          658    .ARM.Collect$$libinit$$00000002  c_w.l(libinit2.o)
    0x000001fa   0x00000000   Code   RO          660    .ARM.Collect$$libinit$$00000004  c_w.l(libinit2.o)
    0x000001fa   0x00000000   Code   RO          663    .ARM.Collect$$libinit$$0000000A  c_w.l(libinit2.o)
    0x000001fa   0x00000000   Code   RO          665    .ARM.Collect$$libinit$$0000000C  c_w.l(libinit2.o)
    0x000001fa   0x00000000   Code   RO          667    .ARM.Collect$$libinit$$0000000E  c_w.l(libinit2.o)
    0x000001fa   0x00000000   Code   RO          670    .ARM.Collect$$libinit$$00000011  c_w.l(libinit2.o)
    0x000001fa   0x00000000   Code   RO          672    .ARM.Collect$$libinit$$00000013  c_w.l(libinit2.o)
    0x000001fa   0x00000000   Code   RO          674    .ARM.Collect$$libinit$$00000015  c_w.l(libinit2.o)
    0x000001fa   0x00000000   Code   RO          676    .ARM.Collect$$libinit$$00000017  c_w.l(libinit2.o)
    0x000001fa   0x00000000   Code   RO          678    .ARM.Collect$$libinit$$00000019  c_w.l(libinit2.o)
    0x000001fa   0x00000000   Code   RO          680    .ARM.Collect$$libinit$$0000001B  c_w.l(libinit2.o)
    0x000001fa   0x00000000   Code   RO          682    .ARM.Collect$$libinit$$0000001D  c_w.l(libinit2.o)
    0x000001fa   0x00000000   Code   RO          684    .ARM.Collect$$libinit$$0000001F  c_w.l(libinit2.o)
    0x000001fa   0x00000000   Code   RO          686    .ARM.Collect$$libinit$$00000021  c_w.l(libinit2.o)
    0x000001fa   0x00000000   Code   RO          688    .ARM.Collect$$libinit$$00000023  c_w.l(libinit2.o)
    0x000001fa   0x00000000   Code   RO          690    .ARM.Collect$$libinit$$00000025  c_w.l(libinit2.o)
    0x000001fa   0x00000000   Code   RO          694    .ARM.Collect$$libinit$$0000002C  c_w.l(libinit2.o)
    0x000001fa   0x00000000   Code   RO          696    .ARM.Collect$$libinit$$0000002E  c_w.l(libinit2.o)
    0x000001fa   0x00000000   Code   RO          698    .ARM.Collect$$libinit$$00000030  c_w.l(libinit2.o)
    0x000001fa   0x00000000   Code   RO          700    .ARM.Collect$$libinit$$00000032  c_w.l(libinit2.o)
    0x000001fa   0x00000002   Code   RO          701    .ARM.Collect$$libinit$$00000033  c_w.l(libinit2.o)
    0x000001fc   0x00000002   Code   RO          721    .ARM.Collect$$libshutdown$$00000000  c_w.l(libshutdown.o)
    0x000001fe   0x00000000   Code   RO          734    .ARM.Collect$$libshutdown$$00000002  c_w.l(libshutdown2.o)
    0x000001fe   0x00000000   Code   RO          736    .ARM.Collect$$libshutdown$$00000004  c_w.l(libshutdown2.o)
    0x000001fe   0x00000000   Code   RO          739    .ARM.Collect$$libshutdown$$00000007  c_w.l(libshutdown2.o)
    0x000001fe   0x00000000   Code   RO          742    .ARM.Collect$$libshutdown$$0000000A  c_w.l(libshutdown2.o)
    0x000001fe   0x00000000   Code   RO          744    .ARM.Collect$$libshutdown$$0000000C  c_w.l(libshutdown2.o)
    0x000001fe   0x00000000   Code   RO          747    .ARM.Collect$$libshutdown$$0000000F  c_w.l(libshutdown2.o)
    0x000001fe   0x00000002   Code   RO          748    .ARM.Collect$$libshutdown$$00000010  c_w.l(libshutdown2.o)
    0x00000200   0x00000000   Code   RO          621    .ARM.Collect$$rtentry$$00000000  c_w.l(__rtentry.o)
    0x00000200   0x00000000   Code   RO          628    .ARM.Collect$$rtentry$$00000002  c_w.l(__rtentry2.o)
    0x00000200   0x00000006   Code   RO          640    .ARM.Collect$$rtentry$$00000004  c_w.l(__rtentry4.o)
    0x00000206   0x00000000   Code   RO          630    .ARM.Collect$$rtentry$$00000009  c_w.l(__rtentry2.o)
    0x00000206   0x00000004   Code   RO          631    .ARM.Collect$$rtentry$$0000000A  c_w.l(__rtentry2.o)
    0x0000020a   0x00000000   Code   RO          633    .ARM.Collect$$rtentry$$0000000C  c_w.l(__rtentry2.o)
    0x0000020a   0x00000008   Code   RO          634    .ARM.Collect$$rtentry$$0000000D  c_w.l(__rtentry2.o)
    0x00000212   0x00000002   Code   RO          655    .ARM.Collect$$rtexit$$00000000  c_w.l(rtexit.o)
    0x00000214   0x00000000   Code   RO          703    .ARM.Collect$$rtexit$$00000002  c_w.l(rtexit2.o)
    0x00000214   0x00000004   Code   RO          704    .ARM.Collect$$rtexit$$00000003  c_w.l(rtexit2.o)
    0x00000218   0x00000006   Code   RO          705    .ARM.Collect$$rtexit$$00000004  c_w.l(rtexit2.o)
    0x0000021e   0x00000002   PAD
    0x00000220   0x00000020   Code   RO            1    .emb_text           cortexm.o
    0x00000240   0x0000003c   Code   RO          540  * .text               startup_msp432p401r_uvision.o
    0x0000027c   0x00000006   Code   RO          595    .text               c_w.l(heapauxi.o)
    0x00000282   0x0000004a   Code   RO          642    .text               c_w.l(sys_stackheap_outer.o)
    0x000002cc   0x00000012   Code   RO          644    .text               c_w.l(exit.o)
    0x000002de   0x00000002   PAD
    0x000002e0   0x00000008   Code   RO          652    .text               c_w.l(libspace.o)
    0x000002e8   0x0000000c   Code   RO          713    .text               c_w.l(sys_exit.o)
    0x000002f4   0x00000002   Code   RO          724    .text               c_w.l(use_no_semi.o)
    0x000002f6   0x00000000   Code   RO          726    .text               c_w.l(indicate_semi.o)
    0x000002f6   0x00000002   PAD
    0x000002f8   0x00000064   Code   RO          325    i.AP_EchoReceived   ap.o
    0x0000035c   0x00000054   Code   RO          326    i.AP_EchoSendMessage  ap.o
    0x000003b0   0x0000000e   Code   RO          328    i.AP_GetSize        ap.o
    0x000003be   0x00000002   PAD
    0x000003c0   0x000000e4   Code   RO          331    i.AP_Init           ap.o
    0x000004a4   0x00000164   Code   RO          332    i.AP_RecvMessage    ap.o
    0x00000608   0x00000010   Code   RO          333    i.AP_RecvStatus     ap.o
    0x00000618   0x00000038   Code   RO          335    i.AP_Reset          ap.o
    0x00000650   0x000000e8   Code   RO          336    i.AP_SendMessage    ap.o
    0x00000738   0x0000003a   Code   RO          337    i.AP_SendMessageResponse  ap.o
    0x00000772   0x00000016   Code   RO            2    i.Clock_Delay1ms    cortexm.o
    0x00000788   0x00000180   Code   RO           62    i.Clock_InitFastest  clock.o
    0x00000908   0x00000020   Code   RO          236    i.EUSCIA2_IRQHandler  uart1.o
    0x00000928   0x000000d0   Code   RO          513    i.GPIO_Init         gpio.o
    0x000009f8   0x0000008c   Code   RO          477    i.LaunchPad_Init    launchpad.o
    0x00000a84   0x0000001c   Code   RO          478    i.LaunchPad_Input   launchpad.o
    0x00000aa0   0x00000014   Code   RO          479    i.LaunchPad_Output  launchpad.o
    0x00000ab4   0x00000014   Code   RO           23    i.OutValue          verysimpleapplicationprocessor.o
    0x00000ac8   0x00000038   Code   RO          237    i.RxFifo_Get        uart1.o
    0x00000b00   0x0000001c   Code   RO          238    i.RxFifo_Init       uart1.o
    0x00000b1c   0x00000048   Code   RO          239    i.RxFifo_Put        uart1.o
    0x00000b64   0x00000060   Code   RO          548    i.SystemInit        system_msp432p401r.o
    0x00000bc4   0x00000054   Code   RO          117    i.UART0_Init        uart0.o
    0x00000c18   0x00000018   Code   RO          118    i.UART0_OutChar     uart0.o
    0x00000c30   0x00000018   Code   RO          119    i.UART0_OutString   uart0.o
    0x00000c48   0x00000034   Code   RO          124    i.UART0_OutUHex     uart0.o
    0x00000c7c   0x00000014   Code   RO          125    i.UART0_OutUHex2    uart0.o
    0x00000c90   0x00000014   Code   RO          240    i.UART1_FinishOutput  uart1.o
    0x00000ca4   0x00000014   Code   RO          241    i.UART1_InChar      uart1.o
    0x00000cb8   0x00000078   Code   RO          243    i.UART1_Init        uart1.o
    0x00000d30   0x0000001c   Code   RO          244    i.UART1_OutChar     uart1.o
    0x00000d4c   0x000005a4   Code   RO           24    i.main              verysimpleapplicationprocessor.o
    0x000012f0   0x00000020   Code   RO          129    i.outnibble         uart0.o
    0x00001310   0x000000fb   Data   RO           25    .constdata          verysimpleapplicationprocessor.o
    0x0000140b   0x00000001   PAD
    0x0000140c   0x00000074   Data   RO          341    .constdata          ap.o
    0x00001480   0x00000020   Data   RO          779    Region$$Table       anon$$obj.o


    Execution Region ER_RW (Base: 0x20000000, Size: 0x00000138, Max: 0xffffffff, ABSOLUTE, COMPRESSED[0x0000008c])

    Base Addr    Size         Type   Attr      Idx    E Section Name        Object

    0x20000000   0x0000004b   Data   RW           26    .data               verysimpleapplicationprocessor.o
    0x2000004b   0x00000001   PAD
    0x2000004c   0x00000018   Data   RW           63    .data               clock.o
    0x20000064   0x0000000c   Data   RW          247    .data               uart1.o
    0x20000070   0x000000c8   Data   RW          342    .data               ap.o


    Execution Region ER_ZI (Base: 0x20000138, Size: 0x000004d0, Max: 0xffffffff, ABSOLUTE)

    Base Addr    Size         Type   Attr      Idx    E Section Name        Object

    0x20000138   0x00000100   Zero   RW          246    .bss                uart1.o
    0x20000238   0x00000170   Zero   RW          340    .bss                ap.o
    0x200003a8   0x00000060   Zero   RW          653    .bss                c_w.l(libspace.o)
    0x20000408   0x00000000   Zero   RW          538    HEAP                startup_msp432p401r_uvision.o
    0x20000408   0x00000200   Zero   RW          537    STACK               startup_msp432p401r_uvision.o


==============================================================================

Image component sizes


      Code (inc. data)   RO Data    RW Data    ZI Data      Debug   Object Name

      1144        132        116        200        368       9085   ap.o
       384         62          0         24          0        972   clock.o
        54          0          0          0          0       5589   cortexm.o
       208          6          0          0          0        456   gpio.o
       188         14          0          0          0       1366   launchpad.o
        60         22        324          0        512        896   startup_msp432p401r_uvision.o
        96         22          0          0          0        497   system_msp432p401r.o
       236         12          0          0          0       2904   uart0.o
       376         76          0         12        256       4472   uart1.o
      1464        604        251         75          0       3976   verysimpleapplicationprocessor.o

    ----------------------------------------------------------------------
      4212        950        724        312       1136      30213   Object Totals
         0          0         32          0          0          0   (incl. Generated)
         2          0          1          1          0          0   (incl. Padding)

    ----------------------------------------------------------------------

      Code (inc. data)   RO Data    RW Data    ZI Data      Debug   Library Member Name

        90          0          0          0          0          0   __dczerorl2.o
         8          0          0          0          0         68   __main.o
         0          0          0          0          0          0   __rtentry.o
        12          0          0          0          0          0   __rtentry2.o
         6          0          0          0          0          0   __rtentry4.o
        52          8          0          0          0          0   __scatter.o
        28          0          0          0          0          0   __scatter_zi.o
        18          0          0          0          0         80   exit.o
         6          0          0          0          0        152   heapauxi.o
         0          0          0          0          0          0   indicate_semi.o
         2          0          0          0          0          0   libinit.o
         2          0          0          0          0          0   libinit2.o
         2          0          0          0          0          0   libshutdown.o
         2          0          0          0          0          0   libshutdown2.o
         8          4          0          0         96         68   libspace.o
         2          0          0          0          0          0   rtexit.o
        10          0          0          0          0          0   rtexit2.o
        12          4          0          0          0         68   sys_exit.o
        74          0          0          0          0         80   sys_stackheap_outer.o
         2          0          0          0          0         68   use_no_semi.o

    ----------------------------------------------------------------------
       344         16          0          0         96        584   Library Totals
         8          0          0          0          0          0   (incl. Padding)

    ----------------------------------------------------------------------

      Code (inc. data)   RO Data    RW Data    ZI Data      Debug   Library Name

       336         16          0          0         96        584   c_w.l

    ----------------------------------------------------------------------
       344         16          0          0         96        584   Library Totals

    ----------------------------------------------------------------------

==============================================================================


      Code (inc. data)   RO Data    RW Data    ZI Data      Debug   

      4556        966        724        312       1232      29129   Grand Totals
      4556        966        724        140       1232      29129   ELF Image Totals (compressed)
      4556        966        724        140          0          0   ROM Totals

==============================================================================

    Total RO  Size (Code + RO Data)                 5280 (   5.16kB)
    Total RW  Size (RW Data + ZI Data)              1544 (   1.51kB)
    Total ROM Size (Code + RO Data + RW Data)       5420 (   5.29kB)

==============================================================================

